******************************************************************************
               TMS320C6x Linker PC v7.4.4                      
******************************************************************************
>> Linked Tue Mar 01 20:19:03 2016

OUTPUT FILE NAME:   <simulator_vpx_V0_1_5_core1.out>
ENTRY POINT SYMBOL: "_c_int00"  address: 0083a700


MEMORY CONFIGURATION

         name            origin    length      used     unused   attr    fill
----------------------  --------  ---------  --------  --------  ----  --------
  L2SRAM                00800000   00080000  000598c4  0002673c  RW X
  MSMCSRAM              0c000000   00400000  00202600  001fda00  RW X
  DDR3                  80000000   20000000  00000000  20000000  RWIX


SEGMENT ALLOCATION MAP

run origin  load origin   length   init length attrs members
----------  ----------- ---------- ----------- ----- -------
00800000    00800000    00041c40   00041c40    r-x
  00800000    00800000    00041c40   00041c40    r-x .text
00841c40    00841c40    00008000   00000000    rw-
  00841c40    00841c40    00008000   00000000    rw- systemHeap
00849c40    00849c40    000077d2   000077d2    r--
  00849c40    00849c40    000077d2   000077d2    r-- .const
00851418    00851418    00000008   00000008    rw-
  00851418    00851418    00000008   00000008    rw- .fardata.1
00851420    00851420    00005632   00005632    rw-
  00851420    00851420    00003160   00003160    rw- .far
  00854580    00854580    000024d2   000024d2    rw- .fardata.2
00856a58    00856a58    00001120   00000000    rw-
  00856a58    00856a58    00001000   00000000    rw- .stack
  00857a58    00857a58    00000120   00000000    rw- .cio
00857b78    00857b78    00000080   00000080    r--
  00857b78    00857b78    00000080   00000080    r-- .switch
00857c00    00857c00    00000200   00000200    r-x
  00857c00    00857c00    00000200   00000200    r-x .vecs
00857e00    00857e00    00000060   00000000    rw-
  00857e00    00857e00    00000060   00000000    rw- .bss
00857e60    00857e60    00000145   00000145    rw-
  00857e60    00857e60    00000145   00000145    rw- .neardata
00857fa8    00857fa8    00000030   00000030    r--
  00857fa8    00857fa8    00000030   00000030    r-- .rodata
00858000    00858000    00000200   00000200    r-x
  00858000    00858000    00000200   00000200    r-x vecs
00858200    00858200    00000100   00000000    rw-
  00858200    00858200    00000100   00000000    rw- .srioSharedMem
00858300    00858300    00001600   00001600    r--
  00858300    00858300    00001600   00001600    r-- .cinit
0c200000    0c200000    00002600   00000000    rw-
  0c200000    0c200000    00002400   00000000    rw- .qmss
  0c202400    0c202400    00000200   00000000    rw- .cppi


SECTION ALLOCATION MAP

 output                                  attributes/
section   page    origin      length       input sections
--------  ----  ----------  ----------   ----------------
.init_array 
*          0    00800000    00000000     UNINITIALIZED

xdc.meta   0    00800000    00000128     COPY SECTION
                  00800000    00000128     core1_pe66.oe66 (xdc.meta)

.text      0    00800000    00041c40     
                  00800000    00005c20     KeyStone_common.obj (.text)
                  00805c20    00002ba0     KeyStone_SRIO_Init_drv.obj (.text)
                  008087c0    000024a0     cppi_drv.obj (.text)
                  0080ac60    00001b20     device_srio_loopback.obj (.text)
                  0080c780    00001260     srio_drv.obj (.text)
                  0080d9e0    000011c0     ipc.lib : Ipc.obj (.text:ti_sdo_ipc_GateMP_Instance_init__F)
                  0080eba0    00000e40     main1.obj (.text)
                  0080f9e0    00000e20     SRIO_switch.obj (.text)
                  00810800    00000a60     ipc.lib : Ipc.obj (.text:ti_sdo_ipc_heaps_HeapMemMP_alloc__E)
                  00811260    00000a00     Keystone_Serdes_init.obj (.text)
                  00811c60    000009e0     ipc.lib : Ipc.obj (.text:ti_sdo_ipc_heaps_HeapMemMP_free__E)
                  00812640    000009a0             : Ipc.obj (.text:Ipc_attach)
                  00812fe0    000009a0     ti.targets.rts6000.ae66 : System.oe66 (.text:xdc_runtime_System_doPrint__I)
                  00813980    00000920     ipc.lib : Ipc.obj (.text:ti_sdo_ipc_transports_TransportShm_Instance_init__F)
                  008142a0    000008a0             : Ipc.obj (.text:ti_sdo_ipc_ListMP_Instance_init__F)
                  00814b40    000008a0     sysbios.ae66 : BIOS.obj (.text:ti_sysbios_family_c64p_Exception_handler__I)
                  008153e0    00000860     ipc.lib : Ipc.obj (.text:ti_sdo_ipc_GateMP_Instance_finalize__F)
                  00815c40    00000840             : Ipc.obj (.text:MessageQ_put)
                  00816480    00000820     srio_drv.obj (.text:Srio_processDrvConfig)
                  00816ca0    00000820     ipc.lib : Ipc.obj (.text:ti_sdo_ipc_heaps_HeapBufMP_Instance_init__F)
                  008174c0    00000800             : Ipc.obj (.text:ti_sdo_ipc_heaps_HeapBufMP_postInit__I)
                  00817cc0    00000780             : Ipc.obj (.text:ti_sdo_ipc_heaps_HeapMemMP_Instance_init__F)
                  00818440    00000760     loopbackDioIsr_osal.obj (.text)
                  00818ba0    00000700     ipc.lib : Ipc.obj (.text:Notify_registerEvent)
                  008192a0    000006c0             : Ipc.obj (.text:ti_sdo_ipc_nsremote_NameServerRemoteNotify_Instance_init__F)
                  00819960    000006a0             : Ipc.obj (.text:NameServer_add)
                  0081a000    00000620             : Ipc.obj (.text:Notify_sendEvent)
                  0081a620    00000600     KeyStone_common.obj (.text:retain)
                  0081ac20    00000600     sysbios.ae66 : BIOS.obj (.text:ti_sysbios_heaps_HeapMem_alloc__E)
                  0081b220    00000600                  : BIOS.obj (.text:ti_sysbios_knl_Semaphore_pend__E)
                  0081b820    000005e0     ipc.lib : Ipc.obj (.text:Notify_registerEventSingle)
                  0081be00    000005e0     sysbios.ae66 : BIOS.obj (.text:ti_sysbios_heaps_HeapMem_free__E)
                  0081c3e0    000005c0     ipc.lib : Ipc.obj (.text:ListMP_getHead)
                  0081c9a0    000005c0             : Ipc.obj (.text:Notify_unregisterEventSingle)
                  0081cf60    000005c0     rts6600_elf.lib : divd.obj (.text:__c6xabi_divd)
                  0081d520    000005c0                     : _printfi.obj (.text:_getarg_diouxp)
                  0081dae0    000005c0     ipc.lib : Ipc.obj (.text:ti_sdo_ipc_SharedRegion_start__F)
                  0081e0a0    000005a0     sysbios.ae66 : BIOS.obj (.text:ti_sysbios_timers_timer64_Timer_Module_startup__F)
                  0081e640    00000580     device_srio_loopback.obj (.text:SrioDevice_init)
                  0081ebc0    00000580     ipc.lib : Ipc.obj (.text:ti_sdo_ipc_nsremote_NameServerRemoteNotify_get__F)
                  0081f140    00000580             : Ipc.obj (.text:ti_sdo_ipc_transports_TransportShm_put__E)
                  0081f6c0    00000540     srio_drv.obj (.text:Srio_processReceivedBD)
                  0081fc00    00000540     ipc.lib : Ipc.obj (.text:ti_sdo_ipc_Ipc_procSyncStart__I)
                  00820140    000004e0             : Ipc.obj (.text:ti_sdo_ipc_notifyDrivers_NotifyDriverShm_Instance_init__F)
                  00820620    000004a0             : Ipc.obj (.text:HeapBufMP_sharedMemReq)
                  00820ac0    000004a0             : Ipc.obj (.text:ti_sdo_ipc_gates_GatePeterson_Instance_init__F)
                  00820f60    00000460     rts6600_elf.lib : _printfi.obj (.text:_printfi)
                  008213c0    00000460                     : _printfi.obj (.text:_setfield)
                  00821820    00000460     ipc.lib : Ipc.obj (.text:ti_sdo_ipc_GateMP_setRegion0Reserved__F)
                  00821c80    00000460             : Ipc.obj (.text:ti_sdo_ipc_Ipc_procSyncFinish__I)
                  008220e0    00000460             : Ipc.obj (.text:ti_sdo_ipc_MessageQ_Instance_init__F)
                  00822540    00000440     KeyStone_common.obj (.text:Core_MPAX)
                  00822980    00000440     ipc.lib : Ipc.obj (.text:ListMP_putTail)
                  00822dc0    00000440             : Ipc.obj (.text:ti_sdo_ipc_heaps_HeapMemMP_getStats__E)
                  00823200    00000440             : Ipc.obj (.text:ti_sdo_ipc_heaps_HeapMemMP_postInit__I)
                  00823640    00000420     sysbios.ae66 : BIOS.obj (.text:ti_sysbios_gates_GateMutexPri_enter__E)
                  00823a60    00000420                  : BIOS.obj (.text:ti_sysbios_knl_Task_sleep__E)
                  00823e80    00000400     srio_drv.obj (.text:Srio_sockSend_DIO)
                  00824280    00000400     ipc.lib : Ipc.obj (.text:ti_sdo_ipc_Notify_Instance_init__F)
                  00824680    000003e0     sysbios.ae66 : BIOS.obj (.text:ti_sysbios_knl_Task_setPri__E)
                  00824a60    000003c0     ti.drv.cppi.ae66 : cppi_desc.oe66 (.text:Cppi_initDescriptor)
                  00824e20    000003c0     ipc.lib : Ipc.obj (.text:ti_sdo_ipc_SharedRegion_reserveMemory__F)
                  008251e0    000003a0     rts6600_elf.lib : fputs.obj (.text:fputs)
                  00825580    00000380     ipc.lib : Ipc.obj (.text:HeapMemMP_sharedMemReq)
                  00825900    00000360     core1_pe66.oe66 (.text:xdc_runtime_System_printfExtend__I)
                  00825c60    00000340     ipc.lib : Ipc.obj (.text:GateMP_sharedMemReq)
                  00825fa0    00000340     srio_drv.obj (.text:Srio_sockBind_DIO)
                  008262e0    00000340     ipc.lib : Ipc.obj (.text:ti_sdo_ipc_nsremote_NameServerRemoteNotify_swiFxn__I)
                  00826620    00000320     srio_drv.obj (.text:Srio_init)
                  00826940    00000320     srio_drv.obj (.text:Srio_sockOpen)
                  00826c60    00000320     rts6600_elf.lib : _printfi.obj (.text:_pproc_fge)
                  00826f80    00000300     ipc.lib : Ipc.obj (.text:GateMP_openByAddr)
                  00827280    00000300             : Ipc.obj (.text:ti_sdo_ipc_transports_TransportShm_openByAddr__F)
                  00827580    00000300     sysbios.ae66 : BIOS.obj (.text:ti_sysbios_family_c64p_Hwi_dispatchC__I)
                  00827880    000002e0     ipc.lib : Ipc.obj (.text:SharedRegion_getEntry)
                  00827b60    000002e0             : Ipc.obj (.text:SharedRegion_getPtr)
                  00827e40    000002e0     rts6600_elf.lib : _printfi.obj (.text:_pproc_fwp)
                  00828120    000002e0     ipc.lib : Ipc.obj (.text:ti_sdo_ipc_heaps_HeapBufMP_free__E)
                  00828400    000002e0     sysbios.ae66 : BIOS.obj (.text:ti_sysbios_heaps_HeapMem_Instance_init__F)
                  008286e0    000002c0     ipc.lib : Ipc.obj (.text:ti_sdo_ipc_notifyDrivers_NotifyDriverShm_isr__I)
                  008289a0    000002a0             : Ipc.obj (.text:Ipc_start)
                  00828c40    000002a0             : Ipc.obj (.text:NameServer_getLocal)
                  00828ee0    000002a0     rts6600_elf.lib : _printfi.obj (.text:fcvt)
                  00829180    000002a0     ipc.lib : Ipc.obj (.text:ti_sdo_ipc_heaps_HeapBufMP_Instance_finalize__F)
                  00829420    000002a0     sysbios.ae66 : BIOS.obj (.text:ti_sysbios_family_c66_tci66xx_CpIntc_Module_startup__F)
                  008296c0    000002a0                  : BIOS.obj (.text:ti_sysbios_knl_Clock_workFunc__E)
                  00829960    000002a0                  : BIOS.obj (.text:ti_sysbios_timers_timer64_Timer_deviceConfig__I)
                  00829c00    00000280     ipc.lib : Ipc.obj (.text:SharedRegion_getSRPtr)
                  00829e80    00000280     rts6600_elf.lib : divf.obj (.text:__c6xabi_divf)
                  0082a100    00000280                     : _printfi.obj (.text:ecvt)
                  0082a380    00000280     ipc.lib : Ipc.obj (.text:ti_sdo_ipc_notifyDrivers_NotifyDriverShm_sharedMemReq__F)
                  0082a600    00000280     ti.targets.rts6000.ae66 : Core-mem.oe66 (.text:xdc_runtime_Core_createObject__I)
                  0082a880    00000280                             : Error.oe66 (.text:xdc_runtime_Error_raiseX__F)
                  0082ab00    00000260     ipc.lib : Ipc.obj (.text:ListMP_sharedMemReq)
                  0082ad60    00000260     srio_drv.obj (.text:Srio_start)
                  0082afc0    00000260     ipc.lib : Ipc.obj (.text:ti_sdo_ipc_ListMP_Instance_finalize__F)
                  0082b220    00000260             : Ipc.obj (.text:ti_sdo_ipc_heaps_HeapMemMP_Instance_finalize__F)
                  0082b480    00000260             : Ipc.obj (.text:ti_sdo_ipc_notifyDrivers_NotifyDriverShm_disableEvent__E)
                  0082b6e0    00000260     sysbios.ae66 : BIOS.obj (.text:ti_sysbios_family_c64p_Exception_internalHandler__I)
                  0082b940    00000260                  : BIOS.obj (.text:ti_sysbios_knl_Semaphore_post__E)
                  0082bba0    00000260     ti.targets.rts6000.ae66 : Startup.oe66 (.text:xdc_runtime_Startup_startMods__I)
                  0082be00    00000240     srio_drv.obj (.text:Srio_processAppConfig)
                  0082c040    00000240     rts6600_elf.lib : imath64.obj (.text:__c6xabi_divull)
                  0082c280    00000240                     : _printfi.obj (.text:_pconv_e)
                  0082c4c0    00000240                     : _printfi.obj (.text:_pproc_diouxp)
                  0082c700    00000240     ipc.lib : Ipc.obj (.text:ti_sdo_ipc_MessageQ_Instance_finalize__F)
                  0082c940    00000240     sysbios.ae66 : BIOS.obj (.text:ti_sysbios_family_c64p_Hwi_reconfig__E)
                  0082cb80    00000240                  : BIOS.obj (.text:ti_sysbios_knl_Task_exit__E)
                  0082cdc0    00000220     ipc.lib : Ipc.obj (.text:MessageQ_get)
                  0082cfe0    00000220     rts6600_elf.lib : _printfi.obj (.text:_pproc_str)
                  0082d200    00000220                     : fputc.obj (.text:fputc)
                  0082d420    00000220     sysbios.ae66 : BIOS.obj (.text:ti_sysbios_knl_Swi_run__I)
                  0082d640    00000220                  : BIOS.obj (.text:ti_sysbios_knl_Task_schedule__I)
                  0082d860    00000220                  : BIOS.obj (.text:ti_sysbios_knl_Task_startCore__E)
                  0082da80    00000200     ipc.lib : Ipc.obj (.text:GateMP_enter)
                  0082dc80    00000200             : Ipc.obj (.text:GateMP_leave)
                  0082de80    00000200             : Ipc.obj (.text:ListMP_openByAddr)
                  0082e080    00000200     ti.drv.qmss.ae66 : qmss_drv.oe66 (.text:Qmss_internalQueueOpen)
                  0082e280    00000200                      : qmss_acc.oe66 (.text:Qmss_programAccumulator)
                  0082e480    00000200     rts6600_elf.lib : _printfi.obj (.text:_pconv_g)
                  0082e680    00000200     sysbios.ae66 : c64p_Hwi_disp_always.obj (.text:_ti_sysbios_family_c64p_Hwi_dispatchAlways)
                  0082e880    00000200     ti.drv.cppi.ae66 : cppi_heap.oe66 (.text:cppi_internal_heap_add)
                  0082ea80    00000200     rts6600_elf.lib : setvbuf.obj (.text:setvbuf)
                  0082ec80    00000200     ipc.lib : Ipc.obj (.text:ti_sdo_ipc_family_c647x_MultiProcSetup_init__I)
                  0082ee80    00000200             : Ipc.obj (.text:ti_sdo_ipc_heaps_HeapBufMP_alloc__E)
                  0082f080    00000200             : Ipc.obj (.text:ti_sdo_ipc_notifyDrivers_NotifyDriverShm_sendEvent__E)
                  0082f280    00000200             : Ipc.obj (.text:ti_sdo_ipc_transports_TransportShm_Instance_finalize__F)
                  0082f480    000001e0             : Ipc.obj (.text:ti_sdo_ipc_GateMP_attach__F)
                  0082f660    000001e0             : Ipc.obj (.text:ti_sdo_ipc_GateMP_getFreeResource__I)
                  0082f840    000001e0     sysbios.ae66 : BIOS.obj (.text:ti_sysbios_family_c64p_Exception_externalHandler__I)
                  0082fa20    000001e0                  : BIOS.obj (.text:ti_sysbios_knl_Swi_Instance_init__F)
                  0082fc00    000001e0                  : BIOS.obj (.text:ti_sysbios_knl_Task_checkStacks__E)
                  0082fde0    000001e0                  : BIOS.obj (.text:ti_sysbios_knl_Task_postInit__I)
                  0082ffc0    000001e0                  : BIOS.obj (.text:ti_sysbios_timers_timer64_Timer_getFreq__E)
                  008301a0    000001c0     ipc.lib : Ipc.obj (.text:HeapMemMP_openByAddr)
                  00830360    000001c0     srio_drv.obj (.text:Srio_dioCompletionIsr)
                  00830520    000001c0     rts6600_elf.lib : _printfi.obj (.text:_mcpy)
                  008306e0    000001c0     ipc.lib : Ipc.obj (.text:ti_sdo_ipc_notifyDrivers_NotifyDriverShm_registerEvent__E)
                  008308a0    000001c0     sysbios.ae66 : BIOS.obj (.text:ti_sysbios_family_c64p_Exception_decodeMpfsr__I)
                  00830a60    000001c0                  : BIOS.obj (.text:ti_sysbios_gates_GateMutex_enter__E)
                  00830c20    000001c0                  : BIOS.obj (.text:ti_sysbios_timers_timer64_Timer_setPeriodMicroSecs__E)
                  00830de0    000001a0     rts6600_elf.lib : trgdrv.obj (.text:HOSTrename)
                  00830f80    000001a0     ipc.lib : Ipc.obj (.text:SharedRegion_getCacheLineSize)
                  00831120    000001a0             : Ipc.obj (.text:SharedRegion_getHeap)
                  008312c0    000001a0             : Ipc.obj (.text:SharedRegion_isCacheEnabled)
                  00831460    000001a0     rts6600_elf.lib : imath40.obj (.text:__c6xabi_divul)
                  00831600    000001a0     ipc.lib : Ipc.obj (.text:ti_sdo_ipc_GateMP_openRegion0Reserved__F)
                  008317a0    000001a0             : Ipc.obj (.text:ti_sdo_ipc_notifyDrivers_NotifyDriverShm_enableEvent__E)
                  00831940    000001a0             : Ipc.obj (.text:ti_sdo_ipc_notifyDrivers_NotifyDriverShm_unregisterEvent__E)
                  00831ae0    000001a0             : Ipc.obj (.text:ti_sdo_ipc_nsremote_NameServerRemoteNotify_attach__E)
                  00831c80    000001a0     sysbios.ae66 : BIOS.obj (.text:ti_sysbios_family_c66_Cache_block__I)
                  00831e20    000001a0                  : BIOS.obj (.text:ti_sysbios_heaps_HeapBuf_Module_startup__F)
                  00831fc0    000001a0                  : BIOS.obj (.text:ti_sysbios_syncs_SyncSem_Instance_init__F)
                  00832160    000001a0                  : BIOS.obj (.text:ti_sysbios_timers_timer64_Timer_start__E)
                  00832300    00000180     ipc.lib : Ipc.obj (.text:MultiProc_setLocalId)
                  00832480    00000180             : Ipc.obj (.text:NameServer_getHandle)
                  00832600    00000180             : Ipc.obj (.text:Notify_intLineRegistered)
                  00832780    00000180     srio_drv.obj (.text:Srio_rxCompletionIsr)
                  00832900    00000180     srio_drv.obj (.text:Srio_validateDIOBindingId)
                  00832a80    00000180     rts6600_elf.lib : copy_decompress_rle.obj (.text:__TI_decompress_rle_core)
                  00832c00    00000180     sysbios.ae66 : c64p_Exception_asm.obj (.text)
                  00832d80    00000180     ipc.lib : Ipc.obj (.text:ti_sdo_ipc_MessageQ_registerTransport__F)
                  00832f00    00000180             : Ipc.obj (.text:ti_sdo_ipc_Notify_Module_startup__F)
                  00833080    00000180             : Ipc.obj (.text:ti_sdo_ipc_gates_GatePeterson_enter__E)
                  00833200    00000180             : Ipc.obj (.text:ti_sdo_utils_NameServer_Module_startup__F)
                  00833380    00000180     sysbios.ae66 : BIOS.obj (.text:ti_sysbios_knl_Swi_schedule__I)
                  00833500    00000180                  : BIOS.obj (.text:ti_sysbios_knl_Task_unblockI__E)
                  00833680    00000180     ti.targets.rts6000.ae66 : Text.oe66 (.text:xdc_runtime_Text_putSite__F)
                  00833800    00000160     ti.drv.qmss.ae66 : qmss_drv.oe66 (.text:Qmss_getMemoryRegionCfg)
                  00833960    00000160     ipc.lib : Ipc.obj (.text:ti_sdo_ipc_GateMP_createLocal__F)
                  00833ac0    00000160             : Ipc.obj (.text:ti_sdo_ipc_MessageQ_unregisterTransport__F)
                  00833c20    00000160             : Ipc.obj (.text:ti_sdo_ipc_gates_GateHWSem_Instance_init__F)
                  00833d80    00000160             : Ipc.obj (.text:ti_sdo_ipc_transports_TransportShm_sharedMemReq__F)
                  00833ee0    00000160             : Ipc.obj (.text:ti_sdo_utils_NameServer_isRegistered__E)
                  00834040    00000160             : Ipc.obj (.text:ti_sdo_utils_NameServer_registerRemoteDriver__E)
                  008341a0    00000160             : Ipc.obj (.text:ti_sdo_utils_NameServer_unregisterRemoteDriver__E)
                  00834300    00000140     ti.csl.ae66 : csl_chip.oe66 (.text:CSL_chipReadReg)
                  00834440    00000140     ipc.lib : Ipc.obj (.text:GateMP_close)
                  00834580    00000140             : Ipc.obj (.text:MessageQ_registerHeap)
                  008346c0    00000140             : Ipc.obj (.text:Notify_attach)
                  00834800    00000140     boot.ae66 : autoinit.oe66 (.text:_auto_init_elf)
                  00834940    00000140     rts6600_elf.lib : _printfi.obj (.text:_pproc_fflags)
                  00834a80    00000140                     : lowlev.obj (.text:getdevice)
                  00834bc0    00000140     ipc.lib : Ipc.obj (.text:ti_sdo_ipc_Notify_exec__F)
                  00834d00    00000140     sysbios.ae66 : BIOS.obj (.text:ti_sysbios_family_c64p_Exception_Module_startup__F)
                  00834e40    00000140                  : BIOS.obj (.text:ti_sysbios_family_c64p_Hwi_Module_startup__F)
                  00834f80    00000140                  : BIOS.obj (.text:ti_sysbios_family_c66_Cache_Module_startup__F)
                  008350c0    00000140                  : BIOS.obj (.text:ti_sysbios_gates_GateSwi_enter__E)
                  00835200    00000140                  : BIOS.obj (.text:ti_sysbios_knl_Semaphore_Instance_init__F)
                  00835340    00000140                  : BIOS.obj (.text:ti_sysbios_knl_Swi_post__E)
                  00835480    00000140                  : BIOS.obj (.text:ti_sysbios_knl_Task_Module_startup__F)
                  008355c0    00000140                  : BIOS.obj (.text:ti_sysbios_knl_Task_blockI__E)
                  00835700    00000140                  : BIOS.obj (.text:ti_sysbios_knl_Task_yield__E)
                  00835840    00000120     rts6600_elf.lib : fclose.obj (.text:_closefile)
                  00835960    00000120                     : _printfi.obj (.text:_ltostr)
                  00835a80    00000120                     : fseek.obj (.text:fseek)
                  00835ba0    00000120     ipc.lib : Ipc.obj (.text:ti_sdo_ipc_MessageQ_Module_startup__F)
                  00835cc0    00000120             : Ipc.obj (.text:ti_sdo_ipc_family_c647x_Interrupt_intRegister__E)
                  00835de0    00000120             : Ipc.obj (.text:ti_sdo_ipc_nsremote_NameServerRemoteNotify_Instance_finalize__F)
                  00835f00    00000120     sysbios.ae66 : BIOS.obj (.text:ti_sysbios_BIOS_rtsUnlock__I)
                  00836020    00000120                  : BIOS.obj (.text:ti_sysbios_knl_Clock_startI__E)
                  00836140    00000120     ti.targets.rts6000.ae66 : Text.oe66 (.text:xdc_runtime_Text_putLab__F)
                  00836260    00000100     rts6600_elf.lib : trgdrv.obj (.text:HOSTlseek)
                  00836360    00000100                     : _io_perm.obj (.text:_wrt_ok)
                  00836460    00000100     ipc.lib : Ipc.obj (.text:ti_sdo_ipc_GateMP_start__F)
                  00836560    00000100             : Ipc.obj (.text:ti_sdo_ipc_Notify_Instance_finalize__F)
                  00836660    00000100             : Ipc.obj (.text:ti_sdo_ipc_SharedRegion_attach__F)
                  00836760    00000100             : Ipc.obj (.text:ti_sdo_ipc_SharedRegion_clearReservedMemory__F)
                  00836860    00000100             : Ipc.obj (.text:ti_sdo_ipc_family_c647x_Interrupt_Module_startup__F)
                  00836960    00000100             : Ipc.obj (.text:ti_sdo_ipc_gates_GateHWSem_Module_startup__F)
                  00836a60    00000100             : Ipc.obj (.text:ti_sdo_ipc_gates_GateMPSupportNull_enter__E)
                  00836b60    00000100             : Ipc.obj (.text:ti_sdo_ipc_gates_GateMPSupportNull_leave__E)
                  00836c60    00000100             : Ipc.obj (.text:ti_sdo_ipc_transports_TransportShmSetup_attach__E)
                  00836d60    00000100     sysbios.ae66 : BIOS.obj (.text:ti_sysbios_family_c64p_EventCombiner_dispatch__F)
                  00836e60    00000100                  : BIOS.obj (.text:ti_sysbios_family_c64p_Hwi_Instance_finalize__F)
                  00836f60    00000100                  : BIOS.obj (.text:ti_sysbios_gates_GateMutexPri_leave__E)
                  00837060    00000100                  : BIOS.obj (.text:ti_sysbios_knl_Swi_restoreHwi__E)
                  00837160    00000100                  : BIOS.obj (.text:ti_sysbios_timers_timer64_Timer_initDevice__I)
                  00837260    00000100     ti.targets.rts6000.ae66 : Core-mem.oe66 (.text:xdc_runtime_Core_deleteObject__I)
                  00837360    00000100                             : Startup.oe66 (.text:xdc_runtime_Startup_exec__F)
                  00837460    00000100                             : Text.oe66 (.text:xdc_runtime_Text_putMod__F)
                  00837560    00000100                             : Text.oe66 (.text:xdc_runtime_Text_visitRope2__I)
                  00837660    000000e0     rts6600_elf.lib : trgdrv.obj (.text:HOSTopen)
                  00837740    000000e0     ipc.lib : Ipc.obj (.text:HeapBufMP_create)
                  00837820    000000e0     rts6600_elf.lib : _printfi.obj (.text:_div)
                  00837900    000000e0                     : atoi.obj (.text:atoi)
                  008379e0    000000e0                     : lowlev.obj (.text:close)
                  00837ac0    000000e0                     : copy_zero_init.obj (.text:decompress:ZI:__TI_zero_init)
                  00837ba0    000000e0                     : fflush.obj (.text:fflush)
                  00837c80    000000e0                     : ltoa.obj (.text:ltoa)
                  00837d60    000000e0                     : memset.obj (.text:memset)
                  00837e40    000000e0                     : printf.obj (.text:printf)
                  00837f20    000000e0     core1_pe66.oe66 (.text:ti_sdo_ipc_Notify_Object__create__S)
                  00838000    000000e0     ipc.lib : Ipc.obj (.text:ti_sdo_ipc_family_c647x_NotifySetup_attach__E)
                  008380e0    000000e0             : Ipc.obj (.text:ti_sdo_ipc_gates_GateHWSem_enter__E)
                  008381c0    000000e0             : Ipc.obj (.text:ti_sdo_ipc_heaps_HeapBufMP_getStats__F)
                  008382a0    000000e0     sysbios.ae66 : BIOS.obj (.text:ti_sysbios_family_c64p_Hwi_Instance_init__F)
                  00838380    000000e0     core1_pe66.oe66 (.text:ti_sysbios_family_c64p_Hwi_Object__create__S)
                  00838460    000000e0     ti.targets.rts6000.ae66 : Error.oe66 (.text:xdc_runtime_Error_print__F)
                  00838540    000000e0                             : Memory.oe66 (.text:xdc_runtime_Memory_alloc__F)
                  00838620    000000c0     rts6600_elf.lib : trgdrv.obj (.text:HOSTread)
                  008386e0    000000c0                     : trgdrv.obj (.text:HOSTunlink)
                  008387a0    000000c0                     : trgdrv.obj (.text:HOSTwrite)
                  00838860    000000c0     ipc.lib : Ipc.obj (.text:HeapMemMP_create)
                  00838920    000000c0             : Ipc.obj (.text:ListMP_create)
                  008389e0    000000c0     ti.drv.qmss.ae66 : qmss_drv.oe66 (.text:Qmss_setEoiVector)
                  00838aa0    000000c0                      : qmss_drv.oe66 (.text:Qmss_setQueueThreshold)
                  00838b60    000000c0     srio_drv.obj (.text:Srio_getDescSize)
                  00838c20    000000c0     rts6600_elf.lib : dtor_list.obj (.text:_Z11__TI_atexitPFYvPvES_S_)
                  00838ce0    000000c0                     : dtor_list.obj (.text:__cxa_finalize)
                  00838da0    000000c0                     : divu.obj (.text:__divu)
                  00838e60    000000c0                     : fflush.obj (.text:_doflush)
                  00838f20    000000c0     ti.drv.cppi.ae66 : cppi_heap.oe66 (.text:cppi_internal_heap_release)
                  00838fe0    000000c0                      : cppi_listlib.oe66 (.text:cppi_list_remove_node)
                  008390a0    000000c0     rts6600_elf.lib : exit.obj (.text:exit)
                  00839160    000000c0     core1_pe66.oe66 (.text:ti_sdo_ipc_GateMP_Object__create__S)
                  00839220    000000c0     ipc.lib : Ipc.obj (.text:ti_sdo_ipc_GateMP_getRegion0ReservedSize__F)
                  008392e0    000000c0     core1_pe66.oe66 (.text:ti_sdo_ipc_ListMP_Object__create__S)
                  008393a0    000000c0     core1_pe66.oe66 (.text:ti_sdo_ipc_MessageQ_Object__create__S)
                  00839460    000000c0     ipc.lib : Ipc.obj (.text:ti_sdo_ipc_Notify_execMany__I)
                  00839520    000000c0             : Ipc.obj (.text:ti_sdo_ipc_family_c647x_Interrupt_intShmStub__I)
                  008395e0    000000c0     core1_pe66.oe66 (.text:ti_sdo_ipc_gates_GatePeterson_Object__create__S)
                  008396a0    000000c0     core1_pe66.oe66 (.text:ti_sdo_ipc_heaps_HeapBufMP_Object__create__S)
                  00839760    000000c0     core1_pe66.oe66 (.text:ti_sdo_ipc_heaps_HeapMemMP_Object__create__S)
                  00839820    000000c0     core1_pe66.oe66 (.text:ti_sdo_ipc_notifyDrivers_NotifyDriverShm_Object__create__S)
                  008398e0    000000c0     core1_pe66.oe66 (.text:ti_sdo_ipc_nsremote_NameServerRemoteNotify_Object__create__S)
                  008399a0    000000c0     core1_pe66.oe66 (.text:ti_sdo_ipc_transports_TransportShm_Object__create__S)
                  00839a60    000000c0     sysbios.ae66 : BIOS.obj (.text:ti_sysbios_BIOS_errorRaiseHook__I)
                  00839b20    000000c0                  : BIOS.obj (.text:ti_sysbios_gates_GateAll_leave__E)
                  00839be0    000000c0                  : BIOS.obj (.text:ti_sysbios_heaps_HeapMem_getStats__E)
                  00839ca0    000000c0                  : BIOS.obj (.text:ti_sysbios_knl_Clock_logTick__E)
                  00839d60    000000c0                  : BIOS.obj (.text:ti_sysbios_knl_Swi_Instance_finalize__F)
                  00839e20    000000c0     core1_pe66.oe66 (.text:ti_sysbios_knl_Swi_Object__create__S)
                  00839ee0    000000c0     sysbios.ae66 : BIOS.obj (.text:ti_sysbios_knl_Task_allBlockedFunction__I)
                  00839fa0    000000c0     core1_pe66.oe66 (.text:ti_sysbios_syncs_SyncSem_Object__create__S)
                  0083a060    000000c0     sysbios.ae66 : BIOS.obj (.text:ti_sysbios_timers_timer64_Timer_startup__E)
                  0083a120    000000c0     ti.targets.rts6000.ae66 : System.oe66 (.text:xdc_runtime_System_formatNum__I)
                  0083a1e0    000000c0     core1_pe66.oe66 (.text:xdc_runtime_knl_GateThread_Object__create__S)
                  0083a2a0    000000a0     rts6600_elf.lib : trgdrv.obj (.text:HOSTclose)
                  0083a340    000000a0     ipc.lib : Ipc.obj (.text:MessageQ_create)
                  0083a3e0    000000a0     ti.drv.qmss.ae66 : qmss_drv.oe66 (.text:Qmss_queueClose)
                  0083a480    000000a0                      : qmss_drv.oe66 (.text:Qmss_startCfg)
                  0083a520    000000a0     srio_drv.obj (.text:Srio_flushSockData)
                  0083a5c0    000000a0     srio_drv.obj (.text:Srio_initSockData)
                  0083a660    000000a0     rts6600_elf.lib : remu.obj (.text:__remu)
                  0083a700    000000a0     boot.ae66 : boot.oe66 (.text:_c_int00)
                  0083a7a0    000000a0     rts6600_elf.lib : fopen.obj (.text:_cleanup)
                  0083a840    000000a0                     : _printfi.obj (.text:_ecpy)
                  0083a8e0    000000a0                     : _printfi.obj (.text:_fcpy)
                  0083a980    000000a0                     : _printfi.obj (.text:_pconv_f)
                  0083aa20    000000a0     sysbios.ae66 : c64p_Hwi_asm.obj (.text:_ti_sysbios_family_c64p_Hwi_plug__E)
                  0083aac0    000000a0     ti.drv.cppi.ae66 : cppi_heap.oe66 (.text:cppi_internal_heap_malloc)
                  0083ab60    000000a0                      : cppi_listlib.oe66 (.text:cppi_list_cat)
                  0083ac00    000000a0     rts6600_elf.lib : lowlev.obj (.text:finddevice)
                  0083aca0    000000a0                     : lowlev.obj (.text:lseek)
                  0083ad40    000000a0                     : memcpy64.obj (.text:memcpy)
                  0083ade0    000000a0     ipc.lib : Ipc.obj (.text:ti_sdo_ipc_family_c647x_Interrupt_intUnregister__E)
                  0083ae80    000000a0             : Ipc.obj (.text:ti_sdo_ipc_gates_GatePeterson_leave__E)
                  0083af20    000000a0             : Ipc.obj (.text:ti_sdo_ipc_notifyDrivers_NotifyDriverShm_Instance_finalize__F)
                  0083afc0    000000a0     sysbios.ae66 : BIOS.obj (.text:ti_sysbios_family_c64p_Hwi_eventMap__E)
                  0083b060    000000a0                  : BIOS.obj (.text:ti_sysbios_family_c64p_Hwi_getStackInfo__E)
                  0083b100    000000a0                  : BIOS.obj (.text:ti_sysbios_gates_GateSwi_leave__E)
                  0083b1a0    000000a0                  : BIOS.obj (.text:ti_sysbios_heaps_HeapMem_init__I)
                  0083b240    000000a0                  : BIOS.obj (.text:ti_sysbios_knl_Idle_run__E)
                  0083b2e0    000000a0                  : BIOS.obj (.text:ti_sysbios_knl_Semaphore_pendTimeout__I)
                  0083b380    000000a0                  : BIOS.obj (.text:ti_sysbios_knl_Task_processVitalTaskFlag__I)
                  0083b420    000000a0                  : BIOS.obj (.text:ti_sysbios_syncs_SyncSem_wait__F)
                  0083b4c0    000000a0                  : BIOS.obj (.text:ti_sysbios_timers_timer64_Timer_stop__E)
                  0083b560    000000a0     rts6600_elf.lib : lowlev.obj (.text:write)
                  0083b600    000000a0     ti.targets.rts6000.ae66 : Assert.oe66 (.text:xdc_runtime_Assert_raise__I)
                  0083b6a0    00000080     ipc.lib : Ipc.obj (.text:HeapBufMP_Params_init)
                  0083b720    00000080     ti.drv.qmss.ae66 : qmss_drv.oe66 (.text:Qmss_getMemRegQueueHandle)
                  0083b7a0    00000080                      : qmss_drv.oe66 (.text:Qmss_queueOpen)
                  0083b820    00000080     rts6600_elf.lib : fixfu.obj (.text:__c6xabi_fixfu)
                  0083b8a0    00000080                     : llshift.obj (.text:__c6xabi_llshl)
                  0083b920    00000080     sysbios.ae66 : c62_TaskSupport_asm.obj (.text:_ti_sysbios_family_c62_TaskSupport_swap__E)
                  0083b9a0    00000080     ti.drv.cppi.ae66 : cppi_heap.oe66 (.text:cppi_internal_heap_cache_begin)
                  0083ba20    00000080                      : cppi_listlib.oe66 (.text:cppi_list_remove)
                  0083baa0    00000080     core1_pe66.oe66 (.text:malloc)
                  0083bb20    00000080     rts6600_elf.lib : trgmsg.obj (.text:readmsg)
                  0083bba0    00000080     core1_pe66.oe66 (.text:ti_sdo_ipc_gates_GateHWSem_Object__create__S)
                  0083bc20    00000080     core1_pe66.oe66 (.text:ti_sdo_ipc_gates_GateMPSupportNull_Object__create__S)
                  0083bca0    00000080     ipc.lib : Ipc.obj (.text:ti_sdo_ipc_nsremote_NameServerRemoteNotify_detach__E)
                  0083bd20    00000080             : Ipc.obj (.text:ti_sdo_ipc_transports_TransportShm_swiFxn__I)
                  0083bda0    00000080     core1_pe66.oe66 (.text:ti_sdo_utils_List_Object__create__S)
                  0083be20    00000080     sysbios.ae66 : BIOS.obj (.text:ti_sysbios_BIOS_registerRTSLock__I)
                  0083bea0    00000080                  : BIOS.obj (.text:ti_sysbios_family_c66_Cache_invL1pAll__E)
                  0083bf20    00000080     core1_pe66.oe66 (.text:ti_sysbios_gates_GateAll_Object__create__S)
                  0083bfa0    00000080     core1_pe66.oe66 (.text:ti_sysbios_gates_GateHwi_Object__create__S)
                  0083c020    00000080     core1_pe66.oe66 (.text:ti_sysbios_gates_GateMutexPri_Object__create__S)
                  0083c0a0    00000080     core1_pe66.oe66 (.text:ti_sysbios_gates_GateMutex_Object__create__S)
                  0083c120    00000080     core1_pe66.oe66 (.text:ti_sysbios_gates_GateSwi_Object__create__S)
                  0083c1a0    00000080     sysbios.ae66 : BIOS.obj (.text:ti_sysbios_hal_Hwi_checkStack:ti_sysbios_hal_Hwi_checkStack)
                  0083c220    00000080                  : BIOS.obj (.text:ti_sysbios_hal_Hwi_initStack:ti_sysbios_hal_Hwi_initStack)
                  0083c2a0    00000080     core1_pe66.oe66 (.text:ti_sysbios_heaps_HeapMem_Object__create__S)
                  0083c320    00000080     sysbios.ae66 : BIOS.obj (.text:ti_sysbios_knl_Clock_Module_startup__F)
                  0083c3a0    00000080                  : BIOS.obj (.text:ti_sysbios_knl_Clock_getTicks__E)
                  0083c420    00000080     core1_pe66.oe66 (.text:ti_sysbios_knl_Queue_Object__create__S)
                  0083c4a0    00000080     core1_pe66.oe66 (.text:ti_sysbios_knl_Semaphore_Object__create__S)
                  0083c520    00000080     sysbios.ae66 : BIOS.obj (.text:ti_sysbios_knl_Swi_startup__E)
                  0083c5a0    00000080                  : BIOS.obj (.text:ti_sysbios_knl_Task_restore__E)
                  0083c620    00000080                  : BIOS.obj (.text:ti_sysbios_timers_timer64_Timer_getCount__E)
                  0083c6a0    00000080                  : BIOS.obj (.text:ti_sysbios_timers_timer64_Timer_getPeriod__E)
                  0083c720    00000080     core1_pe66.oe66 (.text:ti_sysbios_xdcruntime_GateThreadSupport_Object__create__S)
                  0083c7a0    00000080     rts6600_elf.lib : lowlev.obj (.text:unlink)
                  0083c820    00000080     ti.targets.rts6000.ae66 : Core-label.oe66 (.text:xdc_runtime_Core_assignLabel__I)
                  0083c8a0    00000080                             : Core-params.oe66 (.text:xdc_runtime_Core_assignParams__I)
                  0083c920    00000080                             : System.oe66 (.text:xdc_runtime_System_atexit__F)
                  0083c9a0    00000080                             : System.oe66 (.text:xdc_runtime_System_rtsExit__I)
                  0083ca20    00000080                             : Text.oe66 (.text:xdc_runtime_Text_printVisFxn__I)
                  0083caa0    00000080                             : Text.oe66 (.text:xdc_runtime_Text_xprintf__I)
                  0083cb20    00000060     ipc.lib : Ipc.obj (.text:GateMP_Params_init)
                  0083cb80    00000060             : Ipc.obj (.text:HeapMemMP_Params_init)
                  0083cbe0    00000060     srio_drv.obj (.text:Srio_freeRxDrvBuffer)
                  0083cc40    00000060     ti.drv.srio.ae66 : listlib.oe66 (.text:Srio_listCat)
                  0083cca0    00000060     rts6600_elf.lib : frcmpyd_div.obj (.text:__c6xabi_frcmpyd_div)
                  0083cd00    00000060                     : llshift.obj (.text:__c6xabi_llshru)
                  0083cd60    00000060                     : imath64.obj (.text:_subcull)
                  0083cdc0    00000060     ti.drv.cppi.ae66 : cppi_listlib.oe66 (.text:cppi_list_add)
                  0083ce20    00000060                      : cppi_listlib.oe66 (.text:cppi_list_cache_invalidate)
                  0083ce80    00000060     rts6600_elf.lib : memccpy.obj (.text:memccpy)
                  0083cee0    00000060     core1_pe66.oe66 (.text:ti_sdo_ipc_MessageQ_Object__get__S)
                  0083cf40    00000060     ipc.lib : Ipc.obj (.text:ti_sdo_ipc_family_c647x_NotifySetup_sharedMemReq__E)
                  0083cfa0    00000060             : Ipc.obj (.text:ti_sdo_ipc_gates_GateHWSem_leave__E)
                  0083d000    00000060             : Ipc.obj (.text:ti_sdo_ipc_gates_GatePeterson_Instance_finalize__F)
                  0083d060    00000060             : Ipc.obj (.text:ti_sdo_ipc_gates_GatePeterson_sharedMemReq__E)
                  0083d0c0    00000060             : Ipc.obj (.text:ti_sdo_ipc_notifyDrivers_NotifyDriverShm_setNotifyHandle__E)
                  0083d120    00000060             : Ipc.obj (.text:ti_sdo_ipc_transports_TransportShmSetup_sharedMemReq__E)
                  0083d180    00000060     core1_pe66.oe66 (.text:ti_sdo_utils_List_Object__get__S)
                  0083d1e0    00000060     core1_pe66.oe66 (.text:ti_sdo_utils_NameServer_Object__get__S)
                  0083d240    00000060     core1_pe66.oe66 (.text:ti_sysbios_BIOS_exitFunc__I)
                  0083d2a0    00000060     sysbios.ae66 : BIOS.obj (.text:ti_sysbios_BIOS_rtsLock__I)
                  0083d300    00000060                  : BIOS.obj (.text:ti_sysbios_family_c62_TaskSupport_start__E)
                  0083d360    00000060                  : BIOS.obj (.text:ti_sysbios_family_c64p_EventCombiner_Module_startup__F)
                  0083d3c0    00000060                  : BIOS.obj (.text:ti_sysbios_family_c64p_EventCombiner_dispatchPlug__F)
                  0083d420    00000060                  : BIOS.obj (.text:ti_sysbios_family_c64p_EventCombiner_unused__F)
                  0083d480    00000060                  : BIOS.obj (.text:ti_sysbios_family_c66_tci66xx_CpIntc_unused__F)
                  0083d4e0    00000060                  : BIOS.obj (.text:ti_sysbios_gates_GateAll_enter__E)
                  0083d540    00000060                  : BIOS.obj (.text:ti_sysbios_gates_GateMutex_Instance_init__F)
                  0083d5a0    00000060     core1_pe66.oe66 (.text:ti_sysbios_heaps_HeapBuf_Object__get__S)
                  0083d600    00000060     core1_pe66.oe66 (.text:ti_sysbios_heaps_HeapMem_Object__get__S)
                  0083d660    00000060     core1_pe66.oe66 (.text:ti_sysbios_knl_Clock_doTick__I)
                  0083d6c0    00000060     core1_pe66.oe66 (.text:ti_sysbios_knl_Queue_Object__get__S)
                  0083d720    00000060     sysbios.ae66 : BIOS.obj (.text:ti_sysbios_knl_Swi_Module_startup__F)
                  0083d780    00000060     core1_pe66.oe66 (.text:ti_sysbios_knl_Swi_Object__get__S)
                  0083d7e0    00000060     core1_pe66.oe66 (.text:ti_sysbios_knl_Task_Object__get__S)
                  0083d840    00000060     sysbios.ae66 : BIOS.obj (.text:ti_sysbios_knl_Task_enter__I)
                  0083d8a0    00000060                  : BIOS.obj (.text:ti_sysbios_knl_Task_sleepTimeout__I)
                  0083d900    00000060     rts6600_elf.lib : trgmsg.obj (.text:writemsg)
                  0083d960    00000060     core1_pe66.oe66 (.text:xdc_runtime_GateNull_Object__create__S)
                  0083d9c0    00000060     ti.targets.rts6000.ae66 : Memory.oe66 (.text:xdc_runtime_Memory_calloc__F)
                  0083da20    00000060                             : Memory.oe66 (.text:xdc_runtime_Memory_valloc__F)
                  0083da80    00000060                             : SysMin.oe66 (.text:xdc_runtime_SysMin_Module_startup__F)
                  0083dae0    00000060                             : SysStd.oe66 (.text:xdc_runtime_SysStd_abort__F)
                  0083db40    00000060                             : System.oe66 (.text:xdc_runtime_System_avprintf__F)
                  0083dba0    00000060                             : System.oe66 (.text:xdc_runtime_System_vprintf__F)
                  0083dc00    00000060                             : Text.oe66 (.text:xdc_runtime_Text_cordText__F)
                  0083dc60    00000040     INT_vectors.obj (.text)
                  0083dca0    00000040     ti.drv.qmss.ae66 : qmss_drv.oe66 (.text:Qmss_ackInterrupt)
                  0083dce0    00000040                      : qmss_drv.oe66 (.text:Qmss_getMemRegDescSize)
                  0083dd20    00000040     ti.drv.srio.ae66 : listlib.oe66 (.text:Srio_listAdd)
                  0083dd60    00000040                      : listlib.oe66 (.text:Srio_listRemove)
                  0083dda0    00000040     rts6600_elf.lib : isinf.obj (.text:__c6xabi_isinf)
                  0083dde0    00000040                     : _printfi.obj (.text:__c6xabi_isnan)
                  0083de20    00000040                     : strasg.obj (.text:__strasgi_64plus)
                  0083de60    00000040                     : args_main.obj (.text:_args_main)
                  0083dea0    00000040     sysbios.ae66 : c62_TaskSupport_asm.obj (.text:_ti_sysbios_family_c62_TaskSupport_buildTaskStack)
                  0083dee0    00000040                  : c64p_Hwi_asm_switch.obj (.text:_ti_sysbios_family_xxx_Hwi_switchToIsrStack)
                  0083df20    00000040     core1_pe66.oe66 (.text:free)
                  0083df60    00000040     rts6600_elf.lib : fputs.obj (.text:puts)
                  0083dfa0    00000040     core1_pe66.oe66 (.text:ti_sdo_ipc_GateMP_Object__delete__S)
                  0083dfe0    00000040     core1_pe66.oe66 (.text:ti_sdo_ipc_GateMP_Params__init__S)
                  0083e020    00000040     core1_pe66.oe66 (.text:ti_sdo_ipc_GateMP_RemoteCustom1Proxy_Object__create__S)
                  0083e060    00000040     core1_pe66.oe66 (.text:ti_sdo_ipc_GateMP_RemoteCustom2Proxy_Object__create__S)
                  0083e0a0    00000040     core1_pe66.oe66 (.text:ti_sdo_ipc_GateMP_RemoteSystemProxy_Object__create__S)
                  0083e0e0    00000040     core1_pe66.oe66 (.text:ti_sdo_ipc_ListMP_Object__delete__S)
                  0083e120    00000040     core1_pe66.oe66 (.text:ti_sdo_ipc_ListMP_Params__init__S)
                  0083e160    00000040     core1_pe66.oe66 (.text:ti_sdo_ipc_MessageQ_Params__init__S)
                  0083e1a0    00000040     core1_pe66.oe66 (.text:ti_sdo_ipc_MessageQ_registerTransport__E)
                  0083e1e0    00000040     ipc.lib : Ipc.obj (.text:ti_sdo_ipc_family_c647x_Interrupt_intClear__E)
                  0083e220    00000040             : Ipc.obj (.text:ti_sdo_ipc_family_c647x_Interrupt_intSend__E)
                  0083e260    00000040     core1_pe66.oe66 (.text:ti_sdo_ipc_gates_GateHWSem_Handle__label__S)
                  0083e2a0    00000040     core1_pe66.oe66 (.text:ti_sdo_ipc_gates_GateHWSem_Object__delete__S)
                  0083e2e0    00000040     core1_pe66.oe66 (.text:ti_sdo_ipc_gates_GateHWSem_Params__init__S)
                  0083e320    00000040     core1_pe66.oe66 (.text:ti_sdo_ipc_gates_GateMPSupportNull_Handle__label__S)
                  0083e360    00000040     core1_pe66.oe66 (.text:ti_sdo_ipc_gates_GateMPSupportNull_Object__delete__S)
                  0083e3a0    00000040     core1_pe66.oe66 (.text:ti_sdo_ipc_gates_GateMPSupportNull_Params__init__S)
                  0083e3e0    00000040     core1_pe66.oe66 (.text:ti_sdo_ipc_gates_GatePeterson_Handle__label__S)
                  0083e420    00000040     core1_pe66.oe66 (.text:ti_sdo_ipc_gates_GatePeterson_Object__delete__S)
                  0083e460    00000040     core1_pe66.oe66 (.text:ti_sdo_ipc_gates_GatePeterson_Params__init__S)
                  0083e4a0    00000040     core1_pe66.oe66 (.text:ti_sdo_ipc_heaps_HeapBufMP_Handle__label__S)
                  0083e4e0    00000040     core1_pe66.oe66 (.text:ti_sdo_ipc_heaps_HeapBufMP_Object__delete__S)
                  0083e520    00000040     core1_pe66.oe66 (.text:ti_sdo_ipc_heaps_HeapBufMP_Params__init__S)
                  0083e560    00000040     core1_pe66.oe66 (.text:ti_sdo_ipc_heaps_HeapMemMP_Handle__label__S)
                  0083e5a0    00000040     core1_pe66.oe66 (.text:ti_sdo_ipc_heaps_HeapMemMP_Object__delete__S)
                  0083e5e0    00000040     core1_pe66.oe66 (.text:ti_sdo_ipc_heaps_HeapMemMP_Params__init__S)
                  0083e620    00000040     core1_pe66.oe66 (.text:ti_sdo_ipc_notifyDrivers_NotifyDriverShm_Handle__label__S)
                  0083e660    00000040     core1_pe66.oe66 (.text:ti_sdo_ipc_notifyDrivers_NotifyDriverShm_InterruptProxy_intRegister__E)
                  0083e6a0    00000040     core1_pe66.oe66 (.text:ti_sdo_ipc_notifyDrivers_NotifyDriverShm_Object__delete__S)
                  0083e6e0    00000040     core1_pe66.oe66 (.text:ti_sdo_ipc_notifyDrivers_NotifyDriverShm_Params__init__S)
                  0083e720    00000040     ipc.lib : Ipc.obj (.text:ti_sdo_ipc_notifyDrivers_NotifyDriverShm_disable__E)
                  0083e760    00000040             : Ipc.obj (.text:ti_sdo_ipc_notifyDrivers_NotifyDriverShm_enable__E)
                  0083e7a0    00000040     core1_pe66.oe66 (.text:ti_sdo_ipc_nsremote_NameServerRemoteNotify_Handle__label__S)
                  0083e7e0    00000040     core1_pe66.oe66 (.text:ti_sdo_ipc_nsremote_NameServerRemoteNotify_Object__delete__S)
                  0083e820    00000040     core1_pe66.oe66 (.text:ti_sdo_ipc_nsremote_NameServerRemoteNotify_Object__first__S)
                  0083e860    00000040     core1_pe66.oe66 (.text:ti_sdo_ipc_nsremote_NameServerRemoteNotify_Object__next__S)
                  0083e8a0    00000040     core1_pe66.oe66 (.text:ti_sdo_ipc_nsremote_NameServerRemoteNotify_Params__init__S)
                  0083e8e0    00000040     core1_pe66.oe66 (.text:ti_sdo_ipc_nsremote_NameServerRemoteNotify_get__E)
                  0083e920    00000040     ipc.lib : Ipc.obj (.text:ti_sdo_ipc_nsremote_NameServerRemoteNotify_sharedMemReq__E)
                  0083e960    00000040     core1_pe66.oe66 (.text:ti_sdo_ipc_transports_TransportShm_Handle__label__S)
                  0083e9a0    00000040     core1_pe66.oe66 (.text:ti_sdo_ipc_transports_TransportShm_Object__delete__S)
                  0083e9e0    00000040     core1_pe66.oe66 (.text:ti_sdo_ipc_transports_TransportShm_Params__init__S)
                  0083ea20    00000040     core1_pe66.oe66 (.text:ti_sdo_utils_List_Object__destruct__S)
                  0083ea60    00000040     core1_pe66.oe66 (.text:ti_sdo_utils_NameServer_Module__startupDone__F)
                  0083eaa0    00000040     core1_pe66.oe66 (.text:ti_sdo_utils_NameServer_Object__first__S)
                  0083eae0    00000040     core1_pe66.oe66 (.text:ti_sdo_utils_NameServer_Object__next__S)
                  0083eb20    00000040     core1_pe66.oe66 (.text:ti_sysbios_BIOS_startFunc__I)
                  0083eb60    00000040     core1_pe66.oe66 (.text:ti_sysbios_family_c64p_EventCombiner_dispatchPlug__E)
                  0083eba0    00000040     sysbios.ae66 : BIOS.obj (.text:ti_sysbios_family_c64p_EventCombiner_enableEvent__F)
                  0083ebe0    00000040     core1_pe66.oe66 (.text:ti_sysbios_family_c64p_Hwi_Module__startupDone__F)
                  0083ec20    00000040     core1_pe66.oe66 (.text:ti_sysbios_family_c64p_Hwi_Object__delete__S)
                  0083ec60    00000040     core1_pe66.oe66 (.text:ti_sysbios_family_c64p_Hwi_Params__init__S)
                  0083eca0    00000040     sysbios.ae66 : BIOS.obj (.text:ti_sysbios_family_c64p_Hwi_disableInterrupt__E)
                  0083ece0    00000040                  : BIOS.obj (.text:ti_sysbios_family_c64p_Hwi_enableInterrupt__E)
                  0083ed20    00000040     core1_pe66.oe66 (.text:ti_sysbios_gates_GateAll_Handle__label__S)
                  0083ed60    00000040     core1_pe66.oe66 (.text:ti_sysbios_gates_GateAll_Object__delete__S)
                  0083eda0    00000040     core1_pe66.oe66 (.text:ti_sysbios_gates_GateHwi_Handle__label__S)
                  0083ede0    00000040     core1_pe66.oe66 (.text:ti_sysbios_gates_GateHwi_Object__delete__S)
                  0083ee20    00000040     core1_pe66.oe66 (.text:ti_sysbios_gates_GateMutexPri_Handle__label__S)
                  0083ee60    00000040     sysbios.ae66 : BIOS.obj (.text:ti_sysbios_gates_GateMutexPri_Instance_init__F)
                  0083eea0    00000040     core1_pe66.oe66 (.text:ti_sysbios_gates_GateMutexPri_Object__delete__S)
                  0083eee0    00000040     core1_pe66.oe66 (.text:ti_sysbios_gates_GateMutexPri_Object__destruct__S)
                  0083ef20    00000040     core1_pe66.oe66 (.text:ti_sysbios_gates_GateMutex_Handle__label__S)
                  0083ef60    00000040     core1_pe66.oe66 (.text:ti_sysbios_gates_GateMutex_Object__delete__S)
                  0083efa0    00000040     sysbios.ae66 : BIOS.obj (.text:ti_sysbios_gates_GateMutex_leave__E)
                  0083efe0    00000040     core1_pe66.oe66 (.text:ti_sysbios_gates_GateSwi_Handle__label__S)
                  0083f020    00000040     core1_pe66.oe66 (.text:ti_sysbios_gates_GateSwi_Object__delete__S)
                  0083f060    00000040     core1_pe66.oe66 (.text:ti_sysbios_hal_Cache_CacheProxy_inv__E)
                  0083f0a0    00000040     core1_pe66.oe66 (.text:ti_sysbios_hal_Cache_CacheProxy_wbInv__E)
                  0083f0e0    00000040     core1_pe66.oe66 (.text:ti_sysbios_hal_Timer_Module__startupDone__F)
                  0083f120    00000040     core1_pe66.oe66 (.text:ti_sysbios_heaps_HeapMem_Handle__label__S)
                  0083f160    00000040     core1_pe66.oe66 (.text:ti_sysbios_heaps_HeapMem_Object__delete__S)
                  0083f1a0    00000040     core1_pe66.oe66 (.text:ti_sysbios_knl_Queue_Object__destruct__S)
                  0083f1e0    00000040     core1_pe66.oe66 (.text:ti_sysbios_knl_Semaphore_Object__delete__S)
                  0083f220    00000040     core1_pe66.oe66 (.text:ti_sysbios_knl_Semaphore_Object__destruct__S)
                  0083f260    00000040     core1_pe66.oe66 (.text:ti_sysbios_knl_Semaphore_Params__init__S)
                  0083f2a0    00000040     core1_pe66.oe66 (.text:ti_sysbios_knl_Swi_Object__destruct__S)
                  0083f2e0    00000040     core1_pe66.oe66 (.text:ti_sysbios_knl_Swi_Params__init__S)
                  0083f320    00000040     core1_pe66.oe66 (.text:ti_sysbios_knl_Task_Object__first__S)
                  0083f360    00000040     core1_pe66.oe66 (.text:ti_sysbios_knl_Task_Object__next__S)
                  0083f3a0    00000040     core1_pe66.oe66 (.text:ti_sysbios_syncs_SyncSem_Handle__label__S)
                  0083f3e0    00000040     core1_pe66.oe66 (.text:ti_sysbios_syncs_SyncSem_Object__delete__S)
                  0083f420    00000040     core1_pe66.oe66 (.text:ti_sysbios_timers_timer64_Timer_Module__startupDone__F)
                  0083f460    00000040     sysbios.ae66 : BIOS.obj (.text:ti_sysbios_xdcruntime_GateThreadSupport_Instance_init__F)
                  0083f4a0    00000040     core1_pe66.oe66 (.text:ti_sysbios_xdcruntime_GateThreadSupport_Object__delete__S)
                  0083f4e0    00000040     ti.targets.rts6000.ae66 : Error.oe66 (.text:xdc_runtime_Error_check__F)
                  0083f520    00000040                             : Error.oe66 (.text:xdc_runtime_Error_init__F)
                  0083f560    00000040     core1_pe66.oe66 (.text:xdc_runtime_Error_raiseX__E)
                  0083f5a0    00000040     core1_pe66.oe66 (.text:xdc_runtime_GateNull_Handle__label__S)
                  0083f5e0    00000040     core1_pe66.oe66 (.text:xdc_runtime_GateNull_Object__delete__S)
                  0083f620    00000040     ti.targets.rts6000.ae66 : Gate.oe66 (.text:xdc_runtime_Gate_leaveSystem__F)
                  0083f660    00000040     core1_pe66.oe66 (.text:xdc_runtime_IHeap_alloc)
                  0083f6a0    00000040     core1_pe66.oe66 (.text:xdc_runtime_IHeap_free)
                  0083f6e0    00000040     ti.targets.rts6000.ae66 : Memory.oe66 (.text:xdc_runtime_Memory_free__F)
                  0083f720    00000040     core1_pe66.oe66 (.text:xdc_runtime_Memory_valloc__E)
                  0083f760    00000040     ti.targets.rts6000.ae66 : Registry.oe66 (.text:xdc_runtime_Registry_findById__F)
                  0083f7a0    00000040     core1_pe66.oe66 (.text:xdc_runtime_Startup_exec__I)
                  0083f7e0    00000040     ti.targets.rts6000.ae66 : System.oe66 (.text:xdc_runtime_System_abort__F)
                  0083f820    00000040     core1_pe66.oe66 (.text:xdc_runtime_System_aprintf__E)
                  0083f860    00000040     core1_pe66.oe66 (.text:xdc_runtime_System_printf__E)
                  0083f8a0    00000040     ti.targets.rts6000.ae66 : Text.oe66 (.text:xdc_runtime_Text_ropeText__F)
                  0083f8e0    00000040     core1_pe66.oe66 (.text:xdc_runtime_Text_visitRope__I)
                  0083f920    00000040     core1_pe66.oe66 (.text:xdc_runtime_knl_GateThread_Handle__label__S)
                  0083f960    00000040     ti.targets.rts6000.ae66 : GateThread.oe66 (.text:xdc_runtime_knl_GateThread_Instance_finalize__F)
                  0083f9a0    00000040                             : GateThread.oe66 (.text:xdc_runtime_knl_GateThread_Instance_init__F)
                  0083f9e0    00000040     core1_pe66.oe66 (.text:xdc_runtime_knl_GateThread_Object__delete__S)
                  0083fa20    00000040     core1_pe66.oe66 (.text:xdc_runtime_knl_GateThread_Proxy_Object__create__S)
                  0083fa60    00000020     ti.csl.ae66 : csl_srioGetBaseAddress.oe66 (.text:CSL_SRIO_Open)
                  0083fa80    00000020     ti.drv.qmss.ae66 : qmss_drv.oe66 (.text:Qmss_getQueueHandle)
                  0083faa0    00000020                      : qmss_drv.oe66 (.text:Qmss_getQueueNumber)
                  0083fac0    00000020                      : qmss_drv.oe66 (.text:Qmss_start)
                  0083fae0    00000020     ti.drv.srio.ae66 : listlib.oe66 (.text:Srio_listGetHead)
                  0083fb00    00000020                      : listlib.oe66 (.text:Srio_listGetNext)
                  0083fb20    00000020     rts6600_elf.lib : negll.obj (.text:__c6xabi_negll)
                  0083fb40    00000020                     : dtor_list.obj (.text:__cxa_atexit)
                  0083fb60    00000020                     : dtor_list.obj (.text:__cxa_ia64_exit)
                  0083fb80    00000020     ti.targets.rts6000.ae66 : xdc_noinit.oe66 (.text:__xdc__init)
                  0083fba0    00000020     rts6600_elf.lib : _lock.obj (.text:_nop)
                  0083fbc0    00000020                     : printf.obj (.text:_outc)
                  0083fbe0    00000020                     : printf.obj (.text:_outs)
                  0083fc00    00000020                     : _lock.obj (.text:_register_lock)
                  0083fc20    00000020                     : _lock.obj (.text:_register_unlock)
                  0083fc40    00000020     sysbios.ae66 : c62_TaskSupport_asm.obj (.text:_ti_sysbios_family_c62_TaskSupport_glue)
                  0083fc60    00000020                  : c64p_Hwi_asm_switch.obj (.text:_ti_sysbios_family_xxx_Hwi_switchToTaskStack)
                  0083fc80    00000020     rts6600_elf.lib : exit.obj (.text:abort)
                  0083fca0    00000020                     : dtor_list.obj (.text:atexit)
                  0083fcc0    00000020     ti.drv.cppi.ae66 : cppi_heap.oe66 (.text:cppi_internal_heap_free)
                  0083fce0    00000020                      : cppi_listlib.oe66 (.text:cppi_list_get_head)
                  0083fd00    00000020                      : cppi_listlib.oe66 (.text:cppi_list_get_next)
                  0083fd20    00000020     ti.csl.ae66 : csl_tsc.oe66 (.text:cslsys_section:tsc)
                  0083fd40    00000020     rts6600_elf.lib : copy_decompress_none.obj (.text:decompress:none:__TI_decompress_none)
                  0083fd60    00000020                     : copy_decompress_rle.obj (.text:decompress:rle24:__TI_decompress_rle24)
                  0083fd80    00000020                     : fputc.obj (.text:putc)
                  0083fda0    00000020                     : fputc.obj (.text:putchar)
                  0083fdc0    00000020     core1_pe66.oe66 (.text:ti_sdo_ipc_GateMP_RemoteCustom1Proxy_Object__delete__S)
                  0083fde0    00000020     core1_pe66.oe66 (.text:ti_sdo_ipc_GateMP_RemoteCustom1Proxy_Params__init__S)
                  0083fe00    00000020     core1_pe66.oe66 (.text:ti_sdo_ipc_GateMP_RemoteCustom1Proxy_Proxy__abstract__S)
                  0083fe20    00000020     core1_pe66.oe66 (.text:ti_sdo_ipc_GateMP_RemoteCustom1Proxy_Proxy__delegate__S)
                  0083fe40    00000020     core1_pe66.oe66 (.text:ti_sdo_ipc_GateMP_RemoteCustom1Proxy_getReservedMask__E)
                  0083fe60    00000020     core1_pe66.oe66 (.text:ti_sdo_ipc_GateMP_RemoteCustom1Proxy_sharedMemReq__E)
                  0083fe80    00000020     core1_pe66.oe66 (.text:ti_sdo_ipc_GateMP_RemoteCustom2Proxy_Object__delete__S)
                  0083fea0    00000020     core1_pe66.oe66 (.text:ti_sdo_ipc_GateMP_RemoteCustom2Proxy_Params__init__S)
                  0083fec0    00000020     core1_pe66.oe66 (.text:ti_sdo_ipc_GateMP_RemoteCustom2Proxy_Proxy__abstract__S)
                  0083fee0    00000020     core1_pe66.oe66 (.text:ti_sdo_ipc_GateMP_RemoteCustom2Proxy_Proxy__delegate__S)
                  0083ff00    00000020     core1_pe66.oe66 (.text:ti_sdo_ipc_GateMP_RemoteCustom2Proxy_getReservedMask__E)
                  0083ff20    00000020     core1_pe66.oe66 (.text:ti_sdo_ipc_GateMP_RemoteCustom2Proxy_sharedMemReq__E)
                  0083ff40    00000020     core1_pe66.oe66 (.text:ti_sdo_ipc_GateMP_RemoteSystemProxy_Object__delete__S)
                  0083ff60    00000020     core1_pe66.oe66 (.text:ti_sdo_ipc_GateMP_RemoteSystemProxy_Params__init__S)
                  0083ff80    00000020     core1_pe66.oe66 (.text:ti_sdo_ipc_GateMP_RemoteSystemProxy_Proxy__abstract__S)
                  0083ffa0    00000020     core1_pe66.oe66 (.text:ti_sdo_ipc_GateMP_RemoteSystemProxy_Proxy__delegate__S)
                  0083ffc0    00000020     core1_pe66.oe66 (.text:ti_sdo_ipc_GateMP_RemoteSystemProxy_getReservedMask__E)
                  0083ffe0    00000020     core1_pe66.oe66 (.text:ti_sdo_ipc_GateMP_RemoteSystemProxy_sharedMemReq__E)
                  00840000    00000020     core1_pe66.oe66 (.text:ti_sdo_ipc_GateMP_attach__E)
                  00840020    00000020     core1_pe66.oe66 (.text:ti_sdo_ipc_GateMP_getRegion0ReservedSize__E)
                  00840040    00000020     core1_pe66.oe66 (.text:ti_sdo_ipc_GateMP_getSharedAddr__E)
                  00840060    00000020     ipc.lib : Ipc.obj (.text:ti_sdo_ipc_GateMP_getSharedAddr__F)
                  00840080    00000020     core1_pe66.oe66 (.text:ti_sdo_ipc_GateMP_start__E)
                  008400a0    00000020     core1_pe66.oe66 (.text:ti_sdo_ipc_MessageQ_Module_startup__E)
                  008400c0    00000020     core1_pe66.oe66 (.text:ti_sdo_ipc_MessageQ_SetupTransportProxy_attach__E)
                  008400e0    00000020     core1_pe66.oe66 (.text:ti_sdo_ipc_MessageQ_SetupTransportProxy_isRegistered__E)
                  00840100    00000020     core1_pe66.oe66 (.text:ti_sdo_ipc_MessageQ_SetupTransportProxy_sharedMemReq__E)
                  00840120    00000020     core1_pe66.oe66 (.text:ti_sdo_ipc_MessageQ_unregisterTransport__E)
                  00840140    00000020     core1_pe66.oe66 (.text:ti_sdo_ipc_Notify_Module_GateProxy_enter__E)
                  00840160    00000020     core1_pe66.oe66 (.text:ti_sdo_ipc_Notify_Module_GateProxy_leave__E)
                  00840180    00000020     core1_pe66.oe66 (.text:ti_sdo_ipc_Notify_Module_startup__E)
                  008401a0    00000020     core1_pe66.oe66 (.text:ti_sdo_ipc_Notify_SetupProxy_attach__E)
                  008401c0    00000020     core1_pe66.oe66 (.text:ti_sdo_ipc_Notify_SetupProxy_numIntLines__E)
                  008401e0    00000020     core1_pe66.oe66 (.text:ti_sdo_ipc_Notify_SetupProxy_sharedMemReq__E)
                  00840200    00000020     core1_pe66.oe66 (.text:ti_sdo_ipc_Notify_exec__E)
                  00840220    00000020     core1_pe66.oe66 (.text:ti_sdo_ipc_SharedRegion_attach__E)
                  00840240    00000020     core1_pe66.oe66 (.text:ti_sdo_ipc_SharedRegion_clearReservedMemory__E)
                  00840260    00000020     core1_pe66.oe66 (.text:ti_sdo_ipc_SharedRegion_reserveMemory__E)
                  00840280    00000020     core1_pe66.oe66 (.text:ti_sdo_ipc_SharedRegion_start__E)
                  008402a0    00000020     core1_pe66.oe66 (.text:ti_sdo_ipc_family_c647x_Interrupt_Module_startup__E)
                  008402c0    00000020     ipc.lib : Ipc.obj (.text:ti_sdo_ipc_family_c647x_Interrupt_intDisable__E)
                  008402e0    00000020             : Ipc.obj (.text:ti_sdo_ipc_family_c647x_Interrupt_intEnable__E)
                  00840300    00000020             : Ipc.obj (.text:ti_sdo_ipc_family_c647x_NotifySetup_numIntLines__E)
                  00840320    00000020     core1_pe66.oe66 (.text:ti_sdo_ipc_gates_GateHWSem_Module_startup__E)
                  00840340    00000020     ipc.lib : Ipc.obj (.text:ti_sdo_ipc_gates_GateHWSem_getReservedMask__E)
                  00840360    00000020     core1_pe66.oe66 (.text:ti_sdo_ipc_gates_GateHWSem_query__E)
                  00840380    00000020     ipc.lib : Ipc.obj (.text:ti_sdo_ipc_gates_GateHWSem_query__F)
                  008403a0    00000020             : Ipc.obj (.text:ti_sdo_ipc_gates_GateHWSem_sharedMemReq__E)
                  008403c0    00000020             : Ipc.obj (.text:ti_sdo_ipc_gates_GateMPSupportNull_Instance_init__F)
                  008403e0    00000020             : Ipc.obj (.text:ti_sdo_ipc_gates_GateMPSupportNull_getReservedMask__E)
                  00840400    00000020     core1_pe66.oe66 (.text:ti_sdo_ipc_gates_GateMPSupportNull_query__E)
                  00840420    00000020     ipc.lib : Ipc.obj (.text:ti_sdo_ipc_gates_GateMPSupportNull_query__F)
                  00840440    00000020             : Ipc.obj (.text:ti_sdo_ipc_gates_GateMPSupportNull_sharedMemReq__E)
                  00840460    00000020             : Ipc.obj (.text:ti_sdo_ipc_gates_GatePeterson_getReservedMask__E)
                  00840480    00000020     core1_pe66.oe66 (.text:ti_sdo_ipc_gates_GatePeterson_query__E)
                  008404a0    00000020     ipc.lib : Ipc.obj (.text:ti_sdo_ipc_gates_GatePeterson_query__F)
                  008404c0    00000020     core1_pe66.oe66 (.text:ti_sdo_ipc_heaps_HeapBufMP_getStats__E)
                  008404e0    00000020     core1_pe66.oe66 (.text:ti_sdo_ipc_heaps_HeapBufMP_isBlocking__E)
                  00840500    00000020     ipc.lib : Ipc.obj (.text:ti_sdo_ipc_heaps_HeapBufMP_isBlocking__F)
                  00840520    00000020     core1_pe66.oe66 (.text:ti_sdo_ipc_heaps_HeapMemMP_isBlocking__E)
                  00840540    00000020     ipc.lib : Ipc.obj (.text:ti_sdo_ipc_heaps_HeapMemMP_isBlocking__F)
                  00840560    00000020     core1_pe66.oe66 (.text:ti_sdo_ipc_notifyDrivers_NotifyDriverShm_InterruptProxy_intClear__E)
                  00840580    00000020     core1_pe66.oe66 (.text:ti_sdo_ipc_notifyDrivers_NotifyDriverShm_InterruptProxy_intDisable__E)
                  008405a0    00000020     core1_pe66.oe66 (.text:ti_sdo_ipc_notifyDrivers_NotifyDriverShm_InterruptProxy_intEnable__E)
                  008405c0    00000020     core1_pe66.oe66 (.text:ti_sdo_ipc_notifyDrivers_NotifyDriverShm_InterruptProxy_intSend__E)
                  008405e0    00000020     core1_pe66.oe66 (.text:ti_sdo_ipc_notifyDrivers_NotifyDriverShm_InterruptProxy_intUnregister__E)
                  00840600    00000020     core1_pe66.oe66 (.text:ti_sdo_ipc_notifyDrivers_NotifyDriverShm_sharedMemReq__E)
                  00840620    00000020     ipc.lib : Ipc.obj (.text:ti_sdo_ipc_nsremote_NameServerRemoteNotify_cbFxn__I)
                  00840640    00000020             : Ipc.obj (.text:ti_sdo_ipc_transports_TransportShmSetup_isRegistered__E)
                  00840660    00000020             : Ipc.obj (.text:ti_sdo_ipc_transports_TransportShm_control__E)
                  00840680    00000020             : Ipc.obj (.text:ti_sdo_ipc_transports_TransportShm_getStatus__E)
                  008406a0    00000020             : Ipc.obj (.text:ti_sdo_ipc_transports_TransportShm_notifyFxn__I)
                  008406c0    00000020     core1_pe66.oe66 (.text:ti_sdo_ipc_transports_TransportShm_openByAddr__E)
                  008406e0    00000020     core1_pe66.oe66 (.text:ti_sdo_ipc_transports_TransportShm_setErrFxn__E)
                  00840700    00000020     ipc.lib : Ipc.obj (.text:ti_sdo_ipc_transports_TransportShm_setErrFxn__F)
                  00840720    00000020     core1_pe66.oe66 (.text:ti_sdo_ipc_transports_TransportShm_sharedMemReq__E)
                  00840740    00000020     ipc.lib : Ipc.obj (.text:ti_sdo_utils_List_Instance_init__F)
                  00840760    00000020     core1_pe66.oe66 (.text:ti_sdo_utils_MultiProc_getClusterId__E)
                  00840780    00000020     ipc.lib : Ipc.obj (.text:ti_sdo_utils_MultiProc_getClusterId__F)
                  008407a0    00000020     core1_pe66.oe66 (.text:ti_sdo_utils_NameServer_Module__startupDone__S)
                  008407c0    00000020     core1_pe66.oe66 (.text:ti_sdo_utils_NameServer_Module_startup__E)
                  008407e0    00000020     core1_pe66.oe66 (.text:ti_sdo_utils_NameServer_SetupProxy_attach__E)
                  00840800    00000020     core1_pe66.oe66 (.text:ti_sdo_utils_NameServer_SetupProxy_sharedMemReq__E)
                  00840820    00000020     core1_pe66.oe66 (.text:ti_sysbios_BIOS_RtsGateProxy_enter__E)
                  00840840    00000020     core1_pe66.oe66 (.text:ti_sysbios_BIOS_RtsGateProxy_leave__E)
                  00840860    00000020     sysbios.ae66 : BIOS.obj (.text:ti_sysbios_BIOS_getThreadType__E)
                  00840880    00000020                  : BIOS.obj (.text:ti_sysbios_BIOS_nullFunc__I)
                  008408a0    00000020                  : BIOS.obj (.text:ti_sysbios_BIOS_setThreadType__E)
                  008408c0    00000020                  : BIOS.obj (.text:ti_sysbios_BIOS_start__E)
                  008408e0    00000020     core1_pe66.oe66 (.text:ti_sysbios_family_c62_TaskSupport_Module__startupDone__S)
                  00840900    00000020     sysbios.ae66 : BIOS.obj (.text:ti_sysbios_family_c62_TaskSupport_checkStack__E)
                  00840920    00000020     core1_pe66.oe66 (.text:ti_sysbios_family_c64p_EventCombiner_Module_startup__E)
                  00840940    00000020     core1_pe66.oe66 (.text:ti_sysbios_family_c64p_EventCombiner_dispatch__E)
                  00840960    00000020     core1_pe66.oe66 (.text:ti_sysbios_family_c64p_EventCombiner_enableEvent__E)
                  00840980    00000020     core1_pe66.oe66 (.text:ti_sysbios_family_c64p_EventCombiner_unused__E)
                  008409a0    00000020     core1_pe66.oe66 (.text:ti_sysbios_family_c64p_Exception_Module_startup__E)
                  008409c0    00000020     core1_pe66.oe66 (.text:ti_sysbios_family_c64p_Hwi_Module__startupDone__S)
                  008409e0    00000020     core1_pe66.oe66 (.text:ti_sysbios_family_c64p_Hwi_Module_startup__E)
                  00840a00    00000020     sysbios.ae66 : BIOS.obj (.text:ti_sysbios_family_c64p_Hwi_clearInterrupt__E)
                  00840a20    00000020                  : BIOS.obj (.text:ti_sysbios_family_c64p_Hwi_getHandle__E)
                  00840a40    00000020                  : BIOS.obj (.text:ti_sysbios_family_c64p_Hwi_startup__E)
                  00840a60    00000020                  : BIOS.obj (.text:ti_sysbios_family_c64p_Hwi_switchFromBootStack__E)
                  00840a80    00000020                  : BIOS.obj (.text:ti_sysbios_family_c64p_Hwi_unPluggedInterrupt__I)
                  00840aa0    00000020                  : BIOS.obj (.text:ti_sysbios_family_c64p_tci6488_TimerSupport_enable__E)
                  00840ac0    00000020     core1_pe66.oe66 (.text:ti_sysbios_family_c66_Cache_Module_startup__E)
                  00840ae0    00000020     sysbios.ae66 : BIOS.obj (.text:ti_sysbios_family_c66_Cache_inv__E)
                  00840b00    00000020                  : BIOS.obj (.text:ti_sysbios_family_c66_Cache_wbInv__E)
                  00840b20    00000020     core1_pe66.oe66 (.text:ti_sysbios_family_c66_tci66xx_CpIntc_Module_startup__E)
                  00840b40    00000020     core1_pe66.oe66 (.text:ti_sysbios_family_c66_tci66xx_CpIntc_unused__E)
                  00840b60    00000020     sysbios.ae66 : BIOS.obj (.text:ti_sysbios_gates_GateAll_Instance_init__F)
                  00840b80    00000020     core1_pe66.oe66 (.text:ti_sysbios_gates_GateAll_query__E)
                  00840ba0    00000020     sysbios.ae66 : BIOS.obj (.text:ti_sysbios_gates_GateAll_query__F)
                  00840bc0    00000020                  : BIOS.obj (.text:ti_sysbios_gates_GateHwi_Instance_init__F)
                  00840be0    00000020                  : BIOS.obj (.text:ti_sysbios_gates_GateHwi_enter__E)
                  00840c00    00000020                  : BIOS.obj (.text:ti_sysbios_gates_GateHwi_leave__E)
                  00840c20    00000020     core1_pe66.oe66 (.text:ti_sysbios_gates_GateHwi_query__E)
                  00840c40    00000020     sysbios.ae66 : BIOS.obj (.text:ti_sysbios_gates_GateHwi_query__F)
                  00840c60    00000020                  : BIOS.obj (.text:ti_sysbios_gates_GateMutexPri_Instance_finalize__F)
                  00840c80    00000020     core1_pe66.oe66 (.text:ti_sysbios_gates_GateMutexPri_query__E)
                  00840ca0    00000020     sysbios.ae66 : BIOS.obj (.text:ti_sysbios_gates_GateMutexPri_query__F)
                  00840cc0    00000020                  : BIOS.obj (.text:ti_sysbios_gates_GateMutex_Instance_finalize__F)
                  00840ce0    00000020     core1_pe66.oe66 (.text:ti_sysbios_gates_GateMutex_query__E)
                  00840d00    00000020     sysbios.ae66 : BIOS.obj (.text:ti_sysbios_gates_GateMutex_query__F)
                  00840d20    00000020                  : BIOS.obj (.text:ti_sysbios_gates_GateSwi_Instance_init__F)
                  00840d40    00000020     core1_pe66.oe66 (.text:ti_sysbios_gates_GateSwi_query__E)
                  00840d60    00000020     sysbios.ae66 : BIOS.obj (.text:ti_sysbios_gates_GateSwi_query__F)
                  00840d80    00000020     core1_pe66.oe66 (.text:ti_sysbios_hal_Hwi_HwiProxy_Module__startupDone__S)
                  00840da0    00000020     core1_pe66.oe66 (.text:ti_sysbios_hal_Hwi_HwiProxy_clearInterrupt__E)
                  00840dc0    00000020     core1_pe66.oe66 (.text:ti_sysbios_hal_Hwi_HwiProxy_disableInterrupt__E)
                  00840de0    00000020     core1_pe66.oe66 (.text:ti_sysbios_hal_Hwi_HwiProxy_enableInterrupt__E)
                  00840e00    00000020     core1_pe66.oe66 (.text:ti_sysbios_hal_Hwi_HwiProxy_getStackInfo__E)
                  00840e20    00000020     core1_pe66.oe66 (.text:ti_sysbios_hal_Hwi_HwiProxy_startup__E)
                  00840e40    00000020     core1_pe66.oe66 (.text:ti_sysbios_hal_Hwi_HwiProxy_switchFromBootStack__E)
                  00840e60    00000020     core1_pe66.oe66 (.text:ti_sysbios_hal_Hwi_Module_startup__E)
                  00840e80    00000020     sysbios.ae66 : BIOS.obj (.text:ti_sysbios_hal_Hwi_Module_startup__F)
                  00840ea0    00000020     core1_pe66.oe66 (.text:ti_sysbios_hal_Timer_Module__startupDone__S)
                  00840ec0    00000020     core1_pe66.oe66 (.text:ti_sysbios_hal_Timer_Module_startup__E)
                  00840ee0    00000020     sysbios.ae66 : BIOS.obj (.text:ti_sysbios_hal_Timer_Module_startup__F)
                  00840f00    00000020     core1_pe66.oe66 (.text:ti_sysbios_hal_Timer_TimerProxy_Module__startupDone__S)
                  00840f20    00000020     core1_pe66.oe66 (.text:ti_sysbios_hal_Timer_TimerProxy_getExpiredCounts__E)
                  00840f40    00000020     core1_pe66.oe66 (.text:ti_sysbios_hal_Timer_TimerProxy_getPeriod__E)
                  00840f60    00000020     core1_pe66.oe66 (.text:ti_sysbios_hal_Timer_TimerProxy_setNextTick__E)
                  00840f80    00000020     core1_pe66.oe66 (.text:ti_sysbios_hal_Timer_TimerProxy_startup__E)
                  00840fa0    00000020     core1_pe66.oe66 (.text:ti_sysbios_heaps_HeapBuf_Module_startup__E)
                  00840fc0    00000020     core1_pe66.oe66 (.text:ti_sysbios_heaps_HeapMem_Module_GateProxy_enter__E)
                  00840fe0    00000020     core1_pe66.oe66 (.text:ti_sysbios_heaps_HeapMem_Module_GateProxy_leave__E)
                  00841000    00000020     core1_pe66.oe66 (.text:ti_sysbios_heaps_HeapMem_Module_GateProxy_query__E)
                  00841020    00000020     sysbios.ae66 : BIOS.obj (.text:ti_sysbios_heaps_HeapMem_isBlocking__E)
                  00841040    00000020     core1_pe66.oe66 (.text:ti_sysbios_knl_Clock_Module_State_clockQ)
                  00841060    00000020     core1_pe66.oe66 (.text:ti_sysbios_knl_Clock_Module_startup__E)
                  00841080    00000020     sysbios.ae66 : BIOS.obj (.text:ti_sysbios_knl_Idle_loop__E)
                  008410a0    00000020                  : BIOS.obj (.text:ti_sysbios_knl_Queue_Instance_init__F)
                  008410c0    00000020                  : BIOS.obj (.text:ti_sysbios_knl_Queue_empty__E)
                  008410e0    00000020                  : BIOS.obj (.text:ti_sysbios_knl_Semaphore_Instance_finalize__F)
                  00841100    00000020     core1_pe66.oe66 (.text:ti_sysbios_knl_Swi_Module_startup__E)
                  00841120    00000020     sysbios.ae66 : BIOS.obj (.text:ti_sysbios_knl_Swi_disable__E)
                  00841140    00000020     core1_pe66.oe66 (.text:ti_sysbios_knl_Task_Module_startup__E)
                  00841160    00000020     core1_pe66.oe66 (.text:ti_sysbios_knl_Task_SupportProxy_Module__startupDone__S)
                  00841180    00000020     core1_pe66.oe66 (.text:ti_sysbios_knl_Task_SupportProxy_checkStack__E)
                  008411a0    00000020     core1_pe66.oe66 (.text:ti_sysbios_knl_Task_SupportProxy_start__E)
                  008411c0    00000020     core1_pe66.oe66 (.text:ti_sysbios_knl_Task_SupportProxy_swap__E)
                  008411e0    00000020     sysbios.ae66 : BIOS.obj (.text:ti_sysbios_knl_Task_disable__E)
                  00841200    00000020                  : BIOS.obj (.text:ti_sysbios_knl_Task_getPri__E)
                  00841220    00000020                  : BIOS.obj (.text:ti_sysbios_knl_Task_self__E)
                  00841240    00000020                  : BIOS.obj (.text:ti_sysbios_knl_Task_startup__E)
                  00841260    00000020                  : BIOS.obj (.text:ti_sysbios_syncs_SyncSem_Instance_finalize__F)
                  00841280    00000020     core1_pe66.oe66 (.text:ti_sysbios_syncs_SyncSem_query__E)
                  008412a0    00000020     sysbios.ae66 : BIOS.obj (.text:ti_sysbios_syncs_SyncSem_query__F)
                  008412c0    00000020     core1_pe66.oe66 (.text:ti_sysbios_syncs_SyncSem_signal__E)
[...]
00851220   ti_sysbios_knl_Semaphore_LM_post__C
00851224   ti_sysbios_knl_Semaphore_Module__diagsEnabled__C
00851228   ti_sysbios_knl_Semaphore_Module__diagsIncluded__C
0085122c   ti_sysbios_knl_Semaphore_Module__diagsMask__C
00851230   ti_sysbios_knl_Semaphore_Module__loggerFxn2__C
00851234   ti_sysbios_knl_Semaphore_Module__loggerFxn4__C
00851238   ti_sysbios_knl_Semaphore_Module__loggerObj__C
0085123c   ti_sysbios_knl_Swi_A_badPriority__C
00851240   ti_sysbios_knl_Swi_LD_end__C
00851244   ti_sysbios_knl_Swi_LM_begin__C
00851248   ti_sysbios_knl_Swi_LM_post__C
0085124c   ti_sysbios_knl_Swi_Module__diagsEnabled__C
00851250   ti_sysbios_knl_Swi_Module__diagsIncluded__C
00851254   ti_sysbios_knl_Swi_Module__diagsMask__C
00851258   ti_sysbios_knl_Swi_Module__loggerFxn1__C
0085125c   ti_sysbios_knl_Swi_Module__loggerFxn4__C
00851260   ti_sysbios_knl_Swi_Module__loggerObj__C
00851264   ti_sysbios_knl_Swi_Object__count__C
00851268   ti_sysbios_knl_Swi_Object__table__C
0085126c   ti_sysbios_knl_Swi_numPriorities__C
00851270   ti_sysbios_knl_Task_A_badPriority__C
00851274   ti_sysbios_knl_Task_A_badTimeout__C
00851278   ti_sysbios_knl_Task_A_sleepTaskDisabled__C
0085127c   ti_sysbios_knl_Task_E_spOutOfBounds__C
00851280   ti_sysbios_knl_Task_E_stackOverflow__C
00851284   ti_sysbios_knl_Task_LD_block__C
00851288   ti_sysbios_knl_Task_LD_exit__C
0085128c   ti_sysbios_knl_Task_LD_ready__C
00851290   ti_sysbios_knl_Task_LM_setPri__C
00851294   ti_sysbios_knl_Task_LM_sleep__C
00851298   ti_sysbios_knl_Task_LM_switch__C
0085129c   ti_sysbios_knl_Task_LM_yield__C
008512a0   ti_sysbios_knl_Task_Module_State_inactiveQ__O
008512a4   ti_sysbios_knl_Task_Module_State_terminatedQ__O
008512a8   ti_sysbios_knl_Task_Module__diagsEnabled__C
008512ac   ti_sysbios_knl_Task_Module__diagsIncluded__C
008512b0   ti_sysbios_knl_Task_Module__diagsMask__C
008512b4   ti_sysbios_knl_Task_Module__loggerFxn2__C
008512b8   ti_sysbios_knl_Task_Module__loggerFxn4__C
008512bc   ti_sysbios_knl_Task_Module__loggerObj__C
008512c0   ti_sysbios_knl_Task_Object__count__C
008512c4   ti_sysbios_knl_Task_Object__table__C
008512c8   ti_sysbios_knl_Task_allBlockedFunc__C
008512cc   ti_sysbios_knl_Task_numConstructedTasks__C
008512d0   ti_sysbios_knl_Task_numPriorities__C
008512d4   ti_sysbios_syncs_SyncSem_Module__diagsEnabled__C
008512d8   ti_sysbios_syncs_SyncSem_Module__diagsIncluded__C
008512dc   ti_sysbios_syncs_SyncSem_Module__diagsMask__C
008512e0   ti_sysbios_timers_timer64_Timer_A_notAvailable__C
008512e4   ti_sysbios_timers_timer64_Timer_E_cannotSupport__C
008512e8   ti_sysbios_timers_timer64_Timer_Module__diagsEnabled__C
008512ec   ti_sysbios_timers_timer64_Timer_Module__diagsIncluded__C
008512f0   ti_sysbios_timers_timer64_Timer_Module__diagsMask__C
008512f4   ti_sysbios_timers_timer64_Timer_anyMask__C
008512f8   ti_sysbios_timers_timer64_Timer_freqDivisor__C
008512fc   ti_sysbios_timers_timer64_Timer_numLocalTimers__C
00851300   ti_sysbios_timers_timer64_Timer_numTimerDevices__C
00851304   ti_sysbios_xdcruntime_GateThreadSupport_Instance_State_gate__O
00851308   xdc_runtime_Assert_E_assertFailed__C
0085130c   xdc_runtime_Core_A_initializedParams__C
00851310   xdc_runtime_Core_Module__diagsEnabled__C
00851314   xdc_runtime_Core_Module__diagsIncluded__C
00851318   xdc_runtime_Core_Module__diagsMask__C
0085131c   xdc_runtime_Error_E_generic__C
00851320   xdc_runtime_Error_E_memory__C
00851324   xdc_runtime_Error_Module__diagsEnabled__C
00851328   xdc_runtime_Error_Module__diagsIncluded__C
0085132c   xdc_runtime_Error_Module__diagsMask__C
00851330   xdc_runtime_Error_Module__loggerFxn8__C
00851334   xdc_runtime_Error_Module__loggerObj__C
00851338   xdc_runtime_Error_policy__C
0085133c   xdc_runtime_Error_raiseHook__C
00851340   xdc_runtime_IGateProvider_Interface__BASE__C
00851344   xdc_runtime_IHeap_Interface__BASE__C
00851348   xdc_runtime_IModule_Interface__BASE__C
0085134c   xdc_runtime_Log_L_error__C
00851350   xdc_runtime_Memory_defaultHeapInstance__C
00851354   xdc_runtime_Startup_execImpl__C
00851358   xdc_runtime_Startup_lastFxns__A
0085135c   xdc_runtime_Startup_maxPasses__C
00851360   xdc_runtime_Startup_sfxnRts__C
00851364   xdc_runtime_Startup_sfxnTab__C
00851368   xdc_runtime_Startup_startModsFxn__C
0085136c   xdc_runtime_SysMin_bufSize__C
00851370   xdc_runtime_System_Module__gateObj__C
00851374   xdc_runtime_System_extendFxn__C
00851378   xdc_runtime_System_maxAtexitHandlers__C
0085137c   xdc_runtime_Text_charTab__C
00851380   xdc_runtime_Text_nameEmpty__C
00851384   xdc_runtime_Text_nameStatic__C
00851388   xdc_runtime_Text_nameUnknown__C
0085138c   xdc_runtime_Text_nodeTab__C
00851390   xdc_runtime_Text_visitRopeFxn__C
00851394   xdc_runtime_knl_ISync_Interface__BASE__C
00851398   ti_sdo_ipc_Ipc_generateSlaveDataForHost__C
0085139a   ti_sdo_ipc_ListMP_Module__id__C
0085139c   ti_sdo_ipc_MessageQ_Module__id__C
0085139e   ti_sdo_ipc_MessageQ_Module__loggerDefined__C
008513a0   ti_sdo_ipc_Notify_Module__id__C
008513a2   ti_sdo_ipc_Notify_numLines__C
008513a4   ti_sdo_ipc_Notify_reservedEvents__C
008513a6   ti_sdo_ipc_SharedRegion_Module__id__C
008513a8   ti_sdo_ipc_SharedRegion_numEntries__C
008513aa   ti_sdo_ipc_SharedRegion_translate__C
008513ac   ti_sdo_ipc_family_c647x_Interrupt_enableKick__C
008513ae   ti_sdo_ipc_family_c647x_MultiProcSetup_Module__id__C
008513b0   ti_sdo_ipc_gates_GateHWSem_Module__id__C
008513b2   ti_sdo_ipc_gates_GateMPSupportNull_Module__id__C
008513b4   ti_sdo_ipc_gates_GatePeterson_Module__id__C
008513b6   ti_sdo_ipc_heaps_HeapBufMP_Module__id__C
008513b8   ti_sdo_ipc_heaps_HeapBufMP_trackAllocs__C
008513ba   ti_sdo_ipc_heaps_HeapMemMP_Module__id__C
008513bc   ti_sdo_ipc_notifyDrivers_NotifyDriverShm_Module__id__C
008513be   ti_sdo_ipc_nsremote_NameServerRemoteNotify_Module__id__C
008513c0   ti_sdo_ipc_transports_TransportShm_Module__id__C
008513c2   ti_sdo_ipc_transports_TransportShm_notifyEventId__C
008513c4   ti_sdo_utils_MultiProc_Module__id__C
008513c6   ti_sdo_utils_MultiProc_numProcessors__C
008513c8   ti_sdo_utils_MultiProc_numProcsInCluster__C
008513ca   ti_sdo_utils_NameServer_Module__id__C
008513cc   ti_sysbios_BIOS_Module__id__C
008513ce   ti_sysbios_family_c64p_EventCombiner_Module__id__C
008513d0   ti_sysbios_family_c64p_Exception_Module__id__C
008513d2   ti_sysbios_family_c64p_Exception_enableExternalMPC__C
008513d4   ti_sysbios_family_c64p_Exception_enablePrint__C
008513d6   ti_sysbios_family_c64p_Exception_useInternalBuffer__C
008513d8   ti_sysbios_family_c64p_Hwi_Module__id__C
008513da   ti_sysbios_family_c64p_Hwi_Module__loggerDefined__C
008513dc   ti_sysbios_family_c66_tci66xx_CpIntc_Module__id__C
008513de   ti_sysbios_gates_GateMutexPri_Module__id__C
008513e0   ti_sysbios_gates_GateMutex_Module__id__C
008513e2   ti_sysbios_gates_GateSwi_Module__id__C
008513e4   ti_sysbios_hal_Hwi_Module__id__C
008513e6   ti_sysbios_heaps_HeapMem_Module__id__C
008513e8   ti_sysbios_knl_Clock_Module__id__C
008513ea   ti_sysbios_knl_Clock_Module__loggerDefined__C
008513ec   ti_sysbios_knl_Semaphore_Module__id__C
008513ee   ti_sysbios_knl_Semaphore_Module__loggerDefined__C
008513f0   ti_sysbios_knl_Swi_Module__id__C
008513f2   ti_sysbios_knl_Swi_Module__loggerDefined__C
008513f4   ti_sysbios_knl_Task_Module__id__C
008513f6   ti_sysbios_knl_Task_Module__loggerDefined__C
008513f8   ti_sysbios_knl_Task_deleteTerminatedTasks__C
008513fa   ti_sysbios_knl_Task_initStackFlag__C
008513fc   ti_sysbios_syncs_SyncSem_Module__id__C
008513fe   ti_sysbios_timers_timer64_Timer_Module__id__C
00851400   ti_sysbios_timers_timer64_Timer_startupNeeded__C
00851402   xdc_runtime_Core_Module__id__C
00851404   xdc_runtime_Error_Module__loggerDefined__C
00851406   xdc_runtime_Error_maxDepth__C
00851408   xdc_runtime_Memory_Module__id__C
0085140a   xdc_runtime_Text_charCnt__C
0085140c   xdc_runtime_Text_isLoaded__C
0085140e   xdc_runtime_Text_registryModsLastId__C
00851410   xdc_runtime_Text_unnamedModsLastId__C
00851418   Ns_str
00851420   host_region
00852c20   gHiPriAccumList
00852d20   qmssInitConfig
00852d50   srioSocket
00852d58   srcDataBuffer
00852d68   dstDataBuffer
00852d78   ti_sysbios_knl_Task_Instance_State_0_stack__A
00853578   ti_sysbios_knl_Task_Instance_State_1_stack__A
00853d78   ti_sdo_utils_NameServer_Module_State_0_nsRemoteHandle__A
00853d98   ti_sysbios_knl_Task_Instance_State_0_hookEnv__A
00853da0   ti_sysbios_knl_Task_Instance_State_1_hookEnv__A
00853da8   xdc_runtime_SysMin_Module_State_0_outbuf__A
008541a8   _tmpnams
008542e8   qmssLObj
00854408   gDataBufferMemMgr
008544f8   exception_record
00854568   mem_prot_key
00854580   ti_sdo_ipc_GateMP_Module_State_0_remoteCustom1Gates__A
00854d80   ti_sdo_ipc_GateMP_Module__root__V
00854d88   ti_sdo_ipc_GateMP_Module__state__V
00854dd0   ti_sdo_ipc_Ipc_Module__state__V
00854ddc   ti_sdo_ipc_ListMP_Module__root__V
00854de4   ti_sdo_ipc_ListMP_Module__state__V
00854de8   ti_sdo_ipc_MessageQ_Module__root__V
00854df0   ti_sdo_ipc_MessageQ_Module__state__V
00854e0c   ti_sdo_ipc_Notify_Module__root__V
00854e14   ti_sdo_ipc_Notify_Module__state__V
00854e1c   ti_sdo_ipc_SharedRegion_Module__state__V
00854e20   ti_sdo_ipc_family_c647x_Interrupt_Module__state__V
00854e28   ti_sdo_ipc_gates_GateHWSem_Module__root__V
00854e30   ti_sdo_ipc_gates_GateMPSupportNull_Module__root__V
00854e38   ti_sdo_ipc_gates_GatePeterson_Module__root__V
00854e40   ti_sdo_ipc_heaps_HeapBufMP_Module__root__V
00854e48   ti_sdo_ipc_heaps_HeapBufMP_Module__state__V
00854e4c   ti_sdo_ipc_heaps_HeapMemMP_Module__root__V
00854e54   ti_sdo_ipc_heaps_HeapMemMP_Module__state__V
00854e58   ti_sdo_ipc_notifyDrivers_NotifyDriverShm_Module__root__V
00854e60   ti_sdo_ipc_nsremote_NameServerRemoteNotify_Module__root__V
00854e68   ti_sdo_ipc_transports_TransportShm_Module__root__V
00854e70   ti_sdo_ipc_transports_TransportShmSetup_Module__state__V
00854e74   ti_sdo_utils_List_Module__root__V
00854e7c   ti_sdo_utils_MultiProc_Module__state__V
00854e80   ti_sdo_utils_NameServer_Module__root__V
00854e88   ti_sdo_utils_NameServer_Module__state__V
00854e90   ti_sdo_utils_NameServerRemoteNull_Module__root__V
00854e98   ti_sysbios_BIOS_Module__state__V
00854eb8   ti_sysbios_family_c64p_EventCombiner_Module__state__V
008552b8   ti_sysbios_family_c64p_Exception_Module__state__V
008552e8   ti_sysbios_family_c64p_Hwi_Module__root__V
008552f0   ti_sysbios_family_c64p_Hwi_Module__state__V
00855358   ti_sysbios_family_c66_tci66xx_CpIntc_Module__state__V
00855368   ti_sysbios_gates_GateAll_Module__root__V
00855370   ti_sysbios_gates_GateHwi_Module__root__V
00855378   ti_sysbios_gates_GateMutex_Module__root__V
00855380   ti_sysbios_gates_GateMutexPri_Module__root__V
00855388   ti_sysbios_gates_GateSwi_Module__root__V
00855390   ti_sysbios_hal_Hwi_Module__root__V
00855398   ti_sysbios_hal_Timer_Module__root__V
008553a0   ti_sysbios_heaps_HeapBuf_Module__root__V
008553a8   ti_sysbios_heaps_HeapBuf_Module__state__V
008553ac   ti_sysbios_heaps_HeapMem_Module__root__V
008553b4   ti_sysbios_knl_Clock_Module__root__V
008553bc   ti_sysbios_knl_Clock_Module__state__V
008553e4   ti_sysbios_knl_Queue_Module__root__V
008553ec   ti_sysbios_knl_Semaphore_Module__root__V
008553f4   ti_sysbios_knl_Swi_Module__root__V
008553fc   ti_sysbios_knl_Swi_Module__state__V
00855418   ti_sysbios_knl_Task_Module__root__V
00855420   ti_sysbios_knl_Task_Module__state__V
00855464   ti_sysbios_syncs_SyncSem_Module__root__V
0085546c   ti_sysbios_timers_timer64_Timer_Module__root__V
00855474   ti_sysbios_timers_timer64_Timer_Module__state__V
00855488   ti_sysbios_xdcruntime_GateThreadSupport_Module__root__V
00855490   xdc_runtime_Error_Module__state__V
00855494   xdc_runtime_GateNull_Module__root__V
0085549c   xdc_runtime_Memory_Module__state__V
008554a0   xdc_runtime_Registry_Module__state__V
008554a8   xdc_runtime_Startup_Module__state__V
008554b0   xdc_runtime_SysMin_Module__state__V
008554bc   xdc_runtime_System_Module__state__V
008554c8   xdc_runtime_Text_Module__state__V
008554d0   xdc_runtime_knl_GateThread_Module__root__V
008554d8   __xdc__init__addr
008554dc   cppiLObj
008554e0   ti_sysbios_family_c66_tci66xx_CpIntc_Module_State_0_dispatchTab__A
008559e0   _ftable
00855bc0   ti_sysbios_timers_timer64_Timer_Module_State_0_device__A
00855d40   ti_sdo_utils_NameServer_Object__table__V
00855ef8   ti_sdo_ipc_Ipc_Module_State_0_procEntry__A
00855f98   ti_sysbios_family_c66_tci66xx_CpIntc_Module_State_0_hostIntToSysInt__A
00856030   ti_sysbios_knl_Task_Object__table__V
0085607c   TSK_idle
008560c8   ti_sdo_ipc_SharedRegion_Module_State_0_regions__A
00856158   ti_sdo_ipc_GateMP_Module_State_0_remoteSystemGates__A
008561d8   ti_sysbios_knl_Swi_Module_State_0_readyQ__A
00856258   ti_sysbios_knl_Task_Module_State_0_readyQ__A
008562d8   ti_sysbios_timers_timer64_Timer_Module_State_0_gctrl__A
00856358   ti_sysbios_timers_timer64_Timer_Module_State_0_handles__A
008563d8   ti_sysbios_timers_timer64_Timer_Module_State_0_intFreqs__A
008564d0   ti_sysbios_family_c64p_Hwi_Object__table__V
00856548   ti_sysbios_timers_timer64_Timer_Object__table__V
00856594   _ft_end
00856598   LSU_state_index_table
008565e0   gstruMpuAddrRange
00856620   ti_sdo_ipc_MessageQ_Module_State_0_transports__A
00856660   ti_sdo_ipc_family_c647x_Interrupt_Module_State_0_fxnTable__A
008566a0   ti_sysbios_gates_GateMutex_Object__table__V
008566e0   ti_sysbios_knl_Semaphore_Object__table__V
00856710   ti_sysbios_knl_Swi_Object__table__V
00856740   gpEDMA_TC_regs
00856768   gpTimerRegs
00856790   input_clk_str
008567b8   internal_exception_str
008567e0   Qmss_highEoiVector
00856800   boot_mode_str
00856820   bus_err_stat_str
00856840   gCIC_EXC_EN_MASK
00856860   gpMPU_regs
00856880   ti_sdo_ipc_MessageQ_Module_State_0_heaps__A
008568a0   ti_sdo_ipc_Notify_Module_State_0_notifyHandles__A
008568c0   ti_sdo_ipc_transports_TransportShmSetup_Module_State_0_handles__A
008568e0   xdc_runtime_System_Module_State_0_atexitHandlers__A
00856900   Peri_MPU_err_type_str
00856918   ti_sysbios_gates_GateMutexPri_Object__table__V
00856930   ti_sysbios_heaps_HeapMem_Object__table__V
00856948   device_type_str
00856960   ti_sysbios_family_c66_tci66xx_CpIntc_Module_State_0_initSIER__A
00856978   Qmss_lowEoiVector
00856988   ti_sysbios_family_c66_tci66xx_CpIntc_Module_State_0_controller__A
00856998   ti_sysbios_gates_GateAll_Object__table__V
008569a8   gpEDMA_CC_regs
008569b4   _cleanup_ptr
008569b8   _dtors_ptr
008569bc   __TI_enable_exit_profile_output
008569c0   ti_sysbios_gates_GateSwi_Object__table__V
008569d0   endian_str
008569d8   _lock
008569dc   _unlock
008569e0   ti_sysbios_hal_Hwi_Object__table__V
008569e8   ti_sysbios_hal_Timer_Object__table__V
008569f0   ti_sdo_ipc_GateMP_Module_State_0_remoteCustom2Gates__A
008569f8   ti_sdo_ipc_Notify_Module_State_0_notifyHandles_0__A
00856a00   ti_sdo_ipc_Notify_Module_State_0_notifyHandles_1__A
00856a08   ti_sdo_ipc_Notify_Module_State_0_notifyHandles_2__A
00856a10   ti_sdo_ipc_Notify_Module_State_0_notifyHandles_3__A
00856a18   ti_sdo_ipc_Notify_Module_State_0_notifyHandles_4__A
00856a20   ti_sdo_ipc_Notify_Module_State_0_notifyHandles_5__A
00856a28   ti_sdo_ipc_Notify_Module_State_0_notifyHandles_6__A
00856a30   ti_sdo_ipc_Notify_Module_State_0_notifyHandles_7__A
00856a38   ti_sysbios_gates_GateHwi_Object__table__V
00856a40   ti_sysbios_knl_Task_Module_State_0_idleTask__A
00856a48   xdc_runtime_GateNull_Object__table__V
00856a50   Qmss_cdmaEoiVector
00856a58   _stack
00857a58   __CIOBUF_
00857a58   __TI_STACK_END
00857c00   ti_sysbios_family_c64p_Hwi0
00857c00   ti_sysbios_family_c64p_Hwi_int0
00857c20   ti_sysbios_family_c64p_Hwi_int1
00857c40   ti_sysbios_family_c64p_Hwi_int2
00857c60   ti_sysbios_family_c64p_Hwi_int3
00857c80   ti_sysbios_family_c64p_Hwi_int4
00857ca0   ti_sysbios_family_c64p_Hwi_int5
00857cc0   ti_sysbios_family_c64p_Hwi_int6
00857ce0   ti_sysbios_family_c64p_Hwi_int7
00857d00   ti_sysbios_family_c64p_Hwi_int8
00857d20   ti_sysbios_family_c64p_Hwi_int9
00857d40   ti_sysbios_family_c64p_Hwi_int10
00857d60   ti_sysbios_family_c64p_Hwi_int11
00857d80   ti_sysbios_family_c64p_Hwi_int12
00857da0   ti_sysbios_family_c64p_Hwi_int13
00857dc0   ti_sysbios_family_c64p_Hwi_int14
00857de0   ti_sysbios_family_c64p_Hwi_int15
00857e00   __TI_STATIC_BASE
00857e00   hDrvManagedSrioDrv
00857e04   hSrioCSL
00857e08   srioSocketDoorbellTest
00857e0c   MessageQCore0ToCore1
00857e10   MessageQCore2ToCore1
00857e14   MessageQCore3ToCore1
00857e18   MessageQCore4ToCore1
00857e1c   MessageQCore5ToCore1
00857e20   MessageQCore6ToCore1
00857e24   MessageQCore23456ToCore1
00857e28   Msg0To1Ptr
00857e2c   Msg2To1Ptr
00857e30   Msg3To1Ptr
00857e34   Msg4To1Ptr
00857e38   Msg5To1Ptr
00857e3c   Msg6To1Ptr
00857e40   SrioSocket
00857e44   system_type
00857e48   nextdevid
00857e4c   hostdeviceid
00857e50   uiMaintenanceValue
00857e54   uiResult
00857e58   srioSerdesRegs
00857e5c   Ipc_sr0MemorySetup
00857e60   gpXMC_regs
00857e64   gpCGEM_regs
00857e68   gpBootCfgRegs
00857e6c   gpPLLC_regs
00857e70   gpPSC_regs
00857e74   gpMSMC_regs
00857e78   gpGPIO_regs
00857e7c   gpCIC0_regs
00857e80   gpCIC1_regs
00857e84   gpCIC_regs
00857e88   gpEDMA_CC0_regs
00857e8c   gpEDMA_CC1_regs
00857e90   gpEDMA_CC2_regs
00857e94   gpEDMA_TC_0_0_regs
00857e98   gpEDMA_TC_0_1_regs
00857e9c   gpEDMA_TC_1_0_regs
00857ea0   gpEDMA_TC_1_1_regs
00857ea4   gpEDMA_TC_1_2_regs
00857ea8   gpEDMA_TC_1_3_regs
00857eac   gpEDMA_TC_2_0_regs
00857eb0   gpEDMA_TC_2_1_regs
00857eb4   gpEDMA_TC_2_2_regs
00857eb8   gpEDMA_TC_2_3_regs
00857ebc   gpTimer0Regs
00857ec0   gpTimer1Regs
00857ec4   gpTimer2Regs
00857ec8   gpTimer3Regs
00857ecc   gpTimer4Regs
00857ed0   gpTimer5Regs
00857ed4   gpTimer6Regs
00857ed8   gpTimer7Regs
00857edc   gpTimer8Regs
00857ee0   gpMPU0_regs
00857ee4   gpMPU1_regs
00857ee8   gpMPU2_regs
00857eec   gpMPU3_regs
00857ef0   gpDDR_regs
00857ef4   gDSP_Core_Speed_Hz
00857ef8   gDSP_board_type
00857efc   cycle_measure_overhead
00857f00   uiLL2_scrub_addr
00857f04   LL2_EDC_victim_err_str
00857f08   LL2_EDC_DMA_err_str
00857f0c   LL2_EDC_L1D_err_str
00857f10   LL2_EDC_L1P_err_str
00857f14   guwIntcCICExcEvtIdx
00857f18   gCIC_EXC_out_num
00857f1c   gpQM_configRegs
00857f20   gpQM_descriptorRegions
00857f24   gpQueueManageRegs
00857f28   gpQueueManageProxyRegs
00857f2c   gpQueueManageVBUSM
00857f30   gpQueueManageProxyVBUSM
00857f34   gpQueueStatusConfigRegs
00857f38   gpQueueThresholdStatus
00857f3c   gpQM_INTD_regs
00857f40   gpQM_DMA_CfgRegs
00857f44   gpQM_DMA_TxChCfgRegs
00857f48   gpQM_DMA_RxChCfgRegs
00857f4c   gpQM_DMA_TxChPriority
00857f50   gpQM_DMA_RxFlowCfgRegs
00857f54   gpSRIO_DMA_CfgRegs
00857f58   gpSRIO_DMA_TxChCfgRegs
00857f5c   gpSRIO_DMA_RxChCfgRegs
00857f60   gpSRIO_DMA_TxChPriority
00857f64   gpSRIO_DMA_RxFlowCfgRegs
00857f68   gpNetCP_DMA_CfgRegs
00857f6c   gpNetCP_DMA_TxChCfgRegs
00857f70   gpNetCP_DMA_RxChCfgRegs
00857f74   gpNetCP_DMA_TxChPriority
00857f78   gpNetCP_DMA_RxFlowCfgRegs
00857f7c   numLinkingEntry
00857f80   coreNum
00857f84   srioDbgDioIsrCnt
00857f88   srioLsuIsrServiced
00857f8c   srioDioLsuGoodTransfers
00857f90   srioDioLsuBadTransfers
00857f94   gDataBufferMemMgrMaxSize
00857f98   malloc_counter
00857f9c   free_counter
00857fa0   gpSRIO_regs
00857fa4   qmssLObjIsValid
00857fa8   DEVICE_ID1_16BIT
00857fac   DEVICE_ID1_8BIT
00857fb0   DEVICE_ID2_16BIT
00857fb4   DEVICE_ID2_8BIT
00857fb8   DEVICE_ID3_16BIT
00857fbc   DEVICE_ID3_8BIT
00857fc0   DEVICE_ID4_16BIT
00857fc4   DEVICE_ID4_8BIT
00857fc8   heap0
00857fcc   MainThreadHandle
00857fd0   QmssRdySemHandle
00857fd4   ManualMsgRdyHandle
00858000   vectors
00858200   gSRIODriverMCB
0085987c   __TI_Handler_Table_Base
00859888   __TI_Handler_Table_Limit
008598b0   __TI_CINIT_Base
00859900   __TI_CINIT_Limit
0c200000   queueFree
0c202000   qmssGObj
0c202400   cppiObject
ffffffff   __TI_pprof_out_hndl
ffffffff   __TI_prof_data_size
ffffffff   __TI_prof_data_start
ffffffff   __binit__
ffffffff   __c_args__
ffffffff   binit
UNDEFED    __TI_INITARRAY_Base
UNDEFED    __TI_INITARRAY_Limit

[1755 symbols]
