******************************************************************************
               TMS320C6x Linker PC v7.4.4                      
******************************************************************************
>> Linked Thu Dec 31 17:17:06 2015

OUTPUT FILE NAME:   <simulator_vpx_V0_1_4_core1.out>
ENTRY POINT SYMBOL: "_c_int00"  address: 0083b980


MEMORY CONFIGURATION

         name            origin    length      used     unused   attr    fill
----------------------  --------  ---------  --------  --------  ----  --------
  L2SRAM                00800000   00080000  0005b3f2  00024c0e  RW X
  MSMCSRAM              0c000000   00400000  00202600  001fda00  RW X
  DDR3                  80000000   20000000  00000000  20000000  RWIX


SEGMENT ALLOCATION MAP

run origin  load origin   length   init length attrs members
----------  ----------- ---------- ----------- ----- -------
00800000    00800000    0004afd0   0004afd0    r-x
  00800000    00800000    000431a0   000431a0    r-x .text
  008431a0    008431a0    00007e30   00007e30    r-- .const
0084afd0    0084afd0    00008000   00000000    rw-
  0084afd0    0084afd0    00008000   00000000    rw- systemHeap
00852fd0    00852fd0    0000563a   0000563a    rw-
  00852fd0    00852fd0    00003160   00003160    rw- .far
  00856130    00856130    000024da   000024da    rw- .fardata
00858610    00858610    00001060   00000000    rw-
  00858610    00858610    00001000   00000000    rw- .stack
  00859610    00859610    00000060   00000000    rw- .bss
00859670    00859670    00000145   00000145    rw-
  00859670    00859670    00000145   00000145    rw- .neardata
008597b8    008597b8    00000030   00000030    r--
  008597b8    008597b8    00000030   00000030    r-- .rodata
008597e8    008597e8    00000010   00000010    r--
  008597e8    008597e8    00000010   00000010    r-- .switch.1
00859800    00859800    00000200   00000200    r-x
  00859800    00859800    00000200   00000200    r-x .vecs
00859a00    00859a00    00000120   00000000    rw-
  00859a00    00859a00    00000120   00000000    rw- .cio
00859b20    00859b20    00000070   00000070    r--
  00859b20    00859b20    00000070   00000070    r-- .switch.2
00859c00    00859c00    00000200   00000200    r-x
  00859c00    00859c00    00000200   00000200    r-x vecs
00859e00    00859e00    00000100   00000000    rw-
  00859e00    00859e00    00000100   00000000    rw- .srioSharedMem
00859f00    00859f00    00001570   00001570    r--
  00859f00    00859f00    00001570   00001570    r-- .cinit
0c200000    0c200000    00002600   00000000    rw-
  0c200000    0c200000    00002400   00000000    rw- .qmss
  0c202400    0c202400    00000200   00000000    rw- .cppi


SECTION ALLOCATION MAP

 output                                  attributes/
section   page    origin      length       input sections
--------  ----  ----------  ----------   ----------------
.init_array 
*          0    00800000    00000000     UNINITIALIZED

xdc.meta   0    00800000    00000128     COPY SECTION
                  00800000    00000128     core1_pe66.oe66 (xdc.meta)

.text      0    00800000    000431a0     
                  00800000    00005c20     KeyStone_common.obj (.text)
                  00805c20    00002ba0     KeyStone_SRIO_Init_drv.obj (.text)
                  008087c0    000024a0     cppi_drv.obj (.text)
                  0080ac60    00001b20     device_srio_loopback.obj (.text)
                  0080c780    00001aa0     main1.obj (.text)
                  0080e220    00001260     srio_drv.obj (.text)
                  0080f480    000011c0     ipc.lib : Ipc.obj (.text:ti_sdo_ipc_GateMP_Instance_init__F)
                  00810640    00000e20     SRIO_switch.obj (.text)
                  00811460    00000a60     ipc.lib : Ipc.obj (.text:ti_sdo_ipc_heaps_HeapMemMP_alloc__E)
                  00811ec0    00000a00     Keystone_Serdes_init.obj (.text)
                  008128c0    000009e0     ipc.lib : Ipc.obj (.text:ti_sdo_ipc_heaps_HeapMemMP_free__E)
                  008132a0    000009a0             : Ipc.obj (.text:Ipc_attach)
                  00813c40    000009a0     ti.targets.rts6000.ae66 : System.oe66 (.text:xdc_runtime_System_doPrint__I)
                  008145e0    00000920     ipc.lib : Ipc.obj (.text:ti_sdo_ipc_transports_TransportShm_Instance_init__F)
                  00814f00    000008a0             : Ipc.obj (.text:ti_sdo_ipc_ListMP_Instance_init__F)
                  008157a0    000008a0     sysbios.ae66 : BIOS.obj (.text:ti_sysbios_family_c64p_Exception_handler__I)
                  00816040    00000860     ipc.lib : Ipc.obj (.text:ti_sdo_ipc_GateMP_Instance_finalize__F)
                  008168a0    00000840             : Ipc.obj (.text:MessageQ_put)
                  008170e0    00000820     srio_drv.obj (.text:Srio_processDrvConfig)
                  00817900    00000820     ipc.lib : Ipc.obj (.text:ti_sdo_ipc_heaps_HeapBufMP_Instance_init__F)
                  00818120    00000800             : Ipc.obj (.text:ti_sdo_ipc_heaps_HeapBufMP_postInit__I)
                  00818920    00000780             : Ipc.obj (.text:ti_sdo_ipc_heaps_HeapMemMP_Instance_init__F)
                  008190a0    00000760     loopbackDioIsr_osal.obj (.text)
                  00819800    00000700     ipc.lib : Ipc.obj (.text:Notify_registerEvent)
                  00819f00    000006c0             : Ipc.obj (.text:ti_sdo_ipc_nsremote_NameServerRemoteNotify_Instance_init__F)
                  0081a5c0    000006a0             : Ipc.obj (.text:NameServer_add)
                  0081ac60    00000620             : Ipc.obj (.text:Notify_sendEvent)
                  0081b280    00000600     KeyStone_common.obj (.text:retain)
                  0081b880    00000600     sysbios.ae66 : BIOS.obj (.text:ti_sysbios_heaps_HeapMem_alloc__E)
                  0081be80    00000600                  : BIOS.obj (.text:ti_sysbios_knl_Semaphore_pend__E)
                  0081c480    000005e0     ipc.lib : Ipc.obj (.text:Notify_registerEventSingle)
                  0081ca60    000005e0     sysbios.ae66 : BIOS.obj (.text:ti_sysbios_heaps_HeapMem_free__E)
                  0081d040    000005c0     ipc.lib : Ipc.obj (.text:ListMP_getHead)
                  0081d600    000005c0             : Ipc.obj (.text:Notify_unregisterEventSingle)
                  0081dbc0    000005c0     rts6600_elf.lib : divd.obj (.text:__c6xabi_divd)
                  0081e180    000005c0                     : _printfi.obj (.text:_getarg_diouxp)
                  0081e740    000005c0     ipc.lib : Ipc.obj (.text:ti_sdo_ipc_SharedRegion_start__F)
                  0081ed00    000005a0     sysbios.ae66 : BIOS.obj (.text:ti_sysbios_timers_timer64_Timer_Module_startup__F)
                  0081f2a0    00000580     device_srio_loopback.obj (.text:SrioDevice_init)
                  0081f820    00000580     ipc.lib : Ipc.obj (.text:ti_sdo_ipc_nsremote_NameServerRemoteNotify_get__F)
                  0081fda0    00000580             : Ipc.obj (.text:ti_sdo_ipc_transports_TransportShm_put__E)
                  00820320    00000540     srio_drv.obj (.text:Srio_processReceivedBD)
                  00820860    00000540     ipc.lib : Ipc.obj (.text:ti_sdo_ipc_Ipc_procSyncStart__I)
                  00820da0    000004e0             : Ipc.obj (.text:ti_sdo_ipc_notifyDrivers_NotifyDriverShm_Instance_init__F)
                  00821280    000004a0             : Ipc.obj (.text:HeapBufMP_sharedMemReq)
                  00821720    000004a0             : Ipc.obj (.text:ti_sdo_ipc_gates_GatePeterson_Instance_init__F)
                  00821bc0    00000460     rts6600_elf.lib : _printfi.obj (.text:_printfi)
                  00822020    00000460                     : _printfi.obj (.text:_setfield)
                  00822480    00000460     ipc.lib : Ipc.obj (.text:ti_sdo_ipc_GateMP_setRegion0Reserved__F)
                  008228e0    00000460             : Ipc.obj (.text:ti_sdo_ipc_Ipc_procSyncFinish__I)
                  00822d40    00000460             : Ipc.obj (.text:ti_sdo_ipc_MessageQ_Instance_init__F)
                  008231a0    00000440     KeyStone_common.obj (.text:Core_MPAX)
                  008235e0    00000440     ipc.lib : Ipc.obj (.text:ListMP_putTail)
                  00823a20    00000440             : Ipc.obj (.text:ti_sdo_ipc_heaps_HeapMemMP_getStats__E)
                  00823e60    00000440             : Ipc.obj (.text:ti_sdo_ipc_heaps_HeapMemMP_postInit__I)
                  008242a0    00000420     sysbios.ae66 : BIOS.obj (.text:ti_sysbios_gates_GateMutexPri_enter__E)
                  008246c0    00000420                  : BIOS.obj (.text:ti_sysbios_knl_Task_sleep__E)
                  00824ae0    00000400     srio_drv.obj (.text:Srio_sockSend_DIO)
                  00824ee0    00000400     ipc.lib : Ipc.obj (.text:ti_sdo_ipc_Notify_Instance_init__F)
                  008252e0    000003e0     sysbios.ae66 : BIOS.obj (.text:ti_sysbios_knl_Task_setPri__E)
                  008256c0    000003c0     ti.drv.cppi.ae66 : cppi_desc.oe66 (.text:Cppi_initDescriptor)
                  00825a80    000003c0     ipc.lib : Ipc.obj (.text:ti_sdo_ipc_SharedRegion_reserveMemory__F)
                  00825e40    000003a0     rts6600_elf.lib : fputs.obj (.text:fputs)
                  008261e0    00000380     ipc.lib : Ipc.obj (.text:HeapMemMP_sharedMemReq)
                  00826560    00000360     core1_pe66.oe66 (.text:xdc_runtime_System_printfExtend__I)
                  008268c0    00000340     ipc.lib : Ipc.obj (.text:GateMP_sharedMemReq)
                  00826c00    00000340     srio_drv.obj (.text:Srio_sockBind_DIO)
                  00826f40    00000340     ipc.lib : Ipc.obj (.text:ti_sdo_ipc_nsremote_NameServerRemoteNotify_swiFxn__I)
                  00827280    00000320     srio_drv.obj (.text:Srio_init)
                  008275a0    00000320     srio_drv.obj (.text:Srio_sockOpen)
                  008278c0    00000320     rts6600_elf.lib : _printfi.obj (.text:_pproc_fge)
                  00827be0    00000300     ipc.lib : Ipc.obj (.text:GateMP_openByAddr)
                  00827ee0    00000300             : Ipc.obj (.text:ti_sdo_ipc_transports_TransportShm_openByAddr__F)
                  008281e0    00000300     sysbios.ae66 : BIOS.obj (.text:ti_sysbios_family_c64p_Hwi_dispatchC__I)
                  008284e0    000002e0     ipc.lib : Ipc.obj (.text:SharedRegion_getEntry)
                  008287c0    000002e0             : Ipc.obj (.text:SharedRegion_getPtr)
                  00828aa0    000002e0     rts6600_elf.lib : _printfi.obj (.text:_pproc_fwp)
                  00828d80    000002e0     ipc.lib : Ipc.obj (.text:ti_sdo_ipc_heaps_HeapBufMP_free__E)
                  00829060    000002e0     sysbios.ae66 : BIOS.obj (.text:ti_sysbios_heaps_HeapMem_Instance_init__F)
                  00829340    000002c0     ipc.lib : Ipc.obj (.text:ti_sdo_ipc_notifyDrivers_NotifyDriverShm_isr__I)
                  00829600    000002a0             : Ipc.obj (.text:Ipc_start)
                  008298a0    000002a0             : Ipc.obj (.text:NameServer_getLocal)
                  00829b40    000002a0     rts6600_elf.lib : _printfi.obj (.text:fcvt)
                  00829de0    000002a0     ipc.lib : Ipc.obj (.text:ti_sdo_ipc_heaps_HeapBufMP_Instance_finalize__F)
                  0082a080    000002a0     sysbios.ae66 : BIOS.obj (.text:ti_sysbios_family_c66_tci66xx_CpIntc_Module_startup__F)
                  0082a320    000002a0                  : BIOS.obj (.text:ti_sysbios_knl_Clock_workFunc__E)
                  0082a5c0    000002a0                  : BIOS.obj (.text:ti_sysbios_timers_timer64_Timer_deviceConfig__I)
                  0082a860    00000280     ipc.lib : Ipc.obj (.text:SharedRegion_getSRPtr)
                  0082aae0    00000280     rts6600_elf.lib : divf.obj (.text:__c6xabi_divf)
                  0082ad60    00000280                     : _printfi.obj (.text:ecvt)
                  0082afe0    00000280     ipc.lib : Ipc.obj (.text:ti_sdo_ipc_notifyDrivers_NotifyDriverShm_sharedMemReq__F)
                  0082b260    00000280     ti.targets.rts6000.ae66 : Core-mem.oe66 (.text:xdc_runtime_Core_createObject__I)
                  0082b4e0    00000280                             : Error.oe66 (.text:xdc_runtime_Error_raiseX__F)
                  0082b760    00000260     ipc.lib : Ipc.obj (.text:ListMP_sharedMemReq)
                  0082b9c0    00000260     srio_drv.obj (.text:Srio_start)
                  0082bc20    00000260     ipc.lib : Ipc.obj (.text:ti_sdo_ipc_ListMP_Instance_finalize__F)
                  0082be80    00000260             : Ipc.obj (.text:ti_sdo_ipc_heaps_HeapMemMP_Instance_finalize__F)
                  0082c0e0    00000260             : Ipc.obj (.text:ti_sdo_ipc_notifyDrivers_NotifyDriverShm_disableEvent__E)
                  0082c340    00000260     sysbios.ae66 : BIOS.obj (.text:ti_sysbios_family_c64p_Exception_internalHandler__I)
                  0082c5a0    00000260                  : BIOS.obj (.text:ti_sysbios_knl_Semaphore_post__E)
                  0082c800    00000260     ti.targets.rts6000.ae66 : Startup.oe66 (.text:xdc_runtime_Startup_startMods__I)
                  0082ca60    00000240     srio_drv.obj (.text:Srio_processAppConfig)
                  0082cca0    00000240     rts6600_elf.lib : imath64.obj (.text:__c6xabi_divull)
                  0082cee0    00000240                     : _printfi.obj (.text:_pconv_e)
                  0082d120    00000240                     : _printfi.obj (.text:_pproc_diouxp)
                  0082d360    00000240     ipc.lib : Ipc.obj (.text:ti_sdo_ipc_MessageQ_Instance_finalize__F)
                  0082d5a0    00000240     sysbios.ae66 : BIOS.obj (.text:ti_sysbios_family_c64p_Hwi_reconfig__E)
                  0082d7e0    00000240                  : BIOS.obj (.text:ti_sysbios_knl_Task_exit__E)
                  0082da20    00000220     ipc.lib : Ipc.obj (.text:MessageQ_get)
                  0082dc40    00000220     rts6600_elf.lib : _printfi.obj (.text:_pproc_str)
                  0082de60    00000220                     : fputc.obj (.text:fputc)
                  0082e080    00000220     sysbios.ae66 : BIOS.obj (.text:ti_sysbios_knl_Swi_run__I)
                  0082e2a0    00000220                  : BIOS.obj (.text:ti_sysbios_knl_Task_schedule__I)
                  0082e4c0    00000220                  : BIOS.obj (.text:ti_sysbios_knl_Task_startCore__E)
                  0082e6e0    00000200     ipc.lib : Ipc.obj (.text:GateMP_enter)
                  0082e8e0    00000200             : Ipc.obj (.text:GateMP_leave)
                  0082eae0    00000200             : Ipc.obj (.text:ListMP_openByAddr)
                  0082ece0    00000200     ti.drv.qmss.ae66 : qmss_drv.oe66 (.text:Qmss_internalQueueOpen)
                  0082eee0    00000200                      : qmss_acc.oe66 (.text:Qmss_programAccumulator)
                  0082f0e0    00000200     srio_drv.obj (.text:Srio_sockClose_DIO)
                  0082f2e0    00000200     rts6600_elf.lib : _printfi.obj (.text:_pconv_g)
                  0082f4e0    00000200     sysbios.ae66 : c64p_Hwi_disp_always.obj (.text:_ti_sysbios_family_c64p_Hwi_dispatchAlways)
                  0082f6e0    00000200     ti.drv.cppi.ae66 : cppi_heap.oe66 (.text:cppi_internal_heap_add)
                  0082f8e0    00000200     rts6600_elf.lib : setvbuf.obj (.text:setvbuf)
                  0082fae0    00000200     ipc.lib : Ipc.obj (.text:ti_sdo_ipc_family_c647x_MultiProcSetup_init__I)
                  0082fce0    00000200             : Ipc.obj (.text:ti_sdo_ipc_heaps_HeapBufMP_alloc__E)
                  0082fee0    00000200             : Ipc.obj (.text:ti_sdo_ipc_notifyDrivers_NotifyDriverShm_sendEvent__E)
                  008300e0    00000200             : Ipc.obj (.text:ti_sdo_ipc_transports_TransportShm_Instance_finalize__F)
                  008302e0    000001e0             : Ipc.obj (.text:ti_sdo_ipc_GateMP_attach__F)
                  008304c0    000001e0             : Ipc.obj (.text:ti_sdo_ipc_GateMP_getFreeResource__I)
                  008306a0    000001e0     sysbios.ae66 : BIOS.obj (.text:ti_sysbios_family_c64p_Exception_externalHandler__I)
                  00830880    000001e0                  : BIOS.obj (.text:ti_sysbios_knl_Swi_Instance_init__F)
                  00830a60    000001e0                  : BIOS.obj (.text:ti_sysbios_knl_Task_checkStacks__E)
                  00830c40    000001e0                  : BIOS.obj (.text:ti_sysbios_knl_Task_postInit__I)
                  00830e20    000001e0                  : BIOS.obj (.text:ti_sysbios_timers_timer64_Timer_getFreq__E)
                  00831000    000001c0     ipc.lib : Ipc.obj (.text:HeapMemMP_openByAddr)
                  008311c0    000001c0     srio_drv.obj (.text:Srio_dioCompletionIsr)
                  00831380    000001c0     rts6600_elf.lib : _printfi.obj (.text:_mcpy)
                  00831540    000001c0     ipc.lib : Ipc.obj (.text:ti_sdo_ipc_notifyDrivers_NotifyDriverShm_registerEvent__E)
                  00831700    000001c0     sysbios.ae66 : BIOS.obj (.text:ti_sysbios_family_c64p_Exception_decodeMpfsr__I)
                  008318c0    000001c0                  : BIOS.obj (.text:ti_sysbios_family_c66_tci66xx_CpIntc_dispatch__F)
                  00831a80    000001c0                  : BIOS.obj (.text:ti_sysbios_gates_GateMutex_enter__E)
                  00831c40    000001c0                  : BIOS.obj (.text:ti_sysbios_timers_timer64_Timer_setPeriodMicroSecs__E)
                  00831e00    000001a0     rts6600_elf.lib : trgdrv.obj (.text:HOSTrename)
                  00831fa0    000001a0     ipc.lib : Ipc.obj (.text:SharedRegion_getCacheLineSize)
                  00832140    000001a0             : Ipc.obj (.text:SharedRegion_getHeap)
                  008322e0    000001a0             : Ipc.obj (.text:SharedRegion_isCacheEnabled)
                  00832480    000001a0     rts6600_elf.lib : imath40.obj (.text:__c6xabi_divul)
                  00832620    000001a0     ipc.lib : Ipc.obj (.text:ti_sdo_ipc_GateMP_openRegion0Reserved__F)
                  008327c0    000001a0             : Ipc.obj (.text:ti_sdo_ipc_notifyDrivers_NotifyDriverShm_enableEvent__E)
                  00832960    000001a0             : Ipc.obj (.text:ti_sdo_ipc_notifyDrivers_NotifyDriverShm_unregisterEvent__E)
                  00832b00    000001a0             : Ipc.obj (.text:ti_sdo_ipc_nsremote_NameServerRemoteNotify_attach__E)
                  00832ca0    000001a0     sysbios.ae66 : BIOS.obj (.text:ti_sysbios_family_c66_Cache_block__I)
                  00832e40    000001a0                  : BIOS.obj (.text:ti_sysbios_heaps_HeapBuf_Module_startup__F)
                  00832fe0    000001a0                  : BIOS.obj (.text:ti_sysbios_syncs_SyncSem_Instance_init__F)
                  00833180    000001a0                  : BIOS.obj (.text:ti_sysbios_timers_timer64_Timer_start__E)
                  00833320    00000180     ipc.lib : Ipc.obj (.text:MultiProc_setLocalId)
                  008334a0    00000180             : Ipc.obj (.text:NameServer_getHandle)
                  00833620    00000180             : Ipc.obj (.text:Notify_intLineRegistered)
                  008337a0    00000180     srio_drv.obj (.text:Srio_rxCompletionIsr)
                  00833920    00000180     srio_drv.obj (.text:Srio_validateDIOBindingId)
                  00833aa0    00000180     rts6600_elf.lib : copy_decompress_rle.obj (.text:__TI_decompress_rle_core)
                  00833c20    00000180     sysbios.ae66 : c64p_Exception_asm.obj (.text)
                  00833da0    00000180     ipc.lib : Ipc.obj (.text:ti_sdo_ipc_MessageQ_registerTransport__F)
                  00833f20    00000180             : Ipc.obj (.text:ti_sdo_ipc_Notify_Module_startup__F)
                  008340a0    00000180             : Ipc.obj (.text:ti_sdo_ipc_gates_GatePeterson_enter__E)
                  00834220    00000180             : Ipc.obj (.text:ti_sdo_utils_NameServer_Module_startup__F)
                  008343a0    00000180     sysbios.ae66 : BIOS.obj (.text:ti_sysbios_knl_Swi_schedule__I)
                  00834520    00000180                  : BIOS.obj (.text:ti_sysbios_knl_Task_unblockI__E)
                  008346a0    00000180     ti.targets.rts6000.ae66 : Text.oe66 (.text:xdc_runtime_Text_putSite__F)
                  00834820    00000160     ti.drv.qmss.ae66 : qmss_drv.oe66 (.text:Qmss_getMemoryRegionCfg)
                  00834980    00000160     ipc.lib : Ipc.obj (.text:ti_sdo_ipc_GateMP_createLocal__F)
                  00834ae0    00000160             : Ipc.obj (.text:ti_sdo_ipc_MessageQ_unregisterTransport__F)
                  00834c40    00000160             : Ipc.obj (.text:ti_sdo_ipc_gates_GateHWSem_Instance_init__F)
                  00834da0    00000160             : Ipc.obj (.text:ti_sdo_ipc_transports_TransportShm_sharedMemReq__F)
                  00834f00    00000160             : Ipc.obj (.text:ti_sdo_utils_NameServer_isRegistered__E)
                  00835060    00000160             : Ipc.obj (.text:ti_sdo_utils_NameServer_registerRemoteDriver__E)
                  008351c0    00000160             : Ipc.obj (.text:ti_sdo_utils_NameServer_unregisterRemoteDriver__E)
                  00835320    00000140     ti.csl.ae66 : csl_chip.oe66 (.text:CSL_chipReadReg)
                  00835460    00000140     ipc.lib : Ipc.obj (.text:GateMP_close)
                  008355a0    00000140             : Ipc.obj (.text:MessageQ_registerHeap)
                  008356e0    00000140             : Ipc.obj (.text:Notify_attach)
                  00835820    00000140     srio_drv.obj (.text:Srio_dioTxCompletionIsr)
                  00835960    00000140     boot.ae66 : autoinit.oe66 (.text:_auto_init_elf)
                  00835aa0    00000140     rts6600_elf.lib : _printfi.obj (.text:_pproc_fflags)
                  00835be0    00000140                     : lowlev.obj (.text:getdevice)
                  00835d20    00000140     ipc.lib : Ipc.obj (.text:ti_sdo_ipc_Notify_exec__F)
                  00835e60    00000140     sysbios.ae66 : BIOS.obj (.text:ti_sysbios_family_c64p_Exception_Module_startup__F)
                  00835fa0    00000140                  : BIOS.obj (.text:ti_sysbios_family_c64p_Hwi_Module_startup__F)
                  008360e0    00000140                  : BIOS.obj (.text:ti_sysbios_family_c66_Cache_Module_startup__F)
                  00836220    00000140                  : BIOS.obj (.text:ti_sysbios_gates_GateSwi_enter__E)
                  00836360    00000140                  : BIOS.obj (.text:ti_sysbios_knl_Semaphore_Instance_init__F)
                  008364a0    00000140                  : BIOS.obj (.text:ti_sysbios_knl_Swi_post__E)
                  008365e0    00000140                  : BIOS.obj (.text:ti_sysbios_knl_Task_Module_startup__F)
                  00836720    00000140                  : BIOS.obj (.text:ti_sysbios_knl_Task_blockI__E)
                  00836860    00000140                  : BIOS.obj (.text:ti_sysbios_knl_Task_yield__E)
                  008369a0    00000120     srio_drv.obj (.text:Srio_getSockOpt)
                  00836ac0    00000120     rts6600_elf.lib : fclose.obj (.text:_closefile)
                  00836be0    00000120                     : _printfi.obj (.text:_ltostr)
                  00836d00    00000120                     : fseek.obj (.text:fseek)
                  00836e20    00000120     ipc.lib : Ipc.obj (.text:ti_sdo_ipc_MessageQ_Module_startup__F)
                  00836f40    00000120             : Ipc.obj (.text:ti_sdo_ipc_family_c647x_Interrupt_intRegister__E)
                  00837060    00000120             : Ipc.obj (.text:ti_sdo_ipc_nsremote_NameServerRemoteNotify_Instance_finalize__F)
                  00837180    00000120     sysbios.ae66 : BIOS.obj (.text:ti_sysbios_BIOS_rtsUnlock__I)
                  008372a0    00000120                  : BIOS.obj (.text:ti_sysbios_knl_Clock_startI__E)
                  008373c0    00000120     ti.targets.rts6000.ae66 : Text.oe66 (.text:xdc_runtime_Text_putLab__F)
                  008374e0    00000100     rts6600_elf.lib : trgdrv.obj (.text:HOSTlseek)
                  008375e0    00000100                     : _io_perm.obj (.text:_wrt_ok)
                  008376e0    00000100     ipc.lib : Ipc.obj (.text:ti_sdo_ipc_GateMP_start__F)
                  008377e0    00000100             : Ipc.obj (.text:ti_sdo_ipc_Notify_Instance_finalize__F)
                  008378e0    00000100             : Ipc.obj (.text:ti_sdo_ipc_SharedRegion_attach__F)
                  008379e0    00000100             : Ipc.obj (.text:ti_sdo_ipc_SharedRegion_clearReservedMemory__F)
                  00837ae0    00000100             : Ipc.obj (.text:ti_sdo_ipc_family_c647x_Interrupt_Module_startup__F)
                  00837be0    00000100             : Ipc.obj (.text:ti_sdo_ipc_gates_GateHWSem_Module_startup__F)
                  00837ce0    00000100             : Ipc.obj (.text:ti_sdo_ipc_gates_GateMPSupportNull_enter__E)
                  00837de0    00000100             : Ipc.obj (.text:ti_sdo_ipc_gates_GateMPSupportNull_leave__E)
                  00837ee0    00000100             : Ipc.obj (.text:ti_sdo_ipc_transports_TransportShmSetup_attach__E)
                  00837fe0    00000100     sysbios.ae66 : BIOS.obj (.text:ti_sysbios_family_c64p_EventCombiner_dispatch__F)
                  008380e0    00000100                  : BIOS.obj (.text:ti_sysbios_family_c64p_Hwi_Instance_finalize__F)
                  008381e0    00000100                  : BIOS.obj (.text:ti_sysbios_gates_GateMutexPri_leave__E)
                  008382e0    00000100                  : BIOS.obj (.text:ti_sysbios_knl_Swi_restoreHwi__E)
                  008383e0    00000100                  : BIOS.obj (.text:ti_sysbios_timers_timer64_Timer_initDevice__I)
                  008384e0    00000100     ti.targets.rts6000.ae66 : Core-mem.oe66 (.text:xdc_runtime_Core_deleteObject__I)
                  008385e0    00000100                             : Startup.oe66 (.text:xdc_runtime_Startup_exec__F)
                  008386e0    00000100                             : Text.oe66 (.text:xdc_runtime_Text_putMod__F)
                  008387e0    00000100                             : Text.oe66 (.text:xdc_runtime_Text_visitRope2__I)
                  008388e0    000000e0     rts6600_elf.lib : trgdrv.obj (.text:HOSTopen)
                  008389c0    000000e0     ipc.lib : Ipc.obj (.text:HeapBufMP_create)
                  00838aa0    000000e0     rts6600_elf.lib : _printfi.obj (.text:_div)
                  00838b80    000000e0                     : atoi.obj (.text:atoi)
                  00838c60    000000e0                     : lowlev.obj (.text:close)
                  00838d40    000000e0                     : copy_zero_init.obj (.text:decompress:ZI:__TI_zero_init)
                  00838e20    000000e0                     : fflush.obj (.text:fflush)
                  00838f00    000000e0                     : ltoa.obj (.text:ltoa)
                  00838fe0    000000e0                     : memset.obj (.text:memset)
                  008390c0    000000e0                     : printf.obj (.text:printf)
                  008391a0    000000e0     core1_pe66.oe66 (.text:ti_sdo_ipc_Notify_Object__create__S)
                  00839280    000000e0     ipc.lib : Ipc.obj (.text:ti_sdo_ipc_family_c647x_NotifySetup_attach__E)
                  00839360    000000e0             : Ipc.obj (.text:ti_sdo_ipc_gates_GateHWSem_enter__E)
                  00839440    000000e0             : Ipc.obj (.text:ti_sdo_ipc_heaps_HeapBufMP_getStats__F)
                  00839520    000000e0     sysbios.ae66 : BIOS.obj (.text:ti_sysbios_family_c64p_Hwi_Instance_init__F)
                  00839600    000000e0     core1_pe66.oe66 (.text:ti_sysbios_family_c64p_Hwi_Object__create__S)
                  008396e0    000000e0     ti.targets.rts6000.ae66 : Error.oe66 (.text:xdc_runtime_Error_print__F)
                  008397c0    000000e0                             : Memory.oe66 (.text:xdc_runtime_Memory_alloc__F)
                  008398a0    000000c0     rts6600_elf.lib : trgdrv.obj (.text:HOSTread)
                  00839960    000000c0                     : trgdrv.obj (.text:HOSTunlink)
                  00839a20    000000c0                     : trgdrv.obj (.text:HOSTwrite)
                  00839ae0    000000c0     ipc.lib : Ipc.obj (.text:HeapMemMP_create)
                  00839ba0    000000c0             : Ipc.obj (.text:ListMP_create)
                  00839c60    000000c0     ti.drv.qmss.ae66 : qmss_drv.oe66 (.text:Qmss_setEoiVector)
                  00839d20    000000c0                      : qmss_drv.oe66 (.text:Qmss_setQueueThreshold)
                  00839de0    000000c0     srio_drv.obj (.text:Srio_getDescSize)
                  00839ea0    000000c0     rts6600_elf.lib : dtor_list.obj (.text:_Z11__TI_atexitPFYvPvES_S_)
                  00839f60    000000c0                     : dtor_list.obj (.text:__cxa_finalize)
                  0083a020    000000c0                     : divu.obj (.text:__divu)
                  0083a0e0    000000c0                     : fflush.obj (.text:_doflush)
                  0083a1a0    000000c0     ti.drv.cppi.ae66 : cppi_heap.oe66 (.text:cppi_internal_heap_release)
                  0083a260    000000c0                      : cppi_listlib.oe66 (.text:cppi_list_remove_node)
                  0083a320    000000c0     rts6600_elf.lib : exit.obj (.text:exit)
                  0083a3e0    000000c0     core1_pe66.oe66 (.text:ti_sdo_ipc_GateMP_Object__create__S)
                  0083a4a0    000000c0     ipc.lib : Ipc.obj (.text:ti_sdo_ipc_GateMP_getRegion0ReservedSize__F)
                  0083a560    000000c0     core1_pe66.oe66 (.text:ti_sdo_ipc_ListMP_Object__create__S)
                  0083a620    000000c0     core1_pe66.oe66 (.text:ti_sdo_ipc_MessageQ_Object__create__S)
                  0083a6e0    000000c0     ipc.lib : Ipc.obj (.text:ti_sdo_ipc_Notify_execMany__I)
                  0083a7a0    000000c0             : Ipc.obj (.text:ti_sdo_ipc_family_c647x_Interrupt_intShmStub__I)
                  0083a860    000000c0     core1_pe66.oe66 (.text:ti_sdo_ipc_gates_GatePeterson_Object__create__S)
                  0083a920    000000c0     core1_pe66.oe66 (.text:ti_sdo_ipc_heaps_HeapBufMP_Object__create__S)
                  0083a9e0    000000c0     core1_pe66.oe66 (.text:ti_sdo_ipc_heaps_HeapMemMP_Object__create__S)
                  0083aaa0    000000c0     core1_pe66.oe66 (.text:ti_sdo_ipc_notifyDrivers_NotifyDriverShm_Object__create__S)
                  0083ab60    000000c0     core1_pe66.oe66 (.text:ti_sdo_ipc_nsremote_NameServerRemoteNotify_Object__create__S)
                  0083ac20    000000c0     core1_pe66.oe66 (.text:ti_sdo_ipc_transports_TransportShm_Object__create__S)
                  0083ace0    000000c0     sysbios.ae66 : BIOS.obj (.text:ti_sysbios_BIOS_errorRaiseHook__I)
                  0083ada0    000000c0                  : BIOS.obj (.text:ti_sysbios_gates_GateAll_leave__E)
                  0083ae60    000000c0                  : BIOS.obj (.text:ti_sysbios_heaps_HeapMem_getStats__E)
                  0083af20    000000c0                  : BIOS.obj (.text:ti_sysbios_knl_Clock_logTick__E)
                  0083afe0    000000c0                  : BIOS.obj (.text:ti_sysbios_knl_Swi_Instance_finalize__F)
                  0083b0a0    000000c0     core1_pe66.oe66 (.text:ti_sysbios_knl_Swi_Object__create__S)
                  0083b160    000000c0     sysbios.ae66 : BIOS.obj (.text:ti_sysbios_knl_Task_allBlockedFunction__I)
                  0083b220    000000c0     core1_pe66.oe66 (.text:ti_sysbios_syncs_SyncSem_Object__create__S)
                  0083b2e0    000000c0     sysbios.ae66 : BIOS.obj (.text:ti_sysbios_timers_timer64_Timer_startup__E)
                  0083b3a0    000000c0     ti.targets.rts6000.ae66 : System.oe66 (.text:xdc_runtime_System_formatNum__I)
                  0083b460    000000c0     core1_pe66.oe66 (.text:xdc_runtime_knl_GateThread_Object__create__S)
                  0083b520    000000a0     rts6600_elf.lib : trgdrv.obj (.text:HOSTclose)
                  0083b5c0    000000a0     ipc.lib : Ipc.obj (.text:MessageQ_create)
                  0083b660    000000a0     ti.drv.qmss.ae66 : qmss_drv.oe66 (.text:Qmss_queueClose)
                  0083b700    000000a0                      : qmss_drv.oe66 (.text:Qmss_startCfg)
                  0083b7a0    000000a0     srio_drv.obj (.text:Srio_flushSockData)
                  0083b840    000000a0     srio_drv.obj (.text:Srio_initSockData)
                  0083b8e0    000000a0     rts6600_elf.lib : remu.obj (.text:__remu)
                  0083b980    000000a0     boot.ae66 : boot.oe66 (.text:_c_int00)
                  0083ba20    000000a0     rts6600_elf.lib : fopen.obj (.text:_cleanup)
                  0083bac0    000000a0                     : _printfi.obj (.text:_ecpy)
                  0083bb60    000000a0                     : _printfi.obj (.text:_fcpy)
                  0083bc00    000000a0                     : _printfi.obj (.text:_pconv_f)
                  0083bca0    000000a0     sysbios.ae66 : c64p_Hwi_asm.obj (.text:_ti_sysbios_family_c64p_Hwi_plug__E)
                  0083bd40    000000a0     ti.drv.cppi.ae66 : cppi_heap.oe66 (.text:cppi_internal_heap_malloc)
                  0083bde0    000000a0                      : cppi_listlib.oe66 (.text:cppi_list_cat)
                  0083be80    000000a0     rts6600_elf.lib : lowlev.obj (.text:finddevice)
                  0083bf20    000000a0                     : lowlev.obj (.text:lseek)
                  0083bfc0    000000a0                     : memcpy64.obj (.text:memcpy)
                  0083c060    000000a0     ipc.lib : Ipc.obj (.text:ti_sdo_ipc_family_c647x_Interrupt_intUnregister__E)
                  0083c100    000000a0             : Ipc.obj (.text:ti_sdo_ipc_gates_GatePeterson_leave__E)
                  0083c1a0    000000a0             : Ipc.obj (.text:ti_sdo_ipc_notifyDrivers_NotifyDriverShm_Instance_finalize__F)
                  0083c240    000000a0     sysbios.ae66 : BIOS.obj (.text:ti_sysbios_family_c64p_Hwi_eventMap__E)
                  0083c2e0    000000a0                  : BIOS.obj (.text:ti_sysbios_family_c64p_Hwi_getStackInfo__E)
                  0083c380    000000a0                  : BIOS.obj (.text:ti_sysbios_family_c66_tci66xx_CpIntc_mapSysIntToHostInt__F)
                  0083c420    000000a0                  : BIOS.obj (.text:ti_sysbios_gates_GateSwi_leave__E)
                  0083c4c0    000000a0                  : BIOS.obj (.text:ti_sysbios_heaps_HeapMem_init__I)
                  0083c560    000000a0                  : BIOS.obj (.text:ti_sysbios_knl_Idle_run__E)
                  0083c600    000000a0                  : BIOS.obj (.text:ti_sysbios_knl_Semaphore_pendTimeout__I)
                  0083c6a0    000000a0                  : BIOS.obj (.text:ti_sysbios_knl_Task_processVitalTaskFlag__I)
                  0083c740    000000a0                  : BIOS.obj (.text:ti_sysbios_syncs_SyncSem_wait__F)
                  0083c7e0    000000a0                  : BIOS.obj (.text:ti_sysbios_timers_timer64_Timer_stop__E)
                  0083c880    000000a0     rts6600_elf.lib : lowlev.obj (.text:write)
                  0083c920    000000a0     ti.targets.rts6000.ae66 : Assert.oe66 (.text:xdc_runtime_Assert_raise__I)
                  0083c9c0    00000080     ipc.lib : Ipc.obj (.text:HeapBufMP_Params_init)
                  0083ca40    00000080     ti.drv.qmss.ae66 : qmss_drv.oe66 (.text:Qmss_getMemRegQueueHandle)
                  0083cac0    00000080                      : qmss_drv.oe66 (.text:Qmss_queueOpen)
                  0083cb40    00000080     rts6600_elf.lib : fixfu.obj (.text:__c6xabi_fixfu)
                  0083cbc0    00000080                     : llshift.obj (.text:__c6xabi_llshl)
                  0083cc40    00000080     sysbios.ae66 : c62_TaskSupport_asm.obj (.text:_ti_sysbios_family_c62_TaskSupport_swap__E)
                  0083ccc0    00000080     ti.drv.cppi.ae66 : cppi_heap.oe66 (.text:cppi_internal_heap_cache_begin)
                  0083cd40    00000080                      : cppi_listlib.oe66 (.text:cppi_list_remove)
                  0083cdc0    00000080     core1_pe66.oe66 (.text:malloc)
                  0083ce40    00000080     rts6600_elf.lib : trgmsg.obj (.text:readmsg)
                  0083cec0    00000080     core1_pe66.oe66 (.text:ti_sdo_ipc_gates_GateHWSem_Object__create__S)
                  0083cf40    00000080     core1_pe66.oe66 (.text:ti_sdo_ipc_gates_GateMPSupportNull_Object__create__S)
                  0083cfc0    00000080     ipc.lib : Ipc.obj (.text:ti_sdo_ipc_nsremote_NameServerRemoteNotify_detach__E)
                  0083d040    00000080             : Ipc.obj (.text:ti_sdo_ipc_transports_TransportShm_swiFxn__I)
                  0083d0c0    00000080     core1_pe66.oe66 (.text:ti_sdo_utils_List_Object__create__S)
                  0083d140    00000080     sysbios.ae66 : BIOS.obj (.text:ti_sysbios_BIOS_registerRTSLock__I)
                  0083d1c0    00000080                  : BIOS.obj (.text:ti_sysbios_family_c66_Cache_invL1pAll__E)
                  0083d240    00000080                  : BIOS.obj (.text:ti_sysbios_family_c66_tci66xx_CpIntc_getEventId__F)
                  0083d2c0    00000080     core1_pe66.oe66 (.text:ti_sysbios_gates_GateAll_Object__create__S)
                  0083d340    00000080     core1_pe66.oe66 (.text:ti_sysbios_gates_GateHwi_Object__create__S)
                  0083d3c0    00000080     core1_pe66.oe66 (.text:ti_sysbios_gates_GateMutexPri_Object__create__S)
                  0083d440    00000080     core1_pe66.oe66 (.text:ti_sysbios_gates_GateMutex_Object__create__S)
                  0083d4c0    00000080     core1_pe66.oe66 (.text:ti_sysbios_gates_GateSwi_Object__create__S)
                  0083d540    00000080     sysbios.ae66 : BIOS.obj (.text:ti_sysbios_hal_Hwi_checkStack:ti_sysbios_hal_Hwi_checkStack)
                  0083d5c0    00000080                  : BIOS.obj (.text:ti_sysbios_hal_Hwi_initStack:ti_sysbios_hal_Hwi_initStack)
                  0083d640    00000080     core1_pe66.oe66 (.text:ti_sysbios_heaps_HeapMem_Object__create__S)
                  0083d6c0    00000080     sysbios.ae66 : BIOS.obj (.text:ti_sysbios_knl_Clock_Module_startup__F)
                  0083d740    00000080                  : BIOS.obj (.text:ti_sysbios_knl_Clock_getTicks__E)
                  0083d7c0    00000080     core1_pe66.oe66 (.text:ti_sysbios_knl_Queue_Object__create__S)
                  0083d840    00000080     core1_pe66.oe66 (.text:ti_sysbios_knl_Semaphore_Object__create__S)
                  0083d8c0    00000080     sysbios.ae66 : BIOS.obj (.text:ti_sysbios_knl_Swi_startup__E)
                  0083d940    00000080                  : BIOS.obj (.text:ti_sysbios_knl_Task_restore__E)
                  0083d9c0    00000080                  : BIOS.obj (.text:ti_sysbios_timers_timer64_Timer_getCount__E)
                  0083da40    00000080                  : BIOS.obj (.text:ti_sysbios_timers_timer64_Timer_getPeriod__E)
                  0083dac0    00000080     core1_pe66.oe66 (.text:ti_sysbios_xdcruntime_GateThreadSupport_Object__create__S)
                  0083db40    00000080     rts6600_elf.lib : lowlev.obj (.text:unlink)
                  0083dbc0    00000080     ti.targets.rts6000.ae66 : Core-label.oe66 (.text:xdc_runtime_Core_assignLabel__I)
                  0083dc40    00000080                             : Core-params.oe66 (.text:xdc_runtime_Core_assignParams__I)
                  0083dcc0    00000080                             : System.oe66 (.text:xdc_runtime_System_atexit__F)
                  0083dd40    00000080                             : System.oe66 (.text:xdc_runtime_System_rtsExit__I)
                  0083ddc0    00000080                             : Text.oe66 (.text:xdc_runtime_Text_printVisFxn__I)
                  0083de40    00000080                             : Text.oe66 (.text:xdc_runtime_Text_xprintf__I)
                  0083dec0    00000060     ipc.lib : Ipc.obj (.text:GateMP_Params_init)
                  0083df20    00000060             : Ipc.obj (.text:HeapMemMP_Params_init)
                  0083df80    00000060     srio_drv.obj (.text:Srio_freeRxDrvBuffer)
                  0083dfe0    00000060     ti.drv.srio.ae66 : listlib.oe66 (.text:Srio_listCat)
                  0083e040    00000060                      : listlib.oe66 (.text:Srio_listRemoveNode)
                  0083e0a0    00000060     rts6600_elf.lib : frcmpyd_div.obj (.text:__c6xabi_frcmpyd_div)
                  0083e100    00000060                     : llshift.obj (.text:__c6xabi_llshru)
                  0083e160    00000060                     : imath64.obj (.text:_subcull)
                  0083e1c0    00000060     ti.drv.cppi.ae66 : cppi_listlib.oe66 (.text:cppi_list_add)
                  0083e220    00000060                      : cppi_listlib.oe66 (.text:cppi_list_cache_invalidate)
                  0083e280    00000060     rts6600_elf.lib : memccpy.obj (.text:memccpy)
                  0083e2e0    00000060     core1_pe66.oe66 (.text:ti_sdo_ipc_MessageQ_Object__get__S)
                  0083e340    00000060     ipc.lib : Ipc.obj (.text:ti_sdo_ipc_family_c647x_NotifySetup_sharedMemReq__E)
                  0083e3a0    00000060             : Ipc.obj (.text:ti_sdo_ipc_gates_GateHWSem_leave__E)
                  0083e400    00000060             : Ipc.obj (.text:ti_sdo_ipc_gates_GatePeterson_Instance_finalize__F)
                  0083e460    00000060             : Ipc.obj (.text:ti_sdo_ipc_gates_GatePeterson_sharedMemReq__E)
                  0083e4c0    00000060             : Ipc.obj (.text:ti_sdo_ipc_notifyDrivers_NotifyDriverShm_setNotifyHandle__E)
                  0083e520    00000060             : Ipc.obj (.text:ti_sdo_ipc_transports_TransportShmSetup_sharedMemReq__E)
                  0083e580    00000060     core1_pe66.oe66 (.text:ti_sdo_utils_List_Object__get__S)
                  0083e5e0    00000060     core1_pe66.oe66 (.text:ti_sdo_utils_NameServer_Object__get__S)
                  0083e640    00000060     core1_pe66.oe66 (.text:ti_sysbios_BIOS_exitFunc__I)
                  0083e6a0    00000060     sysbios.ae66 : BIOS.obj (.text:ti_sysbios_BIOS_rtsLock__I)
                  0083e700    00000060                  : BIOS.obj (.text:ti_sysbios_family_c62_TaskSupport_start__E)
                  0083e760    00000060                  : BIOS.obj (.text:ti_sysbios_family_c64p_EventCombiner_Module_startup__F)
                  0083e7c0    00000060                  : BIOS.obj (.text:ti_sysbios_family_c64p_EventCombiner_dispatchPlug__F)
                  0083e820    00000060                  : BIOS.obj (.text:ti_sysbios_family_c64p_EventCombiner_unused__F)
                  0083e880    00000060                  : BIOS.obj (.text:ti_sysbios_family_c66_tci66xx_CpIntc_unused__F)
                  0083e8e0    00000060                  : BIOS.obj (.text:ti_sysbios_gates_GateAll_enter__E)
                  0083e940    00000060                  : BIOS.obj (.text:ti_sysbios_gates_GateMutex_Instance_init__F)
                  0083e9a0    00000060     core1_pe66.oe66 (.text:ti_sysbios_heaps_HeapBuf_Object__get__S)
                  0083ea00    00000060     core1_pe66.oe66 (.text:ti_sysbios_heaps_HeapMem_Object__get__S)
                  0083ea60    00000060     core1_pe66.oe66 (.text:ti_sysbios_knl_Clock_doTick__I)
                  0083eac0    00000060     core1_pe66.oe66 (.text:ti_sysbios_knl_Queue_Object__get__S)
                  0083eb20    00000060     sysbios.ae66 : BIOS.obj (.text:ti_sysbios_knl_Swi_Module_startup__F)
                  0083eb80    00000060     core1_pe66.oe66 (.text:ti_sysbios_knl_Swi_Object__get__S)
                  0083ebe0    00000060     core1_pe66.oe66 (.text:ti_sysbios_knl_Task_Object__get__S)
                  0083ec40    00000060     sysbios.ae66 : BIOS.obj (.text:ti_sysbios_knl_Task_enter__I)
                  0083eca0    00000060                  : BIOS.obj (.text:ti_sysbios_knl_Task_sleepTimeout__I)
                  0083ed00    00000060     rts6600_elf.lib : trgmsg.obj (.text:writemsg)
                  0083ed60    00000060     core1_pe66.oe66 (.text:xdc_runtime_GateNull_Object__create__S)
                  0083edc0    00000060     ti.targets.rts6000.ae66 : Memory.oe66 (.text:xdc_runtime_Memory_calloc__F)
                  0083ee20    00000060                             : Memory.oe66 (.text:xdc_runtime_Memory_valloc__F)
                  0083ee80    00000060                             : SysMin.oe66 (.text:xdc_runtime_SysMin_Module_startup__F)
                  0083eee0    00000060                             : SysStd.oe66 (.text:xdc_runtime_SysStd_abort__F)
                  0083ef40    00000060                             : System.oe66 (.text:xdc_runtime_System_avprintf__F)
                  0083efa0    00000060                             : System.oe66 (.text:xdc_runtime_System_vprintf__F)
                  0083f000    00000060                             : Text.oe66 (.text:xdc_runtime_Text_cordText__F)
                  0083f060    00000040     INT_vectors.obj (.text)
                  0083f0a0    00000040     ti.drv.qmss.ae66 : qmss_drv.oe66 (.text:Qmss_ackInterrupt)
                  0083f0e0    00000040                      : qmss_drv.oe66 (.text:Qmss_getMemRegDescSize)
                  0083f120    00000040     ti.drv.srio.ae66 : listlib.oe66 (.text:Srio_listAdd)
                  0083f160    00000040                      : listlib.oe66 (.text:Srio_listRemove)
                  0083f1a0    00000040     rts6600_elf.lib : isinf.obj (.text:__c6xabi_isinf)
                  0083f1e0    00000040                     : _printfi.obj (.text:__c6xabi_isnan)
                  0083f220    00000040                     : strasg.obj (.text:__strasgi_64plus)
                  0083f260    00000040                     : args_main.obj (.text:_args_main)
                  0083f2a0    00000040     sysbios.ae66 : c62_TaskSupport_asm.obj (.text:_ti_sysbios_family_c62_TaskSupport_buildTaskStack)
                  0083f2e0    00000040                  : c64p_Hwi_asm_switch.obj (.text:_ti_sysbios_family_xxx_Hwi_switchToIsrStack)
                  0083f320    00000040     core1_pe66.oe66 (.text:free)
                  0083f360    00000040     rts6600_elf.lib : fputs.obj (.text:puts)
                  0083f3a0    00000040     core1_pe66.oe66 (.text:ti_sdo_ipc_GateMP_Object__delete__S)
                  0083f3e0    00000040     core1_pe66.oe66 (.text:ti_sdo_ipc_GateMP_Params__init__S)
                  0083f420    00000040     core1_pe66.oe66 (.text:ti_sdo_ipc_GateMP_RemoteCustom1Proxy_Object__create__S)
                  0083f460    00000040     core1_pe66.oe66 (.text:ti_sdo_ipc_GateMP_RemoteCustom2Proxy_Object__create__S)
                  0083f4a0    00000040     core1_pe66.oe66 (.text:ti_sdo_ipc_GateMP_RemoteSystemProxy_Object__create__S)
                  0083f4e0    00000040     core1_pe66.oe66 (.text:ti_sdo_ipc_ListMP_Object__delete__S)
                  0083f520    00000040     core1_pe66.oe66 (.text:ti_sdo_ipc_ListMP_Params__init__S)
                  0083f560    00000040     core1_pe66.oe66 (.text:ti_sdo_ipc_MessageQ_Params__init__S)
                  0083f5a0    00000040     core1_pe66.oe66 (.text:ti_sdo_ipc_MessageQ_registerTransport__E)
                  0083f5e0    00000040     ipc.lib : Ipc.obj (.text:ti_sdo_ipc_family_c647x_Interrupt_intClear__E)
                  0083f620    00000040             : Ipc.obj (.text:ti_sdo_ipc_family_c647x_Interrupt_intSend__E)
                  0083f660    00000040     core1_pe66.oe66 (.text:ti_sdo_ipc_gates_GateHWSem_Handle__label__S)
                  0083f6a0    00000040     core1_pe66.oe66 (.text:ti_sdo_ipc_gates_GateHWSem_Object__delete__S)
                  0083f6e0    00000040     core1_pe66.oe66 (.text:ti_sdo_ipc_gates_GateHWSem_Params__init__S)
                  0083f720    00000040     core1_pe66.oe66 (.text:ti_sdo_ipc_gates_GateMPSupportNull_Handle__label__S)
                  0083f760    00000040     core1_pe66.oe66 (.text:ti_sdo_ipc_gates_GateMPSupportNull_Object__delete__S)
                  0083f7a0    00000040     core1_pe66.oe66 (.text:ti_sdo_ipc_gates_GateMPSupportNull_Params__init__S)
                  0083f7e0    00000040     core1_pe66.oe66 (.text:ti_sdo_ipc_gates_GatePeterson_Handle__label__S)
                  0083f820    00000040     core1_pe66.oe66 (.text:ti_sdo_ipc_gates_GatePeterson_Object__delete__S)
                  0083f860    00000040     core1_pe66.oe66 (.text:ti_sdo_ipc_gates_GatePeterson_Params__init__S)
                  0083f8a0    00000040     core1_pe66.oe66 (.text:ti_sdo_ipc_heaps_HeapBufMP_Handle__label__S)
                  0083f8e0    00000040     core1_pe66.oe66 (.text:ti_sdo_ipc_heaps_HeapBufMP_Object__delete__S)
                  0083f920    00000040     core1_pe66.oe66 (.text:ti_sdo_ipc_heaps_HeapBufMP_Params__init__S)
                  0083f960    00000040     core1_pe66.oe66 (.text:ti_sdo_ipc_heaps_HeapMemMP_Handle__label__S)
                  0083f9a0    00000040     core1_pe66.oe66 (.text:ti_sdo_ipc_heaps_HeapMemMP_Object__delete__S)
                  0083f9e0    00000040     core1_pe66.oe66 (.text:ti_sdo_ipc_heaps_HeapMemMP_Params__init__S)
                  0083fa20    00000040     core1_pe66.oe66 (.text:ti_sdo_ipc_notifyDrivers_NotifyDriverShm_Handle__label__S)
                  0083fa60    00000040     core1_pe66.oe66 (.text:ti_sdo_ipc_notifyDrivers_NotifyDriverShm_InterruptProxy_intRegister__E)
                  0083faa0    00000040     core1_pe66.oe66 (.text:ti_sdo_ipc_notifyDrivers_NotifyDriverShm_Object__delete__S)
                  0083fae0    00000040     core1_pe66.oe66 (.text:ti_sdo_ipc_notifyDrivers_NotifyDriverShm_Params__init__S)
                  0083fb20    00000040     ipc.lib : Ipc.obj (.text:ti_sdo_ipc_notifyDrivers_NotifyDriverShm_disable__E)
                  0083fb60    00000040             : Ipc.obj (.text:ti_sdo_ipc_notifyDrivers_NotifyDriverShm_enable__E)
                  0083fba0    00000040     core1_pe66.oe66 (.text:ti_sdo_ipc_nsremote_NameServerRemoteNotify_Handle__label__S)
                  0083fbe0    00000040     core1_pe66.oe66 (.text:ti_sdo_ipc_nsremote_NameServerRemoteNotify_Object__delete__S)
                  0083fc20    00000040     core1_pe66.oe66 (.text:ti_sdo_ipc_nsremote_NameServerRemoteNotify_Object__first__S)
                  0083fc60    00000040     core1_pe66.oe66 (.text:ti_sdo_ipc_nsremote_NameServerRemoteNotify_Object__next__S)
                  0083fca0    00000040     core1_pe66.oe66 (.text:ti_sdo_ipc_nsremote_NameServerRemoteNotify_Params__init__S)
                  0083fce0    00000040     core1_pe66.oe66 (.text:ti_sdo_ipc_nsremote_NameServerRemoteNotify_get__E)
                  0083fd20    00000040     ipc.lib : Ipc.obj (.text:ti_sdo_ipc_nsremote_NameServerRemoteNotify_sharedMemReq__E)
                  0083fd60    00000040     core1_pe66.oe66 (.text:ti_sdo_ipc_transports_TransportShm_Handle__label__S)
                  0083fda0    00000040     core1_pe66.oe66 (.text:ti_sdo_ipc_transports_TransportShm_Object__delete__S)
                  0083fde0    00000040     core1_pe66.oe66 (.text:ti_sdo_ipc_transports_TransportShm_Params__init__S)
                  0083fe20    00000040     core1_pe66.oe66 (.text:ti_sdo_utils_List_Object__destruct__S)
                  0083fe60    00000040     core1_pe66.oe66 (.text:ti_sdo_utils_NameServer_Module__startupDone__F)
                  0083fea0    00000040     core1_pe66.oe66 (.text:ti_sdo_utils_NameServer_Object__first__S)
                  0083fee0    00000040     core1_pe66.oe66 (.text:ti_sdo_utils_NameServer_Object__next__S)
                  0083ff20    00000040     core1_pe66.oe66 (.text:ti_sysbios_BIOS_startFunc__I)
                  0083ff60    00000040     core1_pe66.oe66 (.text:ti_sysbios_family_c64p_EventCombiner_dispatchPlug__E)
                  0083ffa0    00000040     sysbios.ae66 : BIOS.obj (.text:ti_sysbios_family_c64p_EventCombiner_enableEvent__F)
                  0083ffe0    00000040     core1_pe66.oe66 (.text:ti_sysbios_family_c64p_Hwi_Module__startupDone__F)
                  00840020    00000040     core1_pe66.oe66 (.text:ti_sysbios_family_c64p_Hwi_Object__delete__S)
                  00840060    00000040     core1_pe66.oe66 (.text:ti_sysbios_family_c64p_Hwi_Params__init__S)
                  008400a0    00000040     sysbios.ae66 : BIOS.obj (.text:ti_sysbios_family_c64p_Hwi_disableInterrupt__E)
                  008400e0    00000040                  : BIOS.obj (.text:ti_sysbios_family_c64p_Hwi_enableInterrupt__E)
                  00840120    00000040     core1_pe66.oe66 (.text:ti_sysbios_family_c66_tci66xx_CpIntc_dispatchPlug__E)
                  00840160    00000040     sysbios.ae66 : BIOS.obj (.text:ti_sysbios_family_c66_tci66xx_CpIntc_dispatchPlug__F)
                  008401a0    00000040     core1_pe66.oe66 (.text:ti_sysbios_gates_GateAll_Handle__label__S)
                  008401e0    00000040     core1_pe66.oe66 (.text:ti_sysbios_gates_GateAll_Object__delete__S)
                  00840220    00000040     core1_pe66.oe66 (.text:ti_sysbios_gates_GateHwi_Handle__label__S)
                  00840260    00000040     core1_pe66.oe66 (.text:ti_sysbios_gates_GateHwi_Object__delete__S)
                  008402a0    00000040     core1_pe66.oe66 (.text:ti_sysbios_gates_GateMutexPri_Handle__label__S)
                  008402e0    00000040     sysbios.ae66 : BIOS.obj (.text:ti_sysbios_gates_GateMutexPri_Instance_init__F)
                  00840320    00000040     core1_pe66.oe66 (.text:ti_sysbios_gates_GateMutexPri_Object__delete__S)
                  00840360    00000040     core1_pe66.oe66 (.text:ti_sysbios_gates_GateMutexPri_Object__destruct__S)
                  008403a0    00000040     core1_pe66.oe66 (.text:ti_sysbios_gates_GateMutex_Handle__label__S)
                  008403e0    00000040     core1_pe66.oe66 (.text:ti_sysbios_gates_GateMutex_Object__delete__S)
                  00840420    00000040     sysbios.ae66 : BIOS.obj (.text:ti_sysbios_gates_GateMutex_leave__E)
                  00840460    00000040     core1_pe66.oe66 (.text:ti_sysbios_gates_GateSwi_Handle__label__S)
                  008404a0    00000040     core1_pe66.oe66 (.text:ti_sysbios_gates_GateSwi_Object__delete__S)
                  008404e0    00000040     core1_pe66.oe66 (.text:ti_sysbios_hal_Cache_CacheProxy_inv__E)
                  00840520    00000040     core1_pe66.oe66 (.text:ti_sysbios_hal_Cache_CacheProxy_wbInv__E)
                  00840560    00000040     core1_pe66.oe66 (.text:ti_sysbios_hal_Timer_Module__startupDone__F)
                  008405a0    00000040     core1_pe66.oe66 (.text:ti_sysbios_heaps_HeapMem_Handle__label__S)
                  008405e0    00000040     core1_pe66.oe66 (.text:ti_sysbios_heaps_HeapMem_Object__delete__S)
                  00840620    00000040     core1_pe66.oe66 (.text:ti_sysbios_knl_Queue_Object__destruct__S)
                  00840660    00000040     core1_pe66.oe66 (.text:ti_sysbios_knl_Semaphore_Object__delete__S)
                  008406a0    00000040     core1_pe66.oe66 (.text:ti_sysbios_knl_Semaphore_Object__destruct__S)
                  008406e0    00000040     core1_pe66.oe66 (.text:ti_sysbios_knl_Semaphore_Params__init__S)
                  00840720    00000040     core1_pe66.oe66 (.text:ti_sysbios_knl_Swi_Object__destruct__S)
                  00840760    00000040     core1_pe66.oe66 (.text:ti_sysbios_knl_Swi_Params__init__S)
                  008407a0    00000040     core1_pe66.oe66 (.text:ti_sysbios_knl_Task_Object__first__S)
                  008407e0    00000040     core1_pe66.oe66 (.text:ti_sysbios_knl_Task_Object__next__S)
                  00840820    00000040     core1_pe66.oe66 (.text:ti_sysbios_syncs_SyncSem_Handle__label__S)
                  00840860    00000040     core1_pe66.oe66 (.text:ti_sysbios_syncs_SyncSem_Object__delete__S)
                  008408a0    00000040     core1_pe66.oe66 (.text:ti_sysbios_timers_timer64_Timer_Module__startupDone__F)
                  008408e0    00000040     sysbios.ae66 : BIOS.obj (.text:ti_sysbios_xdcruntime_GateThreadSupport_Instance_init__F)
                  00840920    00000040     core1_pe66.oe66 (.text:ti_sysbios_xdcruntime_GateThreadSupport_Object__delete__S)
                  00840960    00000040     ti.targets.rts6000.ae66 : Error.oe66 (.text:xdc_runtime_Error_check__F)
                  008409a0    00000040                             : Error.oe66 (.text:xdc_runtime_Error_init__F)
                  008409e0    00000040     core1_pe66.oe66 (.text:xdc_runtime_Error_raiseX__E)
                  00840a20    00000040     core1_pe66.oe66 (.text:xdc_runtime_GateNull_Handle__label__S)
                  00840a60    00000040     core1_pe66.oe66 (.text:xdc_runtime_GateNull_Object__delete__S)
                  00840aa0    00000040     ti.targets.rts6000.ae66 : Gate.oe66 (.text:xdc_runtime_Gate_leaveSystem__F)
                  00840ae0    00000040     core1_pe66.oe66 (.text:xdc_runtime_IHeap_alloc)
                  00840b20    00000040     core1_pe66.oe66 (.text:xdc_runtime_IHeap_free)
                  00840b60    00000040     ti.targets.rts6000.ae66 : Memory.oe66 (.text:xdc_runtime_Memory_free__F)
                  00840ba0    00000040     core1_pe66.oe66 (.text:xdc_runtime_Memory_valloc__E)
                  00840be0    00000040     ti.targets.rts6000.ae66 : Registry.oe66 (.text:xdc_runtime_Registry_findById__F)
                  00840c20    00000040     core1_pe66.oe66 (.text:xdc_runtime_Startup_exec__I)
                  00840c60    00000040     ti.targets.rts6000.ae66 : System.oe66 (.text:xdc_runtime_System_abort__F)
                  00840ca0    00000040     core1_pe66.oe66 (.text:xdc_runtime_System_aprintf__E)
                  00840ce0    00000040     core1_pe66.oe66 (.text:xdc_runtime_System_printf__E)
                  00840d20    00000040     ti.targets.rts6000.ae66 : Text.oe66 (.text:xdc_runtime_Text_ropeText__F)
                  00840d60    00000040     core1_pe66.oe66 (.text:xdc_runtime_Text_visitRope__I)
                  00840da0    00000040     core1_pe66.oe66 (.text:xdc_runtime_knl_GateThread_Handle__label__S)
                  00840de0    00000040     ti.targets.rts6000.ae66 : GateThread.oe66 (.text:xdc_runtime_knl_GateThread_Instance_finalize__F)
                  00840e20    00000040                             : GateThread.oe66 (.text:xdc_runtime_knl_GateThread_Instance_init__F)
                  00840e60    00000040     core1_pe66.oe66 (.text:xdc_runtime_knl_GateThread_Object__delete__S)
                  00840ea0    00000040     core1_pe66.oe66 (.text:xdc_runtime_knl_GateThread_Proxy_Object__create__S)
                  00840ee0    00000020     ti.csl.ae66 : csl_srioGetBaseAddress.oe66 (.text:CSL_SRIO_Open)
                  00840f00    00000020     ti.drv.qmss.ae66 : qmss_drv.oe66 (.text:Qmss_getQueueHandle)
                  00840f20    00000020                      : qmss_drv.oe66 (.text:Qmss_getQueueNumber)
                  00840f40    00000020                      : qmss_drv.oe66 (.text:Qmss_start)
                  00840f60    00000020     ti.drv.srio.ae66 : listlib.oe66 (.text:Srio_listGetHead)
                  00840f80    00000020                      : listlib.oe66 (.text:Srio_listGetNext)
                  00840fa0    00000020     rts6600_elf.lib : negll.obj (.text:__c6xabi_negll)
                  00840fc0    00000020                     : dtor_list.obj (.text:__cxa_atexit)
                  00840fe0    00000020                     : dtor_list.obj (.text:__cxa_ia64_exit)
                  00841000    00000020     ti.targets.rts6000.ae66 : xdc_noinit.oe66 (.text:__xdc__init)
                  00841020    00000020     rts6600_elf.lib : _lock.obj (.text:_nop)
                  00841040    00000020                     : printf.obj (.text:_outc)
                  00841060    00000020                     : printf.obj (.text:_outs)
                  00841080    00000020                     : _lock.obj (.text:_register_lock)
                  008410a0    00000020                     : _lock.obj (.text:_register_unlock)
                  008410c0    00000020     sysbios.ae66 : c62_TaskSupport_asm.obj (.text:_ti_sysbios_family_c62_TaskSupport_glue)
                  008410e0    00000020                  : c64p_Hwi_asm_switch.obj (.text:_ti_sysbios_family_xxx_Hwi_switchToTaskStack)
                  00841100    00000020     rts6600_elf.lib : exit.obj (.text:abort)
                  00841120    00000020                     : dtor_list.obj (.text:atexit)
                  00841140    00000020     ti.drv.cppi.ae66 : cppi_heap.oe66 (.text:cppi_internal_heap_free)
                  00841160    00000020                      : cppi_listlib.oe66 (.text:cppi_list_get_head)
                  00841180    00000020                      : cppi_listlib.oe66 (.text:cppi_list_get_next)
                  008411a0    00000020     ti.csl.ae66 : csl_tsc.oe66 (.text:cslsys_section:tsc)
                  008411c0    00000020     rts6600_elf.lib : copy_decompress_none.obj (.text:decompress:none:__TI_decompress_none)
                  008411e0    00000020                     : copy_decompress_rle.obj (.text:decompress:rle24:__TI_decompress_rle24)
                  00841200    00000020                     : fputc.obj (.text:putc)
                  00841220    00000020                     : fputc.obj (.text:putchar)
                  00841240    00000020     core1_pe66.oe66 (.text:ti_sdo_ipc_GateMP_RemoteCustom1Proxy_Object__delete__S)
                  00841260    00000020     core1_pe66.oe66 (.text:ti_sdo_ipc_GateMP_RemoteCustom1Proxy_Params__init__S)
                  00841280    00000020     core1_pe66.oe66 (.text:ti_sdo_ipc_GateMP_RemoteCustom1Proxy_Proxy__abstract__S)
                  008412a0    00000020     core1_pe66.oe66 (.text:ti_sdo_ipc_GateMP_RemoteCustom1Proxy_Proxy__delegate__S)
                  008412c0    00000020     core1_pe66.oe66 (.text:ti_sdo_ipc_GateMP_RemoteCustom1Proxy_getReservedMask__E)
                  008412e0    00000020     core1_pe66.oe66 (.text:ti_sdo_ipc_GateMP_RemoteCustom1Proxy_sharedMemReq__E)
                  00841300    00000020     core1_pe66.oe66 (.text:ti_sdo_ipc_GateMP_RemoteCustom2Proxy_Object__delete__S)
                  00841320    00000020     core1_pe66.oe66 (.text:ti_sdo_ipc_GateMP_RemoteCustom2Proxy_Params__init__S)
                  00841340    00000020     core1_pe66.oe66 (.text:ti_sdo_ipc_GateMP_RemoteCustom2Proxy_Proxy__abstract__S)
                  00841360    00000020     core1_pe66.oe66 (.text:ti_sdo_ipc_GateMP_RemoteCustom2Proxy_Proxy__delegate__S)
                  00841380    00000020     core1_pe66.oe66 (.text:ti_sdo_ipc_GateMP_RemoteCustom2Proxy_getReservedMask__E)
                  008413a0    00000020     core1_pe66.oe66 (.text:ti_sdo_ipc_GateMP_RemoteCustom2Proxy_sharedMemReq__E)
                  008413c0    00000020     core1_pe66.oe66 (.text:ti_sdo_ipc_GateMP_RemoteSystemProxy_Object__delete__S)
                  008413e0    00000020     core1_pe66.oe66 (.text:ti_sdo_ipc_GateMP_RemoteSystemProxy_Params__init__S)
                  00841400    00000020     core1_pe66.oe66 (.text:ti_sdo_ipc_GateMP_RemoteSystemProxy_Proxy__abstract__S)
                  00841420    00000020     core1_pe66.oe66 (.text:ti_sdo_ipc_GateMP_RemoteSystemProxy_Proxy__delegate__S)
                  00841440    00000020     core1_pe66.oe66 (.text:ti_sdo_ipc_GateMP_RemoteSystemProxy_getReservedMask__E)
                  00841460    00000020     core1_pe66.oe66 (.text:ti_sdo_ipc_GateMP_RemoteSystemProxy_sharedMemReq__E)
                  00841480    00000020     core1_pe66.oe66 (.text:ti_sdo_ipc_GateMP_attach__E)
                  008414a0    00000020     core1_pe66.oe66 (.text:ti_sdo_ipc_GateMP_getRegion0ReservedSize__E)
                  008414c0    00000020     core1_pe66.oe66 (.text:ti_sdo_ipc_GateMP_getSharedAddr__E)
                  008414e0    00000020     ipc.lib : Ipc.obj (.text:ti_sdo_ipc_GateMP_getSharedAddr__F)
                  00841500    00000020     core1_pe66.oe66 (.text:ti_sdo_ipc_GateMP_start__E)
                  00841520    00000020     core1_pe66.oe66 (.text:ti_sdo_ipc_MessageQ_Module_startup__E)
                  00841540    00000020     core1_pe66.oe66 (.text:ti_sdo_ipc_MessageQ_SetupTransportProxy_attach__E)
                  00841560    00000020     core1_pe66.oe66 (.text:ti_sdo_ipc_MessageQ_SetupTransportProxy_isRegistered__E)
                  00841580    00000020     core1_pe66.oe66 (.text:ti_sdo_ipc_MessageQ_SetupTransportProxy_sharedMemReq__E)
                  008415a0    00000020     core1_pe66.oe66 (.text:ti_sdo_ipc_MessageQ_unregisterTransport__E)
                  008415c0    00000020     core1_pe66.oe66 (.text:ti_sdo_ipc_Notify_Module_GateProxy_enter__E)
                  008415e0    00000020     core1_pe66.oe66 (.text:ti_sdo_ipc_Notify_Module_GateProxy_leave__E)
                  00841600    00000020     core1_pe66.oe66 (.text:ti_sdo_ipc_Notify_Module_startup__E)
                  00841620    00000020     core1_pe66.oe66 (.text:ti_sdo_ipc_Notify_SetupProxy_attach__E)
                  00841640    00000020     core1_pe66.oe66 (.text:ti_sdo_ipc_Notify_SetupProxy_numIntLines__E)
                  00841660    00000020     core1_pe66.oe66 (.text:ti_sdo_ipc_Notify_SetupProxy_sharedMemReq__E)
                  00841680    00000020     core1_pe66.oe66 (.text:ti_sdo_ipc_Notify_exec__E)
                  008416a0    00000020     core1_pe66.oe66 (.text:ti_sdo_ipc_SharedRegion_attach__E)
                  008416c0    00000020     core1_pe66.oe66 (.text:ti_sdo_ipc_SharedRegion_clearReservedMemory__E)
                  008416e0    00000020     core1_pe66.oe66 (.text:ti_sdo_ipc_SharedRegion_reserveMemory__E)
                  00841700    00000020     core1_pe66.oe66 (.text:ti_sdo_ipc_SharedRegion_start__E)
                  00841720    00000020     core1_pe66.oe66 (.text:ti_sdo_ipc_family_c647x_Interrupt_Module_startup__E)
                  00841740    00000020     ipc.lib : Ipc.obj (.text:ti_sdo_ipc_family_c647x_Interrupt_intDisable__E)
                  00841760    00000020             : Ipc.obj (.text:ti_sdo_ipc_family_c647x_Interrupt_intEnable__E)
                  00841780    00000020             : Ipc.obj (.text:ti_sdo_ipc_family_c647x_NotifySetup_numIntLines__E)
                  008417a0    00000020     core1_pe66.oe66 (.text:ti_sdo_ipc_gates_GateHWSem_Module_startup__E)
                  008417c0    00000020     ipc.lib : Ipc.obj (.text:ti_sdo_ipc_gates_GateHWSem_getReservedMask__E)
                  008417e0    00000020     core1_pe66.oe66 (.text:ti_sdo_ipc_gates_GateHWSem_query__E)
                  00841800    00000020     ipc.lib : Ipc.obj (.text:ti_sdo_ipc_gates_GateHWSem_query__F)
                  00841820    00000020             : Ipc.obj (.text:ti_sdo_ipc_gates_GateHWSem_sharedMemReq__E)
                  00841840    00000020             : Ipc.obj (.text:ti_sdo_ipc_gates_GateMPSupportNull_Instance_init__F)
                  00841860    00000020             : Ipc.obj (.text:ti_sdo_ipc_gates_GateMPSupportNull_getReservedMask__E)
                  00841880    00000020     core1_pe66.oe66 (.text:ti_sdo_ipc_gates_GateMPSupportNull_query__E)
                  008418a0    00000020     ipc.lib : Ipc.obj (.text:ti_sdo_ipc_gates_GateMPSupportNull_query__F)
                  008418c0    00000020             : Ipc.obj (.text:ti_sdo_ipc_gates_GateMPSupportNull_sharedMemReq__E)
                  008418e0    00000020             : Ipc.obj (.text:ti_sdo_ipc_gates_GatePeterson_getReservedMask__E)
                  00841900    00000020     core1_pe66.oe66 (.text:ti_sdo_ipc_gates_GatePeterson_query__E)
                  00841920    00000020     ipc.lib : Ipc.obj (.text:ti_sdo_ipc_gates_GatePeterson_query__F)
                  00841940    00000020     core1_pe66.oe66 (.text:ti_sdo_ipc_heaps_HeapBufMP_getStats__E)
                  00841960    00000020     core1_pe66.oe66 (.text:ti_sdo_ipc_heaps_HeapBufMP_isBlocking__E)
                  00841980    00000020     ipc.lib : Ipc.obj (.text:ti_sdo_ipc_heaps_HeapBufMP_isBlocking__F)
                  008419a0    00000020     core1_pe66.oe66 (.text:ti_sdo_ipc_heaps_HeapMemMP_isBlocking__E)
                  008419c0    00000020     ipc.lib : Ipc.obj (.text:ti_sdo_ipc_heaps_HeapMemMP_isBlocking__F)
                  008419e0    00000020     core1_pe66.oe66 (.text:ti_sdo_ipc_notifyDrivers_NotifyDriverShm_InterruptProxy_intClear__E)
                  00841a00    00000020     core1_pe66.oe66 (.text:ti_sdo_ipc_notifyDrivers_NotifyDriverShm_InterruptProxy_intDisable__E)
                  00841a20    00000020     core1_pe66.oe66 (.text:ti_sdo_ipc_notifyDrivers_NotifyDriverShm_InterruptProxy_intEnable__E)
                  00841a40    00000020     core1_pe66.oe66 (.text:ti_sdo_ipc_notifyDrivers_NotifyDriverShm_InterruptProxy_intSend__E)
                  00841a60    00000020     core1_pe66.oe66 (.text:ti_sdo_ipc_notifyDrivers_NotifyDriverShm_InterruptProxy_intUnregister__E)
                  00841a80    00000020     core1_pe66.oe66 (.text:ti_sdo_ipc_notifyDrivers_NotifyDriverShm_sharedMemReq__E)
                  00841aa0    00000020     ipc.lib : Ipc.obj (.text:ti_sdo_ipc_nsremote_NameServerRemoteNotify_cbFxn__I)
                  00841ac0    00000020             : Ipc.obj (.text:ti_sdo_ipc_transports_TransportShmSetup_isRegistered__E)
                  00841ae0    00000020             : Ipc.obj (.text:ti_sdo_ipc_transports_TransportShm_control__E)
                  00841b00    00000020             : Ipc.obj (.text:ti_sdo_ipc_transports_TransportShm_getStatus__E)
                  00841b20    00000020             : Ipc.obj (.text:ti_sdo_ipc_transports_TransportShm_notifyFxn__I)
                  00841b40    00000020     core1_pe66.oe66 (.text:ti_sdo_ipc_transports_TransportShm_openByAddr__E)
                  00841b60    00000020     core1_pe66.oe66 (.text:ti_sdo_ipc_transports_TransportShm_setErrFxn__E)
                  00841b80    00000020     ipc.lib : Ipc.obj (.text:ti_sdo_ipc_transports_TransportShm_setErrFxn__F)
                  00841ba0    00000020     core1_pe66.oe66 (.text:ti_sdo_ipc_transports_TransportShm_sharedMemReq__E)
                  00841bc0    00000020     ipc.lib : Ipc.obj (.text:ti_sdo_utils_List_Instance_init__F)
                  00841be0    00000020     core1_pe66.oe66 (.text:ti_sdo_utils_MultiProc_getClusterId__E)
                  00841c00    00000020     ipc.lib : Ipc.obj (.text:ti_sdo_utils_MultiProc_getClusterId__F)
                  00841c20    00000020     core1_pe66.oe66 (.text:ti_sdo_utils_NameServer_Module__startupDone__S)
                  00841c40    00000020     core1_pe66.oe66 (.text:ti_sdo_utils_NameServer_Module_startup__E)
                  00841c60    00000020     core1_pe66.oe66 (.text:ti_sdo_utils_NameServer_SetupProxy_attach__E)
                  00841c80    00000020     core1_pe66.oe66 (.text:ti_sdo_utils_NameServer_SetupProxy_sharedMemReq__E)
                  00841ca0    00000020     core1_pe66.oe66 (.text:ti_sysbios_BIOS_RtsGateProxy_enter__E)
                  00841cc0    00000020     core1_pe66.oe66 (.text:ti_sysbios_BIOS_RtsGateProxy_leave__E)
                  00841ce0    00000020     sysbios.ae66 : BIOS.obj (.text:ti_sysbios_BIOS_getThreadType__E)
                  00841d00    00000020                  : BIOS.obj (.text:ti_sysbios_BIOS_nullFunc__I)
                  00841d20    00000020                  : BIOS.obj (.text:ti_sysbios_BIOS_setThreadType__E)
                  00841d40    00000020                  : BIOS.obj (.text:ti_sysbios_BIOS_start__E)
                  00841d60    00000020     core1_pe66.oe66 (.text:ti_sysbios_family_c62_TaskSupport_Module__startupDone__S)
                  00841d80    00000020     sysbios.ae66 : BIOS.obj (.text:ti_sysbios_family_c62_TaskSupport_checkStack__E)
                  00841da0    00000020     core1_pe66.oe66 (.text:ti_sysbios_family_c64p_EventCombiner_Module_startup__E)
                  00841dc0    00000020     core1_pe66.oe66 (.text:ti_sysbios_family_c64p_EventCombiner_dispatch__E)
                  00841de0    00000020     core1_pe66.oe66 (.text:ti_sysbios_family_c64p_EventCombiner_enableEvent__E)
                  00841e00    00000020     core1_pe66.oe66 (.text:ti_sysbios_family_c64p_EventCombiner_unused__E)
                  00841e20    00000020     core1_pe66.oe66 (.text:ti_sysbios_family_c64p_Exception_Module_startup__E)
                  00841e40    00000020     core1_pe66.oe66 (.text:ti_sysbios_family_c64p_Hwi_Module__startupDone__S)
                  00841e60    00000020     core1_pe66.oe66 (.text:ti_sysbios_family_c64p_Hwi_Module_startup__E)
                  00841e80    00000020     sysbios.ae66 : BIOS.obj (.text:ti_sysbios_family_c64p_Hwi_clearInterrupt__E)
                  00841ea0    00000020                  : BIOS.obj (.text:ti_sysbios_family_c64p_Hwi_getHandle__E)
                  00841ec0    00000020                  : BIOS.obj (.text:ti_sysbios_family_c64p_Hwi_startup__E)
                  00841ee0    00000020                  : BIOS.obj (.text:ti_sysbios_family_c64p_Hwi_switchFromBootStack__E)
                  00841f00    00000020                  : BIOS.obj (.text:ti_sysbios_family_c64p_Hwi_unPluggedInterrupt__I)
                  00841f20    00000020                  : BIOS.obj (.text:ti_sysbios_family_c64p_tci6488_TimerSupport_enable__E)
                  00841f40    00000020     core1_pe66.oe66 (.text:ti_sysbios_family_c66_Cache_Module_startup__E)
                  00841f60    00000020     sysbios.ae66 : BIOS.obj (.text:ti_sysbios_family_c66_Cache_inv__E)
                  00841f80    00000020                  : BIOS.obj (.text:ti_sysbios_family_c66_Cache_wbInv__E)
                  00841fa0    00000020     core1_pe66.oe66 (.text:ti_sysbios_family_c66_tci66xx_CpIntc_Module_startup__E)
                  00841fc0    00000020     core1_pe66.oe66 (.text:ti_sysbios_family_c66_tci66xx_CpIntc_dispatch__E)
                  00841fe0    00000020     core1_pe66.oe66 (.text:ti_sysbios_family_c66_tci66xx_CpIntc_enableHostInt__E)
                  00842000    00000020     sysbios.ae66 : BIOS.obj (.text:ti_sysbios_family_c66_tci66xx_CpIntc_enableHostInt__F)
                  00842020    00000020     core1_pe66.oe66 (.text:ti_sysbios_family_c66_tci66xx_CpIntc_enableSysInt__E)
                  00842040    00000020     sysbios.ae66 : BIOS.obj (.text:ti_sysbios_family_c66_tci66xx_CpIntc_enableSysInt__F)
                  00842060    00000020     core1_pe66.oe66 (.text:ti_sysbios_family_c66_tci66xx_CpIntc_getEventId__E)
                  00842080    00000020     core1_pe66.oe66 (.text:ti_sysbios_family_c66_tci66xx_CpIntc_mapSysIntToHostInt__E)
                  008420a0    00000020     core1_pe66.oe66 (.text:ti_sysbios_family_c66_tci66xx_CpIntc_unused__E)
                  008420c0    00000020     sysbios.ae66 : BIOS.obj (.text:ti_sysbios_gates_GateAll_Instance_init__F)
                  008420e0    00000020     core1_pe66.oe66 (.text:ti_sysbios_gates_GateAll_query__E)
                  00842100    00000020     sysbios.ae66 : BIOS.obj (.text:ti_sysbios_gates_GateAll_query__F)
                  00842120    00000020                  : BIOS.obj (.text:ti_sysbios_gates_GateHwi_Instance_init__F)
                  00842140    00000020                  : BIOS.obj (.text:ti_sysbios_gates_GateHwi_enter__E)
                  00842160    00000020                  : BIOS.obj (.text:ti_sysbios_gates_GateHwi_leave__E)
                  00842180    00000020     core1_pe66.oe66 (.text:ti_sysbios_gates_GateHwi_query__E)
                  008421a0    00000020     sysbios.ae66 : BIOS.obj (.text:ti_sysbios_gates_GateHwi_query__F)
                  008421c0    00000020                  : BIOS.obj (.text:ti_sysbios_gates_GateMutexPri_Instance_finalize__F)
                  008421e0    00000020     core1_pe66.oe66 (.text:ti_sysbios_gates_GateMutexPri_query__E)
                  00842200    00000020     sysbios.ae66 : BIOS.obj (.text:ti_sysbios_gates_GateMutexPri_query__F)
                  00842220    00000020                  : BIOS.obj (.text:ti_sysbios_gates_GateMutex_Instance_finalize__F)
                  00842240    00000020     core1_pe66.oe66 (.text:ti_sysbios_gates_GateMutex_query__E)
                  00842260    00000020     sysbios.ae66 : BIOS.obj (.text:ti_sysbios_gates_GateMutex_query__F)
                  00842280    00000020                  : BIOS.obj (.text:ti_sysbios_gates_GateSwi_Instance_init__F)
                  008422a0    00000020     core1_pe66.oe66 (.text:ti_sysbios_gates_GateSwi_query__E)
                  008422c0    00000020     sysbios.ae66 : BIOS.obj (.text:ti_sysbios_gates_GateSwi_query__F)
                  008422e0    00000020     core1_pe66.oe66 (.text:ti_sysbios_hal_Hwi_HwiProxy_Module__startupDone__S)
                  00842300    00000020     core1_pe66.oe66 (.text:ti_sysbios_hal_Hwi_HwiProxy_clearInterrupt__E)
                  00842320    00000020     core1_pe66.oe66 (.text:ti_sysbios_hal_Hwi_HwiProxy_disableInterrupt__E)
                  00842340    00000020     core1_pe66.oe66 (.text:ti_sysbios_hal_Hwi_HwiProxy_enableInterrupt__E)
                  00842360    00000020     core1_pe66.oe66 (.text:ti_sysbios_hal_Hwi_HwiProxy_getStackInfo__E)
                  00842380    00000020     core1_pe66.oe66 (.text:ti_sysbios_hal_Hwi_HwiProxy_startup__E)
                  008423a0    00000020     core1_pe66.oe66 (.text:ti_sysbios_hal_Hwi_HwiProxy_switchFromBootStack__E)
                  008423c0    00000020     core1_pe66.oe66 (.text:ti_sysbios_hal_Hwi_Module_startup__E)
                  008423e0    00000020     sysbios.ae66 : BIOS.obj (.text:ti_sysbios_hal_Hwi_Module_startup__F)
                  00842400    00000020     core1_pe66.oe66 (.text:ti_sysbios_hal_Timer_Module__startupDone__S)
                  00842420    00000020     core1_pe66.oe66 (.text:ti_sysbios_hal_Timer_Module_startup__E)
                  00842440    00000020     sysbios.ae66 : BIOS.obj (.text:ti_sysbios_hal_Timer_Module_startup__F)
                  00842460    00000020     core1_pe66.oe66 (.text:ti_sysbios_hal_Timer_TimerProxy_Module__startupDone__S)
                  00842480    00000020     core1_pe66.oe66 (.text:ti_sysbios_hal_Timer_TimerProxy_getExpiredCounts__E)
                  008424a0    00000020     core1_pe66.oe66 (.text:ti_sysbios_hal_Timer_TimerProxy_getPeriod__E)
                  008424c0    00000020     core1_pe66.oe66 (.text:ti_sysbios_hal_Timer_TimerProxy_setNextTick__E)
                  008424e0    00000020     core1_pe66.oe66 (.text:ti_sysbios_hal_Timer_TimerProxy_startup__E)
                  00842500    00000020     core1_pe66.oe66 (.text:ti_sysbios_heaps_HeapBuf_Module_startup__E)
                  00842520    00000020     core1_pe66.oe66 (.text:ti_sysbios_heaps_HeapMem_Module_GateProxy_enter__E)
                  00842540    00000020     core1_pe66.oe66 (.text:ti_sysbios_heaps_HeapMem_Module_GateProxy_leave__E)
                  00842560    00000020     core1_pe66.oe66 (.text:ti_sysbios_heaps_HeapMem_Module_GateProxy_query__E)
                  00842580    00000020     sysbios.ae66 : BIOS.obj (.text:ti_sysbios_heaps_HeapMem_isBlocking__E)
                  008425a0    00000020     core1_pe66.oe66 (.text:ti_sysbios_knl_Clock_Module_State_clockQ)
                  008425c0    00000020     core1_pe66.oe66 (.text:ti_sysbios_knl_Clock_Module_startup__E)
                  008425e0    00000020     sysbios.ae66 : BIOS.obj (.text:ti_sysbios_knl_Idle_loop__E)
                  00842600    00000020                  : BIOS.obj (.text:ti_sysbios_knl_Queue_Instance_init__F)
[...]
0084add4   ti_sysbios_knl_Queue_Object__table__C
0084add8   ti_sysbios_knl_Semaphore_A_badContext__C
0084addc   ti_sysbios_knl_Semaphore_A_noEvents__C
0084ade0   ti_sysbios_knl_Semaphore_A_overflow__C
0084ade4   ti_sysbios_knl_Semaphore_A_pendTaskDisabled__C
0084ade8   ti_sysbios_knl_Semaphore_Instance_State_pendQ__O
0084adec   ti_sysbios_knl_Semaphore_LM_pend__C
0084adf0   ti_sysbios_knl_Semaphore_LM_post__C
0084adf4   ti_sysbios_knl_Semaphore_Module__diagsEnabled__C
0084adf8   ti_sysbios_knl_Semaphore_Module__diagsIncluded__C
0084adfc   ti_sysbios_knl_Semaphore_Module__diagsMask__C
0084ae00   ti_sysbios_knl_Semaphore_Module__loggerFxn2__C
0084ae04   ti_sysbios_knl_Semaphore_Module__loggerFxn4__C
0084ae08   ti_sysbios_knl_Semaphore_Module__loggerObj__C
0084ae0c   ti_sysbios_knl_Swi_A_badPriority__C
0084ae10   ti_sysbios_knl_Swi_LD_end__C
0084ae14   ti_sysbios_knl_Swi_LM_begin__C
0084ae18   ti_sysbios_knl_Swi_LM_post__C
0084ae1c   ti_sysbios_knl_Swi_Module__diagsEnabled__C
0084ae20   ti_sysbios_knl_Swi_Module__diagsIncluded__C
0084ae24   ti_sysbios_knl_Swi_Module__diagsMask__C
0084ae28   ti_sysbios_knl_Swi_Module__loggerFxn1__C
0084ae2c   ti_sysbios_knl_Swi_Module__loggerFxn4__C
0084ae30   ti_sysbios_knl_Swi_Module__loggerObj__C
0084ae34   ti_sysbios_knl_Swi_Object__count__C
0084ae38   ti_sysbios_knl_Swi_Object__table__C
0084ae3c   ti_sysbios_knl_Swi_numPriorities__C
0084ae40   ti_sysbios_knl_Task_A_badPriority__C
0084ae44   ti_sysbios_knl_Task_A_badTimeout__C
0084ae48   ti_sysbios_knl_Task_A_sleepTaskDisabled__C
0084ae4c   ti_sysbios_knl_Task_E_spOutOfBounds__C
0084ae50   ti_sysbios_knl_Task_E_stackOverflow__C
0084ae54   ti_sysbios_knl_Task_LD_block__C
0084ae58   ti_sysbios_knl_Task_LD_exit__C
0084ae5c   ti_sysbios_knl_Task_LD_ready__C
0084ae60   ti_sysbios_knl_Task_LM_setPri__C
0084ae64   ti_sysbios_knl_Task_LM_sleep__C
0084ae68   ti_sysbios_knl_Task_LM_switch__C
0084ae6c   ti_sysbios_knl_Task_LM_yield__C
0084ae70   ti_sysbios_knl_Task_Module_State_inactiveQ__O
0084ae74   ti_sysbios_knl_Task_Module_State_terminatedQ__O
0084ae78   ti_sysbios_knl_Task_Module__diagsEnabled__C
0084ae7c   ti_sysbios_knl_Task_Module__diagsIncluded__C
0084ae80   ti_sysbios_knl_Task_Module__diagsMask__C
0084ae84   ti_sysbios_knl_Task_Module__loggerFxn2__C
0084ae88   ti_sysbios_knl_Task_Module__loggerFxn4__C
0084ae8c   ti_sysbios_knl_Task_Module__loggerObj__C
0084ae90   ti_sysbios_knl_Task_Object__count__C
0084ae94   ti_sysbios_knl_Task_Object__table__C
0084ae98   ti_sysbios_knl_Task_allBlockedFunc__C
0084ae9c   ti_sysbios_knl_Task_numConstructedTasks__C
0084aea0   ti_sysbios_knl_Task_numPriorities__C
0084aea4   ti_sysbios_syncs_SyncSem_Module__diagsEnabled__C
0084aea8   ti_sysbios_syncs_SyncSem_Module__diagsIncluded__C
0084aeac   ti_sysbios_syncs_SyncSem_Module__diagsMask__C
0084aeb0   ti_sysbios_timers_timer64_Timer_A_notAvailable__C
0084aeb4   ti_sysbios_timers_timer64_Timer_E_cannotSupport__C
0084aeb8   ti_sysbios_timers_timer64_Timer_Module__diagsEnabled__C
0084aebc   ti_sysbios_timers_timer64_Timer_Module__diagsIncluded__C
0084aec0   ti_sysbios_timers_timer64_Timer_Module__diagsMask__C
0084aec4   ti_sysbios_timers_timer64_Timer_anyMask__C
0084aec8   ti_sysbios_timers_timer64_Timer_freqDivisor__C
0084aecc   ti_sysbios_timers_timer64_Timer_numLocalTimers__C
0084aed0   ti_sysbios_timers_timer64_Timer_numTimerDevices__C
0084aed4   ti_sysbios_xdcruntime_GateThreadSupport_Instance_State_gate__O
0084aed8   xdc_runtime_Assert_E_assertFailed__C
0084aedc   xdc_runtime_Core_A_initializedParams__C
0084aee0   xdc_runtime_Core_Module__diagsEnabled__C
0084aee4   xdc_runtime_Core_Module__diagsIncluded__C
0084aee8   xdc_runtime_Core_Module__diagsMask__C
0084aeec   xdc_runtime_Error_E_generic__C
0084aef0   xdc_runtime_Error_E_memory__C
0084aef4   xdc_runtime_Error_Module__diagsEnabled__C
0084aef8   xdc_runtime_Error_Module__diagsIncluded__C
0084aefc   xdc_runtime_Error_Module__diagsMask__C
0084af00   xdc_runtime_Error_Module__loggerFxn8__C
0084af04   xdc_runtime_Error_Module__loggerObj__C
0084af08   xdc_runtime_Error_policy__C
0084af0c   xdc_runtime_Error_raiseHook__C
0084af10   xdc_runtime_IGateProvider_Interface__BASE__C
0084af14   xdc_runtime_IHeap_Interface__BASE__C
0084af18   xdc_runtime_IModule_Interface__BASE__C
0084af1c   xdc_runtime_Log_L_error__C
0084af20   xdc_runtime_Memory_defaultHeapInstance__C
0084af24   xdc_runtime_Startup_execImpl__C
0084af28   xdc_runtime_Startup_lastFxns__A
0084af2c   xdc_runtime_Startup_maxPasses__C
0084af30   xdc_runtime_Startup_sfxnRts__C
0084af34   xdc_runtime_Startup_sfxnTab__C
0084af38   xdc_runtime_Startup_startModsFxn__C
0084af3c   xdc_runtime_SysMin_bufSize__C
0084af40   xdc_runtime_System_Module__gateObj__C
0084af44   xdc_runtime_System_extendFxn__C
0084af48   xdc_runtime_System_maxAtexitHandlers__C
0084af4c   xdc_runtime_Text_charTab__C
0084af50   xdc_runtime_Text_nameEmpty__C
0084af54   xdc_runtime_Text_nameStatic__C
0084af58   xdc_runtime_Text_nameUnknown__C
0084af5c   xdc_runtime_Text_nodeTab__C
0084af60   xdc_runtime_Text_visitRopeFxn__C
0084af64   xdc_runtime_knl_ISync_Interface__BASE__C
0084af68   ti_sdo_ipc_SharedRegion_translate__C
0084af6a   ti_sdo_ipc_family_c647x_Interrupt_enableKick__C
0084af6c   ti_sdo_ipc_family_c647x_MultiProcSetup_Module__id__C
0084af6e   ti_sdo_ipc_gates_GateHWSem_Module__id__C
0084af70   ti_sdo_ipc_gates_GateMPSupportNull_Module__id__C
0084af72   ti_sdo_ipc_gates_GatePeterson_Module__id__C
0084af74   ti_sdo_ipc_heaps_HeapBufMP_Module__id__C
0084af76   ti_sdo_ipc_heaps_HeapBufMP_trackAllocs__C
0084af78   ti_sdo_ipc_heaps_HeapMemMP_Module__id__C
0084af7a   ti_sdo_ipc_notifyDrivers_NotifyDriverShm_Module__id__C
0084af7c   ti_sdo_ipc_nsremote_NameServerRemoteNotify_Module__id__C
0084af7e   ti_sdo_ipc_transports_TransportShm_Module__id__C
0084af80   ti_sdo_ipc_transports_TransportShm_notifyEventId__C
0084af82   ti_sdo_utils_MultiProc_Module__id__C
0084af84   ti_sdo_utils_MultiProc_numProcessors__C
0084af86   ti_sdo_utils_MultiProc_numProcsInCluster__C
0084af88   ti_sdo_utils_NameServer_Module__id__C
0084af8a   ti_sysbios_BIOS_Module__id__C
0084af8c   ti_sysbios_family_c64p_EventCombiner_Module__id__C
0084af8e   ti_sysbios_family_c64p_Exception_Module__id__C
0084af90   ti_sysbios_family_c64p_Exception_enableExternalMPC__C
0084af92   ti_sysbios_family_c64p_Exception_enablePrint__C
0084af94   ti_sysbios_family_c64p_Exception_useInternalBuffer__C
0084af96   ti_sysbios_family_c64p_Hwi_Module__id__C
0084af98   ti_sysbios_family_c64p_Hwi_Module__loggerDefined__C
0084af9a   ti_sysbios_family_c66_tci66xx_CpIntc_Module__id__C
0084af9c   ti_sysbios_gates_GateMutexPri_Module__id__C
0084af9e   ti_sysbios_gates_GateMutex_Module__id__C
0084afa0   ti_sysbios_gates_GateSwi_Module__id__C
0084afa2   ti_sysbios_hal_Hwi_Module__id__C
0084afa4   ti_sysbios_heaps_HeapMem_Module__id__C
0084afa6   ti_sysbios_knl_Clock_Module__id__C
0084afa8   ti_sysbios_knl_Clock_Module__loggerDefined__C
0084afaa   ti_sysbios_knl_Semaphore_Module__id__C
0084afac   ti_sysbios_knl_Semaphore_Module__loggerDefined__C
0084afae   ti_sysbios_knl_Swi_Module__id__C
0084afb0   ti_sysbios_knl_Swi_Module__loggerDefined__C
0084afb2   ti_sysbios_knl_Task_Module__id__C
0084afb4   ti_sysbios_knl_Task_Module__loggerDefined__C
0084afb6   ti_sysbios_knl_Task_deleteTerminatedTasks__C
0084afb8   ti_sysbios_knl_Task_initStackFlag__C
0084afba   ti_sysbios_syncs_SyncSem_Module__id__C
0084afbc   ti_sysbios_timers_timer64_Timer_Module__id__C
0084afbe   ti_sysbios_timers_timer64_Timer_startupNeeded__C
0084afc0   xdc_runtime_Core_Module__id__C
0084afc2   xdc_runtime_Error_Module__loggerDefined__C
0084afc4   xdc_runtime_Error_maxDepth__C
0084afc6   xdc_runtime_Memory_Module__id__C
0084afc8   xdc_runtime_Text_charCnt__C
0084afca   xdc_runtime_Text_isLoaded__C
0084afcc   xdc_runtime_Text_registryModsLastId__C
0084afce   xdc_runtime_Text_unnamedModsLastId__C
0084afd0   ti_sysbios_heaps_HeapMem_Instance_State_0_buf__A
00852fd0   host_region
008547d0   gHiPriAccumList
008548d0   qmssInitConfig
00854900   srioSocket
00854908   srcDataBuffer
00854918   dstDataBuffer
00854928   ti_sysbios_knl_Task_Instance_State_0_stack__A
00855128   ti_sysbios_knl_Task_Instance_State_1_stack__A
00855928   ti_sdo_utils_NameServer_Module_State_0_nsRemoteHandle__A
00855948   ti_sysbios_knl_Task_Instance_State_0_hookEnv__A
00855950   ti_sysbios_knl_Task_Instance_State_1_hookEnv__A
00855958   xdc_runtime_SysMin_Module_State_0_outbuf__A
00855d58   _tmpnams
00855e98   qmssLObj
00855fb8   gDataBufferMemMgr
008560a8   exception_record
00856118   mem_prot_key
00856130   ti_sdo_ipc_GateMP_Module_State_0_remoteCustom1Gates__A
00856930   ti_sdo_ipc_GateMP_Module__root__V
00856938   ti_sdo_ipc_GateMP_Module__state__V
00856980   ti_sdo_ipc_Ipc_Module__state__V
0085698c   ti_sdo_ipc_ListMP_Module__root__V
00856994   ti_sdo_ipc_ListMP_Module__state__V
00856998   ti_sdo_ipc_MessageQ_Module__root__V
008569a0   ti_sdo_ipc_MessageQ_Module__state__V
008569bc   ti_sdo_ipc_Notify_Module__root__V
008569c4   ti_sdo_ipc_Notify_Module__state__V
008569cc   ti_sdo_ipc_SharedRegion_Module__state__V
008569d0   ti_sdo_ipc_family_c647x_Interrupt_Module__state__V
008569d8   ti_sdo_ipc_gates_GateHWSem_Module__root__V
008569e0   ti_sdo_ipc_gates_GateMPSupportNull_Module__root__V
008569e8   ti_sdo_ipc_gates_GatePeterson_Module__root__V
008569f0   ti_sdo_ipc_heaps_HeapBufMP_Module__root__V
008569f8   ti_sdo_ipc_heaps_HeapBufMP_Module__state__V
008569fc   ti_sdo_ipc_heaps_HeapMemMP_Module__root__V
00856a04   ti_sdo_ipc_heaps_HeapMemMP_Module__state__V
00856a08   ti_sdo_ipc_notifyDrivers_NotifyDriverShm_Module__root__V
00856a10   ti_sdo_ipc_nsremote_NameServerRemoteNotify_Module__root__V
00856a18   ti_sdo_ipc_transports_TransportShm_Module__root__V
00856a20   ti_sdo_ipc_transports_TransportShmSetup_Module__state__V
00856a24   ti_sdo_utils_List_Module__root__V
00856a2c   ti_sdo_utils_MultiProc_Module__state__V
00856a30   ti_sdo_utils_NameServer_Module__root__V
00856a38   ti_sdo_utils_NameServer_Module__state__V
00856a40   ti_sdo_utils_NameServerRemoteNull_Module__root__V
00856a48   ti_sysbios_BIOS_Module__state__V
00856a68   ti_sysbios_family_c64p_EventCombiner_Module__state__V
00856e68   ti_sysbios_family_c64p_Exception_Module__state__V
00856e98   ti_sysbios_family_c64p_Hwi_Module__root__V
00856ea0   ti_sysbios_family_c64p_Hwi_Module__state__V
00856f08   ti_sysbios_family_c66_tci66xx_CpIntc_Module__state__V
00856f18   ti_sysbios_gates_GateAll_Module__root__V
00856f20   ti_sysbios_gates_GateHwi_Module__root__V
00856f28   ti_sysbios_gates_GateMutex_Module__root__V
00856f30   ti_sysbios_gates_GateMutexPri_Module__root__V
00856f38   ti_sysbios_gates_GateSwi_Module__root__V
00856f40   ti_sysbios_hal_Hwi_Module__root__V
00856f48   ti_sysbios_hal_Timer_Module__root__V
00856f50   ti_sysbios_heaps_HeapBuf_Module__root__V
00856f58   ti_sysbios_heaps_HeapBuf_Module__state__V
00856f5c   ti_sysbios_heaps_HeapMem_Module__root__V
00856f64   ti_sysbios_knl_Clock_Module__root__V
00856f6c   ti_sysbios_knl_Clock_Module__state__V
00856f94   ti_sysbios_knl_Queue_Module__root__V
00856f9c   ti_sysbios_knl_Semaphore_Module__root__V
00856fa4   ti_sysbios_knl_Swi_Module__root__V
00856fac   ti_sysbios_knl_Swi_Module__state__V
00856fc8   ti_sysbios_knl_Task_Module__root__V
00856fd0   ti_sysbios_knl_Task_Module__state__V
00857014   ti_sysbios_syncs_SyncSem_Module__root__V
0085701c   ti_sysbios_timers_timer64_Timer_Module__root__V
00857024   ti_sysbios_timers_timer64_Timer_Module__state__V
00857038   ti_sysbios_xdcruntime_GateThreadSupport_Module__root__V
00857040   xdc_runtime_Error_Module__state__V
00857044   xdc_runtime_GateNull_Module__root__V
0085704c   xdc_runtime_Memory_Module__state__V
00857050   xdc_runtime_Registry_Module__state__V
00857058   xdc_runtime_Startup_Module__state__V
00857060   xdc_runtime_SysMin_Module__state__V
0085706c   xdc_runtime_System_Module__state__V
00857078   xdc_runtime_Text_Module__state__V
00857080   xdc_runtime_knl_GateThread_Module__root__V
00857088   __xdc__init__addr
0085708c   cppiLObj
00857090   ti_sysbios_family_c66_tci66xx_CpIntc_Module_State_0_dispatchTab__A
00857590   _ftable
00857770   ti_sysbios_timers_timer64_Timer_Module_State_0_device__A
008578f0   ti_sdo_utils_NameServer_Object__table__V
00857aa8   ti_sdo_ipc_Ipc_Module_State_0_procEntry__A
00857b48   ti_sysbios_family_c66_tci66xx_CpIntc_Module_State_0_hostIntToSysInt__A
00857be0   ti_sysbios_knl_Task_Object__table__V
00857c2c   TSK_idle
00857c78   ti_sdo_ipc_SharedRegion_Module_State_0_regions__A
00857d08   ti_sdo_ipc_GateMP_Module_State_0_remoteSystemGates__A
00857d88   ti_sysbios_knl_Swi_Module_State_0_readyQ__A
00857e08   ti_sysbios_knl_Task_Module_State_0_readyQ__A
00857e88   ti_sysbios_timers_timer64_Timer_Module_State_0_gctrl__A
00857f08   ti_sysbios_timers_timer64_Timer_Module_State_0_handles__A
00857f88   ti_sysbios_timers_timer64_Timer_Module_State_0_intFreqs__A
00858080   ti_sysbios_family_c64p_Hwi_Object__table__V
008580f8   ti_sysbios_timers_timer64_Timer_Object__table__V
00858144   _ft_end
00858148   LSU_state_index_table
00858190   gstruMpuAddrRange
008581d0   ti_sdo_ipc_MessageQ_Module_State_0_transports__A
00858210   ti_sdo_ipc_family_c647x_Interrupt_Module_State_0_fxnTable__A
00858250   ti_sysbios_gates_GateMutex_Object__table__V
00858290   ti_sysbios_knl_Semaphore_Object__table__V
008582c0   ti_sysbios_knl_Swi_Object__table__V
008582f0   gpEDMA_TC_regs
00858318   gpTimerRegs
00858340   input_clk_str
00858368   internal_exception_str
00858390   Qmss_highEoiVector
008583b0   boot_mode_str
008583d0   bus_err_stat_str
008583f0   gCIC_EXC_EN_MASK
00858410   gpMPU_regs
00858430   ti_sdo_ipc_MessageQ_Module_State_0_heaps__A
00858450   ti_sdo_ipc_Notify_Module_State_0_notifyHandles__A
00858470   ti_sdo_ipc_transports_TransportShmSetup_Module_State_0_handles__A
00858490   xdc_runtime_System_Module_State_0_atexitHandlers__A
008584b0   Peri_MPU_err_type_str
008584c8   ti_sysbios_gates_GateMutexPri_Object__table__V
008584e0   ti_sysbios_heaps_HeapMem_Object__table__V
008584f8   device_type_str
00858510   ti_sysbios_family_c66_tci66xx_CpIntc_Module_State_0_initSIER__A
00858528   Qmss_lowEoiVector
00858538   ti_sysbios_family_c66_tci66xx_CpIntc_Module_State_0_controller__A
00858548   ti_sysbios_gates_GateAll_Object__table__V
00858558   gpEDMA_CC_regs
00858564   _cleanup_ptr
00858568   _dtors_ptr
0085856c   __TI_enable_exit_profile_output
00858570   ti_sysbios_gates_GateSwi_Object__table__V
00858580   Ns_str
00858588   endian_str
00858590   _lock
00858594   _unlock
00858598   ti_sysbios_hal_Hwi_Object__table__V
008585a0   ti_sysbios_hal_Timer_Object__table__V
008585a8   ti_sdo_ipc_GateMP_Module_State_0_remoteCustom2Gates__A
008585b0   ti_sdo_ipc_Notify_Module_State_0_notifyHandles_0__A
008585b8   ti_sdo_ipc_Notify_Module_State_0_notifyHandles_1__A
008585c0   ti_sdo_ipc_Notify_Module_State_0_notifyHandles_2__A
008585c8   ti_sdo_ipc_Notify_Module_State_0_notifyHandles_3__A
008585d0   ti_sdo_ipc_Notify_Module_State_0_notifyHandles_4__A
008585d8   ti_sdo_ipc_Notify_Module_State_0_notifyHandles_5__A
008585e0   ti_sdo_ipc_Notify_Module_State_0_notifyHandles_6__A
008585e8   ti_sdo_ipc_Notify_Module_State_0_notifyHandles_7__A
008585f0   ti_sysbios_gates_GateHwi_Object__table__V
008585f8   ti_sysbios_knl_Task_Module_State_0_idleTask__A
00858600   xdc_runtime_GateNull_Object__table__V
00858608   Qmss_cdmaEoiVector
00858610   _stack
00859610   __TI_STACK_END
00859610   __TI_STATIC_BASE
00859610   hDrvManagedSrioDrv
00859614   hSrioCSL
00859618   srioSocketDoorbellTest
0085961c   MessageQCore0ToCore1
00859620   MessageQCore2ToCore1
00859624   MessageQCore3ToCore1
00859628   MessageQCore4ToCore1
0085962c   MessageQCore5ToCore1
00859630   MessageQCore6ToCore1
00859634   MessageQCore23456ToCore1
00859638   Msg0To1Ptr
0085963c   Msg2To1Ptr
00859640   Msg3To1Ptr
00859644   Msg4To1Ptr
00859648   Msg5To1Ptr
0085964c   Msg6To1Ptr
00859650   SrioSocket
00859654   system_type
00859658   nextdevid
0085965c   hostdeviceid
00859660   uiMaintenanceValue
00859664   uiResult
00859668   srioSerdesRegs
0085966c   Ipc_sr0MemorySetup
00859670   gpXMC_regs
00859674   gpCGEM_regs
00859678   gpBootCfgRegs
0085967c   gpPLLC_regs
00859680   gpPSC_regs
00859684   gpMSMC_regs
00859688   gpGPIO_regs
0085968c   gpCIC0_regs
00859690   gpCIC1_regs
00859694   gpCIC_regs
00859698   gpEDMA_CC0_regs
0085969c   gpEDMA_CC1_regs
008596a0   gpEDMA_CC2_regs
008596a4   gpEDMA_TC_0_0_regs
008596a8   gpEDMA_TC_0_1_regs
008596ac   gpEDMA_TC_1_0_regs
008596b0   gpEDMA_TC_1_1_regs
008596b4   gpEDMA_TC_1_2_regs
008596b8   gpEDMA_TC_1_3_regs
008596bc   gpEDMA_TC_2_0_regs
008596c0   gpEDMA_TC_2_1_regs
008596c4   gpEDMA_TC_2_2_regs
008596c8   gpEDMA_TC_2_3_regs
008596cc   gpTimer0Regs
008596d0   gpTimer1Regs
008596d4   gpTimer2Regs
008596d8   gpTimer3Regs
008596dc   gpTimer4Regs
008596e0   gpTimer5Regs
008596e4   gpTimer6Regs
008596e8   gpTimer7Regs
008596ec   gpTimer8Regs
008596f0   gpMPU0_regs
008596f4   gpMPU1_regs
008596f8   gpMPU2_regs
008596fc   gpMPU3_regs
00859700   gpDDR_regs
00859704   gDSP_Core_Speed_Hz
00859708   gDSP_board_type
0085970c   cycle_measure_overhead
00859710   uiLL2_scrub_addr
00859714   LL2_EDC_victim_err_str
00859718   LL2_EDC_DMA_err_str
0085971c   LL2_EDC_L1D_err_str
00859720   LL2_EDC_L1P_err_str
00859724   guwIntcCICExcEvtIdx
00859728   gCIC_EXC_out_num
0085972c   gpQM_configRegs
00859730   gpQM_descriptorRegions
00859734   gpQueueManageRegs
00859738   gpQueueManageProxyRegs
0085973c   gpQueueManageVBUSM
00859740   gpQueueManageProxyVBUSM
00859744   gpQueueStatusConfigRegs
00859748   gpQueueThresholdStatus
0085974c   gpQM_INTD_regs
00859750   gpQM_DMA_CfgRegs
00859754   gpQM_DMA_TxChCfgRegs
00859758   gpQM_DMA_RxChCfgRegs
0085975c   gpQM_DMA_TxChPriority
00859760   gpQM_DMA_RxFlowCfgRegs
00859764   gpSRIO_DMA_CfgRegs
00859768   gpSRIO_DMA_TxChCfgRegs
0085976c   gpSRIO_DMA_RxChCfgRegs
00859770   gpSRIO_DMA_TxChPriority
00859774   gpSRIO_DMA_RxFlowCfgRegs
00859778   gpNetCP_DMA_CfgRegs
0085977c   gpNetCP_DMA_TxChCfgRegs
00859780   gpNetCP_DMA_RxChCfgRegs
00859784   gpNetCP_DMA_TxChPriority
00859788   gpNetCP_DMA_RxFlowCfgRegs
0085978c   numLinkingEntry
00859790   coreNum
00859794   srioDbgDioIsrCnt
00859798   srioLsuIsrServiced
0085979c   srioDioLsuGoodTransfers
008597a0   srioDioLsuBadTransfers
008597a4   gDataBufferMemMgrMaxSize
008597a8   malloc_counter
008597ac   free_counter
008597b0   gpSRIO_regs
008597b4   qmssLObjIsValid
008597b8   DEVICE_ID1_16BIT
008597bc   DEVICE_ID1_8BIT
008597c0   DEVICE_ID2_16BIT
008597c4   DEVICE_ID2_8BIT
008597c8   DEVICE_ID3_16BIT
008597cc   DEVICE_ID3_8BIT
008597d0   DEVICE_ID4_16BIT
008597d4   DEVICE_ID4_8BIT
008597d8   heap0
008597dc   MainThreadHandle
008597e0   QmssRdySemHandle
008597e4   ManualMsgRdyHandle
00859800   ti_sysbios_family_c64p_Hwi0
00859800   ti_sysbios_family_c64p_Hwi_int0
00859820   ti_sysbios_family_c64p_Hwi_int1
00859840   ti_sysbios_family_c64p_Hwi_int2
00859860   ti_sysbios_family_c64p_Hwi_int3
00859880   ti_sysbios_family_c64p_Hwi_int4
008598a0   ti_sysbios_family_c64p_Hwi_int5
008598c0   ti_sysbios_family_c64p_Hwi_int6
008598e0   ti_sysbios_family_c64p_Hwi_int7
00859900   ti_sysbios_family_c64p_Hwi_int8
00859920   ti_sysbios_family_c64p_Hwi_int9
00859940   ti_sysbios_family_c64p_Hwi_int10
00859960   ti_sysbios_family_c64p_Hwi_int11
00859980   ti_sysbios_family_c64p_Hwi_int12
008599a0   ti_sysbios_family_c64p_Hwi_int13
008599c0   ti_sysbios_family_c64p_Hwi_int14
008599e0   ti_sysbios_family_c64p_Hwi_int15
00859a00   __CIOBUF_
00859c00   vectors
00859e00   gSRIODriverMCB
0085b3f4   __TI_Handler_Table_Base
0085b400   __TI_Handler_Table_Limit
0085b428   __TI_CINIT_Base
0085b470   __TI_CINIT_Limit
0c200000   queueFree
0c202000   qmssGObj
0c202400   cppiObject
ffffffff   __TI_pprof_out_hndl
ffffffff   __TI_prof_data_size
ffffffff   __TI_prof_data_start
ffffffff   __binit__
ffffffff   __c_args__
ffffffff   binit
UNDEFED    __TI_INITARRAY_Base
UNDEFED    __TI_INITARRAY_Limit

[1784 symbols]
