******************************************************************************
               TMS320C6x Linker PC v7.4.4                      
******************************************************************************
>> Linked Fri Apr 15 21:06:47 2016

OUTPUT FILE NAME:   <simulator_vpx_DSP1_V0_1_6_core1.out>
ENTRY POINT SYMBOL: "_c_int00"  address: 0083ab20


MEMORY CONFIGURATION

         name            origin    length      used     unused   attr    fill
----------------------  --------  ---------  --------  --------  ----  --------
  L2SRAM                00800000   00080000  00059f30  000260d0  RW X
  MSMCSRAM              0c000000   00400000  00206a00  001f9600  RW X
  DDR3                  80000000   20000000  00000000  20000000  RWIX


SEGMENT ALLOCATION MAP

run origin  load origin   length   init length attrs members
----------  ----------- ---------- ----------- ----- -------
00800000    00800000    00042060   00042060    r-x
  00800000    00800000    00042060   00042060    r-x .text
00842060    00842060    00008000   00000000    rw-
  00842060    00842060    00008000   00000000    rw- systemHeap
0084a060    0084a060    00007a1a   00007a1a    r--
  0084a060    0084a060    00007a1a   00007a1a    r-- .const
00851a80    00851a80    0000563a   0000563a    rw-
  00851a80    00851a80    00003160   00003160    rw- .far
  00854be0    00854be0    000024da   000024da    rw- .fardata
008570c0    008570c0    0000106c   00000000    rw-
  008570c0    008570c0    00001000   00000000    rw- .stack
  008580c0    008580c0    0000006c   00000000    rw- .bss
0085812c    0085812c    00000145   00000145    rw-
  0085812c    0085812c    00000145   00000145    rw- .neardata
00858274    00858274    00000030   00000030    r--
  00858274    00858274    00000030   00000030    r-- .rodata
008582a8    008582a8    00000120   00000000    rw-
  008582a8    008582a8    00000120   00000000    rw- .cio
008583c8    008583c8    00000010   00000010    r--
  008583c8    008583c8    00000010   00000010    r-- .switch.1
00858400    00858400    00000270   00000270    r-x
  00858400    00858400    00000200   00000200    r-x .vecs
  00858600    00858600    00000070   00000070    r-- .switch.2
00858680    00858680    00000100   00000000    rw-
  00858680    00858680    00000100   00000000    rw- .srioSharedMem
00858800    00858800    000017f8   000017f8    r-x
  00858800    00858800    00000200   00000200    r-x vecs
  00858a00    00858a00    000015f8   000015f8    r-- .cinit
0c204400    0c204400    00002600   00000000    rw-
  0c204400    0c204400    00002400   00000000    rw- .qmss
  0c206800    0c206800    00000200   00000000    rw- .cppi


SECTION ALLOCATION MAP

 output                                  attributes/
section   page    origin      length       input sections
--------  ----  ----------  ----------   ----------------
.init_array 
*          0    00800000    00000000     UNINITIALIZED

xdc.meta   0    00800000    00000138     COPY SECTION
                  00800000    00000138     core1_pe66.oe66 (xdc.meta)

.text      0    00800000    00042060     
                  00800000    00005c20     KeyStone_common.obj (.text)
                  00805c20    00002ba0     KeyStone_SRIO_Init_drv.obj (.text)
                  008087c0    000024a0     cppi_drv.obj (.text)
                  0080ac60    00001b20     device_srio_loopback.obj (.text)
                  0080c780    00001260     main1.obj (.text)
                  0080d9e0    00001260     srio_drv.obj (.text)
                  0080ec40    000011c0     ipc.lib : Ipc.obj (.text:ti_sdo_ipc_GateMP_Instance_init__F)
                  0080fe00    00000e20     SRIO_switch.obj (.text)
                  00810c20    00000a60     ipc.lib : Ipc.obj (.text:ti_sdo_ipc_heaps_HeapMemMP_alloc__E)
                  00811680    00000a00     Keystone_Serdes_init.obj (.text)
                  00812080    000009e0     ipc.lib : Ipc.obj (.text:ti_sdo_ipc_heaps_HeapMemMP_free__E)
                  00812a60    000009a0             : Ipc.obj (.text:Ipc_attach)
                  00813400    000009a0     ti.targets.rts6000.ae66 : System.oe66 (.text:xdc_runtime_System_doPrint__I)
                  00813da0    00000920     ipc.lib : Ipc.obj (.text:ti_sdo_ipc_transports_TransportShm_Instance_init__F)
                  008146c0    000008a0             : Ipc.obj (.text:ti_sdo_ipc_ListMP_Instance_init__F)
                  00814f60    000008a0     sysbios.ae66 : BIOS.obj (.text:ti_sysbios_family_c64p_Exception_handler__I)
                  00815800    00000860     ipc.lib : Ipc.obj (.text:ti_sdo_ipc_GateMP_Instance_finalize__F)
                  00816060    00000840             : Ipc.obj (.text:MessageQ_put)
                  008168a0    00000820     srio_drv.obj (.text:Srio_processDrvConfig)
                  008170c0    00000820     ipc.lib : Ipc.obj (.text:ti_sdo_ipc_heaps_HeapBufMP_Instance_init__F)
                  008178e0    00000800             : Ipc.obj (.text:ti_sdo_ipc_heaps_HeapBufMP_postInit__I)
                  008180e0    00000780             : Ipc.obj (.text:ti_sdo_ipc_heaps_HeapMemMP_Instance_init__F)
                  00818860    00000760     loopbackDioIsr_osal.obj (.text)
                  00818fc0    00000700     ipc.lib : Ipc.obj (.text:Notify_registerEvent)
                  008196c0    000006c0             : Ipc.obj (.text:ti_sdo_ipc_nsremote_NameServerRemoteNotify_Instance_init__F)
                  00819d80    000006a0             : Ipc.obj (.text:NameServer_add)
                  0081a420    00000620             : Ipc.obj (.text:Notify_sendEvent)
                  0081aa40    00000600     KeyStone_common.obj (.text:retain)
                  0081b040    00000600     sysbios.ae66 : BIOS.obj (.text:ti_sysbios_heaps_HeapMem_alloc__E)
                  0081b640    00000600                  : BIOS.obj (.text:ti_sysbios_knl_Semaphore_pend__E)
                  0081bc40    000005e0     ipc.lib : Ipc.obj (.text:Notify_registerEventSingle)
                  0081c220    000005e0     sysbios.ae66 : BIOS.obj (.text:ti_sysbios_heaps_HeapMem_free__E)
                  0081c800    000005c0     ipc.lib : Ipc.obj (.text:ListMP_getHead)
                  0081cdc0    000005c0             : Ipc.obj (.text:Notify_unregisterEventSingle)
                  0081d380    000005c0     rts6600_elf.lib : divd.obj (.text:__c6xabi_divd)
                  0081d940    000005c0                     : _printfi.obj (.text:_getarg_diouxp)
                  0081df00    000005c0     ipc.lib : Ipc.obj (.text:ti_sdo_ipc_SharedRegion_start__F)
                  0081e4c0    000005a0     sysbios.ae66 : BIOS.obj (.text:ti_sysbios_timers_timer64_Timer_Module_startup__F)
                  0081ea60    00000580     device_srio_loopback.obj (.text:SrioDevice_init)
                  0081efe0    00000580     ipc.lib : Ipc.obj (.text:ti_sdo_ipc_nsremote_NameServerRemoteNotify_get__F)
                  0081f560    00000580             : Ipc.obj (.text:ti_sdo_ipc_transports_TransportShm_put__E)
                  0081fae0    00000540     srio_drv.obj (.text:Srio_processReceivedBD)
                  00820020    00000540     ipc.lib : Ipc.obj (.text:ti_sdo_ipc_Ipc_procSyncStart__I)
                  00820560    000004e0             : Ipc.obj (.text:ti_sdo_ipc_notifyDrivers_NotifyDriverShm_Instance_init__F)
                  00820a40    000004a0             : Ipc.obj (.text:HeapBufMP_sharedMemReq)
                  00820ee0    000004a0             : Ipc.obj (.text:ti_sdo_ipc_gates_GatePeterson_Instance_init__F)
                  00821380    00000460     rts6600_elf.lib : _printfi.obj (.text:_printfi)
                  008217e0    00000460                     : _printfi.obj (.text:_setfield)
                  00821c40    00000460     ipc.lib : Ipc.obj (.text:ti_sdo_ipc_GateMP_setRegion0Reserved__F)
                  008220a0    00000460             : Ipc.obj (.text:ti_sdo_ipc_Ipc_procSyncFinish__I)
                  00822500    00000460             : Ipc.obj (.text:ti_sdo_ipc_MessageQ_Instance_init__F)
                  00822960    00000440     KeyStone_common.obj (.text:Core_MPAX)
                  00822da0    00000440     ipc.lib : Ipc.obj (.text:ListMP_putTail)
                  008231e0    00000440             : Ipc.obj (.text:ti_sdo_ipc_heaps_HeapMemMP_getStats__E)
                  00823620    00000440             : Ipc.obj (.text:ti_sdo_ipc_heaps_HeapMemMP_postInit__I)
                  00823a60    00000420     sysbios.ae66 : BIOS.obj (.text:ti_sysbios_gates_GateMutexPri_enter__E)
                  00823e80    00000420                  : BIOS.obj (.text:ti_sysbios_knl_Task_sleep__E)
                  008242a0    00000400     srio_drv.obj (.text:Srio_sockSend_DIO)
                  008246a0    00000400     ipc.lib : Ipc.obj (.text:ti_sdo_ipc_Notify_Instance_init__F)
                  00824aa0    000003e0     sysbios.ae66 : BIOS.obj (.text:ti_sysbios_knl_Task_setPri__E)
                  00824e80    000003c0     ti.drv.cppi.ae66 : cppi_desc.oe66 (.text:Cppi_initDescriptor)
                  00825240    000003c0     ipc.lib : Ipc.obj (.text:ti_sdo_ipc_SharedRegion_reserveMemory__F)
                  00825600    000003a0     rts6600_elf.lib : fputs.obj (.text:fputs)
                  008259a0    00000380     ipc.lib : Ipc.obj (.text:HeapMemMP_sharedMemReq)
                  00825d20    00000360     core1_pe66.oe66 (.text:xdc_runtime_System_printfExtend__I)
                  00826080    00000340     ipc.lib : Ipc.obj (.text:GateMP_sharedMemReq)
                  008263c0    00000340     srio_drv.obj (.text:Srio_sockBind_DIO)
                  00826700    00000340     ipc.lib : Ipc.obj (.text:ti_sdo_ipc_nsremote_NameServerRemoteNotify_swiFxn__I)
                  00826a40    00000320     srio_drv.obj (.text:Srio_init)
                  00826d60    00000320     srio_drv.obj (.text:Srio_sockOpen)
                  00827080    00000320     rts6600_elf.lib : _printfi.obj (.text:_pproc_fge)
                  008273a0    00000300     ipc.lib : Ipc.obj (.text:GateMP_openByAddr)
                  008276a0    00000300             : Ipc.obj (.text:ti_sdo_ipc_transports_TransportShm_openByAddr__F)
                  008279a0    00000300     sysbios.ae66 : BIOS.obj (.text:ti_sysbios_family_c64p_Hwi_dispatchC__I)
                  00827ca0    000002e0     ipc.lib : Ipc.obj (.text:SharedRegion_getEntry)
                  00827f80    000002e0             : Ipc.obj (.text:SharedRegion_getPtr)
                  00828260    000002e0     rts6600_elf.lib : _printfi.obj (.text:_pproc_fwp)
                  00828540    000002e0     ipc.lib : Ipc.obj (.text:ti_sdo_ipc_heaps_HeapBufMP_free__E)
                  00828820    000002e0     sysbios.ae66 : BIOS.obj (.text:ti_sysbios_heaps_HeapMem_Instance_init__F)
                  00828b00    000002c0     ipc.lib : Ipc.obj (.text:ti_sdo_ipc_notifyDrivers_NotifyDriverShm_isr__I)
                  00828dc0    000002a0             : Ipc.obj (.text:Ipc_start)
                  00829060    000002a0             : Ipc.obj (.text:NameServer_getLocal)
                  00829300    000002a0     rts6600_elf.lib : _printfi.obj (.text:fcvt)
                  008295a0    000002a0     ipc.lib : Ipc.obj (.text:ti_sdo_ipc_heaps_HeapBufMP_Instance_finalize__F)
                  00829840    000002a0     sysbios.ae66 : BIOS.obj (.text:ti_sysbios_family_c66_tci66xx_CpIntc_Module_startup__F)
                  00829ae0    000002a0                  : BIOS.obj (.text:ti_sysbios_knl_Clock_workFunc__E)
                  00829d80    000002a0                  : BIOS.obj (.text:ti_sysbios_timers_timer64_Timer_deviceConfig__I)
                  0082a020    00000280     ipc.lib : Ipc.obj (.text:SharedRegion_getSRPtr)
                  0082a2a0    00000280     rts6600_elf.lib : divf.obj (.text:__c6xabi_divf)
                  0082a520    00000280                     : _printfi.obj (.text:ecvt)
                  0082a7a0    00000280     ipc.lib : Ipc.obj (.text:ti_sdo_ipc_notifyDrivers_NotifyDriverShm_sharedMemReq__F)
                  0082aa20    00000280     ti.targets.rts6000.ae66 : Core-mem.oe66 (.text:xdc_runtime_Core_createObject__I)
                  0082aca0    00000280                             : Error.oe66 (.text:xdc_runtime_Error_raiseX__F)
                  0082af20    00000260     ipc.lib : Ipc.obj (.text:ListMP_sharedMemReq)
                  0082b180    00000260     srio_drv.obj (.text:Srio_start)
                  0082b3e0    00000260     ipc.lib : Ipc.obj (.text:ti_sdo_ipc_ListMP_Instance_finalize__F)
                  0082b640    00000260             : Ipc.obj (.text:ti_sdo_ipc_heaps_HeapMemMP_Instance_finalize__F)
                  0082b8a0    00000260             : Ipc.obj (.text:ti_sdo_ipc_notifyDrivers_NotifyDriverShm_disableEvent__E)
                  0082bb00    00000260     sysbios.ae66 : BIOS.obj (.text:ti_sysbios_family_c64p_Exception_internalHandler__I)
                  0082bd60    00000260                  : BIOS.obj (.text:ti_sysbios_knl_Semaphore_post__E)
                  0082bfc0    00000260     ti.targets.rts6000.ae66 : Startup.oe66 (.text:xdc_runtime_Startup_startMods__I)
                  0082c220    00000240     srio_drv.obj (.text:Srio_processAppConfig)
                  0082c460    00000240     rts6600_elf.lib : imath64.obj (.text:__c6xabi_divull)
                  0082c6a0    00000240                     : _printfi.obj (.text:_pconv_e)
                  0082c8e0    00000240                     : _printfi.obj (.text:_pproc_diouxp)
                  0082cb20    00000240     ipc.lib : Ipc.obj (.text:ti_sdo_ipc_MessageQ_Instance_finalize__F)
                  0082cd60    00000240     sysbios.ae66 : BIOS.obj (.text:ti_sysbios_family_c64p_Hwi_reconfig__E)
                  0082cfa0    00000240                  : BIOS.obj (.text:ti_sysbios_knl_Task_exit__E)
                  0082d1e0    00000220     ipc.lib : Ipc.obj (.text:MessageQ_get)
                  0082d400    00000220     rts6600_elf.lib : _printfi.obj (.text:_pproc_str)
                  0082d620    00000220                     : fputc.obj (.text:fputc)
                  0082d840    00000220     sysbios.ae66 : BIOS.obj (.text:ti_sysbios_knl_Swi_run__I)
                  0082da60    00000220                  : BIOS.obj (.text:ti_sysbios_knl_Task_schedule__I)
                  0082dc80    00000220                  : BIOS.obj (.text:ti_sysbios_knl_Task_startCore__E)
                  0082dea0    00000200     ipc.lib : Ipc.obj (.text:GateMP_enter)
                  0082e0a0    00000200             : Ipc.obj (.text:GateMP_leave)
                  0082e2a0    00000200             : Ipc.obj (.text:ListMP_openByAddr)
                  0082e4a0    00000200     ti.drv.qmss.ae66 : qmss_drv.oe66 (.text:Qmss_internalQueueOpen)
                  0082e6a0    00000200                      : qmss_acc.oe66 (.text:Qmss_programAccumulator)
                  0082e8a0    00000200     rts6600_elf.lib : _printfi.obj (.text:_pconv_g)
                  0082eaa0    00000200     sysbios.ae66 : c64p_Hwi_disp_always.obj (.text:_ti_sysbios_family_c64p_Hwi_dispatchAlways)
                  0082eca0    00000200     ti.drv.cppi.ae66 : cppi_heap.oe66 (.text:cppi_internal_heap_add)
                  0082eea0    00000200     rts6600_elf.lib : setvbuf.obj (.text:setvbuf)
                  0082f0a0    00000200     ipc.lib : Ipc.obj (.text:ti_sdo_ipc_family_c647x_MultiProcSetup_init__I)
                  0082f2a0    00000200             : Ipc.obj (.text:ti_sdo_ipc_heaps_HeapBufMP_alloc__E)
                  0082f4a0    00000200             : Ipc.obj (.text:ti_sdo_ipc_notifyDrivers_NotifyDriverShm_sendEvent__E)
                  0082f6a0    00000200             : Ipc.obj (.text:ti_sdo_ipc_transports_TransportShm_Instance_finalize__F)
                  0082f8a0    000001e0             : Ipc.obj (.text:ti_sdo_ipc_GateMP_attach__F)
                  0082fa80    000001e0             : Ipc.obj (.text:ti_sdo_ipc_GateMP_getFreeResource__I)
                  0082fc60    000001e0     sysbios.ae66 : BIOS.obj (.text:ti_sysbios_family_c64p_Exception_externalHandler__I)
                  0082fe40    000001e0                  : BIOS.obj (.text:ti_sysbios_knl_Swi_Instance_init__F)
                  00830020    000001e0                  : BIOS.obj (.text:ti_sysbios_knl_Task_checkStacks__E)
                  00830200    000001e0                  : BIOS.obj (.text:ti_sysbios_knl_Task_postInit__I)
                  008303e0    000001e0                  : BIOS.obj (.text:ti_sysbios_timers_timer64_Timer_getFreq__E)
                  008305c0    000001c0     ipc.lib : Ipc.obj (.text:HeapMemMP_openByAddr)
                  00830780    000001c0     srio_drv.obj (.text:Srio_dioCompletionIsr)
                  00830940    000001c0     rts6600_elf.lib : _printfi.obj (.text:_mcpy)
                  00830b00    000001c0     ipc.lib : Ipc.obj (.text:ti_sdo_ipc_notifyDrivers_NotifyDriverShm_registerEvent__E)
                  00830cc0    000001c0     sysbios.ae66 : BIOS.obj (.text:ti_sysbios_family_c64p_Exception_decodeMpfsr__I)
                  00830e80    000001c0                  : BIOS.obj (.text:ti_sysbios_gates_GateMutex_enter__E)
                  00831040    000001c0                  : BIOS.obj (.text:ti_sysbios_timers_timer64_Timer_setPeriodMicroSecs__E)
                  00831200    000001a0     rts6600_elf.lib : trgdrv.obj (.text:HOSTrename)
                  008313a0    000001a0     ipc.lib : Ipc.obj (.text:SharedRegion_getCacheLineSize)
                  00831540    000001a0             : Ipc.obj (.text:SharedRegion_getHeap)
                  008316e0    000001a0             : Ipc.obj (.text:SharedRegion_isCacheEnabled)
                  00831880    000001a0     rts6600_elf.lib : imath40.obj (.text:__c6xabi_divul)
                  00831a20    000001a0     ipc.lib : Ipc.obj (.text:ti_sdo_ipc_GateMP_openRegion0Reserved__F)
                  00831bc0    000001a0             : Ipc.obj (.text:ti_sdo_ipc_notifyDrivers_NotifyDriverShm_enableEvent__E)
                  00831d60    000001a0             : Ipc.obj (.text:ti_sdo_ipc_notifyDrivers_NotifyDriverShm_unregisterEvent__E)
                  00831f00    000001a0             : Ipc.obj (.text:ti_sdo_ipc_nsremote_NameServerRemoteNotify_attach__E)
                  008320a0    000001a0     sysbios.ae66 : BIOS.obj (.text:ti_sysbios_family_c66_Cache_block__I)
                  00832240    000001a0                  : BIOS.obj (.text:ti_sysbios_heaps_HeapBuf_Module_startup__F)
                  008323e0    000001a0                  : BIOS.obj (.text:ti_sysbios_syncs_SyncSem_Instance_init__F)
                  00832580    000001a0                  : BIOS.obj (.text:ti_sysbios_timers_timer64_Timer_start__E)
                  00832720    00000180     ipc.lib : Ipc.obj (.text:MultiProc_setLocalId)
                  008328a0    00000180             : Ipc.obj (.text:NameServer_getHandle)
                  00832a20    00000180             : Ipc.obj (.text:Notify_intLineRegistered)
                  00832ba0    00000180     srio_drv.obj (.text:Srio_rxCompletionIsr)
                  00832d20    00000180     srio_drv.obj (.text:Srio_validateDIOBindingId)
                  00832ea0    00000180     rts6600_elf.lib : copy_decompress_rle.obj (.text:__TI_decompress_rle_core)
                  00833020    00000180     sysbios.ae66 : c64p_Exception_asm.obj (.text)
                  008331a0    00000180     ipc.lib : Ipc.obj (.text:ti_sdo_ipc_MessageQ_registerTransport__F)
                  00833320    00000180             : Ipc.obj (.text:ti_sdo_ipc_Notify_Module_startup__F)
                  008334a0    00000180             : Ipc.obj (.text:ti_sdo_ipc_gates_GatePeterson_enter__E)
                  00833620    00000180             : Ipc.obj (.text:ti_sdo_utils_NameServer_Module_startup__F)
                  008337a0    00000180     sysbios.ae66 : BIOS.obj (.text:ti_sysbios_knl_Swi_schedule__I)
                  00833920    00000180                  : BIOS.obj (.text:ti_sysbios_knl_Task_unblockI__E)
                  00833aa0    00000180     ti.targets.rts6000.ae66 : Text.oe66 (.text:xdc_runtime_Text_putSite__F)
                  00833c20    00000160     ti.drv.qmss.ae66 : qmss_drv.oe66 (.text:Qmss_getMemoryRegionCfg)
                  00833d80    00000160     ipc.lib : Ipc.obj (.text:ti_sdo_ipc_GateMP_createLocal__F)
                  00833ee0    00000160             : Ipc.obj (.text:ti_sdo_ipc_MessageQ_unregisterTransport__F)
                  00834040    00000160             : Ipc.obj (.text:ti_sdo_ipc_gates_GateHWSem_Instance_init__F)
                  008341a0    00000160             : Ipc.obj (.text:ti_sdo_ipc_transports_TransportShm_sharedMemReq__F)
                  00834300    00000160             : Ipc.obj (.text:ti_sdo_utils_NameServer_isRegistered__E)
                  00834460    00000160             : Ipc.obj (.text:ti_sdo_utils_NameServer_registerRemoteDriver__E)
                  008345c0    00000160             : Ipc.obj (.text:ti_sdo_utils_NameServer_unregisterRemoteDriver__E)
                  00834720    00000140     ti.csl.ae66 : csl_chip.oe66 (.text:CSL_chipReadReg)
                  00834860    00000140     ipc.lib : Ipc.obj (.text:GateMP_close)
                  008349a0    00000140             : Ipc.obj (.text:MessageQ_registerHeap)
                  00834ae0    00000140             : Ipc.obj (.text:Notify_attach)
                  00834c20    00000140     boot.ae66 : autoinit.oe66 (.text:_auto_init_elf)
                  00834d60    00000140     rts6600_elf.lib : _printfi.obj (.text:_pproc_fflags)
                  00834ea0    00000140                     : lowlev.obj (.text:getdevice)
                  00834fe0    00000140     ipc.lib : Ipc.obj (.text:ti_sdo_ipc_Notify_exec__F)
                  00835120    00000140     sysbios.ae66 : BIOS.obj (.text:ti_sysbios_family_c64p_Exception_Module_startup__F)
                  00835260    00000140                  : BIOS.obj (.text:ti_sysbios_family_c64p_Hwi_Module_startup__F)
                  008353a0    00000140                  : BIOS.obj (.text:ti_sysbios_family_c66_Cache_Module_startup__F)
                  008354e0    00000140                  : BIOS.obj (.text:ti_sysbios_gates_GateSwi_enter__E)
                  00835620    00000140                  : BIOS.obj (.text:ti_sysbios_knl_Semaphore_Instance_init__F)
                  00835760    00000140                  : BIOS.obj (.text:ti_sysbios_knl_Swi_post__E)
                  008358a0    00000140                  : BIOS.obj (.text:ti_sysbios_knl_Task_Module_startup__F)
                  008359e0    00000140                  : BIOS.obj (.text:ti_sysbios_knl_Task_blockI__E)
                  00835b20    00000140                  : BIOS.obj (.text:ti_sysbios_knl_Task_yield__E)
                  00835c60    00000120     rts6600_elf.lib : fclose.obj (.text:_closefile)
                  00835d80    00000120                     : _printfi.obj (.text:_ltostr)
                  00835ea0    00000120                     : fseek.obj (.text:fseek)
                  00835fc0    00000120     ipc.lib : Ipc.obj (.text:ti_sdo_ipc_MessageQ_Module_startup__F)
                  008360e0    00000120             : Ipc.obj (.text:ti_sdo_ipc_family_c647x_Interrupt_intRegister__E)
                  00836200    00000120             : Ipc.obj (.text:ti_sdo_ipc_nsremote_NameServerRemoteNotify_Instance_finalize__F)
                  00836320    00000120     sysbios.ae66 : BIOS.obj (.text:ti_sysbios_BIOS_rtsUnlock__I)
                  00836440    00000120                  : BIOS.obj (.text:ti_sysbios_knl_Clock_startI__E)
                  00836560    00000120     ti.targets.rts6000.ae66 : Text.oe66 (.text:xdc_runtime_Text_putLab__F)
                  00836680    00000100     rts6600_elf.lib : trgdrv.obj (.text:HOSTlseek)
                  00836780    00000100                     : _io_perm.obj (.text:_wrt_ok)
                  00836880    00000100     ipc.lib : Ipc.obj (.text:ti_sdo_ipc_GateMP_start__F)
                  00836980    00000100             : Ipc.obj (.text:ti_sdo_ipc_Notify_Instance_finalize__F)
                  00836a80    00000100             : Ipc.obj (.text:ti_sdo_ipc_SharedRegion_attach__F)
                  00836b80    00000100             : Ipc.obj (.text:ti_sdo_ipc_SharedRegion_clearReservedMemory__F)
                  00836c80    00000100             : Ipc.obj (.text:ti_sdo_ipc_family_c647x_Interrupt_Module_startup__F)
                  00836d80    00000100             : Ipc.obj (.text:ti_sdo_ipc_gates_GateHWSem_Module_startup__F)
                  00836e80    00000100             : Ipc.obj (.text:ti_sdo_ipc_gates_GateMPSupportNull_enter__E)
                  00836f80    00000100             : Ipc.obj (.text:ti_sdo_ipc_gates_GateMPSupportNull_leave__E)
                  00837080    00000100             : Ipc.obj (.text:ti_sdo_ipc_transports_TransportShmSetup_attach__E)
                  00837180    00000100     sysbios.ae66 : BIOS.obj (.text:ti_sysbios_family_c64p_EventCombiner_dispatch__F)
                  00837280    00000100                  : BIOS.obj (.text:ti_sysbios_family_c64p_Hwi_Instance_finalize__F)
                  00837380    00000100                  : BIOS.obj (.text:ti_sysbios_gates_GateMutexPri_leave__E)
                  00837480    00000100                  : BIOS.obj (.text:ti_sysbios_knl_Swi_restoreHwi__E)
                  00837580    00000100                  : BIOS.obj (.text:ti_sysbios_timers_timer64_Timer_initDevice__I)
                  00837680    00000100     ti.targets.rts6000.ae66 : Core-mem.oe66 (.text:xdc_runtime_Core_deleteObject__I)
                  00837780    00000100                             : Startup.oe66 (.text:xdc_runtime_Startup_exec__F)
                  00837880    00000100                             : Text.oe66 (.text:xdc_runtime_Text_putMod__F)
                  00837980    00000100                             : Text.oe66 (.text:xdc_runtime_Text_visitRope2__I)
                  00837a80    000000e0     rts6600_elf.lib : trgdrv.obj (.text:HOSTopen)
                  00837b60    000000e0     ipc.lib : Ipc.obj (.text:HeapBufMP_create)
                  00837c40    000000e0     rts6600_elf.lib : _printfi.obj (.text:_div)
                  00837d20    000000e0                     : atoi.obj (.text:atoi)
                  00837e00    000000e0                     : lowlev.obj (.text:close)
                  00837ee0    000000e0                     : copy_zero_init.obj (.text:decompress:ZI:__TI_zero_init)
                  00837fc0    000000e0                     : fflush.obj (.text:fflush)
                  008380a0    000000e0                     : ltoa.obj (.text:ltoa)
                  00838180    000000e0                     : memset.obj (.text:memset)
                  00838260    000000e0                     : printf.obj (.text:printf)
                  00838340    000000e0     core1_pe66.oe66 (.text:ti_sdo_ipc_Notify_Object__create__S)
                  00838420    000000e0     ipc.lib : Ipc.obj (.text:ti_sdo_ipc_family_c647x_NotifySetup_attach__E)
                  00838500    000000e0             : Ipc.obj (.text:ti_sdo_ipc_gates_GateHWSem_enter__E)
                  008385e0    000000e0             : Ipc.obj (.text:ti_sdo_ipc_heaps_HeapBufMP_getStats__F)
                  008386c0    000000e0     sysbios.ae66 : BIOS.obj (.text:ti_sysbios_family_c64p_Hwi_Instance_init__F)
                  008387a0    000000e0     core1_pe66.oe66 (.text:ti_sysbios_family_c64p_Hwi_Object__create__S)
                  00838880    000000e0     ti.targets.rts6000.ae66 : Error.oe66 (.text:xdc_runtime_Error_print__F)
                  00838960    000000e0                             : Memory.oe66 (.text:xdc_runtime_Memory_alloc__F)
                  00838a40    000000c0     rts6600_elf.lib : trgdrv.obj (.text:HOSTread)
                  00838b00    000000c0                     : trgdrv.obj (.text:HOSTunlink)
                  00838bc0    000000c0                     : trgdrv.obj (.text:HOSTwrite)
                  00838c80    000000c0     ipc.lib : Ipc.obj (.text:HeapMemMP_create)
                  00838d40    000000c0             : Ipc.obj (.text:ListMP_create)
                  00838e00    000000c0     ti.drv.qmss.ae66 : qmss_drv.oe66 (.text:Qmss_setEoiVector)
                  00838ec0    000000c0                      : qmss_drv.oe66 (.text:Qmss_setQueueThreshold)
                  00838f80    000000c0     srio_drv.obj (.text:Srio_getDescSize)
                  00839040    000000c0     rts6600_elf.lib : dtor_list.obj (.text:_Z11__TI_atexitPFYvPvES_S_)
                  00839100    000000c0                     : dtor_list.obj (.text:__cxa_finalize)
                  008391c0    000000c0                     : divu.obj (.text:__divu)
                  00839280    000000c0                     : fflush.obj (.text:_doflush)
                  00839340    000000c0     ti.drv.cppi.ae66 : cppi_heap.oe66 (.text:cppi_internal_heap_release)
                  00839400    000000c0                      : cppi_listlib.oe66 (.text:cppi_list_remove_node)
                  008394c0    000000c0     rts6600_elf.lib : exit.obj (.text:exit)
                  00839580    000000c0     core1_pe66.oe66 (.text:ti_sdo_ipc_GateMP_Object__create__S)
                  00839640    000000c0     ipc.lib : Ipc.obj (.text:ti_sdo_ipc_GateMP_getRegion0ReservedSize__F)
                  00839700    000000c0     core1_pe66.oe66 (.text:ti_sdo_ipc_ListMP_Object__create__S)
                  008397c0    000000c0     core1_pe66.oe66 (.text:ti_sdo_ipc_MessageQ_Object__create__S)
                  00839880    000000c0     ipc.lib : Ipc.obj (.text:ti_sdo_ipc_Notify_execMany__I)
                  00839940    000000c0             : Ipc.obj (.text:ti_sdo_ipc_family_c647x_Interrupt_intShmStub__I)
                  00839a00    000000c0     core1_pe66.oe66 (.text:ti_sdo_ipc_gates_GatePeterson_Object__create__S)
                  00839ac0    000000c0     core1_pe66.oe66 (.text:ti_sdo_ipc_heaps_HeapBufMP_Object__create__S)
                  00839b80    000000c0     core1_pe66.oe66 (.text:ti_sdo_ipc_heaps_HeapMemMP_Object__create__S)
                  00839c40    000000c0     core1_pe66.oe66 (.text:ti_sdo_ipc_notifyDrivers_NotifyDriverShm_Object__create__S)
                  00839d00    000000c0     core1_pe66.oe66 (.text:ti_sdo_ipc_nsremote_NameServerRemoteNotify_Object__create__S)
                  00839dc0    000000c0     core1_pe66.oe66 (.text:ti_sdo_ipc_transports_TransportShm_Object__create__S)
                  00839e80    000000c0     sysbios.ae66 : BIOS.obj (.text:ti_sysbios_BIOS_errorRaiseHook__I)
                  00839f40    000000c0                  : BIOS.obj (.text:ti_sysbios_gates_GateAll_leave__E)
                  0083a000    000000c0                  : BIOS.obj (.text:ti_sysbios_heaps_HeapMem_getStats__E)
                  0083a0c0    000000c0                  : BIOS.obj (.text:ti_sysbios_knl_Clock_logTick__E)
                  0083a180    000000c0                  : BIOS.obj (.text:ti_sysbios_knl_Swi_Instance_finalize__F)
                  0083a240    000000c0     core1_pe66.oe66 (.text:ti_sysbios_knl_Swi_Object__create__S)
                  0083a300    000000c0     sysbios.ae66 : BIOS.obj (.text:ti_sysbios_knl_Task_allBlockedFunction__I)
                  0083a3c0    000000c0     core1_pe66.oe66 (.text:ti_sysbios_syncs_SyncSem_Object__create__S)
                  0083a480    000000c0     sysbios.ae66 : BIOS.obj (.text:ti_sysbios_timers_timer64_Timer_startup__E)
                  0083a540    000000c0     ti.targets.rts6000.ae66 : System.oe66 (.text:xdc_runtime_System_formatNum__I)
                  0083a600    000000c0     core1_pe66.oe66 (.text:xdc_runtime_knl_GateThread_Object__create__S)
                  0083a6c0    000000a0     rts6600_elf.lib : trgdrv.obj (.text:HOSTclose)
                  0083a760    000000a0     ipc.lib : Ipc.obj (.text:MessageQ_create)
                  0083a800    000000a0     ti.drv.qmss.ae66 : qmss_drv.oe66 (.text:Qmss_queueClose)
                  0083a8a0    000000a0                      : qmss_drv.oe66 (.text:Qmss_startCfg)
                  0083a940    000000a0     srio_drv.obj (.text:Srio_flushSockData)
                  0083a9e0    000000a0     srio_drv.obj (.text:Srio_initSockData)
                  0083aa80    000000a0     rts6600_elf.lib : remu.obj (.text:__remu)
                  0083ab20    000000a0     boot.ae66 : boot.oe66 (.text:_c_int00)
                  0083abc0    000000a0     rts6600_elf.lib : fopen.obj (.text:_cleanup)
                  0083ac60    000000a0                     : _printfi.obj (.text:_ecpy)
                  0083ad00    000000a0                     : _printfi.obj (.text:_fcpy)
                  0083ada0    000000a0                     : _printfi.obj (.text:_pconv_f)
                  0083ae40    000000a0     sysbios.ae66 : c64p_Hwi_asm.obj (.text:_ti_sysbios_family_c64p_Hwi_plug__E)
                  0083aee0    000000a0     ti.drv.cppi.ae66 : cppi_heap.oe66 (.text:cppi_internal_heap_malloc)
                  0083af80    000000a0                      : cppi_listlib.oe66 (.text:cppi_list_cat)
                  0083b020    000000a0     rts6600_elf.lib : lowlev.obj (.text:finddevice)
                  0083b0c0    000000a0                     : lowlev.obj (.text:lseek)
                  0083b160    000000a0                     : memcpy64.obj (.text:memcpy)
                  0083b200    000000a0     ipc.lib : Ipc.obj (.text:ti_sdo_ipc_family_c647x_Interrupt_intUnregister__E)
                  0083b2a0    000000a0             : Ipc.obj (.text:ti_sdo_ipc_gates_GatePeterson_leave__E)
                  0083b340    000000a0             : Ipc.obj (.text:ti_sdo_ipc_notifyDrivers_NotifyDriverShm_Instance_finalize__F)
                  0083b3e0    000000a0     sysbios.ae66 : BIOS.obj (.text:ti_sysbios_family_c64p_Hwi_eventMap__E)
                  0083b480    000000a0                  : BIOS.obj (.text:ti_sysbios_family_c64p_Hwi_getStackInfo__E)
                  0083b520    000000a0                  : BIOS.obj (.text:ti_sysbios_gates_GateSwi_leave__E)
                  0083b5c0    000000a0                  : BIOS.obj (.text:ti_sysbios_heaps_HeapMem_init__I)
                  0083b660    000000a0                  : BIOS.obj (.text:ti_sysbios_knl_Idle_run__E)
                  0083b700    000000a0                  : BIOS.obj (.text:ti_sysbios_knl_Semaphore_pendTimeout__I)
                  0083b7a0    000000a0                  : BIOS.obj (.text:ti_sysbios_knl_Task_processVitalTaskFlag__I)
                  0083b840    000000a0                  : BIOS.obj (.text:ti_sysbios_syncs_SyncSem_wait__F)
                  0083b8e0    000000a0                  : BIOS.obj (.text:ti_sysbios_timers_timer64_Timer_stop__E)
                  0083b980    000000a0     rts6600_elf.lib : lowlev.obj (.text:write)
                  0083ba20    000000a0     ti.targets.rts6000.ae66 : Assert.oe66 (.text:xdc_runtime_Assert_raise__I)
                  0083bac0    00000080     ipc.lib : Ipc.obj (.text:HeapBufMP_Params_init)
                  0083bb40    00000080     ti.drv.qmss.ae66 : qmss_drv.oe66 (.text:Qmss_getMemRegQueueHandle)
                  0083bbc0    00000080                      : qmss_drv.oe66 (.text:Qmss_queueOpen)
                  0083bc40    00000080     rts6600_elf.lib : fixfu.obj (.text:__c6xabi_fixfu)
                  0083bcc0    00000080                     : llshift.obj (.text:__c6xabi_llshl)
                  0083bd40    00000080     sysbios.ae66 : c62_TaskSupport_asm.obj (.text:_ti_sysbios_family_c62_TaskSupport_swap__E)
                  0083bdc0    00000080     ti.drv.cppi.ae66 : cppi_heap.oe66 (.text:cppi_internal_heap_cache_begin)
                  0083be40    00000080                      : cppi_listlib.oe66 (.text:cppi_list_remove)
                  0083bec0    00000080     core1_pe66.oe66 (.text:malloc)
                  0083bf40    00000080     rts6600_elf.lib : trgmsg.obj (.text:readmsg)
                  0083bfc0    00000080     core1_pe66.oe66 (.text:ti_sdo_ipc_gates_GateHWSem_Object__create__S)
                  0083c040    00000080     core1_pe66.oe66 (.text:ti_sdo_ipc_gates_GateMPSupportNull_Object__create__S)
                  0083c0c0    00000080     ipc.lib : Ipc.obj (.text:ti_sdo_ipc_nsremote_NameServerRemoteNotify_detach__E)
                  0083c140    00000080             : Ipc.obj (.text:ti_sdo_ipc_transports_TransportShm_swiFxn__I)
                  0083c1c0    00000080     core1_pe66.oe66 (.text:ti_sdo_utils_List_Object__create__S)
                  0083c240    00000080     sysbios.ae66 : BIOS.obj (.text:ti_sysbios_BIOS_registerRTSLock__I)
                  0083c2c0    00000080                  : BIOS.obj (.text:ti_sysbios_family_c66_Cache_invL1pAll__E)
                  0083c340    00000080     core1_pe66.oe66 (.text:ti_sysbios_gates_GateAll_Object__create__S)
                  0083c3c0    00000080     core1_pe66.oe66 (.text:ti_sysbios_gates_GateHwi_Object__create__S)
                  0083c440    00000080     core1_pe66.oe66 (.text:ti_sysbios_gates_GateMutexPri_Object__create__S)
                  0083c4c0    00000080     core1_pe66.oe66 (.text:ti_sysbios_gates_GateMutex_Object__create__S)
                  0083c540    00000080     core1_pe66.oe66 (.text:ti_sysbios_gates_GateSwi_Object__create__S)
                  0083c5c0    00000080     sysbios.ae66 : BIOS.obj (.text:ti_sysbios_hal_Hwi_checkStack:ti_sysbios_hal_Hwi_checkStack)
                  0083c640    00000080                  : BIOS.obj (.text:ti_sysbios_hal_Hwi_initStack:ti_sysbios_hal_Hwi_initStack)
                  0083c6c0    00000080     core1_pe66.oe66 (.text:ti_sysbios_heaps_HeapMem_Object__create__S)
                  0083c740    00000080     sysbios.ae66 : BIOS.obj (.text:ti_sysbios_knl_Clock_Module_startup__F)
                  0083c7c0    00000080                  : BIOS.obj (.text:ti_sysbios_knl_Clock_getTicks__E)
                  0083c840    00000080     core1_pe66.oe66 (.text:ti_sysbios_knl_Queue_Object__create__S)
                  0083c8c0    00000080     core1_pe66.oe66 (.text:ti_sysbios_knl_Semaphore_Object__create__S)
                  0083c940    00000080     sysbios.ae66 : BIOS.obj (.text:ti_sysbios_knl_Swi_startup__E)
                  0083c9c0    00000080                  : BIOS.obj (.text:ti_sysbios_knl_Task_restore__E)
                  0083ca40    00000080                  : BIOS.obj (.text:ti_sysbios_timers_timer64_Timer_getCount__E)
                  0083cac0    00000080                  : BIOS.obj (.text:ti_sysbios_timers_timer64_Timer_getPeriod__E)
                  0083cb40    00000080     core1_pe66.oe66 (.text:ti_sysbios_xdcruntime_GateThreadSupport_Object__create__S)
                  0083cbc0    00000080     rts6600_elf.lib : lowlev.obj (.text:unlink)
                  0083cc40    00000080     ti.targets.rts6000.ae66 : Core-label.oe66 (.text:xdc_runtime_Core_assignLabel__I)
                  0083ccc0    00000080                             : Core-params.oe66 (.text:xdc_runtime_Core_assignParams__I)
                  0083cd40    00000080                             : System.oe66 (.text:xdc_runtime_System_atexit__F)
                  0083cdc0    00000080                             : System.oe66 (.text:xdc_runtime_System_rtsExit__I)
                  0083ce40    00000080                             : Text.oe66 (.text:xdc_runtime_Text_printVisFxn__I)
                  0083cec0    00000080                             : Text.oe66 (.text:xdc_runtime_Text_xprintf__I)
                  0083cf40    00000060     ipc.lib : Ipc.obj (.text:GateMP_Params_init)
                  0083cfa0    00000060             : Ipc.obj (.text:HeapMemMP_Params_init)
                  0083d000    00000060     srio_drv.obj (.text:Srio_freeRxDrvBuffer)
                  0083d060    00000060     ti.drv.srio.ae66 : listlib.oe66 (.text:Srio_listCat)
                  0083d0c0    00000060     rts6600_elf.lib : frcmpyd_div.obj (.text:__c6xabi_frcmpyd_div)
                  0083d120    00000060                     : llshift.obj (.text:__c6xabi_llshru)
                  0083d180    00000060                     : imath64.obj (.text:_subcull)
                  0083d1e0    00000060     ti.drv.cppi.ae66 : cppi_listlib.oe66 (.text:cppi_list_add)
                  0083d240    00000060                      : cppi_listlib.oe66 (.text:cppi_list_cache_invalidate)
                  0083d2a0    00000060     rts6600_elf.lib : memccpy.obj (.text:memccpy)
                  0083d300    00000060     core1_pe66.oe66 (.text:ti_sdo_ipc_MessageQ_Object__get__S)
                  0083d360    00000060     ipc.lib : Ipc.obj (.text:ti_sdo_ipc_family_c647x_NotifySetup_sharedMemReq__E)
                  0083d3c0    00000060             : Ipc.obj (.text:ti_sdo_ipc_gates_GateHWSem_leave__E)
                  0083d420    00000060             : Ipc.obj (.text:ti_sdo_ipc_gates_GatePeterson_Instance_finalize__F)
                  0083d480    00000060             : Ipc.obj (.text:ti_sdo_ipc_gates_GatePeterson_sharedMemReq__E)
                  0083d4e0    00000060             : Ipc.obj (.text:ti_sdo_ipc_notifyDrivers_NotifyDriverShm_setNotifyHandle__E)
                  0083d540    00000060             : Ipc.obj (.text:ti_sdo_ipc_transports_TransportShmSetup_sharedMemReq__E)
                  0083d5a0    00000060     core1_pe66.oe66 (.text:ti_sdo_utils_List_Object__get__S)
                  0083d600    00000060     core1_pe66.oe66 (.text:ti_sdo_utils_NameServer_Object__get__S)
                  0083d660    00000060     core1_pe66.oe66 (.text:ti_sysbios_BIOS_exitFunc__I)
                  0083d6c0    00000060     sysbios.ae66 : BIOS.obj (.text:ti_sysbios_BIOS_rtsLock__I)
                  0083d720    00000060                  : BIOS.obj (.text:ti_sysbios_family_c62_TaskSupport_start__E)
                  0083d780    00000060                  : BIOS.obj (.text:ti_sysbios_family_c64p_EventCombiner_Module_startup__F)
                  0083d7e0    00000060                  : BIOS.obj (.text:ti_sysbios_family_c64p_EventCombiner_dispatchPlug__F)
                  0083d840    00000060                  : BIOS.obj (.text:ti_sysbios_family_c64p_EventCombiner_unused__F)
                  0083d8a0    00000060                  : BIOS.obj (.text:ti_sysbios_family_c66_tci66xx_CpIntc_unused__F)
                  0083d900    00000060                  : BIOS.obj (.text:ti_sysbios_gates_GateAll_enter__E)
                  0083d960    00000060                  : BIOS.obj (.text:ti_sysbios_gates_GateMutex_Instance_init__F)
                  0083d9c0    00000060     core1_pe66.oe66 (.text:ti_sysbios_heaps_HeapBuf_Object__get__S)
                  0083da20    00000060     core1_pe66.oe66 (.text:ti_sysbios_heaps_HeapMem_Object__get__S)
                  0083da80    00000060     core1_pe66.oe66 (.text:ti_sysbios_knl_Clock_doTick__I)
                  0083dae0    00000060     core1_pe66.oe66 (.text:ti_sysbios_knl_Queue_Object__get__S)
                  0083db40    00000060     sysbios.ae66 : BIOS.obj (.text:ti_sysbios_knl_Swi_Module_startup__F)
                  0083dba0    00000060     core1_pe66.oe66 (.text:ti_sysbios_knl_Swi_Object__get__S)
                  0083dc00    00000060     core1_pe66.oe66 (.text:ti_sysbios_knl_Task_Object__get__S)
                  0083dc60    00000060     sysbios.ae66 : BIOS.obj (.text:ti_sysbios_knl_Task_enter__I)
                  0083dcc0    00000060                  : BIOS.obj (.text:ti_sysbios_knl_Task_sleepTimeout__I)
                  0083dd20    00000060     rts6600_elf.lib : trgmsg.obj (.text:writemsg)
                  0083dd80    00000060     core1_pe66.oe66 (.text:xdc_runtime_GateNull_Object__create__S)
                  0083dde0    00000060     ti.targets.rts6000.ae66 : Memory.oe66 (.text:xdc_runtime_Memory_calloc__F)
                  0083de40    00000060                             : Memory.oe66 (.text:xdc_runtime_Memory_valloc__F)
                  0083dea0    00000060                             : SysMin.oe66 (.text:xdc_runtime_SysMin_Module_startup__F)
                  0083df00    00000060                             : SysStd.oe66 (.text:xdc_runtime_SysStd_abort__F)
                  0083df60    00000060                             : System.oe66 (.text:xdc_runtime_System_avprintf__F)
                  0083dfc0    00000060                             : System.oe66 (.text:xdc_runtime_System_vprintf__F)
                  0083e020    00000060                             : Text.oe66 (.text:xdc_runtime_Text_cordText__F)
                  0083e080    00000040     INT_vectors.obj (.text)
                  0083e0c0    00000040     ti.drv.qmss.ae66 : qmss_drv.oe66 (.text:Qmss_ackInterrupt)
                  0083e100    00000040                      : qmss_drv.oe66 (.text:Qmss_getMemRegDescSize)
                  0083e140    00000040     ti.drv.srio.ae66 : listlib.oe66 (.text:Srio_listAdd)
                  0083e180    00000040                      : listlib.oe66 (.text:Srio_listRemove)
                  0083e1c0    00000040     rts6600_elf.lib : isinf.obj (.text:__c6xabi_isinf)
                  0083e200    00000040                     : _printfi.obj (.text:__c6xabi_isnan)
                  0083e240    00000040                     : strasg.obj (.text:__strasgi_64plus)
                  0083e280    00000040                     : args_main.obj (.text:_args_main)
                  0083e2c0    00000040     sysbios.ae66 : c62_TaskSupport_asm.obj (.text:_ti_sysbios_family_c62_TaskSupport_buildTaskStack)
                  0083e300    00000040                  : c64p_Hwi_asm_switch.obj (.text:_ti_sysbios_family_xxx_Hwi_switchToIsrStack)
                  0083e340    00000040     core1_pe66.oe66 (.text:free)
                  0083e380    00000040     rts6600_elf.lib : fputs.obj (.text:puts)
                  0083e3c0    00000040     core1_pe66.oe66 (.text:ti_sdo_ipc_GateMP_Object__delete__S)
                  0083e400    00000040     core1_pe66.oe66 (.text:ti_sdo_ipc_GateMP_Params__init__S)
                  0083e440    00000040     core1_pe66.oe66 (.text:ti_sdo_ipc_GateMP_RemoteCustom1Proxy_Object__create__S)
                  0083e480    00000040     core1_pe66.oe66 (.text:ti_sdo_ipc_GateMP_RemoteCustom2Proxy_Object__create__S)
                  0083e4c0    00000040     core1_pe66.oe66 (.text:ti_sdo_ipc_GateMP_RemoteSystemProxy_Object__create__S)
                  0083e500    00000040     core1_pe66.oe66 (.text:ti_sdo_ipc_ListMP_Object__delete__S)
                  0083e540    00000040     core1_pe66.oe66 (.text:ti_sdo_ipc_ListMP_Params__init__S)
                  0083e580    00000040     core1_pe66.oe66 (.text:ti_sdo_ipc_MessageQ_Params__init__S)
                  0083e5c0    00000040     core1_pe66.oe66 (.text:ti_sdo_ipc_MessageQ_registerTransport__E)
                  0083e600    00000040     ipc.lib : Ipc.obj (.text:ti_sdo_ipc_family_c647x_Interrupt_intClear__E)
                  0083e640    00000040             : Ipc.obj (.text:ti_sdo_ipc_family_c647x_Interrupt_intSend__E)
                  0083e680    00000040     core1_pe66.oe66 (.text:ti_sdo_ipc_gates_GateHWSem_Handle__label__S)
                  0083e6c0    00000040     core1_pe66.oe66 (.text:ti_sdo_ipc_gates_GateHWSem_Object__delete__S)
                  0083e700    00000040     core1_pe66.oe66 (.text:ti_sdo_ipc_gates_GateHWSem_Params__init__S)
                  0083e740    00000040     core1_pe66.oe66 (.text:ti_sdo_ipc_gates_GateMPSupportNull_Handle__label__S)
                  0083e780    00000040     core1_pe66.oe66 (.text:ti_sdo_ipc_gates_GateMPSupportNull_Object__delete__S)
                  0083e7c0    00000040     core1_pe66.oe66 (.text:ti_sdo_ipc_gates_GateMPSupportNull_Params__init__S)
                  0083e800    00000040     core1_pe66.oe66 (.text:ti_sdo_ipc_gates_GatePeterson_Handle__label__S)
                  0083e840    00000040     core1_pe66.oe66 (.text:ti_sdo_ipc_gates_GatePeterson_Object__delete__S)
                  0083e880    00000040     core1_pe66.oe66 (.text:ti_sdo_ipc_gates_GatePeterson_Params__init__S)
                  0083e8c0    00000040     core1_pe66.oe66 (.text:ti_sdo_ipc_heaps_HeapBufMP_Handle__label__S)
                  0083e900    00000040     core1_pe66.oe66 (.text:ti_sdo_ipc_heaps_HeapBufMP_Object__delete__S)
                  0083e940    00000040     core1_pe66.oe66 (.text:ti_sdo_ipc_heaps_HeapBufMP_Params__init__S)
                  0083e980    00000040     core1_pe66.oe66 (.text:ti_sdo_ipc_heaps_HeapMemMP_Handle__label__S)
                  0083e9c0    00000040     core1_pe66.oe66 (.text:ti_sdo_ipc_heaps_HeapMemMP_Object__delete__S)
                  0083ea00    00000040     core1_pe66.oe66 (.text:ti_sdo_ipc_heaps_HeapMemMP_Params__init__S)
                  0083ea40    00000040     core1_pe66.oe66 (.text:ti_sdo_ipc_notifyDrivers_NotifyDriverShm_Handle__label__S)
                  0083ea80    00000040     core1_pe66.oe66 (.text:ti_sdo_ipc_notifyDrivers_NotifyDriverShm_InterruptProxy_intRegister__E)
                  0083eac0    00000040     core1_pe66.oe66 (.text:ti_sdo_ipc_notifyDrivers_NotifyDriverShm_Object__delete__S)
                  0083eb00    00000040     core1_pe66.oe66 (.text:ti_sdo_ipc_notifyDrivers_NotifyDriverShm_Params__init__S)
                  0083eb40    00000040     ipc.lib : Ipc.obj (.text:ti_sdo_ipc_notifyDrivers_NotifyDriverShm_disable__E)
                  0083eb80    00000040             : Ipc.obj (.text:ti_sdo_ipc_notifyDrivers_NotifyDriverShm_enable__E)
                  0083ebc0    00000040     core1_pe66.oe66 (.text:ti_sdo_ipc_nsremote_NameServerRemoteNotify_Handle__label__S)
                  0083ec00    00000040     core1_pe66.oe66 (.text:ti_sdo_ipc_nsremote_NameServerRemoteNotify_Object__delete__S)
                  0083ec40    00000040     core1_pe66.oe66 (.text:ti_sdo_ipc_nsremote_NameServerRemoteNotify_Object__first__S)
                  0083ec80    00000040     core1_pe66.oe66 (.text:ti_sdo_ipc_nsremote_NameServerRemoteNotify_Object__next__S)
                  0083ecc0    00000040     core1_pe66.oe66 (.text:ti_sdo_ipc_nsremote_NameServerRemoteNotify_Params__init__S)
                  0083ed00    00000040     core1_pe66.oe66 (.text:ti_sdo_ipc_nsremote_NameServerRemoteNotify_get__E)
                  0083ed40    00000040     ipc.lib : Ipc.obj (.text:ti_sdo_ipc_nsremote_NameServerRemoteNotify_sharedMemReq__E)
                  0083ed80    00000040     core1_pe66.oe66 (.text:ti_sdo_ipc_transports_TransportShm_Handle__label__S)
                  0083edc0    00000040     core1_pe66.oe66 (.text:ti_sdo_ipc_transports_TransportShm_Object__delete__S)
                  0083ee00    00000040     core1_pe66.oe66 (.text:ti_sdo_ipc_transports_TransportShm_Params__init__S)
                  0083ee40    00000040     core1_pe66.oe66 (.text:ti_sdo_utils_List_Object__destruct__S)
                  0083ee80    00000040     core1_pe66.oe66 (.text:ti_sdo_utils_NameServer_Module__startupDone__F)
                  0083eec0    00000040     core1_pe66.oe66 (.text:ti_sdo_utils_NameServer_Object__first__S)
                  0083ef00    00000040     core1_pe66.oe66 (.text:ti_sdo_utils_NameServer_Object__next__S)
                  0083ef40    00000040     core1_pe66.oe66 (.text:ti_sysbios_BIOS_startFunc__I)
                  0083ef80    00000040     core1_pe66.oe66 (.text:ti_sysbios_family_c64p_EventCombiner_dispatchPlug__E)
                  0083efc0    00000040     sysbios.ae66 : BIOS.obj (.text:ti_sysbios_family_c64p_EventCombiner_enableEvent__F)
                  0083f000    00000040     core1_pe66.oe66 (.text:ti_sysbios_family_c64p_Hwi_Module__startupDone__F)
                  0083f040    00000040     core1_pe66.oe66 (.text:ti_sysbios_family_c64p_Hwi_Object__delete__S)
                  0083f080    00000040     core1_pe66.oe66 (.text:ti_sysbios_family_c64p_Hwi_Params__init__S)
                  0083f0c0    00000040     sysbios.ae66 : BIOS.obj (.text:ti_sysbios_family_c64p_Hwi_disableInterrupt__E)
                  0083f100    00000040                  : BIOS.obj (.text:ti_sysbios_family_c64p_Hwi_enableInterrupt__E)
                  0083f140    00000040     core1_pe66.oe66 (.text:ti_sysbios_gates_GateAll_Handle__label__S)
                  0083f180    00000040     core1_pe66.oe66 (.text:ti_sysbios_gates_GateAll_Object__delete__S)
                  0083f1c0    00000040     core1_pe66.oe66 (.text:ti_sysbios_gates_GateHwi_Handle__label__S)
                  0083f200    00000040     core1_pe66.oe66 (.text:ti_sysbios_gates_GateHwi_Object__delete__S)
                  0083f240    00000040     core1_pe66.oe66 (.text:ti_sysbios_gates_GateMutexPri_Handle__label__S)
                  0083f280    00000040     sysbios.ae66 : BIOS.obj (.text:ti_sysbios_gates_GateMutexPri_Instance_init__F)
                  0083f2c0    00000040     core1_pe66.oe66 (.text:ti_sysbios_gates_GateMutexPri_Object__delete__S)
                  0083f300    00000040     core1_pe66.oe66 (.text:ti_sysbios_gates_GateMutexPri_Object__destruct__S)
                  0083f340    00000040     core1_pe66.oe66 (.text:ti_sysbios_gates_GateMutex_Handle__label__S)
                  0083f380    00000040     core1_pe66.oe66 (.text:ti_sysbios_gates_GateMutex_Object__delete__S)
                  0083f3c0    00000040     sysbios.ae66 : BIOS.obj (.text:ti_sysbios_gates_GateMutex_leave__E)
                  0083f400    00000040     core1_pe66.oe66 (.text:ti_sysbios_gates_GateSwi_Handle__label__S)
                  0083f440    00000040     core1_pe66.oe66 (.text:ti_sysbios_gates_GateSwi_Object__delete__S)
                  0083f480    00000040     core1_pe66.oe66 (.text:ti_sysbios_hal_Cache_CacheProxy_inv__E)
                  0083f4c0    00000040     core1_pe66.oe66 (.text:ti_sysbios_hal_Cache_CacheProxy_wbInv__E)
                  0083f500    00000040     core1_pe66.oe66 (.text:ti_sysbios_hal_Timer_Module__startupDone__F)
                  0083f540    00000040     core1_pe66.oe66 (.text:ti_sysbios_heaps_HeapMem_Handle__label__S)
                  0083f580    00000040     core1_pe66.oe66 (.text:ti_sysbios_heaps_HeapMem_Object__delete__S)
                  0083f5c0    00000040     core1_pe66.oe66 (.text:ti_sysbios_knl_Queue_Object__destruct__S)
                  0083f600    00000040     core1_pe66.oe66 (.text:ti_sysbios_knl_Semaphore_Object__delete__S)
                  0083f640    00000040     core1_pe66.oe66 (.text:ti_sysbios_knl_Semaphore_Object__destruct__S)
                  0083f680    00000040     core1_pe66.oe66 (.text:ti_sysbios_knl_Semaphore_Params__init__S)
                  0083f6c0    00000040     core1_pe66.oe66 (.text:ti_sysbios_knl_Swi_Object__destruct__S)
                  0083f700    00000040     core1_pe66.oe66 (.text:ti_sysbios_knl_Swi_Params__init__S)
                  0083f740    00000040     core1_pe66.oe66 (.text:ti_sysbios_knl_Task_Object__first__S)
                  0083f780    00000040     core1_pe66.oe66 (.text:ti_sysbios_knl_Task_Object__next__S)
                  0083f7c0    00000040     core1_pe66.oe66 (.text:ti_sysbios_syncs_SyncSem_Handle__label__S)
                  0083f800    00000040     core1_pe66.oe66 (.text:ti_sysbios_syncs_SyncSem_Object__delete__S)
                  0083f840    00000040     core1_pe66.oe66 (.text:ti_sysbios_timers_timer64_Timer_Module__startupDone__F)
                  0083f880    00000040     sysbios.ae66 : BIOS.obj (.text:ti_sysbios_xdcruntime_GateThreadSupport_Instance_init__F)
                  0083f8c0    00000040     core1_pe66.oe66 (.text:ti_sysbios_xdcruntime_GateThreadSupport_Object__delete__S)
                  0083f900    00000040     ti.targets.rts6000.ae66 : Error.oe66 (.text:xdc_runtime_Error_check__F)
                  0083f940    00000040                             : Error.oe66 (.text:xdc_runtime_Error_init__F)
                  0083f980    00000040     core1_pe66.oe66 (.text:xdc_runtime_Error_raiseX__E)
                  0083f9c0    00000040     core1_pe66.oe66 (.text:xdc_runtime_GateNull_Handle__label__S)
                  0083fa00    00000040     core1_pe66.oe66 (.text:xdc_runtime_GateNull_Object__delete__S)
                  0083fa40    00000040     ti.targets.rts6000.ae66 : Gate.oe66 (.text:xdc_runtime_Gate_leaveSystem__F)
                  0083fa80    00000040     core1_pe66.oe66 (.text:xdc_runtime_IHeap_alloc)
                  0083fac0    00000040     core1_pe66.oe66 (.text:xdc_runtime_IHeap_free)
                  0083fb00    00000040     ti.targets.rts6000.ae66 : Memory.oe66 (.text:xdc_runtime_Memory_free__F)
                  0083fb40    00000040     core1_pe66.oe66 (.text:xdc_runtime_Memory_valloc__E)
                  0083fb80    00000040     ti.targets.rts6000.ae66 : Registry.oe66 (.text:xdc_runtime_Registry_findById__F)
                  0083fbc0    00000040     core1_pe66.oe66 (.text:xdc_runtime_Startup_exec__I)
                  0083fc00    00000040     ti.targets.rts6000.ae66 : System.oe66 (.text:xdc_runtime_System_abort__F)
                  0083fc40    00000040     core1_pe66.oe66 (.text:xdc_runtime_System_aprintf__E)
                  0083fc80    00000040     core1_pe66.oe66 (.text:xdc_runtime_System_printf__E)
                  0083fcc0    00000040     ti.targets.rts6000.ae66 : Text.oe66 (.text:xdc_runtime_Text_ropeText__F)
                  0083fd00    00000040     core1_pe66.oe66 (.text:xdc_runtime_Text_visitRope__I)
                  0083fd40    00000040     core1_pe66.oe66 (.text:xdc_runtime_knl_GateThread_Handle__label__S)
                  0083fd80    00000040     ti.targets.rts6000.ae66 : GateThread.oe66 (.text:xdc_runtime_knl_GateThread_Instance_finalize__F)
                  0083fdc0    00000040                             : GateThread.oe66 (.text:xdc_runtime_knl_GateThread_Instance_init__F)
                  0083fe00    00000040     core1_pe66.oe66 (.text:xdc_runtime_knl_GateThread_Object__delete__S)
                  0083fe40    00000040     core1_pe66.oe66 (.text:xdc_runtime_knl_GateThread_Proxy_Object__create__S)
                  0083fe80    00000020     ti.csl.ae66 : csl_srioGetBaseAddress.oe66 (.text:CSL_SRIO_Open)
                  0083fea0    00000020     ti.drv.qmss.ae66 : qmss_drv.oe66 (.text:Qmss_getQueueHandle)
                  0083fec0    00000020                      : qmss_drv.oe66 (.text:Qmss_getQueueNumber)
                  0083fee0    00000020                      : qmss_drv.oe66 (.text:Qmss_start)
                  0083ff00    00000020     ti.drv.srio.ae66 : listlib.oe66 (.text:Srio_listGetHead)
                  0083ff20    00000020                      : listlib.oe66 (.text:Srio_listGetNext)
                  0083ff40    00000020     rts6600_elf.lib : negll.obj (.text:__c6xabi_negll)
                  0083ff60    00000020                     : dtor_list.obj (.text:__cxa_atexit)
                  0083ff80    00000020                     : dtor_list.obj (.text:__cxa_ia64_exit)
                  0083ffa0    00000020     ti.targets.rts6000.ae66 : xdc_noinit.oe66 (.text:__xdc__init)
                  0083ffc0    00000020     rts6600_elf.lib : _lock.obj (.text:_nop)
                  0083ffe0    00000020                     : printf.obj (.text:_outc)
                  00840000    00000020                     : printf.obj (.text:_outs)
                  00840020    00000020                     : _lock.obj (.text:_register_lock)
                  00840040    00000020                     : _lock.obj (.text:_register_unlock)
                  00840060    00000020     sysbios.ae66 : c62_TaskSupport_asm.obj (.text:_ti_sysbios_family_c62_TaskSupport_glue)
                  00840080    00000020                  : c64p_Hwi_asm_switch.obj (.text:_ti_sysbios_family_xxx_Hwi_switchToTaskStack)
                  008400a0    00000020     rts6600_elf.lib : exit.obj (.text:abort)
                  008400c0    00000020                     : dtor_list.obj (.text:atexit)
                  008400e0    00000020     ti.drv.cppi.ae66 : cppi_heap.oe66 (.text:cppi_internal_heap_free)
                  00840100    00000020                      : cppi_listlib.oe66 (.text:cppi_list_get_head)
                  00840120    00000020                      : cppi_listlib.oe66 (.text:cppi_list_get_next)
                  00840140    00000020     ti.csl.ae66 : csl_tsc.oe66 (.text:cslsys_section:tsc)
                  00840160    00000020     rts6600_elf.lib : copy_decompress_none.obj (.text:decompress:none:__TI_decompress_none)
                  00840180    00000020                     : copy_decompress_rle.obj (.text:decompress:rle24:__TI_decompress_rle24)
                  008401a0    00000020                     : fputc.obj (.text:putc)
                  008401c0    00000020                     : fputc.obj (.text:putchar)
                  008401e0    00000020     core1_pe66.oe66 (.text:ti_sdo_ipc_GateMP_RemoteCustom1Proxy_Object__delete__S)
                  00840200    00000020     core1_pe66.oe66 (.text:ti_sdo_ipc_GateMP_RemoteCustom1Proxy_Params__init__S)
                  00840220    00000020     core1_pe66.oe66 (.text:ti_sdo_ipc_GateMP_RemoteCustom1Proxy_Proxy__abstract__S)
                  00840240    00000020     core1_pe66.oe66 (.text:ti_sdo_ipc_GateMP_RemoteCustom1Proxy_Proxy__delegate__S)
                  00840260    00000020     core1_pe66.oe66 (.text:ti_sdo_ipc_GateMP_RemoteCustom1Proxy_getReservedMask__E)
                  00840280    00000020     core1_pe66.oe66 (.text:ti_sdo_ipc_GateMP_RemoteCustom1Proxy_sharedMemReq__E)
                  008402a0    00000020     core1_pe66.oe66 (.text:ti_sdo_ipc_GateMP_RemoteCustom2Proxy_Object__delete__S)
                  008402c0    00000020     core1_pe66.oe66 (.text:ti_sdo_ipc_GateMP_RemoteCustom2Proxy_Params__init__S)
                  008402e0    00000020     core1_pe66.oe66 (.text:ti_sdo_ipc_GateMP_RemoteCustom2Proxy_Proxy__abstract__S)
                  00840300    00000020     core1_pe66.oe66 (.text:ti_sdo_ipc_GateMP_RemoteCustom2Proxy_Proxy__delegate__S)
                  00840320    00000020     core1_pe66.oe66 (.text:ti_sdo_ipc_GateMP_RemoteCustom2Proxy_getReservedMask__E)
                  00840340    00000020     core1_pe66.oe66 (.text:ti_sdo_ipc_GateMP_RemoteCustom2Proxy_sharedMemReq__E)
                  00840360    00000020     core1_pe66.oe66 (.text:ti_sdo_ipc_GateMP_RemoteSystemProxy_Object__delete__S)
                  00840380    00000020     core1_pe66.oe66 (.text:ti_sdo_ipc_GateMP_RemoteSystemProxy_Params__init__S)
                  008403a0    00000020     core1_pe66.oe66 (.text:ti_sdo_ipc_GateMP_RemoteSystemProxy_Proxy__abstract__S)
                  008403c0    00000020     core1_pe66.oe66 (.text:ti_sdo_ipc_GateMP_RemoteSystemProxy_Proxy__delegate__S)
                  008403e0    00000020     core1_pe66.oe66 (.text:ti_sdo_ipc_GateMP_RemoteSystemProxy_getReservedMask__E)
                  00840400    00000020     core1_pe66.oe66 (.text:ti_sdo_ipc_GateMP_RemoteSystemProxy_sharedMemReq__E)
                  00840420    00000020     core1_pe66.oe66 (.text:ti_sdo_ipc_GateMP_attach__E)
                  00840440    00000020     core1_pe66.oe66 (.text:ti_sdo_ipc_GateMP_getRegion0ReservedSize__E)
                  00840460    00000020     core1_pe66.oe66 (.text:ti_sdo_ipc_GateMP_getSharedAddr__E)
                  00840480    00000020     ipc.lib : Ipc.obj (.text:ti_sdo_ipc_GateMP_getSharedAddr__F)
                  008404a0    00000020     core1_pe66.oe66 (.text:ti_sdo_ipc_GateMP_start__E)
                  008404c0    00000020     core1_pe66.oe66 (.text:ti_sdo_ipc_MessageQ_Module_startup__E)
                  008404e0    00000020     core1_pe66.oe66 (.text:ti_sdo_ipc_MessageQ_SetupTransportProxy_attach__E)
                  00840500    00000020     core1_pe66.oe66 (.text:ti_sdo_ipc_MessageQ_SetupTransportProxy_isRegistered__E)
                  00840520    00000020     core1_pe66.oe66 (.text:ti_sdo_ipc_MessageQ_SetupTransportProxy_sharedMemReq__E)
                  00840540    00000020     core1_pe66.oe66 (.text:ti_sdo_ipc_MessageQ_unregisterTransport__E)
                  00840560    00000020     core1_pe66.oe66 (.text:ti_sdo_ipc_Notify_Module_GateProxy_enter__E)
                  00840580    00000020     core1_pe66.oe66 (.text:ti_sdo_ipc_Notify_Module_GateProxy_leave__E)
                  008405a0    00000020     core1_pe66.oe66 (.text:ti_sdo_ipc_Notify_Module_startup__E)
                  008405c0    00000020     core1_pe66.oe66 (.text:ti_sdo_ipc_Notify_SetupProxy_attach__E)
                  008405e0    00000020     core1_pe66.oe66 (.text:ti_sdo_ipc_Notify_SetupProxy_numIntLines__E)
                  00840600    00000020     core1_pe66.oe66 (.text:ti_sdo_ipc_Notify_SetupProxy_sharedMemReq__E)
                  00840620    00000020     core1_pe66.oe66 (.text:ti_sdo_ipc_Notify_exec__E)
                  00840640    00000020     core1_pe66.oe66 (.text:ti_sdo_ipc_SharedRegion_attach__E)
                  00840660    00000020     core1_pe66.oe66 (.text:ti_sdo_ipc_SharedRegion_clearReservedMemory__E)
                  00840680    00000020     core1_pe66.oe66 (.text:ti_sdo_ipc_SharedRegion_reserveMemory__E)
                  008406a0    00000020     core1_pe66.oe66 (.text:ti_sdo_ipc_SharedRegion_start__E)
                  008406c0    00000020     core1_pe66.oe66 (.text:ti_sdo_ipc_family_c647x_Interrupt_Module_startup__E)
                  008406e0    00000020     ipc.lib : Ipc.obj (.text:ti_sdo_ipc_family_c647x_Interrupt_intDisable__E)
                  00840700    00000020             : Ipc.obj (.text:ti_sdo_ipc_family_c647x_Interrupt_intEnable__E)
                  00840720    00000020             : Ipc.obj (.text:ti_sdo_ipc_family_c647x_NotifySetup_numIntLines__E)
                  00840740    00000020     core1_pe66.oe66 (.text:ti_sdo_ipc_gates_GateHWSem_Module_startup__E)
                  00840760    00000020     ipc.lib : Ipc.obj (.text:ti_sdo_ipc_gates_GateHWSem_getReservedMask__E)
                  00840780    00000020     core1_pe66.oe66 (.text:ti_sdo_ipc_gates_GateHWSem_query__E)
                  008407a0    00000020     ipc.lib : Ipc.obj (.text:ti_sdo_ipc_gates_GateHWSem_query__F)
                  008407c0    00000020             : Ipc.obj (.text:ti_sdo_ipc_gates_GateHWSem_sharedMemReq__E)
                  008407e0    00000020             : Ipc.obj (.text:ti_sdo_ipc_gates_GateMPSupportNull_Instance_init__F)
                  00840800    00000020             : Ipc.obj (.text:ti_sdo_ipc_gates_GateMPSupportNull_getReservedMask__E)
                  00840820    00000020     core1_pe66.oe66 (.text:ti_sdo_ipc_gates_GateMPSupportNull_query__E)
                  00840840    00000020     ipc.lib : Ipc.obj (.text:ti_sdo_ipc_gates_GateMPSupportNull_query__F)
                  00840860    00000020             : Ipc.obj (.text:ti_sdo_ipc_gates_GateMPSupportNull_sharedMemReq__E)
                  00840880    00000020             : Ipc.obj (.text:ti_sdo_ipc_gates_GatePeterson_getReservedMask__E)
                  008408a0    00000020     core1_pe66.oe66 (.text:ti_sdo_ipc_gates_GatePeterson_query__E)
                  008408c0    00000020     ipc.lib : Ipc.obj (.text:ti_sdo_ipc_gates_GatePeterson_query__F)
                  008408e0    00000020     core1_pe66.oe66 (.text:ti_sdo_ipc_heaps_HeapBufMP_getStats__E)
                  00840900    00000020     core1_pe66.oe66 (.text:ti_sdo_ipc_heaps_HeapBufMP_isBlocking__E)
                  00840920    00000020     ipc.lib : Ipc.obj (.text:ti_sdo_ipc_heaps_HeapBufMP_isBlocking__F)
                  00840940    00000020     core1_pe66.oe66 (.text:ti_sdo_ipc_heaps_HeapMemMP_isBlocking__E)
                  00840960    00000020     ipc.lib : Ipc.obj (.text:ti_sdo_ipc_heaps_HeapMemMP_isBlocking__F)
                  00840980    00000020     core1_pe66.oe66 (.text:ti_sdo_ipc_notifyDrivers_NotifyDriverShm_InterruptProxy_intClear__E)
                  008409a0    00000020     core1_pe66.oe66 (.text:ti_sdo_ipc_notifyDrivers_NotifyDriverShm_InterruptProxy_intDisable__E)
                  008409c0    00000020     core1_pe66.oe66 (.text:ti_sdo_ipc_notifyDrivers_NotifyDriverShm_InterruptProxy_intEnable__E)
                  008409e0    00000020     core1_pe66.oe66 (.text:ti_sdo_ipc_notifyDrivers_NotifyDriverShm_InterruptProxy_intSend__E)
                  00840a00    00000020     core1_pe66.oe66 (.text:ti_sdo_ipc_notifyDrivers_NotifyDriverShm_InterruptProxy_intUnregister__E)
                  00840a20    00000020     core1_pe66.oe66 (.text:ti_sdo_ipc_notifyDrivers_NotifyDriverShm_sharedMemReq__E)
                  00840a40    00000020     ipc.lib : Ipc.obj (.text:ti_sdo_ipc_nsremote_NameServerRemoteNotify_cbFxn__I)
                  00840a60    00000020             : Ipc.obj (.text:ti_sdo_ipc_transports_TransportShmSetup_isRegistered__E)
                  00840a80    00000020             : Ipc.obj (.text:ti_sdo_ipc_transports_TransportShm_control__E)
                  00840aa0    00000020             : Ipc.obj (.text:ti_sdo_ipc_transports_TransportShm_getStatus__E)
                  00840ac0    00000020             : Ipc.obj (.text:ti_sdo_ipc_transports_TransportShm_notifyFxn__I)
                  00840ae0    00000020     core1_pe66.oe66 (.text:ti_sdo_ipc_transports_TransportShm_openByAddr__E)
                  00840b00    00000020     core1_pe66.oe66 (.text:ti_sdo_ipc_transports_TransportShm_setErrFxn__E)
                  00840b20    00000020     ipc.lib : Ipc.obj (.text:ti_sdo_ipc_transports_TransportShm_setErrFxn__F)
                  00840b40    00000020     core1_pe66.oe66 (.text:ti_sdo_ipc_transports_TransportShm_sharedMemReq__E)
                  00840b60    00000020     ipc.lib : Ipc.obj (.text:ti_sdo_utils_List_Instance_init__F)
                  00840b80    00000020     core1_pe66.oe66 (.text:ti_sdo_utils_MultiProc_getClusterId__E)
                  00840ba0    00000020     ipc.lib : Ipc.obj (.text:ti_sdo_utils_MultiProc_getClusterId__F)
                  00840bc0    00000020     core1_pe66.oe66 (.text:ti_sdo_utils_NameServer_Module__startupDone__S)
                  00840be0    00000020     core1_pe66.oe66 (.text:ti_sdo_utils_NameServer_Module_startup__E)
                  00840c00    00000020     core1_pe66.oe66 (.text:ti_sdo_utils_NameServer_SetupProxy_attach__E)
                  00840c20    00000020     core1_pe66.oe66 (.text:ti_sdo_utils_NameServer_SetupProxy_sharedMemReq__E)
                  00840c40    00000020     core1_pe66.oe66 (.text:ti_sysbios_BIOS_RtsGateProxy_enter__E)
                  00840c60    00000020     core1_pe66.oe66 (.text:ti_sysbios_BIOS_RtsGateProxy_leave__E)
                  00840c80    00000020     sysbios.ae66 : BIOS.obj (.text:ti_sysbios_BIOS_getThreadType__E)
                  00840ca0    00000020                  : BIOS.obj (.text:ti_sysbios_BIOS_nullFunc__I)
                  00840cc0    00000020                  : BIOS.obj (.text:ti_sysbios_BIOS_setThreadType__E)
                  00840ce0    00000020                  : BIOS.obj (.text:ti_sysbios_BIOS_start__E)
                  00840d00    00000020     core1_pe66.oe66 (.text:ti_sysbios_family_c62_TaskSupport_Module__startupDone__S)
                  00840d20    00000020     sysbios.ae66 : BIOS.obj (.text:ti_sysbios_family_c62_TaskSupport_checkStack__E)
                  00840d40    00000020     core1_pe66.oe66 (.text:ti_sysbios_family_c64p_EventCombiner_Module_startup__E)
                  00840d60    00000020     core1_pe66.oe66 (.text:ti_sysbios_family_c64p_EventCombiner_dispatch__E)
                  00840d80    00000020     core1_pe66.oe66 (.text:ti_sysbios_family_c64p_EventCombiner_enableEvent__E)
                  00840da0    00000020     core1_pe66.oe66 (.text:ti_sysbios_family_c64p_EventCombiner_unused__E)
                  00840dc0    00000020     core1_pe66.oe66 (.text:ti_sysbios_family_c64p_Exception_Module_startup__E)
                  00840de0    00000020     core1_pe66.oe66 (.text:ti_sysbios_family_c64p_Hwi_Module__startupDone__S)
                  00840e00    00000020     core1_pe66.oe66 (.text:ti_sysbios_family_c64p_Hwi_Module_startup__E)
                  00840e20    00000020     sysbios.ae66 : BIOS.obj (.text:ti_sysbios_family_c64p_Hwi_clearInterrupt__E)
                  00840e40    00000020                  : BIOS.obj (.text:ti_sysbios_family_c64p_Hwi_getHandle__E)
                  00840e60    00000020                  : BIOS.obj (.text:ti_sysbios_family_c64p_Hwi_startup__E)
                  00840e80    00000020                  : BIOS.obj (.text:ti_sysbios_family_c64p_Hwi_switchFromBootStack__E)
                  00840ea0    00000020                  : BIOS.obj (.text:ti_sysbios_family_c64p_Hwi_unPluggedInterrupt__I)
                  00840ec0    00000020                  : BIOS.obj (.text:ti_sysbios_family_c64p_tci6488_TimerSupport_enable__E)
                  00840ee0    00000020     core1_pe66.oe66 (.text:ti_sysbios_family_c66_Cache_Module_startup__E)
                  00840f00    00000020     sysbios.ae66 : BIOS.obj (.text:ti_sysbios_family_c66_Cache_inv__E)
                  00840f20    00000020                  : BIOS.obj (.text:ti_sysbios_family_c66_Cache_wbInv__E)
                  00840f40    00000020     core1_pe66.oe66 (.text:ti_sysbios_family_c66_tci66xx_CpIntc_Module_startup__E)
                  00840f60    00000020     core1_pe66.oe66 (.text:ti_sysbios_family_c66_tci66xx_CpIntc_unused__E)
                  00840f80    00000020     sysbios.ae66 : BIOS.obj (.text:ti_sysbios_gates_GateAll_Instance_init__F)
                  00840fa0    00000020     core1_pe66.oe66 (.text:ti_sysbios_gates_GateAll_query__E)
                  00840fc0    00000020     sysbios.ae66 : BIOS.obj (.text:ti_sysbios_gates_GateAll_query__F)
                  00840fe0    00000020                  : BIOS.obj (.text:ti_sysbios_gates_GateHwi_Instance_init__F)
                  00841000    00000020                  : BIOS.obj (.text:ti_sysbios_gates_GateHwi_enter__E)
                  00841020    00000020                  : BIOS.obj (.text:ti_sysbios_gates_GateHwi_leave__E)
                  00841040    00000020     core1_pe66.oe66 (.text:ti_sysbios_gates_GateHwi_query__E)
                  00841060    00000020     sysbios.ae66 : BIOS.obj (.text:ti_sysbios_gates_GateHwi_query__F)
                  00841080    00000020                  : BIOS.obj (.text:ti_sysbios_gates_GateMutexPri_Instance_finalize__F)
                  008410a0    00000020     core1_pe66.oe66 (.text:ti_sysbios_gates_GateMutexPri_query__E)
                  008410c0    00000020     sysbios.ae66 : BIOS.obj (.text:ti_sysbios_gates_GateMutexPri_query__F)
                  008410e0    00000020                  : BIOS.obj (.text:ti_sysbios_gates_GateMutex_Instance_finalize__F)
                  00841100    00000020     core1_pe66.oe66 (.text:ti_sysbios_gates_GateMutex_query__E)
                  00841120    00000020     sysbios.ae66 : BIOS.obj (.text:ti_sysbios_gates_GateMutex_query__F)
                  00841140    00000020                  : BIOS.obj (.text:ti_sysbios_gates_GateSwi_Instance_init__F)
                  00841160    00000020     core1_pe66.oe66 (.text:ti_sysbios_gates_GateSwi_query__E)
                  00841180    00000020     sysbios.ae66 : BIOS.obj (.text:ti_sysbios_gates_GateSwi_query__F)
                  008411a0    00000020     core1_pe66.oe66 (.text:ti_sysbios_hal_Hwi_HwiProxy_Module__startupDone__S)
                  008411c0    00000020     core1_pe66.oe66 (.text:ti_sysbios_hal_Hwi_HwiProxy_clearInterrupt__E)
                  008411e0    00000020     core1_pe66.oe66 (.text:ti_sysbios_hal_Hwi_HwiProxy_disableInterrupt__E)
                  00841200    00000020     core1_pe66.oe66 (.text:ti_sysbios_hal_Hwi_HwiProxy_enableInterrupt__E)
                  00841220    00000020     core1_pe66.oe66 (.text:ti_sysbios_hal_Hwi_HwiProxy_getStackInfo__E)
                  00841240    00000020     core1_pe66.oe66 (.text:ti_sysbios_hal_Hwi_HwiProxy_startup__E)
                  00841260    00000020     core1_pe66.oe66 (.text:ti_sysbios_hal_Hwi_HwiProxy_switchFromBootStack__E)
                  00841280    00000020     core1_pe66.oe66 (.text:ti_sysbios_hal_Hwi_Module_startup__E)
                  008412a0    00000020     sysbios.ae66 : BIOS.obj (.text:ti_sysbios_hal_Hwi_Module_startup__F)
                  008412c0    00000020     core1_pe66.oe66 (.text:ti_sysbios_hal_Timer_Module__startupDone__S)
                  008412e0    00000020     core1_pe66.oe66 (.text:ti_sysbios_hal_Timer_Module_startup__E)
                  00841300    00000020     sysbios.ae66 : BIOS.obj (.text:ti_sysbios_hal_Timer_Module_startup__F)
                  00841320    00000020     core1_pe66.oe66 (.text:ti_sysbios_hal_Timer_TimerProxy_Module__startupDone__S)
                  00841340    00000020     core1_pe66.oe66 (.text:ti_sysbios_hal_Timer_TimerProxy_getExpiredCounts__E)
                  00841360    00000020     core1_pe66.oe66 (.text:ti_sysbios_hal_Timer_TimerProxy_getPeriod__E)
                  00841380    00000020     core1_pe66.oe66 (.text:ti_sysbios_hal_Timer_TimerProxy_setNextTick__E)
                  008413a0    00000020     core1_pe66.oe66 (.text:ti_sysbios_hal_Timer_TimerProxy_startup__E)
                  008413c0    00000020     core1_pe66.oe66 (.text:ti_sysbios_heaps_HeapBuf_Module_startup__E)
                  008413e0    00000020     core1_pe66.oe66 (.text:ti_sysbios_heaps_HeapMem_Module_GateProxy_enter__E)
                  00841400    00000020     core1_pe66.oe66 (.text:ti_sysbios_heaps_HeapMem_Module_GateProxy_leave__E)
                  00841420    00000020     core1_pe66.oe66 (.text:ti_sysbios_heaps_HeapMem_Module_GateProxy_query__E)
                  00841440    00000020     sysbios.ae66 : BIOS.obj (.text:ti_sysbios_heaps_HeapMem_isBlocking__E)
                  00841460    00000020     core1_pe66.oe66 (.text:ti_sysbios_knl_Clock_Module_State_clockQ)
                  00841480    00000020     core1_pe66.oe66 (.text:ti_sysbios_knl_Clock_Module_startup__E)
                  008414a0    00000020     sysbios.ae66 : BIOS.obj (.text:ti_sysbios_knl_Idle_loop__E)
                  008414c0    00000020                  : BIOS.obj (.text:ti_sysbios_knl_Queue_Instance_init__F)
                  008414e0    00000020                  : BIOS.obj (.text:ti_sysbios_knl_Queue_empty__E)
                  00841500    00000020                  : BIOS.obj (.text:ti_sysbios_knl_Semaphore_Instance_finalize__F)
                  00841520    00000020     core1_pe66.oe66 (.text:ti_sysbios_knl_Swi_Module_startup__E)
                  00841540    00000020     sysbios.ae66 : BIOS.obj (.text:ti_sysbios_knl_Swi_disable__E)
                  00841560    00000020     core1_pe66.oe66 (.text:ti_sysbios_knl_Task_Module_startup__E)
                  00841580    00000020     core1_pe66.oe66 (.text:ti_sysbios_knl_Task_SupportProxy_Module__startupDone__S)
                  008415a0    00000020     core1_pe66.oe66 (.text:ti_sysbios_knl_Task_SupportProxy_checkStack__E)
                  008415c0    00000020     core1_pe66.oe66 (.text:ti_sysbios_knl_Task_SupportProxy_start__E)
                  008415e0    00000020     core1_pe66.oe66 (.text:ti_sysbios_knl_Task_SupportProxy_swap__E)
                  00841600    00000020     sysbios.ae66 : BIOS.obj (.text:ti_sysbios_knl_Task_disable__E)
                  00841620    00000020                  : BIOS.obj (.text:ti_sysbios_knl_Task_getPri__E)
                  00841640    00000020                  : BIOS.obj (.text:ti_sysbios_knl_Task_self__E)
                  00841660    00000020                  : BIOS.obj (.text:ti_sysbios_knl_Task_startup__E)
                  00841680    00000020                  : BIOS.obj (.text:ti_sysbios_syncs_SyncSem_Instance_finalize__F)
                  008416a0    00000020     core1_pe66.oe66 (.text:ti_sysbios_syncs_SyncSem_query__E)
                  008416c0    00000020     sysbios.ae66 : BIOS.obj (.text:ti_sysbios_syncs_SyncSem_query__F)
                  008416e0    00000020     core1_pe66.oe66 (.text:ti_sysbios_syncs_SyncSem_signal__E)
                  00841700    00000020     sysbios.ae66 : BIOS.obj (.text:ti_sysbios_syncs_SyncSem_signal__F)
[...]
00851890   ti_sysbios_knl_Semaphore_Module__diagsIncluded__C
00851894   ti_sysbios_knl_Semaphore_Module__diagsMask__C
00851898   ti_sysbios_knl_Semaphore_Module__loggerFxn2__C
0085189c   ti_sysbios_knl_Semaphore_Module__loggerFxn4__C
008518a0   ti_sysbios_knl_Semaphore_Module__loggerObj__C
008518a4   ti_sysbios_knl_Swi_A_badPriority__C
008518a8   ti_sysbios_knl_Swi_LD_end__C
008518ac   ti_sysbios_knl_Swi_LM_begin__C
008518b0   ti_sysbios_knl_Swi_LM_post__C
008518b4   ti_sysbios_knl_Swi_Module__diagsEnabled__C
008518b8   ti_sysbios_knl_Swi_Module__diagsIncluded__C
008518bc   ti_sysbios_knl_Swi_Module__diagsMask__C
008518c0   ti_sysbios_knl_Swi_Module__loggerFxn1__C
008518c4   ti_sysbios_knl_Swi_Module__loggerFxn4__C
008518c8   ti_sysbios_knl_Swi_Module__loggerObj__C
008518cc   ti_sysbios_knl_Swi_Object__count__C
008518d0   ti_sysbios_knl_Swi_Object__table__C
008518d4   ti_sysbios_knl_Swi_numPriorities__C
008518d8   ti_sysbios_knl_Task_A_badPriority__C
008518dc   ti_sysbios_knl_Task_A_badTimeout__C
008518e0   ti_sysbios_knl_Task_A_sleepTaskDisabled__C
008518e4   ti_sysbios_knl_Task_E_spOutOfBounds__C
008518e8   ti_sysbios_knl_Task_E_stackOverflow__C
008518ec   ti_sysbios_knl_Task_LD_block__C
008518f0   ti_sysbios_knl_Task_LD_exit__C
008518f4   ti_sysbios_knl_Task_LD_ready__C
008518f8   ti_sysbios_knl_Task_LM_setPri__C
008518fc   ti_sysbios_knl_Task_LM_sleep__C
00851900   ti_sysbios_knl_Task_LM_switch__C
00851904   ti_sysbios_knl_Task_LM_yield__C
00851908   ti_sysbios_knl_Task_Module_State_inactiveQ__O
0085190c   ti_sysbios_knl_Task_Module_State_terminatedQ__O
00851910   ti_sysbios_knl_Task_Module__diagsEnabled__C
00851914   ti_sysbios_knl_Task_Module__diagsIncluded__C
00851918   ti_sysbios_knl_Task_Module__diagsMask__C
0085191c   ti_sysbios_knl_Task_Module__loggerFxn2__C
00851920   ti_sysbios_knl_Task_Module__loggerFxn4__C
00851924   ti_sysbios_knl_Task_Module__loggerObj__C
00851928   ti_sysbios_knl_Task_Object__count__C
0085192c   ti_sysbios_knl_Task_Object__table__C
00851930   ti_sysbios_knl_Task_allBlockedFunc__C
00851934   ti_sysbios_knl_Task_numConstructedTasks__C
00851938   ti_sysbios_knl_Task_numPriorities__C
0085193c   ti_sysbios_syncs_SyncSem_Module__diagsEnabled__C
00851940   ti_sysbios_syncs_SyncSem_Module__diagsIncluded__C
00851944   ti_sysbios_syncs_SyncSem_Module__diagsMask__C
00851948   ti_sysbios_timers_timer64_Timer_A_notAvailable__C
0085194c   ti_sysbios_timers_timer64_Timer_E_cannotSupport__C
00851950   ti_sysbios_timers_timer64_Timer_Module__diagsEnabled__C
00851954   ti_sysbios_timers_timer64_Timer_Module__diagsIncluded__C
00851958   ti_sysbios_timers_timer64_Timer_Module__diagsMask__C
0085195c   ti_sysbios_timers_timer64_Timer_anyMask__C
00851960   ti_sysbios_timers_timer64_Timer_freqDivisor__C
00851964   ti_sysbios_timers_timer64_Timer_numLocalTimers__C
00851968   ti_sysbios_timers_timer64_Timer_numTimerDevices__C
0085196c   ti_sysbios_xdcruntime_GateThreadSupport_Instance_State_gate__O
00851970   xdc_runtime_Assert_E_assertFailed__C
00851974   xdc_runtime_Core_A_initializedParams__C
00851978   xdc_runtime_Core_Module__diagsEnabled__C
0085197c   xdc_runtime_Core_Module__diagsIncluded__C
00851980   xdc_runtime_Core_Module__diagsMask__C
00851984   xdc_runtime_Error_E_generic__C
00851988   xdc_runtime_Error_E_memory__C
0085198c   xdc_runtime_Error_Module__diagsEnabled__C
00851990   xdc_runtime_Error_Module__diagsIncluded__C
00851994   xdc_runtime_Error_Module__diagsMask__C
00851998   xdc_runtime_Error_Module__loggerFxn8__C
0085199c   xdc_runtime_Error_Module__loggerObj__C
008519a0   xdc_runtime_Error_policy__C
008519a4   xdc_runtime_Error_raiseHook__C
008519a8   xdc_runtime_IGateProvider_Interface__BASE__C
008519ac   xdc_runtime_IHeap_Interface__BASE__C
008519b0   xdc_runtime_IModule_Interface__BASE__C
008519b4   xdc_runtime_Log_L_error__C
008519b8   xdc_runtime_Memory_defaultHeapInstance__C
008519bc   xdc_runtime_Startup_execImpl__C
008519c0   xdc_runtime_Startup_lastFxns__A
008519c4   xdc_runtime_Startup_maxPasses__C
008519c8   xdc_runtime_Startup_sfxnRts__C
008519cc   xdc_runtime_Startup_sfxnTab__C
008519d0   xdc_runtime_Startup_startModsFxn__C
008519d4   xdc_runtime_SysMin_bufSize__C
008519d8   xdc_runtime_System_Module__gateObj__C
008519dc   xdc_runtime_System_extendFxn__C
008519e0   xdc_runtime_System_maxAtexitHandlers__C
008519e4   xdc_runtime_Text_charTab__C
008519e8   xdc_runtime_Text_nameEmpty__C
008519ec   xdc_runtime_Text_nameStatic__C
008519f0   xdc_runtime_Text_nameUnknown__C
008519f4   xdc_runtime_Text_nodeTab__C
008519f8   xdc_runtime_Text_visitRopeFxn__C
008519fc   xdc_runtime_knl_ISync_Interface__BASE__C
00851a00   ti_sdo_ipc_Ipc_generateSlaveDataForHost__C
00851a02   ti_sdo_ipc_ListMP_Module__id__C
00851a04   ti_sdo_ipc_MessageQ_Module__id__C
00851a06   ti_sdo_ipc_MessageQ_Module__loggerDefined__C
00851a08   ti_sdo_ipc_Notify_Module__id__C
00851a0a   ti_sdo_ipc_Notify_numLines__C
00851a0c   ti_sdo_ipc_Notify_reservedEvents__C
00851a0e   ti_sdo_ipc_SharedRegion_Module__id__C
00851a10   ti_sdo_ipc_SharedRegion_numEntries__C
00851a12   ti_sdo_ipc_SharedRegion_translate__C
00851a14   ti_sdo_ipc_family_c647x_Interrupt_enableKick__C
00851a16   ti_sdo_ipc_family_c647x_MultiProcSetup_Module__id__C
00851a18   ti_sdo_ipc_gates_GateHWSem_Module__id__C
00851a1a   ti_sdo_ipc_gates_GateMPSupportNull_Module__id__C
00851a1c   ti_sdo_ipc_gates_GatePeterson_Module__id__C
00851a1e   ti_sdo_ipc_heaps_HeapBufMP_Module__id__C
00851a20   ti_sdo_ipc_heaps_HeapBufMP_trackAllocs__C
00851a22   ti_sdo_ipc_heaps_HeapMemMP_Module__id__C
00851a24   ti_sdo_ipc_notifyDrivers_NotifyDriverShm_Module__id__C
00851a26   ti_sdo_ipc_nsremote_NameServerRemoteNotify_Module__id__C
00851a28   ti_sdo_ipc_transports_TransportShm_Module__id__C
00851a2a   ti_sdo_ipc_transports_TransportShm_notifyEventId__C
00851a2c   ti_sdo_utils_MultiProc_Module__id__C
00851a2e   ti_sdo_utils_MultiProc_numProcessors__C
00851a30   ti_sdo_utils_MultiProc_numProcsInCluster__C
00851a32   ti_sdo_utils_NameServer_Module__id__C
00851a34   ti_sysbios_BIOS_Module__id__C
00851a36   ti_sysbios_family_c64p_EventCombiner_Module__id__C
00851a38   ti_sysbios_family_c64p_Exception_Module__id__C
00851a3a   ti_sysbios_family_c64p_Exception_enableExternalMPC__C
00851a3c   ti_sysbios_family_c64p_Exception_enablePrint__C
00851a3e   ti_sysbios_family_c64p_Exception_useInternalBuffer__C
00851a40   ti_sysbios_family_c64p_Hwi_Module__id__C
00851a42   ti_sysbios_family_c64p_Hwi_Module__loggerDefined__C
00851a44   ti_sysbios_family_c66_tci66xx_CpIntc_Module__id__C
00851a46   ti_sysbios_gates_GateMutexPri_Module__id__C
00851a48   ti_sysbios_gates_GateMutex_Module__id__C
00851a4a   ti_sysbios_gates_GateSwi_Module__id__C
00851a4c   ti_sysbios_hal_Hwi_Module__id__C
00851a4e   ti_sysbios_heaps_HeapMem_Module__id__C
00851a50   ti_sysbios_knl_Clock_Module__id__C
00851a52   ti_sysbios_knl_Clock_Module__loggerDefined__C
00851a54   ti_sysbios_knl_Semaphore_Module__id__C
00851a56   ti_sysbios_knl_Semaphore_Module__loggerDefined__C
00851a58   ti_sysbios_knl_Swi_Module__id__C
00851a5a   ti_sysbios_knl_Swi_Module__loggerDefined__C
00851a5c   ti_sysbios_knl_Task_Module__id__C
00851a5e   ti_sysbios_knl_Task_Module__loggerDefined__C
00851a60   ti_sysbios_knl_Task_deleteTerminatedTasks__C
00851a62   ti_sysbios_knl_Task_initStackFlag__C
00851a64   ti_sysbios_syncs_SyncSem_Module__id__C
00851a66   ti_sysbios_timers_timer64_Timer_Module__id__C
00851a68   ti_sysbios_timers_timer64_Timer_startupNeeded__C
00851a6a   xdc_runtime_Core_Module__id__C
00851a6c   xdc_runtime_Error_Module__loggerDefined__C
00851a6e   xdc_runtime_Error_maxDepth__C
00851a70   xdc_runtime_Memory_Module__id__C
00851a72   xdc_runtime_Text_charCnt__C
00851a74   xdc_runtime_Text_isLoaded__C
00851a76   xdc_runtime_Text_registryModsLastId__C
00851a78   xdc_runtime_Text_unnamedModsLastId__C
00851a80   host_region
00853280   gHiPriAccumList
00853380   qmssInitConfig
008533b0   srioSocket
008533b8   srcDataBuffer
008533c8   dstDataBuffer
008533d8   ti_sysbios_knl_Task_Instance_State_0_stack__A
00853bd8   ti_sysbios_knl_Task_Instance_State_1_stack__A
008543d8   ti_sdo_utils_NameServer_Module_State_0_nsRemoteHandle__A
008543f8   ti_sysbios_knl_Task_Instance_State_0_hookEnv__A
00854400   ti_sysbios_knl_Task_Instance_State_1_hookEnv__A
00854408   xdc_runtime_SysMin_Module_State_0_outbuf__A
00854808   _tmpnams
00854948   qmssLObj
00854a68   gDataBufferMemMgr
00854b58   exception_record
00854bc8   mem_prot_key
00854be0   ti_sdo_ipc_GateMP_Module_State_0_remoteCustom1Gates__A
008553e0   ti_sdo_ipc_GateMP_Module__root__V
008553e8   ti_sdo_ipc_GateMP_Module__state__V
00855430   ti_sdo_ipc_Ipc_Module__state__V
0085543c   ti_sdo_ipc_ListMP_Module__root__V
00855444   ti_sdo_ipc_ListMP_Module__state__V
00855448   ti_sdo_ipc_MessageQ_Module__root__V
00855450   ti_sdo_ipc_MessageQ_Module__state__V
0085546c   ti_sdo_ipc_Notify_Module__root__V
00855474   ti_sdo_ipc_Notify_Module__state__V
0085547c   ti_sdo_ipc_SharedRegion_Module__state__V
00855480   ti_sdo_ipc_family_c647x_Interrupt_Module__state__V
00855488   ti_sdo_ipc_gates_GateHWSem_Module__root__V
00855490   ti_sdo_ipc_gates_GateMPSupportNull_Module__root__V
00855498   ti_sdo_ipc_gates_GatePeterson_Module__root__V
008554a0   ti_sdo_ipc_heaps_HeapBufMP_Module__root__V
008554a8   ti_sdo_ipc_heaps_HeapBufMP_Module__state__V
008554ac   ti_sdo_ipc_heaps_HeapMemMP_Module__root__V
008554b4   ti_sdo_ipc_heaps_HeapMemMP_Module__state__V
008554b8   ti_sdo_ipc_notifyDrivers_NotifyDriverShm_Module__root__V
008554c0   ti_sdo_ipc_nsremote_NameServerRemoteNotify_Module__root__V
008554c8   ti_sdo_ipc_transports_TransportShm_Module__root__V
008554d0   ti_sdo_ipc_transports_TransportShmSetup_Module__state__V
008554d4   ti_sdo_utils_List_Module__root__V
008554dc   ti_sdo_utils_MultiProc_Module__state__V
008554e0   ti_sdo_utils_NameServer_Module__root__V
008554e8   ti_sdo_utils_NameServer_Module__state__V
008554f0   ti_sdo_utils_NameServerRemoteNull_Module__root__V
008554f8   ti_sysbios_BIOS_Module__state__V
00855518   ti_sysbios_family_c64p_EventCombiner_Module__state__V
00855918   ti_sysbios_family_c64p_Exception_Module__state__V
00855948   ti_sysbios_family_c64p_Hwi_Module__root__V
00855950   ti_sysbios_family_c64p_Hwi_Module__state__V
008559b8   ti_sysbios_family_c66_tci66xx_CpIntc_Module__state__V
008559c8   ti_sysbios_gates_GateAll_Module__root__V
008559d0   ti_sysbios_gates_GateHwi_Module__root__V
008559d8   ti_sysbios_gates_GateMutex_Module__root__V
008559e0   ti_sysbios_gates_GateMutexPri_Module__root__V
008559e8   ti_sysbios_gates_GateSwi_Module__root__V
008559f0   ti_sysbios_hal_Hwi_Module__root__V
008559f8   ti_sysbios_hal_Timer_Module__root__V
00855a00   ti_sysbios_heaps_HeapBuf_Module__root__V
00855a08   ti_sysbios_heaps_HeapBuf_Module__state__V
00855a0c   ti_sysbios_heaps_HeapMem_Module__root__V
00855a14   ti_sysbios_knl_Clock_Module__root__V
00855a1c   ti_sysbios_knl_Clock_Module__state__V
00855a44   ti_sysbios_knl_Queue_Module__root__V
00855a4c   ti_sysbios_knl_Semaphore_Module__root__V
00855a54   ti_sysbios_knl_Swi_Module__root__V
00855a5c   ti_sysbios_knl_Swi_Module__state__V
00855a78   ti_sysbios_knl_Task_Module__root__V
00855a80   ti_sysbios_knl_Task_Module__state__V
00855ac4   ti_sysbios_syncs_SyncSem_Module__root__V
00855acc   ti_sysbios_timers_timer64_Timer_Module__root__V
00855ad4   ti_sysbios_timers_timer64_Timer_Module__state__V
00855ae8   ti_sysbios_xdcruntime_GateThreadSupport_Module__root__V
00855af0   xdc_runtime_Error_Module__state__V
00855af4   xdc_runtime_GateNull_Module__root__V
00855afc   xdc_runtime_Memory_Module__state__V
00855b00   xdc_runtime_Registry_Module__state__V
00855b08   xdc_runtime_Startup_Module__state__V
00855b10   xdc_runtime_SysMin_Module__state__V
00855b1c   xdc_runtime_System_Module__state__V
00855b28   xdc_runtime_Text_Module__state__V
00855b30   xdc_runtime_knl_GateThread_Module__root__V
00855b38   __xdc__init__addr
00855b3c   cppiLObj
00855b40   ti_sysbios_family_c66_tci66xx_CpIntc_Module_State_0_dispatchTab__A
00856040   _ftable
00856220   ti_sysbios_timers_timer64_Timer_Module_State_0_device__A
008563a0   ti_sdo_utils_NameServer_Object__table__V
00856558   ti_sdo_ipc_Ipc_Module_State_0_procEntry__A
008565f8   ti_sysbios_family_c66_tci66xx_CpIntc_Module_State_0_hostIntToSysInt__A
00856690   ti_sysbios_knl_Task_Object__table__V
008566dc   TSK_idle
00856728   ti_sdo_ipc_SharedRegion_Module_State_0_regions__A
008567b8   ti_sdo_ipc_GateMP_Module_State_0_remoteSystemGates__A
00856838   ti_sysbios_knl_Swi_Module_State_0_readyQ__A
008568b8   ti_sysbios_knl_Task_Module_State_0_readyQ__A
00856938   ti_sysbios_timers_timer64_Timer_Module_State_0_gctrl__A
008569b8   ti_sysbios_timers_timer64_Timer_Module_State_0_handles__A
00856a38   ti_sysbios_timers_timer64_Timer_Module_State_0_intFreqs__A
00856b30   ti_sysbios_family_c64p_Hwi_Object__table__V
00856ba8   ti_sysbios_timers_timer64_Timer_Object__table__V
00856bf4   _ft_end
00856bf8   LSU_state_index_table
00856c40   gstruMpuAddrRange
00856c80   ti_sdo_ipc_MessageQ_Module_State_0_transports__A
00856cc0   ti_sdo_ipc_family_c647x_Interrupt_Module_State_0_fxnTable__A
00856d00   ti_sysbios_gates_GateMutex_Object__table__V
00856d40   ti_sysbios_knl_Semaphore_Object__table__V
00856d70   ti_sysbios_knl_Swi_Object__table__V
00856da0   gpEDMA_TC_regs
00856dc8   gpTimerRegs
00856df0   input_clk_str
00856e18   internal_exception_str
00856e40   Qmss_highEoiVector
00856e60   boot_mode_str
00856e80   bus_err_stat_str
00856ea0   gCIC_EXC_EN_MASK
00856ec0   gpMPU_regs
00856ee0   ti_sdo_ipc_MessageQ_Module_State_0_heaps__A
00856f00   ti_sdo_ipc_Notify_Module_State_0_notifyHandles__A
00856f20   ti_sdo_ipc_transports_TransportShmSetup_Module_State_0_handles__A
00856f40   xdc_runtime_System_Module_State_0_atexitHandlers__A
00856f60   Peri_MPU_err_type_str
00856f78   ti_sysbios_gates_GateMutexPri_Object__table__V
00856f90   ti_sysbios_heaps_HeapMem_Object__table__V
00856fa8   device_type_str
00856fc0   ti_sysbios_family_c66_tci66xx_CpIntc_Module_State_0_initSIER__A
00856fd8   Qmss_lowEoiVector
00856fe8   ti_sysbios_family_c66_tci66xx_CpIntc_Module_State_0_controller__A
00856ff8   ti_sysbios_gates_GateAll_Object__table__V
00857008   gpEDMA_CC_regs
00857014   _cleanup_ptr
00857018   _dtors_ptr
0085701c   __TI_enable_exit_profile_output
00857020   ti_sysbios_gates_GateSwi_Object__table__V
00857030   Ns_str
00857038   endian_str
00857040   _lock
00857044   _unlock
00857048   ti_sysbios_hal_Hwi_Object__table__V
00857050   ti_sysbios_hal_Timer_Object__table__V
00857058   ti_sdo_ipc_GateMP_Module_State_0_remoteCustom2Gates__A
00857060   ti_sdo_ipc_Notify_Module_State_0_notifyHandles_0__A
00857068   ti_sdo_ipc_Notify_Module_State_0_notifyHandles_1__A
00857070   ti_sdo_ipc_Notify_Module_State_0_notifyHandles_2__A
00857078   ti_sdo_ipc_Notify_Module_State_0_notifyHandles_3__A
00857080   ti_sdo_ipc_Notify_Module_State_0_notifyHandles_4__A
00857088   ti_sdo_ipc_Notify_Module_State_0_notifyHandles_5__A
00857090   ti_sdo_ipc_Notify_Module_State_0_notifyHandles_6__A
00857098   ti_sdo_ipc_Notify_Module_State_0_notifyHandles_7__A
008570a0   ti_sysbios_gates_GateHwi_Object__table__V
008570a8   ti_sysbios_knl_Task_Module_State_0_idleTask__A
008570b0   xdc_runtime_GateNull_Object__table__V
008570b8   Qmss_cdmaEoiVector
008570c0   _stack
008580c0   __TI_STACK_END
008580c0   __TI_STATIC_BASE
008580c0   hDrvManagedSrioDrv
008580c4   hSrioCSL
008580c8   srioSocketDoorbellTest
008580cc   MessageQCore0ToCore1
008580d0   MessageQCore2ToCore1
008580d4   MessageQCore3ToCore1
008580d8   MessageQCore4ToCore1
008580dc   MessageQCore5ToCore1
008580e0   MessageQCore6ToCore1
008580e4   MessageQCore7ToCore1
008580e8   MessageQCore34567ToCore1
008580ec   Msg0To1Ptr
008580f0   Msg2To1Ptr
008580f4   Msg3To1Ptr
008580f8   Msg4To1Ptr
008580fc   Msg5To1Ptr
00858100   Msg6To1Ptr
00858104   Msg7To1Ptr
00858108   SrioSocket
0085810c   NotifyCore0Payload
00858110   system_type
00858114   nextdevid
00858118   hostdeviceid
0085811c   uiMaintenanceValue
00858120   uiResult
00858124   srioSerdesRegs
00858128   Ipc_sr0MemorySetup
0085812c   gpXMC_regs
00858130   gpCGEM_regs
00858134   gpBootCfgRegs
00858138   gpPLLC_regs
0085813c   gpPSC_regs
00858140   gpMSMC_regs
00858144   gpGPIO_regs
00858148   gpCIC0_regs
0085814c   gpCIC1_regs
00858150   gpCIC_regs
00858154   gpEDMA_CC0_regs
00858158   gpEDMA_CC1_regs
0085815c   gpEDMA_CC2_regs
00858160   gpEDMA_TC_0_0_regs
00858164   gpEDMA_TC_0_1_regs
00858168   gpEDMA_TC_1_0_regs
0085816c   gpEDMA_TC_1_1_regs
00858170   gpEDMA_TC_1_2_regs
00858174   gpEDMA_TC_1_3_regs
00858178   gpEDMA_TC_2_0_regs
0085817c   gpEDMA_TC_2_1_regs
00858180   gpEDMA_TC_2_2_regs
00858184   gpEDMA_TC_2_3_regs
00858188   gpTimer0Regs
0085818c   gpTimer1Regs
00858190   gpTimer2Regs
00858194   gpTimer3Regs
00858198   gpTimer4Regs
0085819c   gpTimer5Regs
008581a0   gpTimer6Regs
008581a4   gpTimer7Regs
008581a8   gpTimer8Regs
008581ac   gpMPU0_regs
008581b0   gpMPU1_regs
008581b4   gpMPU2_regs
008581b8   gpMPU3_regs
008581bc   gpDDR_regs
008581c0   gDSP_Core_Speed_Hz
008581c4   gDSP_board_type
008581c8   cycle_measure_overhead
008581cc   uiLL2_scrub_addr
008581d0   LL2_EDC_victim_err_str
008581d4   LL2_EDC_DMA_err_str
008581d8   LL2_EDC_L1D_err_str
008581dc   LL2_EDC_L1P_err_str
008581e0   guwIntcCICExcEvtIdx
008581e4   gCIC_EXC_out_num
008581e8   gpQM_configRegs
008581ec   gpQM_descriptorRegions
008581f0   gpQueueManageRegs
008581f4   gpQueueManageProxyRegs
008581f8   gpQueueManageVBUSM
008581fc   gpQueueManageProxyVBUSM
00858200   gpQueueStatusConfigRegs
00858204   gpQueueThresholdStatus
00858208   gpQM_INTD_regs
0085820c   gpQM_DMA_CfgRegs
00858210   gpQM_DMA_TxChCfgRegs
00858214   gpQM_DMA_RxChCfgRegs
00858218   gpQM_DMA_TxChPriority
0085821c   gpQM_DMA_RxFlowCfgRegs
00858220   gpSRIO_DMA_CfgRegs
00858224   gpSRIO_DMA_TxChCfgRegs
00858228   gpSRIO_DMA_RxChCfgRegs
0085822c   gpSRIO_DMA_TxChPriority
00858230   gpSRIO_DMA_RxFlowCfgRegs
00858234   gpNetCP_DMA_CfgRegs
00858238   gpNetCP_DMA_TxChCfgRegs
0085823c   gpNetCP_DMA_RxChCfgRegs
00858240   gpNetCP_DMA_TxChPriority
00858244   gpNetCP_DMA_RxFlowCfgRegs
00858248   numLinkingEntry
0085824c   coreNum
00858250   srioDbgDioIsrCnt
00858254   srioLsuIsrServiced
00858258   srioDioLsuGoodTransfers
0085825c   srioDioLsuBadTransfers
00858260   gDataBufferMemMgrMaxSize
00858264   malloc_counter
00858268   free_counter
0085826c   gpSRIO_regs
00858270   qmssLObjIsValid
00858274   DEVICE_ID1_16BIT
00858278   DEVICE_ID1_8BIT
0085827c   DEVICE_ID2_16BIT
00858280   DEVICE_ID2_8BIT
00858284   DEVICE_ID3_16BIT
00858288   DEVICE_ID3_8BIT
0085828c   DEVICE_ID4_16BIT
00858290   DEVICE_ID4_8BIT
00858294   heap0
00858298   MainThreadHandle
0085829c   QmssRdySemHandle
008582a0   ManualMsgRdyHandle
008582a8   __CIOBUF_
00858400   ti_sysbios_family_c64p_Hwi0
00858400   ti_sysbios_family_c64p_Hwi_int0
00858420   ti_sysbios_family_c64p_Hwi_int1
00858440   ti_sysbios_family_c64p_Hwi_int2
00858460   ti_sysbios_family_c64p_Hwi_int3
00858480   ti_sysbios_family_c64p_Hwi_int4
008584a0   ti_sysbios_family_c64p_Hwi_int5
008584c0   ti_sysbios_family_c64p_Hwi_int6
008584e0   ti_sysbios_family_c64p_Hwi_int7
00858500   ti_sysbios_family_c64p_Hwi_int8
00858520   ti_sysbios_family_c64p_Hwi_int9
00858540   ti_sysbios_family_c64p_Hwi_int10
00858560   ti_sysbios_family_c64p_Hwi_int11
00858580   ti_sysbios_family_c64p_Hwi_int12
008585a0   ti_sysbios_family_c64p_Hwi_int13
008585c0   ti_sysbios_family_c64p_Hwi_int14
008585e0   ti_sysbios_family_c64p_Hwi_int15
00858680   gSRIODriverMCB
00858800   vectors
00859f7c   __TI_Handler_Table_Base
00859f88   __TI_Handler_Table_Limit
00859fb0   __TI_CINIT_Base
00859ff8   __TI_CINIT_Limit
0c204400   queueFree
0c206400   qmssGObj
0c206800   cppiObject
ffffffff   __TI_pprof_out_hndl
ffffffff   __TI_prof_data_size
ffffffff   __TI_prof_data_start
ffffffff   __binit__
ffffffff   __c_args__
ffffffff   binit
UNDEFED    __TI_INITARRAY_Base
UNDEFED    __TI_INITARRAY_Limit

[1758 symbols]
