******************************************************************************
               TMS320C6x Linker PC v7.4.4                      
******************************************************************************
>> Linked Tue Mar 01 20:19:37 2016

OUTPUT FILE NAME:   <simulator_vpx_V0_1_5_core23456.out>
ENTRY POINT SYMBOL: "_c_int00"  address: 00822800


MEMORY CONFIGURATION

         name            origin    length      used     unused   attr    fill
----------------------  --------  ---------  --------  --------  ----  --------
  L2SRAM                00800000   00080000  000331d8  0004ce28  RW X
  MSMCSRAM              0c000000   00400000  00200000  00200000  RW X
  DDR3                  80000000   20000000  00000000  20000000  RWIX


SEGMENT ALLOCATION MAP

run origin  load origin   length   init length attrs members
----------  ----------- ---------- ----------- ----- -------
00800000    00800000    0002d774   0002d774    r-x
  00800000    00800000    00028fe0   00028fe0    r-x .text
  00828fe0    00828fe0    00004794   00004794    r-- .const
0082d778    0082d778    00002578   00000000    rw-
  0082d778    0082d778    00002578   00000000    rw- .far
0082fcf0    0082fcf0    0000189c   0000189c    rw-
  0082fcf0    0082fcf0    0000189c   0000189c    rw- .fardata
00831590    00831590    00001134   00000000    rw-
  00831590    00831590    00001000   00000000    rw- .stack
  00832590    00832590    00000120   00000000    rw- .cio
  008326b0    008326b0    00000014   00000000    rw- .bss
008326c4    008326c4    00000010   00000010    r--
  008326c4    008326c4    00000010   00000010    r-- .switch
00832800    00832800    00000b0c   00000b0c    r-x
  00832800    00832800    00000200   00000200    r-x .vecs
  00832a00    00832a00    0000090c   0000090c    r-- .cinit


SECTION ALLOCATION MAP

 output                                  attributes/
section   page    origin      length       input sections
--------  ----  ----------  ----------   ----------------
.init_array 
*          0    00800000    00000000     UNINITIALIZED

xdc.meta   0    00800000    00000130     COPY SECTION
                  00800000    00000130     core23456_pe66.oe66 (xdc.meta)

.text      0    00800000    00028fe0     
                  00800000    000011c0     ipc.lib : Ipc.obj (.text:ti_sdo_ipc_GateMP_Instance_init__F)
                  008011c0    00000a60             : Ipc.obj (.text:ti_sdo_ipc_heaps_HeapMemMP_alloc__E)
                  00801c20    000009e0             : Ipc.obj (.text:ti_sdo_ipc_heaps_HeapMemMP_free__E)
                  00802600    000009a0             : Ipc.obj (.text:Ipc_attach)
                  00802fa0    00000920             : Ipc.obj (.text:ti_sdo_ipc_transports_TransportShm_Instance_init__F)
                  008038c0    000008a0             : Ipc.obj (.text:ti_sdo_ipc_ListMP_Instance_init__F)
                  00804160    000008a0     ti.targets.rts6000.ae66 : System.oe66 (.text:xdc_runtime_System_doPrint__I)
                  00804a00    00000860     ipc.lib : Ipc.obj (.text:ti_sdo_ipc_GateMP_Instance_finalize__F)
                  00805260    00000840             : Ipc.obj (.text:MessageQ_put)
                  00805aa0    00000820             : Ipc.obj (.text:ti_sdo_ipc_heaps_HeapBufMP_Instance_init__F)
                  008062c0    00000800             : Ipc.obj (.text:ti_sdo_ipc_heaps_HeapBufMP_postInit__I)
                  00806ac0    00000780             : Ipc.obj (.text:ti_sdo_ipc_heaps_HeapMemMP_Instance_init__F)
                  00807240    00000780     sysbios.lib : BIOS.obj (.text:ti_sysbios_family_c64p_Exception_handler__I)
                  008079c0    000006c0     ipc.lib : Ipc.obj (.text:ti_sdo_ipc_nsremote_NameServerRemoteNotify_Instance_init__F)
                  00808080    000006a0             : Ipc.obj (.text:NameServer_add)
                  00808720    00000660     sysbios.lib : BIOS.obj (.text:ti_sysbios_heaps_HeapMem_free__E)
                  00808d80    00000620     ipc.lib : Ipc.obj (.text:Notify_sendEvent)
                  008093a0    00000620     sysbios.lib : BIOS.obj (.text:ti_sysbios_heaps_HeapMem_alloc__E)
                  008099c0    000005e0     ipc.lib : Ipc.obj (.text:Notify_registerEventSingle)
                  00809fa0    000005e0     main23456.obj (.text)
                  0080a580    000005c0     ipc.lib : Ipc.obj (.text:ListMP_getHead)
                  0080ab40    000005c0             : Ipc.obj (.text:Notify_unregisterEventSingle)
                  0080b100    000005c0             : Ipc.obj (.text:ti_sdo_ipc_SharedRegion_start__F)
                  0080b6c0    000005c0     sysbios.lib : BIOS.obj (.text:ti_sysbios_timers_timer64_Timer_Module_startup__F)
                  0080bc80    00000580     ipc.lib : Ipc.obj (.text:ti_sdo_ipc_nsremote_NameServerRemoteNotify_get__F)
                  0080c200    00000580             : Ipc.obj (.text:ti_sdo_ipc_transports_TransportShm_put__E)
                  0080c780    00000560             : Ipc.obj (.text:NameServer_get)
                  0080cce0    00000540             : Ipc.obj (.text:ti_sdo_ipc_Ipc_procSyncStart__I)
                  0080d220    000004e0             : Ipc.obj (.text:ti_sdo_ipc_notifyDrivers_NotifyDriverShm_Instance_init__F)
                  0080d700    000004a0             : Ipc.obj (.text:HeapBufMP_sharedMemReq)
                  0080dba0    000004a0             : Ipc.obj (.text:ti_sdo_ipc_gates_GatePeterson_Instance_init__F)
                  0080e040    00000480     sysbios.lib : BIOS.obj (.text:ti_sysbios_knl_Task_Module_startup__F)
                  0080e4c0    00000460     ipc.lib : Ipc.obj (.text:ti_sdo_ipc_GateMP_setRegion0Reserved__F)
                  0080e920    00000460             : Ipc.obj (.text:ti_sdo_ipc_Ipc_procSyncFinish__I)
                  0080ed80    00000460             : Ipc.obj (.text:ti_sdo_ipc_MessageQ_Instance_init__F)
                  0080f1e0    00000440             : Ipc.obj (.text:ListMP_putTail)
                  0080f620    00000440             : Ipc.obj (.text:ti_sdo_ipc_heaps_HeapMemMP_getStats__E)
                  0080fa60    00000440             : Ipc.obj (.text:ti_sdo_ipc_heaps_HeapMemMP_postInit__I)
                  0080fea0    00000400             : Ipc.obj (.text:ti_sdo_ipc_Notify_Instance_init__F)
                  008102a0    00000400     sysbios.lib : BIOS.obj (.text:ti_sysbios_knl_Semaphore_pend__E)
                  008106a0    000003c0     ipc.lib : Ipc.obj (.text:ti_sdo_ipc_SharedRegion_reserveMemory__F)
                  00810a60    000003c0     sysbios.lib : BIOS.obj (.text:ti_sysbios_knl_Task_setPri__E)
                  00810e20    00000380     ipc.lib : Ipc.obj (.text:HeapMemMP_sharedMemReq)
                  008111a0    00000380             : Ipc.obj (.text:MessageQ_alloc)
                  00811520    00000360     core23456_pe66.oe66 (.text:xdc_runtime_System_printfExtend__I)
                  00811880    00000340     ipc.lib : Ipc.obj (.text:GateMP_sharedMemReq)
                  00811bc0    00000340             : Ipc.obj (.text:ti_sdo_ipc_nsremote_NameServerRemoteNotify_swiFxn__I)
                  00811f00    00000320             : Ipc.obj (.text:HeapBufMP_open)
                  00812220    00000300             : Ipc.obj (.text:GateMP_openByAddr)
                  00812520    00000300             : Ipc.obj (.text:ti_sdo_ipc_transports_TransportShm_openByAddr__F)
                  00812820    00000300     sysbios.lib : BIOS.obj (.text:ti_sysbios_family_c64p_Hwi_dispatchC__I)
                  00812b20    000002e0     ipc.lib : Ipc.obj (.text:SharedRegion_getEntry)
                  00812e00    000002e0             : Ipc.obj (.text:SharedRegion_getPtr)
                  008130e0    000002e0             : Ipc.obj (.text:ti_sdo_ipc_heaps_HeapBufMP_free__E)
                  008133c0    000002e0     sysbios.lib : BIOS.obj (.text:ti_sysbios_gates_GateMutexPri_enter__E)
                  008136a0    000002c0     ipc.lib : Ipc.obj (.text:MessageQ_open)
                  00813960    000002c0     rts6600_elf.lib : cos.obj (.text:cos)
                  00813c20    000002c0     ipc.lib : Ipc.obj (.text:ti_sdo_ipc_notifyDrivers_NotifyDriverShm_isr__I)
                  00813ee0    000002a0             : Ipc.obj (.text:Ipc_start)
                  00814180    000002a0             : Ipc.obj (.text:NameServer_getLocal)
                  00814420    000002a0             : Ipc.obj (.text:ti_sdo_ipc_heaps_HeapBufMP_Instance_finalize__F)
                  008146c0    000002a0     sysbios.lib : BIOS.obj (.text:ti_sysbios_knl_Clock_workFunc__E)
                  00814960    000002a0                 : BIOS.obj (.text:ti_sysbios_knl_Task_sleep__E)
                  00814c00    00000280     ipc.lib : Ipc.obj (.text:SharedRegion_getSRPtr)
                  00814e80    00000280     sysbios.lib : BIOS.obj (.text:deviceConfig$44)
                  00815100    00000280     rts6600_elf.lib : sin.obj (.text:sin)
                  00815380    00000280     ipc.lib : Ipc.obj (.text:ti_sdo_ipc_notifyDrivers_NotifyDriverShm_sharedMemReq__F)
                  00815600    00000280     sysbios.lib : BIOS.obj (.text:ti_sysbios_knl_Clock_Instance_init__F)
                  00815880    00000280                 : BIOS.obj (.text:ti_sysbios_knl_Task_exit__E)
                  00815b00    00000280     ti.targets.rts6000.ae66 : Error.oe66 (.text:xdc_runtime_Error_raiseX__F)
                  00815d80    00000260     ipc.lib : Ipc.obj (.text:ListMP_sharedMemReq)
                  00815fe0    00000260             : Ipc.obj (.text:ti_sdo_ipc_ListMP_Instance_finalize__F)
                  00816240    00000260             : Ipc.obj (.text:ti_sdo_ipc_heaps_HeapMemMP_Instance_finalize__F)
                  008164a0    00000260             : Ipc.obj (.text:ti_sdo_ipc_notifyDrivers_NotifyDriverShm_disableEvent__E)
                  00816700    00000260     ti.targets.rts6000.ae66 : Startup.oe66 (.text:xdc_runtime_Startup_startMods__I)
                  00816960    00000240     rts6600_elf.lib : imath64.obj (.text:__c6xabi_divull)
                  00816ba0    00000240     ipc.lib : Ipc.obj (.text:ti_sdo_ipc_MessageQ_Instance_finalize__F)
                  00816de0    00000240     sysbios.lib : BIOS.obj (.text:ti_sysbios_family_c64p_Exception_internalHandler__I)
                  00817020    00000220     ipc.lib : Ipc.obj (.text:MessageQ_get)
                  00817240    00000220     rts6600_elf.lib : fputc.obj (.text:fputc)
                  00817460    00000220     sysbios.lib : BIOS.obj (.text:ti_sysbios_family_c64p_Hwi_reconfig__E)
                  00817680    00000220                 : BIOS.obj (.text:ti_sysbios_knl_Swi_run__I)
                  008178a0    00000220                 : BIOS.obj (.text:ti_sysbios_knl_Task_schedule__I)
                  00817ac0    00000220                 : BIOS.obj (.text:ti_sysbios_knl_Task_startup__E)
                  00817ce0    00000220     ti.targets.rts6000.ae66 : Core-mem.oe66 (.text:xdc_runtime_Core_createObject__I)
                  00817f00    00000200     ipc.lib : Ipc.obj (.text:GateMP_enter)
                  00818100    00000200             : Ipc.obj (.text:GateMP_leave)
                  00818300    00000200             : Ipc.obj (.text:ListMP_openByAddr)
                  00818500    00000200     sysbios.lib : c64p_Hwi_disp_always.obj (.text:_ti_sysbios_family_c64p_Hwi_dispatchAlways)
                  00818700    00000200                 : BIOS.obj (.text:block$56)
                  00818900    00000200     rts6600_elf.lib : setvbuf.obj (.text:setvbuf)
                  00818b00    00000200     ipc.lib : Ipc.obj (.text:ti_sdo_ipc_family_c647x_MultiProcSetup_init__I)
                  00818d00    00000200             : Ipc.obj (.text:ti_sdo_ipc_heaps_HeapBufMP_alloc__E)
                  00818f00    00000200             : Ipc.obj (.text:ti_sdo_ipc_notifyDrivers_NotifyDriverShm_sendEvent__E)
                  00819100    00000200             : Ipc.obj (.text:ti_sdo_ipc_transports_TransportShm_Instance_finalize__F)
                  00819300    000001e0             : Ipc.obj (.text:ti_sdo_ipc_GateMP_attach__F)
                  008194e0    000001e0             : Ipc.obj (.text:ti_sdo_ipc_GateMP_getFreeResource__I)
                  008196c0    000001e0     sysbios.lib : BIOS.obj (.text:ti_sysbios_timers_timer64_Timer_getFreq__E)
                  008198a0    000001c0     ipc.lib : Ipc.obj (.text:HeapBufMP_openByAddr)
                  00819a60    000001c0             : Ipc.obj (.text:HeapMemMP_openByAddr)
                  00819c20    000001c0             : Ipc.obj (.text:ti_sdo_ipc_notifyDrivers_NotifyDriverShm_registerEvent__E)
                  00819de0    000001c0     sysbios.lib : BIOS.obj (.text:ti_sysbios_knl_Swi_Instance_init__F)
                  00819fa0    000001c0                 : BIOS.obj (.text:ti_sysbios_knl_Task_checkStacks__E)
                  0081a160    000001c0                 : BIOS.obj (.text:ti_sysbios_timers_timer64_Timer_setPeriodMicroSecs__E)
                  0081a320    000001c0     ti.targets.rts6000.ae66 : Text.oe66 (.text:xdc_runtime_Text_putSite__F)
                  0081a4e0    000001a0     rts6600_elf.lib : trgdrv.obj (.text:HOSTrename)
                  0081a680    000001a0     ipc.lib : Ipc.obj (.text:SharedRegion_getCacheLineSize)
                  0081a820    000001a0             : Ipc.obj (.text:SharedRegion_getHeap)
                  0081a9c0    000001a0             : Ipc.obj (.text:SharedRegion_isCacheEnabled)
                  0081ab60    000001a0             : Ipc.obj (.text:ti_sdo_ipc_GateMP_openRegion0Reserved__F)
                  0081ad00    000001a0             : Ipc.obj (.text:ti_sdo_ipc_notifyDrivers_NotifyDriverShm_enableEvent__E)
                  0081aea0    000001a0             : Ipc.obj (.text:ti_sdo_ipc_notifyDrivers_NotifyDriverShm_unregisterEvent__E)
                  0081b040    000001a0             : Ipc.obj (.text:ti_sdo_ipc_nsremote_NameServerRemoteNotify_attach__E)
                  0081b1e0    000001a0     sysbios.lib : BIOS.obj (.text:ti_sysbios_gates_GateMutex_enter__E)
                  0081b380    000001a0                 : BIOS.obj (.text:ti_sysbios_timers_timer64_Timer_start__E)
                  0081b520    00000180     ipc.lib : Ipc.obj (.text:MultiProc_setLocalId)
                  0081b6a0    00000180             : Ipc.obj (.text:NameServer_getHandle)
                  0081b820    00000180             : Ipc.obj (.text:Notify_intLineRegistered)
                  0081b9a0    00000180     rts6600_elf.lib : copy_decompress_rle.obj (.text:__TI_decompress_rle_core)
                  0081bb20    00000180     sysbios.lib : c64p_Exception_asm.obj (.text)
                  0081bca0    00000180     ipc.lib : Ipc.obj (.text:ti_sdo_ipc_MessageQ_registerTransport__F)
                  0081be20    00000180             : Ipc.obj (.text:ti_sdo_ipc_Notify_Module_startup__F)
                  0081bfa0    00000180             : Ipc.obj (.text:ti_sdo_ipc_gates_GatePeterson_enter__E)
                  0081c120    00000180             : Ipc.obj (.text:ti_sdo_utils_NameServer_Module_startup__F)
                  0081c2a0    00000180     sysbios.lib : BIOS.obj (.text:ti_sysbios_heaps_HeapMem_Instance_init__F)
                  0081c420    00000180                 : BIOS.obj (.text:ti_sysbios_knl_Semaphore_post__E)
                  0081c5a0    00000180                 : BIOS.obj (.text:ti_sysbios_knl_Swi_schedule__I)
                  0081c720    00000180                 : BIOS.obj (.text:ti_sysbios_knl_Task_unblockI__E)
                  0081c8a0    00000160     ipc.lib : Ipc.obj (.text:ti_sdo_ipc_GateMP_createLocal__F)
                  0081ca00    00000160             : Ipc.obj (.text:ti_sdo_ipc_MessageQ_unregisterTransport__F)
                  0081cb60    00000160             : Ipc.obj (.text:ti_sdo_ipc_gates_GateHWSem_Instance_init__F)
                  0081ccc0    00000160             : Ipc.obj (.text:ti_sdo_ipc_transports_TransportShm_sharedMemReq__F)
                  0081ce20    00000160             : Ipc.obj (.text:ti_sdo_utils_NameServer_isRegistered__E)
                  0081cf80    00000160             : Ipc.obj (.text:ti_sdo_utils_NameServer_registerRemoteDriver__E)
                  0081d0e0    00000160             : Ipc.obj (.text:ti_sdo_utils_NameServer_unregisterRemoteDriver__E)
                  0081d240    00000160     sysbios.lib : BIOS.obj (.text:ti_sysbios_syncs_SyncSem_Instance_init__F)
                  0081d3a0    00000140     ipc.lib : Ipc.obj (.text:GateMP_close)
                  0081d4e0    00000140             : Ipc.obj (.text:MessageQ_registerHeap)
                  0081d620    00000140             : Ipc.obj (.text:Notify_attach)
                  0081d760    00000140     boot.ae66 : autoinit.oe66 (.text:_auto_init_elf)
                  0081d8a0    00000140     rts6600_elf.lib : lowlev.obj (.text:getdevice)
                  0081d9e0    00000140     ipc.lib : Ipc.obj (.text:ti_sdo_ipc_Notify_exec__F)
                  0081db20    00000140     sysbios.lib : BIOS.obj (.text:ti_sysbios_family_c64p_Hwi_Module_startup__F)
                  0081dc60    00000140                 : BIOS.obj (.text:ti_sysbios_family_c66_Cache_Module_startup__F)
                  0081dda0    00000140                 : BIOS.obj (.text:ti_sysbios_gates_GateSwi_enter__E)
                  0081dee0    00000140                 : BIOS.obj (.text:ti_sysbios_knl_Clock_Instance_finalize__F)
                  0081e020    00000140                 : BIOS.obj (.text:ti_sysbios_knl_Semaphore_Instance_init__F)
                  0081e160    00000140                 : BIOS.obj (.text:ti_sysbios_knl_Swi_post__E)
                  0081e2a0    00000140                 : BIOS.obj (.text:ti_sysbios_knl_Task_blockI__E)
                  0081e3e0    00000140                 : BIOS.obj (.text:ti_sysbios_knl_Task_yield__E)
                  0081e520    00000140     ti.targets.rts6000.ae66 : Text.oe66 (.text:xdc_runtime_Text_putLab__F)
                  0081e660    00000120     rts6600_elf.lib : fclose.obj (.text:_closefile)
                  0081e780    00000120                     : fseek.obj (.text:fseek)
                  0081e8a0    00000120     sysbios.lib : BIOS.obj (.text:rtsUnlock$0)
                  0081e9c0    00000120     ipc.lib : Ipc.obj (.text:ti_sdo_ipc_MessageQ_Module_startup__F)
                  0081eae0    00000120             : Ipc.obj (.text:ti_sdo_ipc_family_c647x_Interrupt_intRegister__E)
                  0081ec00    00000120             : Ipc.obj (.text:ti_sdo_ipc_nsremote_NameServerRemoteNotify_Instance_finalize__F)
                  0081ed20    00000120     ti.targets.rts6000.ae66 : Text.oe66 (.text:xdc_runtime_Text_putMod__F)
                  0081ee40    00000100     rts6600_elf.lib : trgdrv.obj (.text:HOSTlseek)
                  0081ef40    00000100                     : _io_perm.obj (.text:_wrt_ok)
                  0081f040    00000100     sysbios.lib : BIOS.obj (.text:initDevice$44)
                  0081f140    00000100     ipc.lib : Ipc.obj (.text:ti_sdo_ipc_GateMP_start__F)
                  0081f240    00000100             : Ipc.obj (.text:ti_sdo_ipc_Notify_Instance_finalize__F)
                  0081f340    00000100             : Ipc.obj (.text:ti_sdo_ipc_SharedRegion_attach__F)
                  0081f440    00000100             : Ipc.obj (.text:ti_sdo_ipc_SharedRegion_clearReservedMemory__F)
                  0081f540    00000100             : Ipc.obj (.text:ti_sdo_ipc_family_c647x_Interrupt_Module_startup__F)
                  0081f640    00000100             : Ipc.obj (.text:ti_sdo_ipc_gates_GateHWSem_Module_startup__F)
                  0081f740    00000100             : Ipc.obj (.text:ti_sdo_ipc_gates_GateMPSupportNull_enter__E)
                  0081f840    00000100             : Ipc.obj (.text:ti_sdo_ipc_gates_GateMPSupportNull_leave__E)
                  0081f940    00000100             : Ipc.obj (.text:ti_sdo_ipc_transports_TransportShmSetup_attach__E)
                  0081fa40    00000100     sysbios.lib : BIOS.obj (.text:ti_sysbios_gates_GateMutexPri_leave__E)
                  0081fb40    00000100                 : BIOS.obj (.text:ti_sysbios_knl_Clock_startI__E)
                  0081fc40    00000100                 : BIOS.obj (.text:ti_sysbios_knl_Swi_restoreHwi__E)
                  0081fd40    00000100     ti.targets.rts6000.ae66 : Core-mem.oe66 (.text:xdc_runtime_Core_deleteObject__I)
                  0081fe40    00000100                             : Startup.oe66 (.text:xdc_runtime_Startup_exec__F)
                  0081ff40    00000100                             : Text.oe66 (.text:xdc_runtime_Text_visitRope2__I)
                  00820040    000000e0     rts6600_elf.lib : trgdrv.obj (.text:HOSTopen)
                  00820120    000000e0                     : lowlev.obj (.text:close)
                  00820200    000000e0                     : copy_zero_init.obj (.text:decompress:ZI:__TI_zero_init)
                  008202e0    000000e0                     : fflush.obj (.text:fflush)
                  008203c0    000000e0                     : memset.obj (.text:memset)
                  008204a0    000000e0     core23456_pe66.oe66 (.text:ti_sdo_ipc_Notify_Object__create__S)
                  00820580    000000e0     ipc.lib : Ipc.obj (.text:ti_sdo_ipc_family_c647x_NotifySetup_attach__E)
                  00820660    000000e0             : Ipc.obj (.text:ti_sdo_ipc_gates_GateHWSem_enter__E)
                  00820740    000000e0             : Ipc.obj (.text:ti_sdo_ipc_heaps_HeapBufMP_getStats__F)
                  00820820    000000e0     sysbios.lib : BIOS.obj (.text:ti_sysbios_family_c64p_Hwi_Instance_finalize__F)
                  00820900    000000e0                 : BIOS.obj (.text:ti_sysbios_family_c64p_Hwi_Instance_init__F)
                  008209e0    000000e0     core23456_pe66.oe66 (.text:ti_sysbios_family_c64p_Hwi_Object__create__S)
                  00820ac0    000000e0     sysbios.lib : BIOS.obj (.text:ti_sysbios_knl_Clock_start__E)
                  00820ba0    000000e0                 : BIOS.obj (.text:ti_sysbios_timers_timer64_Timer_startup__E)
                  00820c80    000000e0     ti.targets.rts6000.ae66 : Error.oe66 (.text:xdc_runtime_Error_print__F)
                  00820d60    000000e0                             : Memory.oe66 (.text:xdc_runtime_Memory_alloc__F)
                  00820e40    000000c0     rts6600_elf.lib : trgdrv.obj (.text:HOSTread)
                  00820f00    000000c0                     : trgdrv.obj (.text:HOSTunlink)
                  00820fc0    000000c0                     : trgdrv.obj (.text:HOSTwrite)
                  00821080    000000c0     ipc.lib : Ipc.obj (.text:HeapMemMP_create)
                  00821140    000000c0             : Ipc.obj (.text:ListMP_create)
                  00821200    000000c0     rts6600_elf.lib : dtor_list.obj (.text:_Z11__TI_atexitPFYvPvES_S_)
                  008212c0    000000c0                     : dtor_list.obj (.text:__cxa_finalize)
                  00821380    000000c0                     : divu.obj (.text:__divu)
                  00821440    000000c0                     : fflush.obj (.text:_doflush)
                  00821500    000000c0                     : exit.obj (.text:exit)
                  008215c0    000000c0     core23456_pe66.oe66 (.text:ti_sdo_ipc_GateMP_Object__create__S)
                  00821680    000000c0     ipc.lib : Ipc.obj (.text:ti_sdo_ipc_GateMP_getRegion0ReservedSize__F)
                  00821740    000000c0     core23456_pe66.oe66 (.text:ti_sdo_ipc_ListMP_Object__create__S)
                  00821800    000000c0     core23456_pe66.oe66 (.text:ti_sdo_ipc_MessageQ_Object__create__S)
                  008218c0    000000c0     ipc.lib : Ipc.obj (.text:ti_sdo_ipc_family_c647x_Interrupt_intShmStub__I)
                  00821980    000000c0     core23456_pe66.oe66 (.text:ti_sdo_ipc_gates_GatePeterson_Object__create__S)
                  00821a40    000000c0     core23456_pe66.oe66 (.text:ti_sdo_ipc_heaps_HeapBufMP_Object__create__S)
                  00821b00    000000c0     core23456_pe66.oe66 (.text:ti_sdo_ipc_heaps_HeapMemMP_Object__create__S)
                  00821bc0    000000c0     core23456_pe66.oe66 (.text:ti_sdo_ipc_notifyDrivers_NotifyDriverShm_Object__create__S)
                  00821c80    000000c0     core23456_pe66.oe66 (.text:ti_sdo_ipc_nsremote_NameServerRemoteNotify_Object__create__S)
                  00821d40    000000c0     core23456_pe66.oe66 (.text:ti_sdo_ipc_transports_TransportShm_Object__create__S)
                  00821e00    000000c0     sysbios.lib : BIOS.obj (.text:ti_sysbios_BIOS_errorRaiseHook__I)
                  00821ec0    000000c0                 : BIOS.obj (.text:ti_sysbios_gates_GateAll_leave__E)
                  00821f80    000000c0                 : BIOS.obj (.text:ti_sysbios_heaps_HeapMem_getStats__E)
                  00822040    000000c0                 : BIOS.obj (.text:ti_sysbios_knl_Clock_logTick__E)
                  00822100    000000c0                 : BIOS.obj (.text:ti_sysbios_knl_Swi_Instance_finalize__F)
                  008221c0    000000c0     core23456_pe66.oe66 (.text:ti_sysbios_knl_Swi_Object__create__S)
                  00822280    000000c0     core23456_pe66.oe66 (.text:ti_sysbios_syncs_SyncSem_Object__create__S)
                  00822340    000000c0     sysbios.lib : BIOS.obj (.text:ti_sysbios_timers_timer64_Timer_stop__E)
                  00822400    000000c0     ti.targets.rts6000.ae66 : System.oe66 (.text:xdc_runtime_System_formatNum__I)
                  008224c0    000000c0     core23456_pe66.oe66 (.text:xdc_runtime_knl_GateThread_Object__create__S)
                  00822580    000000a0     rts6600_elf.lib : trgdrv.obj (.text:HOSTclose)
                  00822620    000000a0     ipc.lib : Ipc.obj (.text:MessageQ_create)
                  008226c0    000000a0     rts6600_elf.lib : round.obj (.text:__c6xabi_nround)
                  00822760    000000a0                     : remu.obj (.text:__remu)
                  00822800    000000a0     boot.ae66 : boot.oe66 (.text:_c_int00)
                  008228a0    000000a0     rts6600_elf.lib : fopen.obj (.text:_cleanup)
                  00822940    000000a0     sysbios.lib : c64p_Hwi_asm.obj (.text:_ti_sysbios_family_c64p_Hwi_plug__E)
                  008229e0    000000a0     rts6600_elf.lib : lowlev.obj (.text:finddevice)
                  00822a80    000000a0                     : lowlev.obj (.text:lseek)
                  00822b20    000000a0                     : memcpy64.obj (.text:memcpy)
                  00822bc0    000000a0                     : modf.obj (.text:modf)
                  00822c60    000000a0     ipc.lib : Ipc.obj (.text:ti_sdo_ipc_family_c647x_Interrupt_intUnregister__E)
                  00822d00    000000a0             : Ipc.obj (.text:ti_sdo_ipc_gates_GatePeterson_leave__E)
                  00822da0    000000a0             : Ipc.obj (.text:ti_sdo_ipc_notifyDrivers_NotifyDriverShm_Instance_finalize__F)
                  00822e40    000000a0     sysbios.lib : BIOS.obj (.text:ti_sysbios_heaps_HeapMem_init__I)
                  00822ee0    000000a0                 : BIOS.obj (.text:ti_sysbios_syncs_SyncSem_wait__F)
                  00822f80    000000a0     rts6600_elf.lib : lowlev.obj (.text:write)
                  00823020    000000a0     ti.targets.rts6000.ae66 : Assert.oe66 (.text:xdc_runtime_Assert_raise__I)
                  008230c0    000000a0                             : Text.oe66 (.text:xdc_runtime_Text_xprintf__I)
                  00823160    00000080     ipc.lib : Ipc.obj (.text:HeapBufMP_Params_init)
                  008231e0    00000080     rts6600_elf.lib : fixfu.obj (.text:__c6xabi_fixfu)
                  00823260    00000080                     : llshift.obj (.text:__c6xabi_llshl)
                  008232e0    00000080     sysbios.lib : c62_TaskSupport_asm.obj (.text:_ti_sysbios_family_c62_TaskSupport_swap__E)
                  00823360    00000080     core23456_pe66.oe66 (.text:malloc)
                  008233e0    00000080     rts6600_elf.lib : trgmsg.obj (.text:readmsg)
                  00823460    00000080     core23456_pe66.oe66 (.text:ti_sdo_ipc_gates_GateHWSem_Object__create__S)
                  008234e0    00000080     core23456_pe66.oe66 (.text:ti_sdo_ipc_gates_GateMPSupportNull_Object__create__S)
                  00823560    00000080     ipc.lib : Ipc.obj (.text:ti_sdo_ipc_nsremote_NameServerRemoteNotify_detach__E)
                  008235e0    00000080             : Ipc.obj (.text:ti_sdo_ipc_transports_TransportShm_swiFxn__I)
                  00823660    00000080     core23456_pe66.oe66 (.text:ti_sdo_utils_List_Object__create__S)
                  008236e0    00000080     sysbios.lib : BIOS.obj (.text:ti_sysbios_family_c62_TaskSupport_start__E)
                  00823760    00000080                 : BIOS.obj (.text:ti_sysbios_family_c64p_Exception_Module_startup__F)
                  008237e0    00000080                 : BIOS.obj (.text:ti_sysbios_family_c64p_Hwi_eventMap__E)
                  00823860    00000080                 : BIOS.obj (.text:ti_sysbios_family_c66_Cache_invL1pAll__E)
                  008238e0    00000080     core23456_pe66.oe66 (.text:ti_sysbios_gates_GateAll_Object__create__S)
                  00823960    00000080     core23456_pe66.oe66 (.text:ti_sysbios_gates_GateHwi_Object__create__S)
                  008239e0    00000080     core23456_pe66.oe66 (.text:ti_sysbios_gates_GateMutexPri_Object__create__S)
                  00823a60    00000080     core23456_pe66.oe66 (.text:ti_sysbios_gates_GateMutex_Object__create__S)
                  00823ae0    00000080     core23456_pe66.oe66 (.text:ti_sysbios_gates_GateSwi_Object__create__S)
                  00823b60    00000080     sysbios.lib : BIOS.obj (.text:ti_sysbios_gates_GateSwi_leave__E)
                  00823be0    00000080                 : BIOS.obj (.text:ti_sysbios_hal_Hwi_checkStack:ti_sysbios_hal_Hwi_checkStack)
                  00823c60    00000080     core23456_pe66.oe66 (.text:ti_sysbios_heaps_HeapMem_Object__create__S)
                  00823ce0    00000080     sysbios.lib : BIOS.obj (.text:ti_sysbios_knl_Clock_Module_startup__F)
                  00823d60    00000080     core23456_pe66.oe66 (.text:ti_sysbios_knl_Clock_Object__create__S)
                  00823de0    00000080     sysbios.lib : BIOS.obj (.text:ti_sysbios_knl_Clock_getTicks__E)
                  00823e60    00000080                 : BIOS.obj (.text:ti_sysbios_knl_Idle_loop__E)
                  00823ee0    00000080     core23456_pe66.oe66 (.text:ti_sysbios_knl_Queue_Object__create__S)
                  00823f60    00000080     core23456_pe66.oe66 (.text:ti_sysbios_knl_Semaphore_Object__create__S)
                  00823fe0    00000080     sysbios.lib : BIOS.obj (.text:ti_sysbios_knl_Semaphore_pendTimeout__I)
                  00824060    00000080                 : BIOS.obj (.text:ti_sysbios_knl_Swi_startup__E)
                  008240e0    00000080                 : BIOS.obj (.text:ti_sysbios_knl_Task_restore__E)
                  00824160    00000080                 : BIOS.obj (.text:ti_sysbios_timers_timer64_Timer_getCount__E)
                  008241e0    00000080                 : BIOS.obj (.text:ti_sysbios_timers_timer64_Timer_getPeriod__E)
                  00824260    00000080     core23456_pe66.oe66 (.text:ti_sysbios_xdcruntime_GateThreadSupport_Object__create__S)
                  008242e0    00000080     rts6600_elf.lib : lowlev.obj (.text:unlink)
                  00824360    00000080     ti.targets.rts6000.ae66 : Core-label.oe66 (.text:xdc_runtime_Core_assignLabel__I)
                  008243e0    00000080                             : Core-params.oe66 (.text:xdc_runtime_Core_assignParams__I)
                  00824460    00000080                             : System.oe66 (.text:xdc_runtime_System_atexit__F)
                  008244e0    00000080                             : System.oe66 (.text:xdc_runtime_System_putchar__I)
                  00824560    00000080                             : System.oe66 (.text:xdc_runtime_System_rtsExit__I)
                  008245e0    00000080                             : Text.oe66 (.text:xdc_runtime_Text_printVisFxn__I)
                  00824660    00000060     ipc.lib : Ipc.obj (.text:GateMP_Params_init)
                  008246c0    00000060             : Ipc.obj (.text:HeapMemMP_Params_init)
                  00824720    00000060     rts6600_elf.lib : llshift.obj (.text:__c6xabi_llshru)
                  00824780    00000060                     : imath64.obj (.text:_subcull)
                  008247e0    00000060     core23456_pe66.oe66 (.text:ti_sdo_ipc_MessageQ_Object__get__S)
                  00824840    00000060     ipc.lib : Ipc.obj (.text:ti_sdo_ipc_family_c647x_NotifySetup_sharedMemReq__E)
                  008248a0    00000060             : Ipc.obj (.text:ti_sdo_ipc_gates_GateHWSem_leave__E)
                  00824900    00000060             : Ipc.obj (.text:ti_sdo_ipc_gates_GatePeterson_Instance_finalize__F)
                  00824960    00000060             : Ipc.obj (.text:ti_sdo_ipc_gates_GatePeterson_sharedMemReq__E)
                  008249c0    00000060             : Ipc.obj (.text:ti_sdo_ipc_notifyDrivers_NotifyDriverShm_setNotifyHandle__E)
                  00824a20    00000060             : Ipc.obj (.text:ti_sdo_ipc_transports_TransportShmSetup_sharedMemReq__E)
                  00824a80    00000060     core23456_pe66.oe66 (.text:ti_sdo_utils_List_Object__get__S)
                  00824ae0    00000060     core23456_pe66.oe66 (.text:ti_sdo_utils_NameServer_Object__get__S)
                  00824b40    00000060     core23456_pe66.oe66 (.text:ti_sysbios_BIOS_exitFunc__I)
                  00824ba0    00000060     sysbios.lib : BIOS.obj (.text:ti_sysbios_BIOS_registerRTSLock__I)
                  00824c00    00000060                 : BIOS.obj (.text:ti_sysbios_gates_GateAll_enter__E)
                  00824c60    00000060                 : BIOS.obj (.text:ti_sysbios_gates_GateMutex_Instance_init__F)
                  00824cc0    00000060                 : BIOS.obj (.text:ti_sysbios_hal_Hwi_initStack:ti_sysbios_hal_Hwi_initStack)
                  00824d20    00000060     core23456_pe66.oe66 (.text:ti_sysbios_heaps_HeapMem_Object__get__S)
                  00824d80    00000060     core23456_pe66.oe66 (.text:ti_sysbios_knl_Clock_doTick__I)
                  00824de0    00000060     core23456_pe66.oe66 (.text:ti_sysbios_knl_Queue_Object__get__S)
                  00824e40    00000060     sysbios.lib : BIOS.obj (.text:ti_sysbios_knl_Swi_Module_startup__F)
                  00824ea0    00000060     core23456_pe66.oe66 (.text:ti_sysbios_knl_Swi_Object__get__S)
                  00824f00    00000060     core23456_pe66.oe66 (.text:ti_sysbios_knl_Task_Object__get__S)
                  00824f60    00000060     sysbios.lib : BIOS.obj (.text:ti_sysbios_knl_Task_allBlockedFunction__I)
                  00824fc0    00000060                 : BIOS.obj (.text:ti_sysbios_knl_Task_enter__I)
                  00825020    00000060     rts6600_elf.lib : trgmsg.obj (.text:writemsg)
                  00825080    00000060     core23456_pe66.oe66 (.text:xdc_runtime_GateNull_Object__create__S)
                  008250e0    00000060     ti.targets.rts6000.ae66 : Memory.oe66 (.text:xdc_runtime_Memory_calloc__F)
                  00825140    00000060                             : Memory.oe66 (.text:xdc_runtime_Memory_valloc__F)
                  008251a0    00000060                             : SysMin.oe66 (.text:xdc_runtime_SysMin_Module_startup__F)
                  00825200    00000060                             : SysStd.oe66 (.text:xdc_runtime_SysStd_abort__F)
                  00825260    00000060                             : System.oe66 (.text:xdc_runtime_System_avprintf__F)
                  008252c0    00000060                             : System.oe66 (.text:xdc_runtime_System_vprintf__F)
                  00825320    00000060                             : Text.oe66 (.text:xdc_runtime_Text_cordText__F)
                  00825380    00000040     rts6600_elf.lib : args_main.obj (.text:_args_main)
                  008253c0    00000040     sysbios.lib : c62_TaskSupport_asm.obj (.text:_ti_sysbios_family_c62_TaskSupport_buildTaskStack)
                  00825400    00000040                 : c64p_Hwi_asm_switch.obj (.text:_ti_sysbios_family_xxx_Hwi_switchToIsrStack)
                  00825440    00000040     core23456_pe66.oe66 (.text:free)
                  00825480    00000040     sysbios.lib : BIOS.obj (.text:rtsLock$0)
                  008254c0    00000040     core23456_pe66.oe66 (.text:ti_sdo_ipc_GateMP_Object__delete__S)
                  00825500    00000040     core23456_pe66.oe66 (.text:ti_sdo_ipc_GateMP_Params__init__S)
                  00825540    00000040     core23456_pe66.oe66 (.text:ti_sdo_ipc_GateMP_RemoteCustom1Proxy_Object__create__S)
                  00825580    00000040     core23456_pe66.oe66 (.text:ti_sdo_ipc_GateMP_RemoteCustom2Proxy_Object__create__S)
                  008255c0    00000040     core23456_pe66.oe66 (.text:ti_sdo_ipc_GateMP_RemoteSystemProxy_Object__create__S)
                  00825600    00000040     core23456_pe66.oe66 (.text:ti_sdo_ipc_ListMP_Object__delete__S)
                  00825640    00000040     core23456_pe66.oe66 (.text:ti_sdo_ipc_ListMP_Params__init__S)
                  00825680    00000040     core23456_pe66.oe66 (.text:ti_sdo_ipc_MessageQ_Params__init__S)
                  008256c0    00000040     core23456_pe66.oe66 (.text:ti_sdo_ipc_MessageQ_registerTransport__E)
                  00825700    00000040     ipc.lib : Ipc.obj (.text:ti_sdo_ipc_family_c647x_Interrupt_intClear__E)
                  00825740    00000040             : Ipc.obj (.text:ti_sdo_ipc_family_c647x_Interrupt_intSend__E)
                  00825780    00000040     core23456_pe66.oe66 (.text:ti_sdo_ipc_gates_GateHWSem_Handle__label__S)
                  008257c0    00000040     core23456_pe66.oe66 (.text:ti_sdo_ipc_gates_GateHWSem_Object__delete__S)
                  00825800    00000040     core23456_pe66.oe66 (.text:ti_sdo_ipc_gates_GateHWSem_Params__init__S)
                  00825840    00000040     core23456_pe66.oe66 (.text:ti_sdo_ipc_gates_GateMPSupportNull_Handle__label__S)
                  00825880    00000040     core23456_pe66.oe66 (.text:ti_sdo_ipc_gates_GateMPSupportNull_Object__delete__S)
                  008258c0    00000040     core23456_pe66.oe66 (.text:ti_sdo_ipc_gates_GateMPSupportNull_Params__init__S)
                  00825900    00000040     core23456_pe66.oe66 (.text:ti_sdo_ipc_gates_GatePeterson_Handle__label__S)
                  00825940    00000040     core23456_pe66.oe66 (.text:ti_sdo_ipc_gates_GatePeterson_Object__delete__S)
                  00825980    00000040     core23456_pe66.oe66 (.text:ti_sdo_ipc_gates_GatePeterson_Params__init__S)
                  008259c0    00000040     core23456_pe66.oe66 (.text:ti_sdo_ipc_heaps_HeapBufMP_Handle__label__S)
                  00825a00    00000040     core23456_pe66.oe66 (.text:ti_sdo_ipc_heaps_HeapBufMP_Object__delete__S)
                  00825a40    00000040     core23456_pe66.oe66 (.text:ti_sdo_ipc_heaps_HeapBufMP_Params__init__S)
                  00825a80    00000040     core23456_pe66.oe66 (.text:ti_sdo_ipc_heaps_HeapMemMP_Handle__label__S)
                  00825ac0    00000040     core23456_pe66.oe66 (.text:ti_sdo_ipc_heaps_HeapMemMP_Object__delete__S)
                  00825b00    00000040     core23456_pe66.oe66 (.text:ti_sdo_ipc_heaps_HeapMemMP_Params__init__S)
                  00825b40    00000040     core23456_pe66.oe66 (.text:ti_sdo_ipc_notifyDrivers_NotifyDriverShm_Handle__label__S)
                  00825b80    00000040     core23456_pe66.oe66 (.text:ti_sdo_ipc_notifyDrivers_NotifyDriverShm_InterruptProxy_intRegister__E)
                  00825bc0    00000040     core23456_pe66.oe66 (.text:ti_sdo_ipc_notifyDrivers_NotifyDriverShm_Object__delete__S)
                  00825c00    00000040     core23456_pe66.oe66 (.text:ti_sdo_ipc_notifyDrivers_NotifyDriverShm_Params__init__S)
                  00825c40    00000040     ipc.lib : Ipc.obj (.text:ti_sdo_ipc_notifyDrivers_NotifyDriverShm_disable__E)
                  00825c80    00000040             : Ipc.obj (.text:ti_sdo_ipc_notifyDrivers_NotifyDriverShm_enable__E)
                  00825cc0    00000040     core23456_pe66.oe66 (.text:ti_sdo_ipc_nsremote_NameServerRemoteNotify_Handle__label__S)
                  00825d00    00000040     core23456_pe66.oe66 (.text:ti_sdo_ipc_nsremote_NameServerRemoteNotify_Object__delete__S)
                  00825d40    00000040     core23456_pe66.oe66 (.text:ti_sdo_ipc_nsremote_NameServerRemoteNotify_Object__first__S)
                  00825d80    00000040     core23456_pe66.oe66 (.text:ti_sdo_ipc_nsremote_NameServerRemoteNotify_Object__next__S)
                  00825dc0    00000040     core23456_pe66.oe66 (.text:ti_sdo_ipc_nsremote_NameServerRemoteNotify_Params__init__S)
                  00825e00    00000040     core23456_pe66.oe66 (.text:ti_sdo_ipc_nsremote_NameServerRemoteNotify_get__E)
                  00825e40    00000040     ipc.lib : Ipc.obj (.text:ti_sdo_ipc_nsremote_NameServerRemoteNotify_sharedMemReq__E)
                  00825e80    00000040     core23456_pe66.oe66 (.text:ti_sdo_ipc_transports_TransportShm_Handle__label__S)
                  00825ec0    00000040     core23456_pe66.oe66 (.text:ti_sdo_ipc_transports_TransportShm_Object__delete__S)
                  00825f00    00000040     core23456_pe66.oe66 (.text:ti_sdo_ipc_transports_TransportShm_Params__init__S)
                  00825f40    00000040     core23456_pe66.oe66 (.text:ti_sdo_utils_List_Object__destruct__S)
                  00825f80    00000040     core23456_pe66.oe66 (.text:ti_sdo_utils_NameServer_Module__startupDone__F)
                  00825fc0    00000040     core23456_pe66.oe66 (.text:ti_sdo_utils_NameServer_Object__first__S)
                  00826000    00000040     core23456_pe66.oe66 (.text:ti_sdo_utils_NameServer_Object__next__S)
                  00826040    00000040     core23456_pe66.oe66 (.text:ti_sysbios_BIOS_startFunc__I)
                  00826080    00000040     sysbios.lib : BIOS.obj (.text:ti_sysbios_BIOS_start__E)
                  008260c0    00000040     core23456_pe66.oe66 (.text:ti_sysbios_family_c64p_Hwi_Module__startupDone__F)
                  00826100    00000040     core23456_pe66.oe66 (.text:ti_sysbios_family_c64p_Hwi_Object__delete__S)
                  00826140    00000040     core23456_pe66.oe66 (.text:ti_sysbios_family_c64p_Hwi_Params__init__S)
                  00826180    00000040     sysbios.lib : BIOS.obj (.text:ti_sysbios_family_c64p_Hwi_disableInterrupt__E)
                  008261c0    00000040                 : BIOS.obj (.text:ti_sysbios_family_c64p_Hwi_enableInterrupt__E)
                  00826200    00000040     core23456_pe66.oe66 (.text:ti_sysbios_gates_GateAll_Handle__label__S)
                  00826240    00000040     core23456_pe66.oe66 (.text:ti_sysbios_gates_GateAll_Object__delete__S)
                  00826280    00000040     core23456_pe66.oe66 (.text:ti_sysbios_gates_GateHwi_Handle__label__S)
                  008262c0    00000040     core23456_pe66.oe66 (.text:ti_sysbios_gates_GateHwi_Object__delete__S)
                  00826300    00000040     core23456_pe66.oe66 (.text:ti_sysbios_gates_GateMutexPri_Handle__label__S)
                  00826340    00000040     sysbios.lib : BIOS.obj (.text:ti_sysbios_gates_GateMutexPri_Instance_finalize__F)
                  00826380    00000040                 : BIOS.obj (.text:ti_sysbios_gates_GateMutexPri_Instance_init__F)
                  008263c0    00000040     core23456_pe66.oe66 (.text:ti_sysbios_gates_GateMutexPri_Object__delete__S)
                  00826400    00000040     core23456_pe66.oe66 (.text:ti_sysbios_gates_GateMutexPri_Object__destruct__S)
                  00826440    00000040     core23456_pe66.oe66 (.text:ti_sysbios_gates_GateMutex_Handle__label__S)
                  00826480    00000040     sysbios.lib : BIOS.obj (.text:ti_sysbios_gates_GateMutex_Instance_finalize__F)
                  008264c0    00000040     core23456_pe66.oe66 (.text:ti_sysbios_gates_GateMutex_Object__delete__S)
                  00826500    00000040     sysbios.lib : BIOS.obj (.text:ti_sysbios_gates_GateMutex_leave__E)
                  00826540    00000040     core23456_pe66.oe66 (.text:ti_sysbios_gates_GateSwi_Handle__label__S)
                  00826580    00000040     core23456_pe66.oe66 (.text:ti_sysbios_gates_GateSwi_Object__delete__S)
                  008265c0    00000040     core23456_pe66.oe66 (.text:ti_sysbios_hal_Cache_CacheProxy_inv__E)
                  00826600    00000040     core23456_pe66.oe66 (.text:ti_sysbios_hal_Cache_CacheProxy_wbInv__E)
                  00826640    00000040     core23456_pe66.oe66 (.text:ti_sysbios_hal_Timer_Module__startupDone__F)
                  00826680    00000040     core23456_pe66.oe66 (.text:ti_sysbios_heaps_HeapMem_Handle__label__S)
                  008266c0    00000040     core23456_pe66.oe66 (.text:ti_sysbios_heaps_HeapMem_Object__delete__S)
                  00826700    00000040     core23456_pe66.oe66 (.text:ti_sysbios_knl_Clock_Object__destruct__S)
                  00826740    00000040     core23456_pe66.oe66 (.text:ti_sysbios_knl_Clock_Params__init__S)
                  00826780    00000040     core23456_pe66.oe66 (.text:ti_sysbios_knl_Queue_Object__destruct__S)
                  008267c0    00000040     sysbios.lib : BIOS.obj (.text:ti_sysbios_knl_Semaphore_Instance_finalize__F)
                  00826800    00000040     core23456_pe66.oe66 (.text:ti_sysbios_knl_Semaphore_Object__delete__S)
                  00826840    00000040     core23456_pe66.oe66 (.text:ti_sysbios_knl_Semaphore_Object__destruct__S)
                  00826880    00000040     core23456_pe66.oe66 (.text:ti_sysbios_knl_Semaphore_Params__init__S)
                  008268c0    00000040     core23456_pe66.oe66 (.text:ti_sysbios_knl_Swi_Object__destruct__S)
                  00826900    00000040     core23456_pe66.oe66 (.text:ti_sysbios_knl_Swi_Params__init__S)
                  00826940    00000040     core23456_pe66.oe66 (.text:ti_sysbios_knl_Task_Object__first__S)
                  00826980    00000040     core23456_pe66.oe66 (.text:ti_sysbios_knl_Task_Object__next__S)
                  008269c0    00000040     sysbios.lib : BIOS.obj (.text:ti_sysbios_knl_Task_sleepTimeout__I)
                  00826a00    00000040     core23456_pe66.oe66 (.text:ti_sysbios_syncs_SyncSem_Handle__label__S)
                  00826a40    00000040     sysbios.lib : BIOS.obj (.text:ti_sysbios_syncs_SyncSem_Instance_finalize__F)
                  00826a80    00000040     core23456_pe66.oe66 (.text:ti_sysbios_syncs_SyncSem_Object__delete__S)
                  00826ac0    00000040     core23456_pe66.oe66 (.text:ti_sysbios_timers_timer64_Timer_Module__startupDone__F)
                  00826b00    00000040     sysbios.lib : BIOS.obj (.text:ti_sysbios_xdcruntime_GateThreadSupport_Instance_finalize__F)
                  00826b40    00000040                 : BIOS.obj (.text:ti_sysbios_xdcruntime_GateThreadSupport_Instance_init__F)
                  00826b80    00000040     core23456_pe66.oe66 (.text:ti_sysbios_xdcruntime_GateThreadSupport_Object__delete__S)
                  00826bc0    00000040     sysbios.lib : BIOS.obj (.text:ti_sysbios_xdcruntime_GateThreadSupport_enter__F)
                  00826c00    00000040                 : BIOS.obj (.text:ti_sysbios_xdcruntime_GateThreadSupport_leave__F)
                  00826c40    00000040     ti.targets.rts6000.ae66 : Error.oe66 (.text:xdc_runtime_Error_check__F)
                  00826c80    00000040                             : Error.oe66 (.text:xdc_runtime_Error_init__F)
                  00826cc0    00000040     core23456_pe66.oe66 (.text:xdc_runtime_Error_raiseX__E)
                  00826d00    00000040     core23456_pe66.oe66 (.text:xdc_runtime_GateNull_Handle__label__S)
                  00826d40    00000040     core23456_pe66.oe66 (.text:xdc_runtime_GateNull_Object__delete__S)
                  00826d80    00000040     ti.targets.rts6000.ae66 : Gate.oe66 (.text:xdc_runtime_Gate_leaveSystem__F)
                  00826dc0    00000040     core23456_pe66.oe66 (.text:xdc_runtime_IHeap_alloc)
                  00826e00    00000040     core23456_pe66.oe66 (.text:xdc_runtime_IHeap_free)
                  00826e40    00000040     ti.targets.rts6000.ae66 : Memory.oe66 (.text:xdc_runtime_Memory_free__F)
                  00826e80    00000040     core23456_pe66.oe66 (.text:xdc_runtime_Memory_valloc__E)
                  00826ec0    00000040     ti.targets.rts6000.ae66 : Registry.oe66 (.text:xdc_runtime_Registry_findById__F)
                  00826f00    00000040     core23456_pe66.oe66 (.text:xdc_runtime_Startup_exec__I)
                  00826f40    00000040     ti.targets.rts6000.ae66 : System.oe66 (.text:xdc_runtime_System_abort__F)
                  00826f80    00000040     core23456_pe66.oe66 (.text:xdc_runtime_System_aprintf__E)
                  00826fc0    00000040     core23456_pe66.oe66 (.text:xdc_runtime_System_printf__E)
                  00827000    00000040     ti.targets.rts6000.ae66 : Text.oe66 (.text:xdc_runtime_Text_ropeText__F)
                  00827040    00000040     core23456_pe66.oe66 (.text:xdc_runtime_Text_visitRope__I)
                  00827080    00000040     core23456_pe66.oe66 (.text:xdc_runtime_knl_GateThread_Handle__label__S)
                  008270c0    00000040     ti.targets.rts6000.ae66 : GateThread.oe66 (.text:xdc_runtime_knl_GateThread_Instance_finalize__F)
                  00827100    00000040                             : GateThread.oe66 (.text:xdc_runtime_knl_GateThread_Instance_init__F)
                  00827140    00000040     core23456_pe66.oe66 (.text:xdc_runtime_knl_GateThread_Object__delete__S)
                  00827180    00000040     core23456_pe66.oe66 (.text:xdc_runtime_knl_GateThread_Proxy_Object__create__S)
                  008271c0    00000020     rts6600_elf.lib : trunc.obj (.text:__c6xabi_trunc)
                  008271e0    00000020                     : dtor_list.obj (.text:__cxa_atexit)
                  00827200    00000020                     : dtor_list.obj (.text:__cxa_ia64_exit)
                  00827220    00000020     ti.targets.rts6000.ae66 : xdc_noinit.oe66 (.text:__xdc__init)
                  00827240    00000020     rts6600_elf.lib : _lock.obj (.text:_nop)
                  00827260    00000020                     : _lock.obj (.text:_register_lock)
                  00827280    00000020                     : _lock.obj (.text:_register_unlock)
                  008272a0    00000020     sysbios.lib : c62_TaskSupport_asm.obj (.text:_ti_sysbios_family_c62_TaskSupport_glue)
                  008272c0    00000020                 : c64p_Hwi_asm_switch.obj (.text:_ti_sysbios_family_xxx_Hwi_switchToTaskStack)
                  008272e0    00000020     rts6600_elf.lib : exit.obj (.text:abort)
                  00827300    00000020                     : dtor_list.obj (.text:atexit)
                  00827320    00000020                     : copy_decompress_none.obj (.text:decompress:none:__TI_decompress_none)
                  00827340    00000020                     : copy_decompress_rle.obj (.text:decompress:rle24:__TI_decompress_rle24)
                  00827360    00000020     sysbios.lib : BIOS.obj (.text:nullFunc$0)
                  00827380    00000020     rts6600_elf.lib : fputc.obj (.text:putc)
                  008273a0    00000020                     : fputc.obj (.text:putchar)
                  008273c0    00000020     core23456_pe66.oe66 (.text:ti_sdo_ipc_GateMP_RemoteCustom1Proxy_Object__delete__S)
                  008273e0    00000020     core23456_pe66.oe66 (.text:ti_sdo_ipc_GateMP_RemoteCustom1Proxy_Params__init__S)
                  00827400    00000020     core23456_pe66.oe66 (.text:ti_sdo_ipc_GateMP_RemoteCustom1Proxy_Proxy__abstract__S)
                  00827420    00000020     core23456_pe66.oe66 (.text:ti_sdo_ipc_GateMP_RemoteCustom1Proxy_Proxy__delegate__S)
                  00827440    00000020     core23456_pe66.oe66 (.text:ti_sdo_ipc_GateMP_RemoteCustom1Proxy_getReservedMask__E)
                  00827460    00000020     core23456_pe66.oe66 (.text:ti_sdo_ipc_GateMP_RemoteCustom1Proxy_sharedMemReq__E)
                  00827480    00000020     core23456_pe66.oe66 (.text:ti_sdo_ipc_GateMP_RemoteCustom2Proxy_Object__delete__S)
                  008274a0    00000020     core23456_pe66.oe66 (.text:ti_sdo_ipc_GateMP_RemoteCustom2Proxy_Params__init__S)
                  008274c0    00000020     core23456_pe66.oe66 (.text:ti_sdo_ipc_GateMP_RemoteCustom2Proxy_Proxy__abstract__S)
                  008274e0    00000020     core23456_pe66.oe66 (.text:ti_sdo_ipc_GateMP_RemoteCustom2Proxy_Proxy__delegate__S)
                  00827500    00000020     core23456_pe66.oe66 (.text:ti_sdo_ipc_GateMP_RemoteCustom2Proxy_getReservedMask__E)
                  00827520    00000020     core23456_pe66.oe66 (.text:ti_sdo_ipc_GateMP_RemoteCustom2Proxy_sharedMemReq__E)
                  00827540    00000020     core23456_pe66.oe66 (.text:ti_sdo_ipc_GateMP_RemoteSystemProxy_Object__delete__S)
                  00827560    00000020     core23456_pe66.oe66 (.text:ti_sdo_ipc_GateMP_RemoteSystemProxy_Params__init__S)
                  00827580    00000020     core23456_pe66.oe66 (.text:ti_sdo_ipc_GateMP_RemoteSystemProxy_Proxy__abstract__S)
                  008275a0    00000020     core23456_pe66.oe66 (.text:ti_sdo_ipc_GateMP_RemoteSystemProxy_Proxy__delegate__S)
                  008275c0    00000020     core23456_pe66.oe66 (.text:ti_sdo_ipc_GateMP_RemoteSystemProxy_getReservedMask__E)
                  008275e0    00000020     core23456_pe66.oe66 (.text:ti_sdo_ipc_GateMP_RemoteSystemProxy_sharedMemReq__E)
                  00827600    00000020     core23456_pe66.oe66 (.text:ti_sdo_ipc_GateMP_attach__E)
                  00827620    00000020     core23456_pe66.oe66 (.text:ti_sdo_ipc_GateMP_getRegion0ReservedSize__E)
                  00827640    00000020     core23456_pe66.oe66 (.text:ti_sdo_ipc_GateMP_getSharedAddr__E)
                  00827660    00000020     ipc.lib : Ipc.obj (.text:ti_sdo_ipc_GateMP_getSharedAddr__F)
                  00827680    00000020     core23456_pe66.oe66 (.text:ti_sdo_ipc_GateMP_start__E)
                  008276a0    00000020     core23456_pe66.oe66 (.text:ti_sdo_ipc_MessageQ_Module_startup__E)
                  008276c0    00000020     core23456_pe66.oe66 (.text:ti_sdo_ipc_MessageQ_SetupTransportProxy_attach__E)
                  008276e0    00000020     core23456_pe66.oe66 (.text:ti_sdo_ipc_MessageQ_SetupTransportProxy_isRegistered__E)
                  00827700    00000020     core23456_pe66.oe66 (.text:ti_sdo_ipc_MessageQ_SetupTransportProxy_sharedMemReq__E)
                  00827720    00000020     core23456_pe66.oe66 (.text:ti_sdo_ipc_MessageQ_unregisterTransport__E)
                  00827740    00000020     core23456_pe66.oe66 (.text:ti_sdo_ipc_Notify_Module_GateProxy_enter__E)
                  00827760    00000020     core23456_pe66.oe66 (.text:ti_sdo_ipc_Notify_Module_GateProxy_leave__E)
                  00827780    00000020     core23456_pe66.oe66 (.text:ti_sdo_ipc_Notify_Module_startup__E)
                  008277a0    00000020     core23456_pe66.oe66 (.text:ti_sdo_ipc_Notify_SetupProxy_attach__E)
                  008277c0    00000020     core23456_pe66.oe66 (.text:ti_sdo_ipc_Notify_SetupProxy_numIntLines__E)
                  008277e0    00000020     core23456_pe66.oe66 (.text:ti_sdo_ipc_Notify_SetupProxy_sharedMemReq__E)
                  00827800    00000020     core23456_pe66.oe66 (.text:ti_sdo_ipc_Notify_exec__E)
                  00827820    00000020     core23456_pe66.oe66 (.text:ti_sdo_ipc_SharedRegion_attach__E)
                  00827840    00000020     core23456_pe66.oe66 (.text:ti_sdo_ipc_SharedRegion_clearReservedMemory__E)
                  00827860    00000020     core23456_pe66.oe66 (.text:ti_sdo_ipc_SharedRegion_reserveMemory__E)
                  00827880    00000020     core23456_pe66.oe66 (.text:ti_sdo_ipc_SharedRegion_start__E)
                  008278a0    00000020     core23456_pe66.oe66 (.text:ti_sdo_ipc_family_c647x_Interrupt_Module_startup__E)
                  008278c0    00000020     ipc.lib : Ipc.obj (.text:ti_sdo_ipc_family_c647x_Interrupt_intDisable__E)
                  008278e0    00000020             : Ipc.obj (.text:ti_sdo_ipc_family_c647x_Interrupt_intEnable__E)
                  00827900    00000020             : Ipc.obj (.text:ti_sdo_ipc_family_c647x_NotifySetup_numIntLines__E)
                  00827920    00000020     core23456_pe66.oe66 (.text:ti_sdo_ipc_gates_GateHWSem_Module_startup__E)
                  00827940    00000020     ipc.lib : Ipc.obj (.text:ti_sdo_ipc_gates_GateHWSem_getReservedMask__E)
                  00827960    00000020     core23456_pe66.oe66 (.text:ti_sdo_ipc_gates_GateHWSem_query__E)
                  00827980    00000020     ipc.lib : Ipc.obj (.text:ti_sdo_ipc_gates_GateHWSem_query__F)
                  008279a0    00000020             : Ipc.obj (.text:ti_sdo_ipc_gates_GateHWSem_sharedMemReq__E)
                  008279c0    00000020             : Ipc.obj (.text:ti_sdo_ipc_gates_GateMPSupportNull_Instance_init__F)
                  008279e0    00000020             : Ipc.obj (.text:ti_sdo_ipc_gates_GateMPSupportNull_getReservedMask__E)
                  00827a00    00000020     core23456_pe66.oe66 (.text:ti_sdo_ipc_gates_GateMPSupportNull_query__E)
                  00827a20    00000020     ipc.lib : Ipc.obj (.text:ti_sdo_ipc_gates_GateMPSupportNull_query__F)
                  00827a40    00000020             : Ipc.obj (.text:ti_sdo_ipc_gates_GateMPSupportNull_sharedMemReq__E)
                  00827a60    00000020             : Ipc.obj (.text:ti_sdo_ipc_gates_GatePeterson_getReservedMask__E)
                  00827a80    00000020     core23456_pe66.oe66 (.text:ti_sdo_ipc_gates_GatePeterson_query__E)
                  00827aa0    00000020     ipc.lib : Ipc.obj (.text:ti_sdo_ipc_gates_GatePeterson_query__F)
                  00827ac0    00000020     core23456_pe66.oe66 (.text:ti_sdo_ipc_heaps_HeapBufMP_getStats__E)
                  00827ae0    00000020     core23456_pe66.oe66 (.text:ti_sdo_ipc_heaps_HeapBufMP_isBlocking__E)
                  00827b00    00000020     ipc.lib : Ipc.obj (.text:ti_sdo_ipc_heaps_HeapBufMP_isBlocking__F)
                  00827b20    00000020     core23456_pe66.oe66 (.text:ti_sdo_ipc_heaps_HeapMemMP_isBlocking__E)
                  00827b40    00000020     ipc.lib : Ipc.obj (.text:ti_sdo_ipc_heaps_HeapMemMP_isBlocking__F)
                  00827b60    00000020     core23456_pe66.oe66 (.text:ti_sdo_ipc_notifyDrivers_NotifyDriverShm_InterruptProxy_intClear__E)
                  00827b80    00000020     core23456_pe66.oe66 (.text:ti_sdo_ipc_notifyDrivers_NotifyDriverShm_InterruptProxy_intDisable__E)
                  00827ba0    00000020     core23456_pe66.oe66 (.text:ti_sdo_ipc_notifyDrivers_NotifyDriverShm_InterruptProxy_intEnable__E)
                  00827bc0    00000020     core23456_pe66.oe66 (.text:ti_sdo_ipc_notifyDrivers_NotifyDriverShm_InterruptProxy_intSend__E)
                  00827be0    00000020     core23456_pe66.oe66 (.text:ti_sdo_ipc_notifyDrivers_NotifyDriverShm_InterruptProxy_intUnregister__E)
                  00827c00    00000020     core23456_pe66.oe66 (.text:ti_sdo_ipc_notifyDrivers_NotifyDriverShm_sharedMemReq__E)
                  00827c20    00000020     ipc.lib : Ipc.obj (.text:ti_sdo_ipc_nsremote_NameServerRemoteNotify_cbFxn__I)
                  00827c40    00000020             : Ipc.obj (.text:ti_sdo_ipc_transports_TransportShmSetup_isRegistered__E)
                  00827c60    00000020             : Ipc.obj (.text:ti_sdo_ipc_transports_TransportShm_control__E)
                  00827c80    00000020             : Ipc.obj (.text:ti_sdo_ipc_transports_TransportShm_getStatus__E)
                  00827ca0    00000020             : Ipc.obj (.text:ti_sdo_ipc_transports_TransportShm_notifyFxn__I)
                  00827cc0    00000020     core23456_pe66.oe66 (.text:ti_sdo_ipc_transports_TransportShm_openByAddr__E)
                  00827ce0    00000020     core23456_pe66.oe66 (.text:ti_sdo_ipc_transports_TransportShm_setErrFxn__E)
                  00827d00    00000020     ipc.lib : Ipc.obj (.text:ti_sdo_ipc_transports_TransportShm_setErrFxn__F)
                  00827d20    00000020     core23456_pe66.oe66 (.text:ti_sdo_ipc_transports_TransportShm_sharedMemReq__E)
                  00827d40    00000020     ipc.lib : Ipc.obj (.text:ti_sdo_utils_List_Instance_init__F)
                  00827d60    00000020     core23456_pe66.oe66 (.text:ti_sdo_utils_MultiProc_getClusterId__E)
                  00827d80    00000020     ipc.lib : Ipc.obj (.text:ti_sdo_utils_MultiProc_getClusterId__F)
                  00827da0    00000020     core23456_pe66.oe66 (.text:ti_sdo_utils_NameServer_Module__startupDone__S)
                  00827dc0    00000020     core23456_pe66.oe66 (.text:ti_sdo_utils_NameServer_Module_startup__E)
                  00827de0    00000020     core23456_pe66.oe66 (.text:ti_sdo_utils_NameServer_SetupProxy_attach__E)
                  00827e00    00000020     core23456_pe66.oe66 (.text:ti_sdo_utils_NameServer_SetupProxy_sharedMemReq__E)
                  00827e20    00000020     core23456_pe66.oe66 (.text:ti_sysbios_BIOS_RtsGateProxy_enter__E)
                  00827e40    00000020     core23456_pe66.oe66 (.text:ti_sysbios_BIOS_RtsGateProxy_leave__E)
                  00827e60    00000020     sysbios.lib : BIOS.obj (.text:ti_sysbios_BIOS_getThreadType__E)
                  00827e80    00000020                 : BIOS.obj (.text:ti_sysbios_BIOS_setThreadType__E)
                  00827ea0    00000020     core23456_pe66.oe66 (.text:ti_sysbios_family_c62_TaskSupport_Module__startupDone__S)
                  00827ec0    00000020     sysbios.lib : BIOS.obj (.text:ti_sysbios_family_c62_TaskSupport_checkStack__E)
                  00827ee0    00000020     core23456_pe66.oe66 (.text:ti_sysbios_family_c64p_Exception_Module_startup__E)
                  00827f00    00000020     core23456_pe66.oe66 (.text:ti_sysbios_family_c64p_Hwi_Module__startupDone__S)
                  00827f20    00000020     core23456_pe66.oe66 (.text:ti_sysbios_family_c64p_Hwi_Module_startup__E)
                  00827f40    00000020     sysbios.lib : BIOS.obj (.text:ti_sysbios_family_c64p_Hwi_clearInterrupt__E)
                  00827f60    00000020                 : BIOS.obj (.text:ti_sysbios_family_c64p_Hwi_getHandle__E)
                  00827f80    00000020                 : BIOS.obj (.text:ti_sysbios_family_c64p_Hwi_startup__E)
                  00827fa0    00000020                 : BIOS.obj (.text:ti_sysbios_family_c64p_Hwi_switchFromBootStack__E)
                  00827fc0    00000020                 : BIOS.obj (.text:ti_sysbios_family_c64p_Hwi_unPluggedInterrupt__I)
                  00827fe0    00000020                 : BIOS.obj (.text:ti_sysbios_family_c64p_tci6488_TimerSupport_enable__E)
                  00828000    00000020     core23456_pe66.oe66 (.text:ti_sysbios_family_c66_Cache_Module_startup__E)
                  00828020    00000020     sysbios.lib : BIOS.obj (.text:ti_sysbios_family_c66_Cache_inv__E)
                  00828040    00000020                 : BIOS.obj (.text:ti_sysbios_family_c66_Cache_wbInv__E)
                  00828060    00000020                 : BIOS.obj (.text:ti_sysbios_gates_GateAll_Instance_init__F)
                  00828080    00000020     core23456_pe66.oe66 (.text:ti_sysbios_gates_GateAll_query__E)
                  008280a0    00000020     sysbios.lib : BIOS.obj (.text:ti_sysbios_gates_GateAll_query__F)
                  008280c0    00000020                 : BIOS.obj (.text:ti_sysbios_gates_GateHwi_Instance_init__F)
                  008280e0    00000020                 : BIOS.obj (.text:ti_sysbios_gates_GateHwi_enter__E)
                  00828100    00000020                 : BIOS.obj (.text:ti_sysbios_gates_GateHwi_leave__E)
                  00828120    00000020     core23456_pe66.oe66 (.text:ti_sysbios_gates_GateHwi_query__E)
                  00828140    00000020     sysbios.lib : BIOS.obj (.text:ti_sysbios_gates_GateHwi_query__F)
                  00828160    00000020     core23456_pe66.oe66 (.text:ti_sysbios_gates_GateMutexPri_query__E)
                  00828180    00000020     sysbios.lib : BIOS.obj (.text:ti_sysbios_gates_GateMutexPri_query__F)
                  008281a0    00000020     core23456_pe66.oe66 (.text:ti_sysbios_gates_GateMutex_query__E)
                  008281c0    00000020     sysbios.lib : BIOS.obj (.text:ti_sysbios_gates_GateMutex_query__F)
                  008281e0    00000020                 : BIOS.obj (.text:ti_sysbios_gates_GateSwi_Instance_init__F)
                  00828200    00000020     core23456_pe66.oe66 (.text:ti_sysbios_gates_GateSwi_query__E)
                  00828220    00000020     sysbios.lib : BIOS.obj (.text:ti_sysbios_gates_GateSwi_query__F)
                  00828240    00000020     core23456_pe66.oe66 (.text:ti_sysbios_hal_Hwi_HwiProxy_Module__startupDone__S)
                  00828260    00000020     core23456_pe66.oe66 (.text:ti_sysbios_hal_Hwi_HwiProxy_clearInterrupt__E)
                  00828280    00000020     core23456_pe66.oe66 (.text:ti_sysbios_hal_Hwi_HwiProxy_disableInterrupt__E)
                  008282a0    00000020     core23456_pe66.oe66 (.text:ti_sysbios_hal_Hwi_HwiProxy_enableInterrupt__E)
                  008282c0    00000020     core23456_pe66.oe66 (.text:ti_sysbios_hal_Hwi_HwiProxy_startup__E)
                  008282e0    00000020     core23456_pe66.oe66 (.text:ti_sysbios_hal_Hwi_HwiProxy_switchFromBootStack__E)
                  00828300    00000020     core23456_pe66.oe66 (.text:ti_sysbios_hal_Hwi_Module_startup__E)
                  00828320    00000020     sysbios.lib : BIOS.obj (.text:ti_sysbios_hal_Hwi_Module_startup__F)
                  00828340    00000020     core23456_pe66.oe66 (.text:ti_sysbios_hal_Timer_Module__startupDone__S)
                  00828360    00000020     core23456_pe66.oe66 (.text:ti_sysbios_hal_Timer_Module_startup__E)
                  00828380    00000020     sysbios.lib : BIOS.obj (.text:ti_sysbios_hal_Timer_Module_startup__F)
                  008283a0    00000020     core23456_pe66.oe66 (.text:ti_sysbios_hal_Timer_TimerProxy_Module__startupDone__S)
                  008283c0    00000020     core23456_pe66.oe66 (.text:ti_sysbios_hal_Timer_TimerProxy_getExpiredCounts__E)
                  008283e0    00000020     core23456_pe66.oe66 (.text:ti_sysbios_hal_Timer_TimerProxy_getPeriod__E)
                  00828400    00000020     core23456_pe66.oe66 (.text:ti_sysbios_hal_Timer_TimerProxy_setNextTick__E)
                  00828420    00000020     core23456_pe66.oe66 (.text:ti_sysbios_hal_Timer_TimerProxy_startup__E)
                  00828440    00000020     core23456_pe66.oe66 (.text:ti_sysbios_heaps_HeapMem_Module_GateProxy_enter__E)
                  00828460    00000020     core23456_pe66.oe66 (.text:ti_sysbios_heaps_HeapMem_Module_GateProxy_leave__E)
                  00828480    00000020     core23456_pe66.oe66 (.text:ti_sysbios_heaps_HeapMem_Module_GateProxy_query__E)
                  008284a0    00000020     sysbios.lib : BIOS.obj (.text:ti_sysbios_heaps_HeapMem_isBlocking__E)
                  008284c0    00000020     core23456_pe66.oe66 (.text:ti_sysbios_knl_Clock_Module_State_clockQ)
                  008284e0    00000020     core23456_pe66.oe66 (.text:ti_sysbios_knl_Clock_Module_startup__E)
                  00828500    00000020     sysbios.lib : BIOS.obj (.text:ti_sysbios_knl_Queue_Instance_init__F)
                  00828520    00000020                 : BIOS.obj (.text:ti_sysbios_knl_Queue_empty__E)
                  00828540    00000020     core23456_pe66.oe66 (.text:ti_sysbios_knl_Swi_Module_startup__E)
                  00828560    00000020     sysbios.lib : BIOS.obj (.text:ti_sysbios_knl_Swi_disable__E)
                  00828580    00000020     core23456_pe66.oe66 (.text:ti_sysbios_knl_Task_Module_startup__E)
                  008285a0    00000020     core23456_pe66.oe66 (.text:ti_sysbios_knl_Task_SupportProxy_Module__startupDone__S)
                  008285c0    00000020     core23456_pe66.oe66 (.text:ti_sysbios_knl_Task_SupportProxy_checkStack__E)
                  008285e0    00000020     core23456_pe66.oe66 (.text:ti_sysbios_knl_Task_SupportProxy_start__E)
                  00828600    00000020     core23456_pe66.oe66 (.text:ti_sysbios_knl_Task_SupportProxy_swap__E)
                  00828620    00000020     sysbios.lib : BIOS.obj (.text:ti_sysbios_knl_Task_disable__E)
                  00828640    00000020                 : BIOS.obj (.text:ti_sysbios_knl_Task_getPri__E)
                  00828660    00000020                 : BIOS.obj (.text:ti_sysbios_knl_Task_self__E)
                  00828680    00000020     core23456_pe66.oe66 (.text:ti_sysbios_syncs_SyncSem_query__E)
                  008286a0    00000020     sysbios.lib : BIOS.obj (.text:ti_sysbios_syncs_SyncSem_query__F)
                  008286c0    00000020     core23456_pe66.oe66 (.text:ti_sysbios_syncs_SyncSem_signal__E)
                  008286e0    00000020     sysbios.lib : BIOS.obj (.text:ti_sysbios_syncs_SyncSem_signal__F)
                  00828700    00000020     core23456_pe66.oe66 (.text:ti_sysbios_syncs_SyncSem_wait__E)
                  00828720    00000020     core23456_pe66.oe66 (.text:ti_sysbios_timers_timer64_Timer_Module__startupDone__S)
                  00828740    00000020     core23456_pe66.oe66 (.text:ti_sysbios_timers_timer64_Timer_Module_startup__E)
                  00828760    00000020     core23456_pe66.oe66 (.text:ti_sysbios_timers_timer64_Timer_TimerSupportProxy_enable__E)
                  00828780    00000020     sysbios.lib : BIOS.obj (.text:ti_sysbios_timers_timer64_Timer_setNextTick__E)
                  008287a0    00000020     core23456_pe66.oe66 (.text:ti_sysbios_xdcruntime_GateThreadSupport_enter__E)
                  008287c0    00000020     core23456_pe66.oe66 (.text:ti_sysbios_xdcruntime_GateThreadSupport_leave__E)
                  008287e0    00000020     core23456_pe66.oe66 (.text:ti_sysbios_xdcruntime_GateThreadSupport_query__E)
                  00828800    00000020     core23456_pe66.oe66 (.text:xdc_iargToPtr)
                  00828820    00000020     core23456_pe66.oe66 (.text:xdc_runtime_Error_check__E)
                  00828840    00000020     core23456_pe66.oe66 (.text:xdc_runtime_Error_init__E)
                  00828860    00000020     core23456_pe66.oe66 (.text:xdc_runtime_Error_print__E)
                  00828880    00000020     core23456_pe66.oe66 (.text:xdc_runtime_GateNull_enter__E)
                  008288a0    00000020     ti.targets.rts6000.ae66 : GateNull.oe66 (.text:xdc_runtime_GateNull_enter__F)
                  008288c0    00000020     core23456_pe66.oe66 (.text:xdc_runtime_GateNull_leave__E)
                  008288e0    00000020     ti.targets.rts6000.ae66 : GateNull.oe66 (.text:xdc_runtime_GateNull_leave__F)
                  00828900    00000020     core23456_pe66.oe66 (.text:xdc_runtime_GateNull_query__E)
                  00828920    00000020     ti.targets.rts6000.ae66 : GateNull.oe66 (.text:xdc_runtime_GateNull_query__F)
                  00828940    00000020     core23456_pe66.oe66 (.text:xdc_runtime_Gate_enterSystem__E)
                  00828960    00000020     ti.targets.rts6000.ae66 : Gate.oe66 (.text:xdc_runtime_Gate_enterSystem__F)
                  00828980    00000020     core23456_pe66.oe66 (.text:xdc_runtime_Gate_leaveSystem__E)
                  008289a0    00000020     core23456_pe66.oe66 (.text:xdc_runtime_Memory_HeapProxy_alloc__E)
                  008289c0    00000020     core23456_pe66.oe66 (.text:xdc_runtime_Memory_HeapProxy_free__E)
                  008289e0    00000020     core23456_pe66.oe66 (.text:xdc_runtime_Memory_alloc__E)
                  00828a00    00000020     core23456_pe66.oe66 (.text:xdc_runtime_Memory_calloc__E)
                  00828a20    00000020     core23456_pe66.oe66 (.text:xdc_runtime_Memory_free__E)
                  00828a40    00000020     core23456_pe66.oe66 (.text:xdc_runtime_Memory_getMaxDefaultTypeAlign__E)
                  00828a60    00000020     ti.targets.rts6000.ae66 : Memory.oe66 (.text:xdc_runtime_Memory_getMaxDefaultTypeAlign__F)
                  00828a80    00000020     core23456_pe66.oe66 (.text:xdc_runtime_Registry_findById__E)
                  00828aa0    00000020     core23456_pe66.oe66 (.text:xdc_runtime_Startup_Module__startupDone__S)
                  00828ac0    00000020     core23456_pe66.oe66 (.text:xdc_runtime_Startup_exec__E)
                  00828ae0    00000020     core23456_pe66.oe66 (.text:xdc_runtime_Startup_reset__I)
                  00828b00    00000020     core23456_pe66.oe66 (.text:xdc_runtime_Startup_rtsDone__E)
                  00828b20    00000020     ti.targets.rts6000.ae66 : Startup.oe66 (.text:xdc_runtime_Startup_rtsDone__F)
                  00828b40    00000020     core23456_pe66.oe66 (.text:xdc_runtime_SysMin_Module_startup__E)
                  00828b60    00000020     core23456_pe66.oe66 (.text:xdc_runtime_SysStd_abort__E)
                  00828b80    00000020     core23456_pe66.oe66 (.text:xdc_runtime_SysStd_exit__E)
                  00828ba0    00000020     ti.targets.rts6000.ae66 : SysStd.oe66 (.text:xdc_runtime_SysStd_exit__F)
                  00828bc0    00000020     core23456_pe66.oe66 (.text:xdc_runtime_SysStd_putch__E)
                  00828be0    00000020     ti.targets.rts6000.ae66 : SysStd.oe66 (.text:xdc_runtime_SysStd_putch__F)
                  00828c00    00000020     core23456_pe66.oe66 (.text:xdc_runtime_SysStd_ready__E)
                  00828c20    00000020     ti.targets.rts6000.ae66 : SysStd.oe66 (.text:xdc_runtime_SysStd_ready__F)
                  00828c40    00000020     core23456_pe66.oe66 (.text:xdc_runtime_System_Module_GateProxy_enter__E)
                  00828c60    00000020     core23456_pe66.oe66 (.text:xdc_runtime_System_Module_GateProxy_leave__E)
                  00828c80    00000020     core23456_pe66.oe66 (.text:xdc_runtime_System_Module_startup__E)
                  00828ca0    00000020     ti.targets.rts6000.ae66 : System.oe66 (.text:xdc_runtime_System_Module_startup__F)
                  00828cc0    00000020     core23456_pe66.oe66 (.text:xdc_runtime_System_SupportProxy_abort__E)
                  00828ce0    00000020     core23456_pe66.oe66 (.text:xdc_runtime_System_SupportProxy_exit__E)
                  00828d00    00000020     core23456_pe66.oe66 (.text:xdc_runtime_System_SupportProxy_putch__E)
                  00828d20    00000020     core23456_pe66.oe66 (.text:xdc_runtime_System_SupportProxy_ready__E)
                  00828d40    00000020     core23456_pe66.oe66 (.text:xdc_runtime_System_abort__E)
                  00828d60    00000020     core23456_pe66.oe66 (.text:xdc_runtime_System_atexit__E)
                  00828d80    00000020     core23456_pe66.oe66 (.text:xdc_runtime_System_exit__E)
                  00828da0    00000020     ti.targets.rts6000.ae66 : System.oe66 (.text:xdc_runtime_System_exit__F)
                  00828dc0    00000020                             : System.oe66 (.text:xdc_runtime_System_lastFxn__I)
                  00828de0    00000020     core23456_pe66.oe66 (.text:xdc_runtime_System_vsnprintf__E)
                  00828e00    00000020     ti.targets.rts6000.ae66 : System.oe66 (.text:xdc_runtime_System_vsnprintf__F)
                  00828e20    00000020     core23456_pe66.oe66 (.text:xdc_runtime_Text_cordText__E)
                  00828e40    00000020     core23456_pe66.oe66 (.text:xdc_runtime_Text_putLab__E)
                  00828e60    00000020     core23456_pe66.oe66 (.text:xdc_runtime_Text_putSite__E)
                  00828e80    00000020     core23456_pe66.oe66 (.text:xdc_runtime_Text_ropeText__E)
                  00828ea0    00000020     core23456_pe66.oe66 (.text:xdc_runtime_knl_GateThread_Module__startupDone__S)
                  00828ec0    00000020     core23456_pe66.oe66 (.text:xdc_runtime_knl_GateThread_Proxy_Object__delete__S)
                  00828ee0    00000020     core23456_pe66.oe66 (.text:xdc_runtime_knl_GateThread_Proxy_enter__E)
                  00828f00    00000020     core23456_pe66.oe66 (.text:xdc_runtime_knl_GateThread_Proxy_leave__E)
                  00828f20    00000020     core23456_pe66.oe66 (.text:xdc_runtime_knl_GateThread_Proxy_query__E)
                  00828f40    00000020     core23456_pe66.oe66 (.text:xdc_runtime_knl_GateThread_enter__E)
                  00828f60    00000020     ti.targets.rts6000.ae66 : GateThread.oe66 (.text:xdc_runtime_knl_GateThread_enter__F)
                  00828f80    00000020     core23456_pe66.oe66 (.text:xdc_runtime_knl_GateThread_leave__E)
                  00828fa0    00000020     ti.targets.rts6000.ae66 : GateThread.oe66 (.text:xdc_runtime_knl_GateThread_leave__F)
                  00828fc0    00000020     core23456_pe66.oe66 (.text:xdc_runtime_knl_GateThread_query__E)

.const     0    00828fe0    00004794     
                  00828fe0    000025a6     core23456_pe66.oe66 (.const:xdc_runtime_Text_charTab__A)
                  0082b586    00000002     core23456_pe66.oe66 (.const:ti_sdo_ipc_GateMP_Module__id__C)
                  0082b588    0000042c     sysbios.lib : BIOS.obj (.const:.string)
                  0082b9b4    00000004     ti.targets.rts6000.ae66 : Assert.oe66 (.const:.string)
                  0082b9b8    00000400     core23456_pe66.oe66 (.const:ti_sysbios_family_c66_Cache_marvalues__C)
                  0082bdb8    00000340     main23456.obj (.const:.string)
                  0082c0f8    00000190     main23456.obj (.const:ArrayElementCoordinateX)
                  0082c288    00000190     main23456.obj (.const:ArrayElementCoordinateY)
                  0082c418    00000170     core23456_pe66.oe66 (.const:xdc_runtime_Text_nodeTab__A)
                  0082c588    000000d4     core23456_pe66.oe66 (.const:.string)
                  0082c65c    00000058     ti.targets.rts6000.ae66 : Error.oe66 (.const:.string)
                  0082c6b4    00000040                             : Text.oe66 (.const:.string)
                  0082c6f4    00000004     core23456_pe66.oe66 (.const:ti_sdo_ipc_GateMP_A_invalidClose__C)
                  0082c6f8    00000040     core23456_pe66.oe66 (.const:xdc_runtime_Startup_sfxnTab__A)
                  0082c738    00000038     core23456_pe66.oe66 (.const:ti_sdo_ipc_heaps_HeapBufMP_Object__PARAMS__C)
                  0082c770    00000038     core23456_pe66.oe66 (.const:ti_sdo_ipc_notifyDrivers_NotifyDriverShm_Module__FXNS__C)
                  0082c7a8    00000034     core23456_pe66.oe66 (.const:ti_sdo_ipc_GateMP_Object__PARAMS__C)
                  0082c7dc    00000034     core23456_pe66.oe66 (.const:ti_sdo_ipc_notifyDrivers_NotifyDriverShm_Object__PARAMS__C)
                  0082c810    00000030     core23456_pe66.oe66 (.const:ti_sdo_ipc_heaps_HeapMemMP_Object__PARAMS__C)
                  0082c840    00000030     core23456_pe66.oe66 (.const:ti_sysbios_family_c64p_Hwi_Object__PARAMS__C)
                  0082c870    0000002c     ti.targets.rts6000.ae66 : Startup.oe66 (.const:.string)
                  0082c89c    0000002c     core23456_pe66.oe66 (.const:ti_sdo_ipc_ListMP_Object__PARAMS__C)
                  0082c8c8    0000002c     core23456_pe66.oe66 (.const:ti_sdo_ipc_gates_GateHWSem_Module__FXNS__C)
[...]
0082d424   ti_sdo_ipc_transports_TransportShm_Instance_State_swiObj__O
0082d428   ti_sdo_ipc_transports_TransportShm_Module__diagsEnabled__C
0082d42c   ti_sdo_ipc_transports_TransportShm_Module__diagsIncluded__C
0082d430   ti_sdo_ipc_transports_TransportShm_Module__diagsMask__C
0082d434   ti_sdo_utils_INameServerRemote_Interface__BASE__C
0082d438   ti_sdo_utils_List_Object__count__C
0082d43c   ti_sdo_utils_List_Object__table__C
0082d440   ti_sdo_utils_MultiProc_A_invalidMultiProcId__C
0082d444   ti_sdo_utils_MultiProc_Module__diagsEnabled__C
0082d448   ti_sdo_utils_MultiProc_Module__diagsIncluded__C
0082d44c   ti_sdo_utils_MultiProc_Module__diagsMask__C
0082d450   ti_sdo_utils_MultiProc_procIdList__C
0082d454   ti_sdo_utils_NameServer_A_invArgument__C
0082d458   ti_sdo_utils_NameServer_A_invalidLen__C
0082d45c   ti_sdo_utils_NameServer_E_entryExists__C
0082d460   ti_sdo_utils_NameServer_E_maxReached__C
0082d464   ti_sdo_utils_NameServer_Instance_State_freeList__O
0082d468   ti_sdo_utils_NameServer_Instance_State_nameList__O
0082d46c   ti_sdo_utils_NameServer_Module__diagsEnabled__C
0082d470   ti_sdo_utils_NameServer_Module__diagsIncluded__C
0082d474   ti_sdo_utils_NameServer_Module__diagsMask__C
0082d478   ti_sdo_utils_NameServer_Object__count__C
0082d47c   ti_sdo_utils_NameServer_Object__table__C
0082d480   ti_sysbios_BIOS_Module__diagsEnabled__C
0082d484   ti_sysbios_BIOS_Module__diagsIncluded__C
0082d488   ti_sysbios_BIOS_Module__diagsMask__C
0082d48c   ti_sysbios_BIOS_installedErrorHook__C
0082d490   ti_sysbios_family_c64p_Exception_E_exceptionMin__C
0082d494   ti_sysbios_family_c64p_Exception_exceptionHook__C
0082d498   ti_sysbios_family_c64p_Exception_externalHook__C
0082d49c   ti_sysbios_family_c64p_Exception_internalHook__C
0082d4a0   ti_sysbios_family_c64p_Exception_nmiHook__C
0082d4a4   ti_sysbios_family_c64p_Hwi_E_alreadyDefined__C
0082d4a8   ti_sysbios_family_c64p_Hwi_E_handleNotFound__C
0082d4ac   ti_sysbios_family_c64p_Hwi_LD_end__C
0082d4b0   ti_sysbios_family_c64p_Hwi_LM_begin__C
0082d4b4   ti_sysbios_family_c64p_Hwi_Module__diagsEnabled__C
0082d4b8   ti_sysbios_family_c64p_Hwi_Module__diagsIncluded__C
0082d4bc   ti_sysbios_family_c64p_Hwi_Module__diagsMask__C
0082d4c0   ti_sysbios_family_c64p_Hwi_Module__loggerFxn1__C
0082d4c4   ti_sysbios_family_c64p_Hwi_Module__loggerFxn8__C
0082d4c8   ti_sysbios_family_c64p_Hwi_Module__loggerObj__C
0082d4cc   ti_sysbios_family_c66_Cache_atomicBlockSize__C
0082d4d0   ti_sysbios_gates_GateMutexPri_A_badContext__C
0082d4d4   ti_sysbios_gates_GateMutexPri_Instance_State_pendQ__O
0082d4d8   ti_sysbios_gates_GateMutexPri_Module__diagsEnabled__C
0082d4dc   ti_sysbios_gates_GateMutexPri_Module__diagsIncluded__C
0082d4e0   ti_sysbios_gates_GateMutexPri_Module__diagsMask__C
0082d4e4   ti_sysbios_gates_GateMutex_A_badContext__C
0082d4e8   ti_sysbios_gates_GateMutex_Instance_State_sem__O
0082d4ec   ti_sysbios_gates_GateMutex_Module__diagsEnabled__C
0082d4f0   ti_sysbios_gates_GateMutex_Module__diagsIncluded__C
0082d4f4   ti_sysbios_gates_GateMutex_Module__diagsMask__C
0082d4f8   ti_sysbios_gates_GateSwi_A_badContext__C
0082d4fc   ti_sysbios_gates_GateSwi_Module__diagsEnabled__C
0082d500   ti_sysbios_gates_GateSwi_Module__diagsIncluded__C
0082d504   ti_sysbios_gates_GateSwi_Module__diagsMask__C
0082d508   ti_sysbios_hal_Hwi_E_stackOverflow__C
0082d50c   ti_sysbios_heaps_HeapMem_A_align__C
0082d510   ti_sysbios_heaps_HeapMem_A_heapSize__C
0082d514   ti_sysbios_heaps_HeapMem_A_invalidFree__C
0082d518   ti_sysbios_heaps_HeapMem_A_zeroBlock__C
0082d51c   ti_sysbios_heaps_HeapMem_E_memory__C
0082d520   ti_sysbios_heaps_HeapMem_Module__diagsEnabled__C
0082d524   ti_sysbios_heaps_HeapMem_Module__diagsIncluded__C
0082d528   ti_sysbios_heaps_HeapMem_Module__diagsMask__C
0082d52c   ti_sysbios_heaps_HeapMem_Module__gateObj__C
0082d530   ti_sysbios_heaps_HeapMem_Object__count__C
0082d534   ti_sysbios_heaps_HeapMem_Object__table__C
0082d538   ti_sysbios_heaps_HeapMem_reqAlignMask__C
0082d53c   ti_sysbios_heaps_HeapMem_reqAlign__C
0082d540   ti_sysbios_knl_Clock_A_badThreadType__C
0082d544   ti_sysbios_knl_Clock_LM_begin__C
0082d548   ti_sysbios_knl_Clock_LM_tick__C
0082d54c   ti_sysbios_knl_Clock_LW_delayed__C
0082d550   ti_sysbios_knl_Clock_Module_State_clockQ__O
0082d554   ti_sysbios_knl_Clock_Module__diagsEnabled__C
0082d558   ti_sysbios_knl_Clock_Module__diagsIncluded__C
0082d55c   ti_sysbios_knl_Clock_Module__diagsMask__C
0082d560   ti_sysbios_knl_Clock_Module__loggerFxn1__C
0082d564   ti_sysbios_knl_Clock_Module__loggerFxn2__C
0082d568   ti_sysbios_knl_Clock_Module__loggerObj__C
0082d56c   ti_sysbios_knl_Clock_tickMode__C
0082d570   ti_sysbios_knl_Clock_tickPeriod__C
0082d574   ti_sysbios_knl_Clock_tickSource__C
0082d578   ti_sysbios_knl_Idle_funcList__A
0082d57c   ti_sysbios_knl_Queue_Object__count__C
0082d580   ti_sysbios_knl_Queue_Object__table__C
0082d584   ti_sysbios_knl_Semaphore_A_badContext__C
0082d588   ti_sysbios_knl_Semaphore_A_noEvents__C
0082d58c   ti_sysbios_knl_Semaphore_Instance_State_pendQ__O
0082d590   ti_sysbios_knl_Semaphore_LM_pend__C
0082d594   ti_sysbios_knl_Semaphore_LM_post__C
0082d598   ti_sysbios_knl_Semaphore_Module__diagsEnabled__C
0082d59c   ti_sysbios_knl_Semaphore_Module__diagsIncluded__C
0082d5a0   ti_sysbios_knl_Semaphore_Module__diagsMask__C
0082d5a4   ti_sysbios_knl_Semaphore_Module__loggerFxn2__C
0082d5a8   ti_sysbios_knl_Semaphore_Module__loggerFxn4__C
0082d5ac   ti_sysbios_knl_Semaphore_Module__loggerObj__C
0082d5b0   ti_sysbios_knl_Swi_A_badPriority__C
0082d5b4   ti_sysbios_knl_Swi_LD_end__C
0082d5b8   ti_sysbios_knl_Swi_LM_begin__C
0082d5bc   ti_sysbios_knl_Swi_LM_post__C
0082d5c0   ti_sysbios_knl_Swi_Module__diagsEnabled__C
0082d5c4   ti_sysbios_knl_Swi_Module__diagsIncluded__C
0082d5c8   ti_sysbios_knl_Swi_Module__diagsMask__C
0082d5cc   ti_sysbios_knl_Swi_Module__loggerFxn1__C
0082d5d0   ti_sysbios_knl_Swi_Module__loggerFxn4__C
0082d5d4   ti_sysbios_knl_Swi_Module__loggerObj__C
0082d5d8   ti_sysbios_knl_Swi_Object__count__C
0082d5dc   ti_sysbios_knl_Swi_Object__table__C
0082d5e0   ti_sysbios_knl_Task_A_badPriority__C
0082d5e4   ti_sysbios_knl_Task_A_badTimeout__C
0082d5e8   ti_sysbios_knl_Task_E_spOutOfBounds__C
0082d5ec   ti_sysbios_knl_Task_E_stackOverflow__C
0082d5f0   ti_sysbios_knl_Task_LD_block__C
0082d5f4   ti_sysbios_knl_Task_LD_exit__C
0082d5f8   ti_sysbios_knl_Task_LD_ready__C
0082d5fc   ti_sysbios_knl_Task_LM_setPri__C
0082d600   ti_sysbios_knl_Task_LM_sleep__C
0082d604   ti_sysbios_knl_Task_LM_switch__C
0082d608   ti_sysbios_knl_Task_LM_yield__C
0082d60c   ti_sysbios_knl_Task_Module_State_inactiveQ__O
0082d610   ti_sysbios_knl_Task_Module_State_terminatedQ__O
0082d614   ti_sysbios_knl_Task_Module__diagsEnabled__C
0082d618   ti_sysbios_knl_Task_Module__diagsIncluded__C
0082d61c   ti_sysbios_knl_Task_Module__diagsMask__C
0082d620   ti_sysbios_knl_Task_Module__loggerFxn2__C
0082d624   ti_sysbios_knl_Task_Module__loggerFxn4__C
0082d628   ti_sysbios_knl_Task_Module__loggerObj__C
0082d62c   ti_sysbios_knl_Task_Object__count__C
0082d630   ti_sysbios_knl_Task_Object__table__C
0082d634   ti_sysbios_knl_Task_allBlockedFunc__C
0082d638   ti_sysbios_knl_Task_numConstructedTasks__C
0082d63c   ti_sysbios_knl_Task_numPriorities__C
0082d640   ti_sysbios_syncs_SyncSem_Module__diagsEnabled__C
0082d644   ti_sysbios_syncs_SyncSem_Module__diagsIncluded__C
0082d648   ti_sysbios_syncs_SyncSem_Module__diagsMask__C
0082d64c   ti_sysbios_timers_timer64_Timer_A_notAvailable__C
0082d650   ti_sysbios_timers_timer64_Timer_E_cannotSupport__C
0082d654   ti_sysbios_timers_timer64_Timer_Module__diagsEnabled__C
0082d658   ti_sysbios_timers_timer64_Timer_Module__diagsIncluded__C
0082d65c   ti_sysbios_timers_timer64_Timer_Module__diagsMask__C
0082d660   ti_sysbios_timers_timer64_Timer_anyMask__C
0082d664   ti_sysbios_timers_timer64_Timer_freqDivisor__C
0082d668   ti_sysbios_timers_timer64_Timer_numLocalTimers__C
0082d66c   ti_sysbios_timers_timer64_Timer_numTimerDevices__C
0082d670   ti_sysbios_xdcruntime_GateThreadSupport_Instance_State_gate__O
0082d674   xdc_runtime_Assert_E_assertFailed__C
0082d678   xdc_runtime_Core_A_initializedParams__C
0082d67c   xdc_runtime_Core_Module__diagsEnabled__C
0082d680   xdc_runtime_Core_Module__diagsIncluded__C
0082d684   xdc_runtime_Core_Module__diagsMask__C
0082d688   xdc_runtime_Error_E_memory__C
0082d68c   xdc_runtime_Error_Module__diagsEnabled__C
0082d690   xdc_runtime_Error_Module__diagsIncluded__C
0082d694   xdc_runtime_Error_Module__diagsMask__C
0082d698   xdc_runtime_Error_Module__loggerFxn8__C
0082d69c   xdc_runtime_Error_Module__loggerObj__C
0082d6a0   xdc_runtime_Error_policy__C
0082d6a4   xdc_runtime_Error_raiseHook__C
0082d6a8   xdc_runtime_IGateProvider_Interface__BASE__C
0082d6ac   xdc_runtime_IHeap_Interface__BASE__C
0082d6b0   xdc_runtime_IModule_Interface__BASE__C
0082d6b4   xdc_runtime_Log_L_error__C
0082d6b8   xdc_runtime_Memory_defaultHeapInstance__C
0082d6bc   xdc_runtime_Startup_execImpl__C
0082d6c0   xdc_runtime_Startup_lastFxns__A
0082d6c4   xdc_runtime_Startup_maxPasses__C
0082d6c8   xdc_runtime_Startup_sfxnRts__C
0082d6cc   xdc_runtime_Startup_sfxnTab__C
0082d6d0   xdc_runtime_Startup_startModsFxn__C
0082d6d4   xdc_runtime_SysMin_bufSize__C
0082d6d8   xdc_runtime_System_Module__gateObj__C
0082d6dc   xdc_runtime_System_extendFxn__C
0082d6e0   xdc_runtime_System_maxAtexitHandlers__C
0082d6e4   xdc_runtime_Text_charTab__C
0082d6e8   xdc_runtime_Text_nameEmpty__C
0082d6ec   xdc_runtime_Text_nameStatic__C
0082d6f0   xdc_runtime_Text_nameUnknown__C
0082d6f4   xdc_runtime_Text_nodeTab__C
0082d6f8   xdc_runtime_Text_visitRopeFxn__C
0082d6fc   xdc_runtime_knl_ISync_Interface__BASE__C
0082d700   ti_sdo_ipc_Ipc_Module__id__C
0082d702   ti_sdo_ipc_Ipc_generateSlaveDataForHost__C
0082d704   ti_sdo_ipc_ListMP_Module__id__C
0082d706   ti_sdo_ipc_MessageQ_Module__id__C
0082d708   ti_sdo_ipc_MessageQ_Module__loggerDefined__C
0082d70a   ti_sdo_ipc_Notify_Module__id__C
0082d70c   ti_sdo_ipc_Notify_numLines__C
0082d70e   ti_sdo_ipc_Notify_reservedEvents__C
0082d710   ti_sdo_ipc_SharedRegion_Module__id__C
0082d712   ti_sdo_ipc_SharedRegion_numEntries__C
0082d714   ti_sdo_ipc_SharedRegion_translate__C
0082d716   ti_sdo_ipc_family_c647x_Interrupt_enableKick__C
0082d718   ti_sdo_ipc_family_c647x_MultiProcSetup_Module__id__C
0082d71a   ti_sdo_ipc_gates_GateHWSem_Module__id__C
0082d71c   ti_sdo_ipc_gates_GateMPSupportNull_Module__id__C
0082d71e   ti_sdo_ipc_gates_GatePeterson_Module__id__C
0082d720   ti_sdo_ipc_heaps_HeapBufMP_Module__id__C
0082d722   ti_sdo_ipc_heaps_HeapBufMP_trackAllocs__C
0082d724   ti_sdo_ipc_heaps_HeapMemMP_Module__id__C
0082d726   ti_sdo_ipc_notifyDrivers_NotifyDriverShm_Module__id__C
0082d728   ti_sdo_ipc_nsremote_NameServerRemoteNotify_Module__id__C
0082d72a   ti_sdo_ipc_transports_TransportShm_Module__id__C
0082d72c   ti_sdo_ipc_transports_TransportShm_notifyEventId__C
0082d72e   ti_sdo_utils_MultiProc_Module__id__C
0082d730   ti_sdo_utils_MultiProc_numProcessors__C
0082d732   ti_sdo_utils_MultiProc_numProcsInCluster__C
0082d734   ti_sdo_utils_NameServer_Module__id__C
0082d736   ti_sdo_utils_NameServer_singleProcessor__C
0082d738   ti_sysbios_BIOS_Module__id__C
0082d73a   ti_sysbios_family_c64p_Exception_Module__id__C
0082d73c   ti_sysbios_family_c64p_Hwi_Module__id__C
0082d73e   ti_sysbios_family_c64p_Hwi_Module__loggerDefined__C
0082d740   ti_sysbios_gates_GateMutexPri_Module__id__C
0082d742   ti_sysbios_gates_GateMutex_Module__id__C
0082d744   ti_sysbios_gates_GateSwi_Module__id__C
0082d746   ti_sysbios_hal_Hwi_Module__id__C
0082d748   ti_sysbios_heaps_HeapMem_Module__id__C
0082d74a   ti_sysbios_knl_Clock_Module__id__C
0082d74c   ti_sysbios_knl_Clock_Module__loggerDefined__C
0082d74e   ti_sysbios_knl_Semaphore_Module__id__C
0082d750   ti_sysbios_knl_Semaphore_Module__loggerDefined__C
0082d752   ti_sysbios_knl_Swi_Module__id__C
0082d754   ti_sysbios_knl_Swi_Module__loggerDefined__C
0082d756   ti_sysbios_knl_Task_Module__id__C
0082d758   ti_sysbios_knl_Task_Module__loggerDefined__C
0082d75a   ti_sysbios_knl_Task_deleteTerminatedTasks__C
0082d75c   ti_sysbios_knl_Task_initStackFlag__C
0082d75e   ti_sysbios_syncs_SyncSem_Module__id__C
0082d760   ti_sysbios_timers_timer64_Timer_Module__id__C
0082d762   ti_sysbios_timers_timer64_Timer_startupNeeded__C
0082d764   xdc_runtime_Core_Module__id__C
0082d766   xdc_runtime_Error_Module__loggerDefined__C
0082d768   xdc_runtime_Error_maxDepth__C
0082d76a   xdc_runtime_Memory_Module__id__C
0082d76c   xdc_runtime_Text_charCnt__C
0082d76e   xdc_runtime_Text_isLoaded__C
0082d770   xdc_runtime_Text_registryModsLastId__C
0082d772   xdc_runtime_Text_unnamedModsLastId__C
0082d778   ti_sdo_utils_NameServer_Module_State_0_nsRemoteHandle__A
0082d798   ti_sysbios_heaps_HeapMem_Instance_State_0_buf__A
0082e798   ti_sysbios_knl_Task_Instance_State_0_hookEnv__A
0082e7a0   ti_sysbios_knl_Task_Instance_State_1_hookEnv__A
0082e7a8   xdc_runtime_SysMin_Module_State_0_outbuf__A
0082eba8   ti_sysbios_knl_Task_Instance_State_0_stack__A
0082f3a8   ti_sysbios_knl_Task_Instance_State_1_stack__A
0082fba8   _tmpnams
0082fcf0   ti_sdo_ipc_GateMP_Module_State_0_remoteCustom1Gates__A
008304f0   ti_sdo_ipc_GateMP_Module__root__V
008304f8   ti_sdo_ipc_GateMP_Module__state__V
00830540   ti_sdo_ipc_Ipc_Module__state__V
0083054c   ti_sdo_ipc_ListMP_Module__root__V
00830554   ti_sdo_ipc_ListMP_Module__state__V
00830558   ti_sdo_ipc_MessageQ_Module__root__V
00830560   ti_sdo_ipc_MessageQ_Module__state__V
0083057c   ti_sdo_ipc_Notify_Module__root__V
00830584   ti_sdo_ipc_Notify_Module__state__V
0083058c   ti_sdo_ipc_SharedRegion_Module__state__V
00830590   ti_sdo_ipc_family_c647x_Interrupt_Module__state__V
00830598   ti_sdo_ipc_gates_GateHWSem_Module__root__V
008305a0   ti_sdo_ipc_gates_GateMPSupportNull_Module__root__V
008305a8   ti_sdo_ipc_gates_GatePeterson_Module__root__V
008305b0   ti_sdo_ipc_heaps_HeapBufMP_Module__root__V
008305b8   ti_sdo_ipc_heaps_HeapBufMP_Module__state__V
008305bc   ti_sdo_ipc_heaps_HeapMemMP_Module__root__V
008305c4   ti_sdo_ipc_heaps_HeapMemMP_Module__state__V
008305c8   ti_sdo_ipc_notifyDrivers_NotifyDriverShm_Module__root__V
008305d0   ti_sdo_ipc_nsremote_NameServerRemoteNotify_Module__root__V
008305d8   ti_sdo_ipc_transports_TransportShm_Module__root__V
008305e0   ti_sdo_ipc_transports_TransportShmSetup_Module__state__V
008305e4   ti_sdo_utils_List_Module__root__V
008305ec   ti_sdo_utils_MultiProc_Module__state__V
008305f0   ti_sdo_utils_NameServer_Module__root__V
008305f8   ti_sdo_utils_NameServer_Module__state__V
00830600   ti_sdo_utils_NameServerRemoteNull_Module__root__V
00830608   ti_sysbios_BIOS_Module__state__V
00830624   ti_sysbios_family_c64p_Exception_Module__state__V
00830650   ti_sysbios_family_c64p_Hwi_Module__root__V
00830658   ti_sysbios_family_c64p_Hwi_Module__state__V
008306c0   ti_sysbios_gates_GateAll_Module__root__V
008306c8   ti_sysbios_gates_GateHwi_Module__root__V
008306d0   ti_sysbios_gates_GateMutex_Module__root__V
008306d8   ti_sysbios_gates_GateMutexPri_Module__root__V
008306e0   ti_sysbios_gates_GateSwi_Module__root__V
008306e8   ti_sysbios_hal_Hwi_Module__root__V
008306f0   ti_sysbios_hal_Timer_Module__root__V
008306f8   ti_sysbios_heaps_HeapMem_Module__root__V
00830700   ti_sysbios_knl_Clock_Module__root__V
00830708   ti_sysbios_knl_Clock_Module__state__V
00830734   ti_sysbios_knl_Queue_Module__root__V
0083073c   ti_sysbios_knl_Semaphore_Module__root__V
00830744   ti_sysbios_knl_Swi_Module__root__V
0083074c   ti_sysbios_knl_Swi_Module__state__V
00830768   ti_sysbios_knl_Task_Module__root__V
00830770   ti_sysbios_knl_Task_Module__state__V
008307a4   ti_sysbios_syncs_SyncSem_Module__root__V
008307ac   ti_sysbios_timers_timer64_Timer_Module__root__V
008307b4   ti_sysbios_timers_timer64_Timer_Module__state__V
008307c8   ti_sysbios_xdcruntime_GateThreadSupport_Module__root__V
008307d0   xdc_runtime_Error_Module__state__V
008307d4   xdc_runtime_GateNull_Module__root__V
008307dc   xdc_runtime_Memory_Module__state__V
008307e0   xdc_runtime_Registry_Module__state__V
008307e8   xdc_runtime_Startup_Module__state__V
008307f0   xdc_runtime_SysMin_Module__state__V
008307fc   xdc_runtime_System_Module__state__V
00830808   xdc_runtime_Text_Module__state__V
00830810   xdc_runtime_knl_GateThread_Module__root__V
00830818   __xdc__init__addr
0083081c   _ft_end
00830820   _ftable
00830a00   ti_sysbios_timers_timer64_Timer_Module_State_0_device__A
00830b80   ti_sdo_utils_NameServer_Object__table__V
00830d38   ti_sdo_ipc_Ipc_Module_State_0_procEntry__A
00830dd8   ti_sdo_ipc_SharedRegion_Module_State_0_regions__A
00830e68   ti_sysbios_knl_Task_Object__table__V
00830eac   TSK_idle
00830ef0   ti_sdo_ipc_GateMP_Module_State_0_remoteSystemGates__A
00830f70   ti_sysbios_knl_Swi_Module_State_0_readyQ__A
00830ff0   ti_sysbios_knl_Task_Module_State_0_readyQ__A
00831070   ti_sysbios_timers_timer64_Timer_Module_State_0_gctrl__A
008310f0   ti_sysbios_timers_timer64_Timer_Module_State_0_handles__A
00831170   ti_sysbios_timers_timer64_Timer_Module_State_0_intFreqs__A
00831268   ti_sysbios_timers_timer64_Timer_Object__table__V
00831338   ti_sdo_ipc_MessageQ_Module_State_0_transports__A
00831378   ti_sdo_ipc_family_c647x_Interrupt_Module_State_0_fxnTable__A
008313b8   ti_sysbios_gates_GateMutex_Object__table__V
008313f8   ti_sysbios_knl_Swi_Object__table__V
00831428   ti_sdo_ipc_MessageQ_Module_State_0_heaps__A
00831448   ti_sdo_ipc_Notify_Module_State_0_notifyHandles__A
00831468   ti_sdo_ipc_transports_TransportShmSetup_Module_State_0_handles__A
00831488   xdc_runtime_System_Module_State_0_atexitHandlers__A
008314a8   ti_sysbios_family_c64p_Hwi_Object__table__V
008314c0   ti_sysbios_gates_GateMutexPri_Object__table__V
008314d8   ti_sysbios_heaps_HeapMem_Object__table__V
008314f0   ti_sysbios_gates_GateAll_Object__table__V
00831500   _cleanup_ptr
00831504   _dtors_ptr
00831508   __TI_enable_exit_profile_output
00831510   ti_sysbios_gates_GateSwi_Object__table__V
0083151c   _lock
00831520   _unlock
00831528   ti_sysbios_hal_Hwi_Object__table__V
00831530   ti_sysbios_hal_Timer_Object__table__V
00831538   ti_sdo_ipc_GateMP_Module_State_0_remoteCustom2Gates__A
00831540   ti_sdo_ipc_Notify_Module_State_0_notifyHandles_0__A
00831548   ti_sdo_ipc_Notify_Module_State_0_notifyHandles_1__A
00831550   ti_sdo_ipc_Notify_Module_State_0_notifyHandles_2__A
00831558   ti_sdo_ipc_Notify_Module_State_0_notifyHandles_3__A
00831560   ti_sdo_ipc_Notify_Module_State_0_notifyHandles_4__A
00831568   ti_sdo_ipc_Notify_Module_State_0_notifyHandles_5__A
00831570   ti_sdo_ipc_Notify_Module_State_0_notifyHandles_6__A
00831578   ti_sdo_ipc_Notify_Module_State_0_notifyHandles_7__A
00831580   ti_sysbios_gates_GateHwi_Object__table__V
00831588   xdc_runtime_GateNull_Object__table__V
00831590   _stack
00832590   __CIOBUF_
00832590   __TI_STACK_END
008326b0   QueueIdCore23456ToCore1
008326b0   __TI_STATIC_BASE
008326b4   MessageQCore0ToCore23456
008326b8   Msg23456To1Ptr
008326bc   Msg0To23456Ptr
008326c0   Ipc_sr0MemorySetup
00832800   ti_sysbios_family_c64p_Hwi0
00832820   ti_sysbios_family_c64p_Hwi1
00832840   ti_sysbios_family_c64p_Hwi2
00832860   ti_sysbios_family_c64p_Hwi3
00832880   ti_sysbios_family_c64p_Hwi4
008328a0   ti_sysbios_family_c64p_Hwi5
008328c0   ti_sysbios_family_c64p_Hwi6
008328e0   ti_sysbios_family_c64p_Hwi7
00832900   ti_sysbios_family_c64p_Hwi8
00832920   ti_sysbios_family_c64p_Hwi9
00832940   ti_sysbios_family_c64p_Hwi10
00832960   ti_sysbios_family_c64p_Hwi11
00832980   ti_sysbios_family_c64p_Hwi12
008329a0   ti_sysbios_family_c64p_Hwi13
008329c0   ti_sysbios_family_c64p_Hwi14
008329e0   ti_sysbios_family_c64p_Hwi15
008332d8   __TI_Handler_Table_Base
008332e4   __TI_Handler_Table_Limit
008332f4   __TI_CINIT_Base
0083330c   __TI_CINIT_Limit
ffffffff   __TI_pprof_out_hndl
ffffffff   __TI_prof_data_size
ffffffff   __TI_prof_data_start
ffffffff   __binit__
ffffffff   __c_args__
ffffffff   binit
UNDEFED    __TI_INITARRAY_Base
UNDEFED    __TI_INITARRAY_Limit

[1330 symbols]
