******************************************************************************
               TMS320C6x Linker PC v7.4.4                      
******************************************************************************
>> Linked Fri Apr 15 21:06:55 2016

OUTPUT FILE NAME:   <simulator_vpx_DSP1_V0_1_6_core34567.out>
ENTRY POINT SYMBOL: "_c_int00"  address: 00822880


MEMORY CONFIGURATION

         name            origin    length      used     unused   attr    fill
----------------------  --------  ---------  --------  --------  ----  --------
  L2SRAM                00800000   00080000  000332d8  0004cd28  RW X
  MSMCSRAM              0c000000   00400000  00204400  001fbc00  RW X
  DDR3                  80000000   20000000  00000000  20000000  RWIX


SEGMENT ALLOCATION MAP

run origin  load origin   length   init length attrs members
----------  ----------- ---------- ----------- ----- -------
00800000    00800000    0002d86c   0002d86c    r-x
  00800000    00800000    00029060   00029060    r-x .text
  00829060    00829060    0000480c   0000480c    r-- .const
0082d870    0082d870    00002578   00000000    rw-
  0082d870    0082d870    00002578   00000000    rw- .far
0082fde8    0082fde8    0000189c   0000189c    rw-
  0082fde8    0082fde8    0000189c   0000189c    rw- .fardata
00831688    00831688    00001134   00000000    rw-
  00831688    00831688    00001000   00000000    rw- .stack
  00832688    00832688    00000120   00000000    rw- .cio
  008327a8    008327a8    00000014   00000000    rw- .bss
008327bc    008327bc    00000010   00000010    r--
  008327bc    008327bc    00000010   00000010    r-- .switch
00832800    00832800    00000b14   00000b14    r-x
  00832800    00832800    00000200   00000200    r-x .vecs
  00832a00    00832a00    00000914   00000914    r-- .cinit


SECTION ALLOCATION MAP

 output                                  attributes/
section   page    origin      length       input sections
--------  ----  ----------  ----------   ----------------
.init_array 
*          0    00800000    00000000     UNINITIALIZED

xdc.meta   0    00800000    00000140     COPY SECTION
                  00800000    00000140     core34567_pe66.oe66 (xdc.meta)

.text      0    00800000    00029060     
                  00800000    000011c0     ipc.lib : Ipc.obj (.text:ti_sdo_ipc_GateMP_Instance_init__F)
                  008011c0    00000a60             : Ipc.obj (.text:ti_sdo_ipc_heaps_HeapMemMP_alloc__E)
                  00801c20    000009e0             : Ipc.obj (.text:ti_sdo_ipc_heaps_HeapMemMP_free__E)
                  00802600    000009a0             : Ipc.obj (.text:Ipc_attach)
                  00802fa0    00000920             : Ipc.obj (.text:ti_sdo_ipc_transports_TransportShm_Instance_init__F)
                  008038c0    000008a0             : Ipc.obj (.text:ti_sdo_ipc_ListMP_Instance_init__F)
                  00804160    000008a0     ti.targets.rts6000.ae66 : System.oe66 (.text:xdc_runtime_System_doPrint__I)
                  00804a00    00000860     ipc.lib : Ipc.obj (.text:ti_sdo_ipc_GateMP_Instance_finalize__F)
                  00805260    00000840             : Ipc.obj (.text:MessageQ_put)
                  00805aa0    00000820             : Ipc.obj (.text:ti_sdo_ipc_heaps_HeapBufMP_Instance_init__F)
                  008062c0    00000800             : Ipc.obj (.text:ti_sdo_ipc_heaps_HeapBufMP_postInit__I)
                  00806ac0    00000780             : Ipc.obj (.text:ti_sdo_ipc_heaps_HeapMemMP_Instance_init__F)
                  00807240    00000780     sysbios.lib : BIOS.obj (.text:ti_sysbios_family_c64p_Exception_handler__I)
                  008079c0    000006c0     ipc.lib : Ipc.obj (.text:ti_sdo_ipc_nsremote_NameServerRemoteNotify_Instance_init__F)
                  00808080    000006a0             : Ipc.obj (.text:NameServer_add)
                  00808720    00000660     main34567.obj (.text)
                  00808d80    00000660     sysbios.lib : BIOS.obj (.text:ti_sysbios_heaps_HeapMem_free__E)
                  008093e0    00000620     ipc.lib : Ipc.obj (.text:Notify_sendEvent)
                  00809a00    00000620     sysbios.lib : BIOS.obj (.text:ti_sysbios_heaps_HeapMem_alloc__E)
                  0080a020    000005e0     ipc.lib : Ipc.obj (.text:Notify_registerEventSingle)
                  0080a600    000005c0             : Ipc.obj (.text:ListMP_getHead)
                  0080abc0    000005c0             : Ipc.obj (.text:Notify_unregisterEventSingle)
                  0080b180    000005c0             : Ipc.obj (.text:ti_sdo_ipc_SharedRegion_start__F)
                  0080b740    000005c0     sysbios.lib : BIOS.obj (.text:ti_sysbios_timers_timer64_Timer_Module_startup__F)
                  0080bd00    00000580     ipc.lib : Ipc.obj (.text:ti_sdo_ipc_nsremote_NameServerRemoteNotify_get__F)
                  0080c280    00000580             : Ipc.obj (.text:ti_sdo_ipc_transports_TransportShm_put__E)
                  0080c800    00000560             : Ipc.obj (.text:NameServer_get)
                  0080cd60    00000540             : Ipc.obj (.text:ti_sdo_ipc_Ipc_procSyncStart__I)
                  0080d2a0    000004e0             : Ipc.obj (.text:ti_sdo_ipc_notifyDrivers_NotifyDriverShm_Instance_init__F)
                  0080d780    000004a0             : Ipc.obj (.text:HeapBufMP_sharedMemReq)
                  0080dc20    000004a0             : Ipc.obj (.text:ti_sdo_ipc_gates_GatePeterson_Instance_init__F)
                  0080e0c0    00000480     sysbios.lib : BIOS.obj (.text:ti_sysbios_knl_Task_Module_startup__F)
                  0080e540    00000460     ipc.lib : Ipc.obj (.text:ti_sdo_ipc_GateMP_setRegion0Reserved__F)
                  0080e9a0    00000460             : Ipc.obj (.text:ti_sdo_ipc_Ipc_procSyncFinish__I)
                  0080ee00    00000460             : Ipc.obj (.text:ti_sdo_ipc_MessageQ_Instance_init__F)
                  0080f260    00000440             : Ipc.obj (.text:ListMP_putTail)
                  0080f6a0    00000440             : Ipc.obj (.text:ti_sdo_ipc_heaps_HeapMemMP_getStats__E)
                  0080fae0    00000440             : Ipc.obj (.text:ti_sdo_ipc_heaps_HeapMemMP_postInit__I)
                  0080ff20    00000400             : Ipc.obj (.text:ti_sdo_ipc_Notify_Instance_init__F)
                  00810320    00000400     sysbios.lib : BIOS.obj (.text:ti_sysbios_knl_Semaphore_pend__E)
                  00810720    000003c0     ipc.lib : Ipc.obj (.text:ti_sdo_ipc_SharedRegion_reserveMemory__F)
                  00810ae0    000003c0     sysbios.lib : BIOS.obj (.text:ti_sysbios_knl_Task_setPri__E)
                  00810ea0    00000380     ipc.lib : Ipc.obj (.text:HeapMemMP_sharedMemReq)
                  00811220    00000380             : Ipc.obj (.text:MessageQ_alloc)
                  008115a0    00000360     core34567_pe66.oe66 (.text:xdc_runtime_System_printfExtend__I)
                  00811900    00000340     ipc.lib : Ipc.obj (.text:GateMP_sharedMemReq)
                  00811c40    00000340             : Ipc.obj (.text:ti_sdo_ipc_nsremote_NameServerRemoteNotify_swiFxn__I)
                  00811f80    00000320             : Ipc.obj (.text:HeapBufMP_open)
                  008122a0    00000300             : Ipc.obj (.text:GateMP_openByAddr)
                  008125a0    00000300             : Ipc.obj (.text:ti_sdo_ipc_transports_TransportShm_openByAddr__F)
                  008128a0    00000300     sysbios.lib : BIOS.obj (.text:ti_sysbios_family_c64p_Hwi_dispatchC__I)
                  00812ba0    000002e0     ipc.lib : Ipc.obj (.text:SharedRegion_getEntry)
                  00812e80    000002e0             : Ipc.obj (.text:SharedRegion_getPtr)
                  00813160    000002e0             : Ipc.obj (.text:ti_sdo_ipc_heaps_HeapBufMP_free__E)
                  00813440    000002e0     sysbios.lib : BIOS.obj (.text:ti_sysbios_gates_GateMutexPri_enter__E)
                  00813720    000002c0     ipc.lib : Ipc.obj (.text:MessageQ_open)
                  008139e0    000002c0     rts6600_elf.lib : cos.obj (.text:cos)
                  00813ca0    000002c0     ipc.lib : Ipc.obj (.text:ti_sdo_ipc_notifyDrivers_NotifyDriverShm_isr__I)
                  00813f60    000002a0             : Ipc.obj (.text:Ipc_start)
                  00814200    000002a0             : Ipc.obj (.text:NameServer_getLocal)
                  008144a0    000002a0             : Ipc.obj (.text:ti_sdo_ipc_heaps_HeapBufMP_Instance_finalize__F)
                  00814740    000002a0     sysbios.lib : BIOS.obj (.text:ti_sysbios_knl_Clock_workFunc__E)
                  008149e0    000002a0                 : BIOS.obj (.text:ti_sysbios_knl_Task_sleep__E)
                  00814c80    00000280     ipc.lib : Ipc.obj (.text:SharedRegion_getSRPtr)
                  00814f00    00000280     sysbios.lib : BIOS.obj (.text:deviceConfig$44)
                  00815180    00000280     rts6600_elf.lib : sin.obj (.text:sin)
                  00815400    00000280     ipc.lib : Ipc.obj (.text:ti_sdo_ipc_notifyDrivers_NotifyDriverShm_sharedMemReq__F)
                  00815680    00000280     sysbios.lib : BIOS.obj (.text:ti_sysbios_knl_Clock_Instance_init__F)
                  00815900    00000280                 : BIOS.obj (.text:ti_sysbios_knl_Task_exit__E)
                  00815b80    00000280     ti.targets.rts6000.ae66 : Error.oe66 (.text:xdc_runtime_Error_raiseX__F)
                  00815e00    00000260     ipc.lib : Ipc.obj (.text:ListMP_sharedMemReq)
                  00816060    00000260             : Ipc.obj (.text:ti_sdo_ipc_ListMP_Instance_finalize__F)
                  008162c0    00000260             : Ipc.obj (.text:ti_sdo_ipc_heaps_HeapMemMP_Instance_finalize__F)
                  00816520    00000260             : Ipc.obj (.text:ti_sdo_ipc_notifyDrivers_NotifyDriverShm_disableEvent__E)
                  00816780    00000260     ti.targets.rts6000.ae66 : Startup.oe66 (.text:xdc_runtime_Startup_startMods__I)
                  008169e0    00000240     rts6600_elf.lib : imath64.obj (.text:__c6xabi_divull)
                  00816c20    00000240     ipc.lib : Ipc.obj (.text:ti_sdo_ipc_MessageQ_Instance_finalize__F)
                  00816e60    00000240     sysbios.lib : BIOS.obj (.text:ti_sysbios_family_c64p_Exception_internalHandler__I)
                  008170a0    00000220     ipc.lib : Ipc.obj (.text:MessageQ_get)
                  008172c0    00000220     rts6600_elf.lib : fputc.obj (.text:fputc)
                  008174e0    00000220     sysbios.lib : BIOS.obj (.text:ti_sysbios_family_c64p_Hwi_reconfig__E)
                  00817700    00000220                 : BIOS.obj (.text:ti_sysbios_knl_Swi_run__I)
                  00817920    00000220                 : BIOS.obj (.text:ti_sysbios_knl_Task_schedule__I)
                  00817b40    00000220                 : BIOS.obj (.text:ti_sysbios_knl_Task_startup__E)
                  00817d60    00000220     ti.targets.rts6000.ae66 : Core-mem.oe66 (.text:xdc_runtime_Core_createObject__I)
                  00817f80    00000200     ipc.lib : Ipc.obj (.text:GateMP_enter)
                  00818180    00000200             : Ipc.obj (.text:GateMP_leave)
                  00818380    00000200             : Ipc.obj (.text:ListMP_openByAddr)
                  00818580    00000200     sysbios.lib : c64p_Hwi_disp_always.obj (.text:_ti_sysbios_family_c64p_Hwi_dispatchAlways)
                  00818780    00000200                 : BIOS.obj (.text:block$56)
                  00818980    00000200     rts6600_elf.lib : setvbuf.obj (.text:setvbuf)
                  00818b80    00000200     ipc.lib : Ipc.obj (.text:ti_sdo_ipc_family_c647x_MultiProcSetup_init__I)
                  00818d80    00000200             : Ipc.obj (.text:ti_sdo_ipc_heaps_HeapBufMP_alloc__E)
                  00818f80    00000200             : Ipc.obj (.text:ti_sdo_ipc_notifyDrivers_NotifyDriverShm_sendEvent__E)
                  00819180    00000200             : Ipc.obj (.text:ti_sdo_ipc_transports_TransportShm_Instance_finalize__F)
                  00819380    000001e0             : Ipc.obj (.text:ti_sdo_ipc_GateMP_attach__F)
                  00819560    000001e0             : Ipc.obj (.text:ti_sdo_ipc_GateMP_getFreeResource__I)
                  00819740    000001e0     sysbios.lib : BIOS.obj (.text:ti_sysbios_timers_timer64_Timer_getFreq__E)
                  00819920    000001c0     ipc.lib : Ipc.obj (.text:HeapBufMP_openByAddr)
                  00819ae0    000001c0             : Ipc.obj (.text:HeapMemMP_openByAddr)
                  00819ca0    000001c0             : Ipc.obj (.text:ti_sdo_ipc_notifyDrivers_NotifyDriverShm_registerEvent__E)
                  00819e60    000001c0     sysbios.lib : BIOS.obj (.text:ti_sysbios_knl_Swi_Instance_init__F)
                  0081a020    000001c0                 : BIOS.obj (.text:ti_sysbios_knl_Task_checkStacks__E)
                  0081a1e0    000001c0                 : BIOS.obj (.text:ti_sysbios_timers_timer64_Timer_setPeriodMicroSecs__E)
                  0081a3a0    000001c0     ti.targets.rts6000.ae66 : Text.oe66 (.text:xdc_runtime_Text_putSite__F)
                  0081a560    000001a0     rts6600_elf.lib : trgdrv.obj (.text:HOSTrename)
                  0081a700    000001a0     ipc.lib : Ipc.obj (.text:SharedRegion_getCacheLineSize)
                  0081a8a0    000001a0             : Ipc.obj (.text:SharedRegion_getHeap)
                  0081aa40    000001a0             : Ipc.obj (.text:SharedRegion_isCacheEnabled)
                  0081abe0    000001a0             : Ipc.obj (.text:ti_sdo_ipc_GateMP_openRegion0Reserved__F)
                  0081ad80    000001a0             : Ipc.obj (.text:ti_sdo_ipc_notifyDrivers_NotifyDriverShm_enableEvent__E)
                  0081af20    000001a0             : Ipc.obj (.text:ti_sdo_ipc_notifyDrivers_NotifyDriverShm_unregisterEvent__E)
                  0081b0c0    000001a0             : Ipc.obj (.text:ti_sdo_ipc_nsremote_NameServerRemoteNotify_attach__E)
                  0081b260    000001a0     sysbios.lib : BIOS.obj (.text:ti_sysbios_gates_GateMutex_enter__E)
                  0081b400    000001a0                 : BIOS.obj (.text:ti_sysbios_timers_timer64_Timer_start__E)
                  0081b5a0    00000180     ipc.lib : Ipc.obj (.text:MultiProc_setLocalId)
                  0081b720    00000180             : Ipc.obj (.text:NameServer_getHandle)
                  0081b8a0    00000180             : Ipc.obj (.text:Notify_intLineRegistered)
                  0081ba20    00000180     rts6600_elf.lib : copy_decompress_rle.obj (.text:__TI_decompress_rle_core)
                  0081bba0    00000180     sysbios.lib : c64p_Exception_asm.obj (.text)
                  0081bd20    00000180     ipc.lib : Ipc.obj (.text:ti_sdo_ipc_MessageQ_registerTransport__F)
                  0081bea0    00000180             : Ipc.obj (.text:ti_sdo_ipc_Notify_Module_startup__F)
                  0081c020    00000180             : Ipc.obj (.text:ti_sdo_ipc_gates_GatePeterson_enter__E)
                  0081c1a0    00000180             : Ipc.obj (.text:ti_sdo_utils_NameServer_Module_startup__F)
                  0081c320    00000180     sysbios.lib : BIOS.obj (.text:ti_sysbios_heaps_HeapMem_Instance_init__F)
                  0081c4a0    00000180                 : BIOS.obj (.text:ti_sysbios_knl_Semaphore_post__E)
                  0081c620    00000180                 : BIOS.obj (.text:ti_sysbios_knl_Swi_schedule__I)
                  0081c7a0    00000180                 : BIOS.obj (.text:ti_sysbios_knl_Task_unblockI__E)
                  0081c920    00000160     ipc.lib : Ipc.obj (.text:ti_sdo_ipc_GateMP_createLocal__F)
                  0081ca80    00000160             : Ipc.obj (.text:ti_sdo_ipc_MessageQ_unregisterTransport__F)
                  0081cbe0    00000160             : Ipc.obj (.text:ti_sdo_ipc_gates_GateHWSem_Instance_init__F)
                  0081cd40    00000160             : Ipc.obj (.text:ti_sdo_ipc_transports_TransportShm_sharedMemReq__F)
                  0081cea0    00000160             : Ipc.obj (.text:ti_sdo_utils_NameServer_isRegistered__E)
                  0081d000    00000160             : Ipc.obj (.text:ti_sdo_utils_NameServer_registerRemoteDriver__E)
                  0081d160    00000160             : Ipc.obj (.text:ti_sdo_utils_NameServer_unregisterRemoteDriver__E)
                  0081d2c0    00000160     sysbios.lib : BIOS.obj (.text:ti_sysbios_syncs_SyncSem_Instance_init__F)
                  0081d420    00000140     ipc.lib : Ipc.obj (.text:GateMP_close)
                  0081d560    00000140             : Ipc.obj (.text:MessageQ_registerHeap)
                  0081d6a0    00000140             : Ipc.obj (.text:Notify_attach)
                  0081d7e0    00000140     boot.ae66 : autoinit.oe66 (.text:_auto_init_elf)
                  0081d920    00000140     rts6600_elf.lib : lowlev.obj (.text:getdevice)
                  0081da60    00000140     ipc.lib : Ipc.obj (.text:ti_sdo_ipc_Notify_exec__F)
                  0081dba0    00000140     sysbios.lib : BIOS.obj (.text:ti_sysbios_family_c64p_Hwi_Module_startup__F)
                  0081dce0    00000140                 : BIOS.obj (.text:ti_sysbios_family_c66_Cache_Module_startup__F)
                  0081de20    00000140                 : BIOS.obj (.text:ti_sysbios_gates_GateSwi_enter__E)
                  0081df60    00000140                 : BIOS.obj (.text:ti_sysbios_knl_Clock_Instance_finalize__F)
                  0081e0a0    00000140                 : BIOS.obj (.text:ti_sysbios_knl_Semaphore_Instance_init__F)
                  0081e1e0    00000140                 : BIOS.obj (.text:ti_sysbios_knl_Swi_post__E)
                  0081e320    00000140                 : BIOS.obj (.text:ti_sysbios_knl_Task_blockI__E)
                  0081e460    00000140                 : BIOS.obj (.text:ti_sysbios_knl_Task_yield__E)
                  0081e5a0    00000140     ti.targets.rts6000.ae66 : Text.oe66 (.text:xdc_runtime_Text_putLab__F)
                  0081e6e0    00000120     rts6600_elf.lib : fclose.obj (.text:_closefile)
                  0081e800    00000120                     : fseek.obj (.text:fseek)
                  0081e920    00000120     sysbios.lib : BIOS.obj (.text:rtsUnlock$0)
                  0081ea40    00000120     ipc.lib : Ipc.obj (.text:ti_sdo_ipc_MessageQ_Module_startup__F)
                  0081eb60    00000120             : Ipc.obj (.text:ti_sdo_ipc_family_c647x_Interrupt_intRegister__E)
                  0081ec80    00000120             : Ipc.obj (.text:ti_sdo_ipc_nsremote_NameServerRemoteNotify_Instance_finalize__F)
                  0081eda0    00000120     ti.targets.rts6000.ae66 : Text.oe66 (.text:xdc_runtime_Text_putMod__F)
                  0081eec0    00000100     rts6600_elf.lib : trgdrv.obj (.text:HOSTlseek)
                  0081efc0    00000100                     : _io_perm.obj (.text:_wrt_ok)
                  0081f0c0    00000100     sysbios.lib : BIOS.obj (.text:initDevice$44)
                  0081f1c0    00000100     ipc.lib : Ipc.obj (.text:ti_sdo_ipc_GateMP_start__F)
                  0081f2c0    00000100             : Ipc.obj (.text:ti_sdo_ipc_Notify_Instance_finalize__F)
                  0081f3c0    00000100             : Ipc.obj (.text:ti_sdo_ipc_SharedRegion_attach__F)
                  0081f4c0    00000100             : Ipc.obj (.text:ti_sdo_ipc_SharedRegion_clearReservedMemory__F)
                  0081f5c0    00000100             : Ipc.obj (.text:ti_sdo_ipc_family_c647x_Interrupt_Module_startup__F)
                  0081f6c0    00000100             : Ipc.obj (.text:ti_sdo_ipc_gates_GateHWSem_Module_startup__F)
                  0081f7c0    00000100             : Ipc.obj (.text:ti_sdo_ipc_gates_GateMPSupportNull_enter__E)
                  0081f8c0    00000100             : Ipc.obj (.text:ti_sdo_ipc_gates_GateMPSupportNull_leave__E)
                  0081f9c0    00000100             : Ipc.obj (.text:ti_sdo_ipc_transports_TransportShmSetup_attach__E)
                  0081fac0    00000100     sysbios.lib : BIOS.obj (.text:ti_sysbios_gates_GateMutexPri_leave__E)
                  0081fbc0    00000100                 : BIOS.obj (.text:ti_sysbios_knl_Clock_startI__E)
                  0081fcc0    00000100                 : BIOS.obj (.text:ti_sysbios_knl_Swi_restoreHwi__E)
                  0081fdc0    00000100     ti.targets.rts6000.ae66 : Core-mem.oe66 (.text:xdc_runtime_Core_deleteObject__I)
                  0081fec0    00000100                             : Startup.oe66 (.text:xdc_runtime_Startup_exec__F)
                  0081ffc0    00000100                             : Text.oe66 (.text:xdc_runtime_Text_visitRope2__I)
                  008200c0    000000e0     rts6600_elf.lib : trgdrv.obj (.text:HOSTopen)
                  008201a0    000000e0                     : lowlev.obj (.text:close)
                  00820280    000000e0                     : copy_zero_init.obj (.text:decompress:ZI:__TI_zero_init)
                  00820360    000000e0                     : fflush.obj (.text:fflush)
                  00820440    000000e0                     : memset.obj (.text:memset)
                  00820520    000000e0     core34567_pe66.oe66 (.text:ti_sdo_ipc_Notify_Object__create__S)
                  00820600    000000e0     ipc.lib : Ipc.obj (.text:ti_sdo_ipc_family_c647x_NotifySetup_attach__E)
                  008206e0    000000e0             : Ipc.obj (.text:ti_sdo_ipc_gates_GateHWSem_enter__E)
                  008207c0    000000e0             : Ipc.obj (.text:ti_sdo_ipc_heaps_HeapBufMP_getStats__F)
                  008208a0    000000e0     sysbios.lib : BIOS.obj (.text:ti_sysbios_family_c64p_Hwi_Instance_finalize__F)
                  00820980    000000e0                 : BIOS.obj (.text:ti_sysbios_family_c64p_Hwi_Instance_init__F)
                  00820a60    000000e0     core34567_pe66.oe66 (.text:ti_sysbios_family_c64p_Hwi_Object__create__S)
                  00820b40    000000e0     sysbios.lib : BIOS.obj (.text:ti_sysbios_knl_Clock_start__E)
                  00820c20    000000e0                 : BIOS.obj (.text:ti_sysbios_timers_timer64_Timer_startup__E)
                  00820d00    000000e0     ti.targets.rts6000.ae66 : Error.oe66 (.text:xdc_runtime_Error_print__F)
                  00820de0    000000e0                             : Memory.oe66 (.text:xdc_runtime_Memory_alloc__F)
                  00820ec0    000000c0     rts6600_elf.lib : trgdrv.obj (.text:HOSTread)
                  00820f80    000000c0                     : trgdrv.obj (.text:HOSTunlink)
                  00821040    000000c0                     : trgdrv.obj (.text:HOSTwrite)
                  00821100    000000c0     ipc.lib : Ipc.obj (.text:HeapMemMP_create)
                  008211c0    000000c0             : Ipc.obj (.text:ListMP_create)
                  00821280    000000c0     rts6600_elf.lib : dtor_list.obj (.text:_Z11__TI_atexitPFYvPvES_S_)
                  00821340    000000c0                     : dtor_list.obj (.text:__cxa_finalize)
                  00821400    000000c0                     : divu.obj (.text:__divu)
                  008214c0    000000c0                     : fflush.obj (.text:_doflush)
                  00821580    000000c0                     : exit.obj (.text:exit)
                  00821640    000000c0     core34567_pe66.oe66 (.text:ti_sdo_ipc_GateMP_Object__create__S)
                  00821700    000000c0     ipc.lib : Ipc.obj (.text:ti_sdo_ipc_GateMP_getRegion0ReservedSize__F)
                  008217c0    000000c0     core34567_pe66.oe66 (.text:ti_sdo_ipc_ListMP_Object__create__S)
                  00821880    000000c0     core34567_pe66.oe66 (.text:ti_sdo_ipc_MessageQ_Object__create__S)
                  00821940    000000c0     ipc.lib : Ipc.obj (.text:ti_sdo_ipc_family_c647x_Interrupt_intShmStub__I)
                  00821a00    000000c0     core34567_pe66.oe66 (.text:ti_sdo_ipc_gates_GatePeterson_Object__create__S)
                  00821ac0    000000c0     core34567_pe66.oe66 (.text:ti_sdo_ipc_heaps_HeapBufMP_Object__create__S)
                  00821b80    000000c0     core34567_pe66.oe66 (.text:ti_sdo_ipc_heaps_HeapMemMP_Object__create__S)
                  00821c40    000000c0     core34567_pe66.oe66 (.text:ti_sdo_ipc_notifyDrivers_NotifyDriverShm_Object__create__S)
                  00821d00    000000c0     core34567_pe66.oe66 (.text:ti_sdo_ipc_nsremote_NameServerRemoteNotify_Object__create__S)
                  00821dc0    000000c0     core34567_pe66.oe66 (.text:ti_sdo_ipc_transports_TransportShm_Object__create__S)
                  00821e80    000000c0     sysbios.lib : BIOS.obj (.text:ti_sysbios_BIOS_errorRaiseHook__I)
                  00821f40    000000c0                 : BIOS.obj (.text:ti_sysbios_gates_GateAll_leave__E)
                  00822000    000000c0                 : BIOS.obj (.text:ti_sysbios_heaps_HeapMem_getStats__E)
                  008220c0    000000c0                 : BIOS.obj (.text:ti_sysbios_knl_Clock_logTick__E)
                  00822180    000000c0                 : BIOS.obj (.text:ti_sysbios_knl_Swi_Instance_finalize__F)
                  00822240    000000c0     core34567_pe66.oe66 (.text:ti_sysbios_knl_Swi_Object__create__S)
                  00822300    000000c0     core34567_pe66.oe66 (.text:ti_sysbios_syncs_SyncSem_Object__create__S)
                  008223c0    000000c0     sysbios.lib : BIOS.obj (.text:ti_sysbios_timers_timer64_Timer_stop__E)
                  00822480    000000c0     ti.targets.rts6000.ae66 : System.oe66 (.text:xdc_runtime_System_formatNum__I)
                  00822540    000000c0     core34567_pe66.oe66 (.text:xdc_runtime_knl_GateThread_Object__create__S)
                  00822600    000000a0     rts6600_elf.lib : trgdrv.obj (.text:HOSTclose)
                  008226a0    000000a0     ipc.lib : Ipc.obj (.text:MessageQ_create)
                  00822740    000000a0     rts6600_elf.lib : round.obj (.text:__c6xabi_nround)
                  008227e0    000000a0                     : remu.obj (.text:__remu)
                  00822880    000000a0     boot.ae66 : boot.oe66 (.text:_c_int00)
                  00822920    000000a0     rts6600_elf.lib : fopen.obj (.text:_cleanup)
                  008229c0    000000a0     sysbios.lib : c64p_Hwi_asm.obj (.text:_ti_sysbios_family_c64p_Hwi_plug__E)
                  00822a60    000000a0     rts6600_elf.lib : lowlev.obj (.text:finddevice)
                  00822b00    000000a0                     : lowlev.obj (.text:lseek)
                  00822ba0    000000a0                     : memcpy64.obj (.text:memcpy)
                  00822c40    000000a0                     : modf.obj (.text:modf)
                  00822ce0    000000a0     ipc.lib : Ipc.obj (.text:ti_sdo_ipc_family_c647x_Interrupt_intUnregister__E)
                  00822d80    000000a0             : Ipc.obj (.text:ti_sdo_ipc_gates_GatePeterson_leave__E)
                  00822e20    000000a0             : Ipc.obj (.text:ti_sdo_ipc_notifyDrivers_NotifyDriverShm_Instance_finalize__F)
                  00822ec0    000000a0     sysbios.lib : BIOS.obj (.text:ti_sysbios_heaps_HeapMem_init__I)
                  00822f60    000000a0                 : BIOS.obj (.text:ti_sysbios_syncs_SyncSem_wait__F)
                  00823000    000000a0     rts6600_elf.lib : lowlev.obj (.text:write)
                  008230a0    000000a0     ti.targets.rts6000.ae66 : Assert.oe66 (.text:xdc_runtime_Assert_raise__I)
                  00823140    000000a0                             : Text.oe66 (.text:xdc_runtime_Text_xprintf__I)
                  008231e0    00000080     ipc.lib : Ipc.obj (.text:HeapBufMP_Params_init)
                  00823260    00000080     rts6600_elf.lib : fixfu.obj (.text:__c6xabi_fixfu)
                  008232e0    00000080                     : llshift.obj (.text:__c6xabi_llshl)
                  00823360    00000080     sysbios.lib : c62_TaskSupport_asm.obj (.text:_ti_sysbios_family_c62_TaskSupport_swap__E)
                  008233e0    00000080     core34567_pe66.oe66 (.text:malloc)
                  00823460    00000080     rts6600_elf.lib : trgmsg.obj (.text:readmsg)
                  008234e0    00000080     core34567_pe66.oe66 (.text:ti_sdo_ipc_gates_GateHWSem_Object__create__S)
                  00823560    00000080     core34567_pe66.oe66 (.text:ti_sdo_ipc_gates_GateMPSupportNull_Object__create__S)
                  008235e0    00000080     ipc.lib : Ipc.obj (.text:ti_sdo_ipc_nsremote_NameServerRemoteNotify_detach__E)
                  00823660    00000080             : Ipc.obj (.text:ti_sdo_ipc_transports_TransportShm_swiFxn__I)
                  008236e0    00000080     core34567_pe66.oe66 (.text:ti_sdo_utils_List_Object__create__S)
                  00823760    00000080     sysbios.lib : BIOS.obj (.text:ti_sysbios_family_c62_TaskSupport_start__E)
                  008237e0    00000080                 : BIOS.obj (.text:ti_sysbios_family_c64p_Exception_Module_startup__F)
                  00823860    00000080                 : BIOS.obj (.text:ti_sysbios_family_c64p_Hwi_eventMap__E)
                  008238e0    00000080                 : BIOS.obj (.text:ti_sysbios_family_c66_Cache_invL1pAll__E)
                  00823960    00000080     core34567_pe66.oe66 (.text:ti_sysbios_gates_GateAll_Object__create__S)
                  008239e0    00000080     core34567_pe66.oe66 (.text:ti_sysbios_gates_GateHwi_Object__create__S)
                  00823a60    00000080     core34567_pe66.oe66 (.text:ti_sysbios_gates_GateMutexPri_Object__create__S)
                  00823ae0    00000080     core34567_pe66.oe66 (.text:ti_sysbios_gates_GateMutex_Object__create__S)
                  00823b60    00000080     core34567_pe66.oe66 (.text:ti_sysbios_gates_GateSwi_Object__create__S)
                  00823be0    00000080     sysbios.lib : BIOS.obj (.text:ti_sysbios_gates_GateSwi_leave__E)
                  00823c60    00000080                 : BIOS.obj (.text:ti_sysbios_hal_Hwi_checkStack:ti_sysbios_hal_Hwi_checkStack)
                  00823ce0    00000080     core34567_pe66.oe66 (.text:ti_sysbios_heaps_HeapMem_Object__create__S)
                  00823d60    00000080     sysbios.lib : BIOS.obj (.text:ti_sysbios_knl_Clock_Module_startup__F)
                  00823de0    00000080     core34567_pe66.oe66 (.text:ti_sysbios_knl_Clock_Object__create__S)
                  00823e60    00000080     sysbios.lib : BIOS.obj (.text:ti_sysbios_knl_Clock_getTicks__E)
                  00823ee0    00000080                 : BIOS.obj (.text:ti_sysbios_knl_Idle_loop__E)
                  00823f60    00000080     core34567_pe66.oe66 (.text:ti_sysbios_knl_Queue_Object__create__S)
                  00823fe0    00000080     core34567_pe66.oe66 (.text:ti_sysbios_knl_Semaphore_Object__create__S)
                  00824060    00000080     sysbios.lib : BIOS.obj (.text:ti_sysbios_knl_Semaphore_pendTimeout__I)
                  008240e0    00000080                 : BIOS.obj (.text:ti_sysbios_knl_Swi_startup__E)
                  00824160    00000080                 : BIOS.obj (.text:ti_sysbios_knl_Task_restore__E)
                  008241e0    00000080                 : BIOS.obj (.text:ti_sysbios_timers_timer64_Timer_getCount__E)
                  00824260    00000080                 : BIOS.obj (.text:ti_sysbios_timers_timer64_Timer_getPeriod__E)
                  008242e0    00000080     core34567_pe66.oe66 (.text:ti_sysbios_xdcruntime_GateThreadSupport_Object__create__S)
                  00824360    00000080     rts6600_elf.lib : lowlev.obj (.text:unlink)
                  008243e0    00000080     ti.targets.rts6000.ae66 : Core-label.oe66 (.text:xdc_runtime_Core_assignLabel__I)
                  00824460    00000080                             : Core-params.oe66 (.text:xdc_runtime_Core_assignParams__I)
                  008244e0    00000080                             : System.oe66 (.text:xdc_runtime_System_atexit__F)
                  00824560    00000080                             : System.oe66 (.text:xdc_runtime_System_putchar__I)
                  008245e0    00000080                             : System.oe66 (.text:xdc_runtime_System_rtsExit__I)
                  00824660    00000080                             : Text.oe66 (.text:xdc_runtime_Text_printVisFxn__I)
                  008246e0    00000060     ipc.lib : Ipc.obj (.text:GateMP_Params_init)
                  00824740    00000060             : Ipc.obj (.text:HeapMemMP_Params_init)
                  008247a0    00000060     rts6600_elf.lib : llshift.obj (.text:__c6xabi_llshru)
                  00824800    00000060                     : imath64.obj (.text:_subcull)
                  00824860    00000060     core34567_pe66.oe66 (.text:ti_sdo_ipc_MessageQ_Object__get__S)
                  008248c0    00000060     ipc.lib : Ipc.obj (.text:ti_sdo_ipc_family_c647x_NotifySetup_sharedMemReq__E)
                  00824920    00000060             : Ipc.obj (.text:ti_sdo_ipc_gates_GateHWSem_leave__E)
                  00824980    00000060             : Ipc.obj (.text:ti_sdo_ipc_gates_GatePeterson_Instance_finalize__F)
                  008249e0    00000060             : Ipc.obj (.text:ti_sdo_ipc_gates_GatePeterson_sharedMemReq__E)
                  00824a40    00000060             : Ipc.obj (.text:ti_sdo_ipc_notifyDrivers_NotifyDriverShm_setNotifyHandle__E)
                  00824aa0    00000060             : Ipc.obj (.text:ti_sdo_ipc_transports_TransportShmSetup_sharedMemReq__E)
                  00824b00    00000060     core34567_pe66.oe66 (.text:ti_sdo_utils_List_Object__get__S)
                  00824b60    00000060     core34567_pe66.oe66 (.text:ti_sdo_utils_NameServer_Object__get__S)
                  00824bc0    00000060     core34567_pe66.oe66 (.text:ti_sysbios_BIOS_exitFunc__I)
                  00824c20    00000060     sysbios.lib : BIOS.obj (.text:ti_sysbios_BIOS_registerRTSLock__I)
                  00824c80    00000060                 : BIOS.obj (.text:ti_sysbios_gates_GateAll_enter__E)
                  00824ce0    00000060                 : BIOS.obj (.text:ti_sysbios_gates_GateMutex_Instance_init__F)
                  00824d40    00000060                 : BIOS.obj (.text:ti_sysbios_hal_Hwi_initStack:ti_sysbios_hal_Hwi_initStack)
                  00824da0    00000060     core34567_pe66.oe66 (.text:ti_sysbios_heaps_HeapMem_Object__get__S)
                  00824e00    00000060     core34567_pe66.oe66 (.text:ti_sysbios_knl_Clock_doTick__I)
                  00824e60    00000060     core34567_pe66.oe66 (.text:ti_sysbios_knl_Queue_Object__get__S)
                  00824ec0    00000060     sysbios.lib : BIOS.obj (.text:ti_sysbios_knl_Swi_Module_startup__F)
                  00824f20    00000060     core34567_pe66.oe66 (.text:ti_sysbios_knl_Swi_Object__get__S)
                  00824f80    00000060     core34567_pe66.oe66 (.text:ti_sysbios_knl_Task_Object__get__S)
                  00824fe0    00000060     sysbios.lib : BIOS.obj (.text:ti_sysbios_knl_Task_allBlockedFunction__I)
                  00825040    00000060                 : BIOS.obj (.text:ti_sysbios_knl_Task_enter__I)
                  008250a0    00000060     rts6600_elf.lib : trgmsg.obj (.text:writemsg)
                  00825100    00000060     core34567_pe66.oe66 (.text:xdc_runtime_GateNull_Object__create__S)
                  00825160    00000060     ti.targets.rts6000.ae66 : Memory.oe66 (.text:xdc_runtime_Memory_calloc__F)
                  008251c0    00000060                             : Memory.oe66 (.text:xdc_runtime_Memory_valloc__F)
                  00825220    00000060                             : SysMin.oe66 (.text:xdc_runtime_SysMin_Module_startup__F)
                  00825280    00000060                             : SysStd.oe66 (.text:xdc_runtime_SysStd_abort__F)
                  008252e0    00000060                             : System.oe66 (.text:xdc_runtime_System_avprintf__F)
                  00825340    00000060                             : System.oe66 (.text:xdc_runtime_System_vprintf__F)
                  008253a0    00000060                             : Text.oe66 (.text:xdc_runtime_Text_cordText__F)
                  00825400    00000040     rts6600_elf.lib : args_main.obj (.text:_args_main)
                  00825440    00000040     sysbios.lib : c62_TaskSupport_asm.obj (.text:_ti_sysbios_family_c62_TaskSupport_buildTaskStack)
                  00825480    00000040                 : c64p_Hwi_asm_switch.obj (.text:_ti_sysbios_family_xxx_Hwi_switchToIsrStack)
                  008254c0    00000040     core34567_pe66.oe66 (.text:free)
                  00825500    00000040     sysbios.lib : BIOS.obj (.text:rtsLock$0)
                  00825540    00000040     core34567_pe66.oe66 (.text:ti_sdo_ipc_GateMP_Object__delete__S)
                  00825580    00000040     core34567_pe66.oe66 (.text:ti_sdo_ipc_GateMP_Params__init__S)
                  008255c0    00000040     core34567_pe66.oe66 (.text:ti_sdo_ipc_GateMP_RemoteCustom1Proxy_Object__create__S)
                  00825600    00000040     core34567_pe66.oe66 (.text:ti_sdo_ipc_GateMP_RemoteCustom2Proxy_Object__create__S)
                  00825640    00000040     core34567_pe66.oe66 (.text:ti_sdo_ipc_GateMP_RemoteSystemProxy_Object__create__S)
                  00825680    00000040     core34567_pe66.oe66 (.text:ti_sdo_ipc_ListMP_Object__delete__S)
                  008256c0    00000040     core34567_pe66.oe66 (.text:ti_sdo_ipc_ListMP_Params__init__S)
                  00825700    00000040     core34567_pe66.oe66 (.text:ti_sdo_ipc_MessageQ_Params__init__S)
                  00825740    00000040     core34567_pe66.oe66 (.text:ti_sdo_ipc_MessageQ_registerTransport__E)
                  00825780    00000040     ipc.lib : Ipc.obj (.text:ti_sdo_ipc_family_c647x_Interrupt_intClear__E)
                  008257c0    00000040             : Ipc.obj (.text:ti_sdo_ipc_family_c647x_Interrupt_intSend__E)
                  00825800    00000040     core34567_pe66.oe66 (.text:ti_sdo_ipc_gates_GateHWSem_Handle__label__S)
                  00825840    00000040     core34567_pe66.oe66 (.text:ti_sdo_ipc_gates_GateHWSem_Object__delete__S)
                  00825880    00000040     core34567_pe66.oe66 (.text:ti_sdo_ipc_gates_GateHWSem_Params__init__S)
                  008258c0    00000040     core34567_pe66.oe66 (.text:ti_sdo_ipc_gates_GateMPSupportNull_Handle__label__S)
                  00825900    00000040     core34567_pe66.oe66 (.text:ti_sdo_ipc_gates_GateMPSupportNull_Object__delete__S)
                  00825940    00000040     core34567_pe66.oe66 (.text:ti_sdo_ipc_gates_GateMPSupportNull_Params__init__S)
                  00825980    00000040     core34567_pe66.oe66 (.text:ti_sdo_ipc_gates_GatePeterson_Handle__label__S)
                  008259c0    00000040     core34567_pe66.oe66 (.text:ti_sdo_ipc_gates_GatePeterson_Object__delete__S)
                  00825a00    00000040     core34567_pe66.oe66 (.text:ti_sdo_ipc_gates_GatePeterson_Params__init__S)
                  00825a40    00000040     core34567_pe66.oe66 (.text:ti_sdo_ipc_heaps_HeapBufMP_Handle__label__S)
                  00825a80    00000040     core34567_pe66.oe66 (.text:ti_sdo_ipc_heaps_HeapBufMP_Object__delete__S)
                  00825ac0    00000040     core34567_pe66.oe66 (.text:ti_sdo_ipc_heaps_HeapBufMP_Params__init__S)
                  00825b00    00000040     core34567_pe66.oe66 (.text:ti_sdo_ipc_heaps_HeapMemMP_Handle__label__S)
                  00825b40    00000040     core34567_pe66.oe66 (.text:ti_sdo_ipc_heaps_HeapMemMP_Object__delete__S)
                  00825b80    00000040     core34567_pe66.oe66 (.text:ti_sdo_ipc_heaps_HeapMemMP_Params__init__S)
                  00825bc0    00000040     core34567_pe66.oe66 (.text:ti_sdo_ipc_notifyDrivers_NotifyDriverShm_Handle__label__S)
                  00825c00    00000040     core34567_pe66.oe66 (.text:ti_sdo_ipc_notifyDrivers_NotifyDriverShm_InterruptProxy_intRegister__E)
                  00825c40    00000040     core34567_pe66.oe66 (.text:ti_sdo_ipc_notifyDrivers_NotifyDriverShm_Object__delete__S)
                  00825c80    00000040     core34567_pe66.oe66 (.text:ti_sdo_ipc_notifyDrivers_NotifyDriverShm_Params__init__S)
                  00825cc0    00000040     ipc.lib : Ipc.obj (.text:ti_sdo_ipc_notifyDrivers_NotifyDriverShm_disable__E)
                  00825d00    00000040             : Ipc.obj (.text:ti_sdo_ipc_notifyDrivers_NotifyDriverShm_enable__E)
                  00825d40    00000040     core34567_pe66.oe66 (.text:ti_sdo_ipc_nsremote_NameServerRemoteNotify_Handle__label__S)
                  00825d80    00000040     core34567_pe66.oe66 (.text:ti_sdo_ipc_nsremote_NameServerRemoteNotify_Object__delete__S)
                  00825dc0    00000040     core34567_pe66.oe66 (.text:ti_sdo_ipc_nsremote_NameServerRemoteNotify_Object__first__S)
                  00825e00    00000040     core34567_pe66.oe66 (.text:ti_sdo_ipc_nsremote_NameServerRemoteNotify_Object__next__S)
                  00825e40    00000040     core34567_pe66.oe66 (.text:ti_sdo_ipc_nsremote_NameServerRemoteNotify_Params__init__S)
                  00825e80    00000040     core34567_pe66.oe66 (.text:ti_sdo_ipc_nsremote_NameServerRemoteNotify_get__E)
                  00825ec0    00000040     ipc.lib : Ipc.obj (.text:ti_sdo_ipc_nsremote_NameServerRemoteNotify_sharedMemReq__E)
                  00825f00    00000040     core34567_pe66.oe66 (.text:ti_sdo_ipc_transports_TransportShm_Handle__label__S)
                  00825f40    00000040     core34567_pe66.oe66 (.text:ti_sdo_ipc_transports_TransportShm_Object__delete__S)
                  00825f80    00000040     core34567_pe66.oe66 (.text:ti_sdo_ipc_transports_TransportShm_Params__init__S)
                  00825fc0    00000040     core34567_pe66.oe66 (.text:ti_sdo_utils_List_Object__destruct__S)
                  00826000    00000040     core34567_pe66.oe66 (.text:ti_sdo_utils_NameServer_Module__startupDone__F)
                  00826040    00000040     core34567_pe66.oe66 (.text:ti_sdo_utils_NameServer_Object__first__S)
                  00826080    00000040     core34567_pe66.oe66 (.text:ti_sdo_utils_NameServer_Object__next__S)
                  008260c0    00000040     core34567_pe66.oe66 (.text:ti_sysbios_BIOS_startFunc__I)
                  00826100    00000040     sysbios.lib : BIOS.obj (.text:ti_sysbios_BIOS_start__E)
                  00826140    00000040     core34567_pe66.oe66 (.text:ti_sysbios_family_c64p_Hwi_Module__startupDone__F)
                  00826180    00000040     core34567_pe66.oe66 (.text:ti_sysbios_family_c64p_Hwi_Object__delete__S)
                  008261c0    00000040     core34567_pe66.oe66 (.text:ti_sysbios_family_c64p_Hwi_Params__init__S)
                  00826200    00000040     sysbios.lib : BIOS.obj (.text:ti_sysbios_family_c64p_Hwi_disableInterrupt__E)
                  00826240    00000040                 : BIOS.obj (.text:ti_sysbios_family_c64p_Hwi_enableInterrupt__E)
                  00826280    00000040     core34567_pe66.oe66 (.text:ti_sysbios_gates_GateAll_Handle__label__S)
                  008262c0    00000040     core34567_pe66.oe66 (.text:ti_sysbios_gates_GateAll_Object__delete__S)
                  00826300    00000040     core34567_pe66.oe66 (.text:ti_sysbios_gates_GateHwi_Handle__label__S)
                  00826340    00000040     core34567_pe66.oe66 (.text:ti_sysbios_gates_GateHwi_Object__delete__S)
                  00826380    00000040     core34567_pe66.oe66 (.text:ti_sysbios_gates_GateMutexPri_Handle__label__S)
                  008263c0    00000040     sysbios.lib : BIOS.obj (.text:ti_sysbios_gates_GateMutexPri_Instance_finalize__F)
                  00826400    00000040                 : BIOS.obj (.text:ti_sysbios_gates_GateMutexPri_Instance_init__F)
                  00826440    00000040     core34567_pe66.oe66 (.text:ti_sysbios_gates_GateMutexPri_Object__delete__S)
                  00826480    00000040     core34567_pe66.oe66 (.text:ti_sysbios_gates_GateMutexPri_Object__destruct__S)
                  008264c0    00000040     core34567_pe66.oe66 (.text:ti_sysbios_gates_GateMutex_Handle__label__S)
                  00826500    00000040     sysbios.lib : BIOS.obj (.text:ti_sysbios_gates_GateMutex_Instance_finalize__F)
                  00826540    00000040     core34567_pe66.oe66 (.text:ti_sysbios_gates_GateMutex_Object__delete__S)
                  00826580    00000040     sysbios.lib : BIOS.obj (.text:ti_sysbios_gates_GateMutex_leave__E)
                  008265c0    00000040     core34567_pe66.oe66 (.text:ti_sysbios_gates_GateSwi_Handle__label__S)
                  00826600    00000040     core34567_pe66.oe66 (.text:ti_sysbios_gates_GateSwi_Object__delete__S)
                  00826640    00000040     core34567_pe66.oe66 (.text:ti_sysbios_hal_Cache_CacheProxy_inv__E)
                  00826680    00000040     core34567_pe66.oe66 (.text:ti_sysbios_hal_Cache_CacheProxy_wbInv__E)
                  008266c0    00000040     core34567_pe66.oe66 (.text:ti_sysbios_hal_Timer_Module__startupDone__F)
                  00826700    00000040     core34567_pe66.oe66 (.text:ti_sysbios_heaps_HeapMem_Handle__label__S)
                  00826740    00000040     core34567_pe66.oe66 (.text:ti_sysbios_heaps_HeapMem_Object__delete__S)
                  00826780    00000040     core34567_pe66.oe66 (.text:ti_sysbios_knl_Clock_Object__destruct__S)
                  008267c0    00000040     core34567_pe66.oe66 (.text:ti_sysbios_knl_Clock_Params__init__S)
                  00826800    00000040     core34567_pe66.oe66 (.text:ti_sysbios_knl_Queue_Object__destruct__S)
                  00826840    00000040     sysbios.lib : BIOS.obj (.text:ti_sysbios_knl_Semaphore_Instance_finalize__F)
                  00826880    00000040     core34567_pe66.oe66 (.text:ti_sysbios_knl_Semaphore_Object__delete__S)
                  008268c0    00000040     core34567_pe66.oe66 (.text:ti_sysbios_knl_Semaphore_Object__destruct__S)
                  00826900    00000040     core34567_pe66.oe66 (.text:ti_sysbios_knl_Semaphore_Params__init__S)
                  00826940    00000040     core34567_pe66.oe66 (.text:ti_sysbios_knl_Swi_Object__destruct__S)
                  00826980    00000040     core34567_pe66.oe66 (.text:ti_sysbios_knl_Swi_Params__init__S)
                  008269c0    00000040     core34567_pe66.oe66 (.text:ti_sysbios_knl_Task_Object__first__S)
                  00826a00    00000040     core34567_pe66.oe66 (.text:ti_sysbios_knl_Task_Object__next__S)
                  00826a40    00000040     sysbios.lib : BIOS.obj (.text:ti_sysbios_knl_Task_sleepTimeout__I)
                  00826a80    00000040     core34567_pe66.oe66 (.text:ti_sysbios_syncs_SyncSem_Handle__label__S)
                  00826ac0    00000040     sysbios.lib : BIOS.obj (.text:ti_sysbios_syncs_SyncSem_Instance_finalize__F)
                  00826b00    00000040     core34567_pe66.oe66 (.text:ti_sysbios_syncs_SyncSem_Object__delete__S)
                  00826b40    00000040     core34567_pe66.oe66 (.text:ti_sysbios_timers_timer64_Timer_Module__startupDone__F)
                  00826b80    00000040     sysbios.lib : BIOS.obj (.text:ti_sysbios_xdcruntime_GateThreadSupport_Instance_finalize__F)
                  00826bc0    00000040                 : BIOS.obj (.text:ti_sysbios_xdcruntime_GateThreadSupport_Instance_init__F)
                  00826c00    00000040     core34567_pe66.oe66 (.text:ti_sysbios_xdcruntime_GateThreadSupport_Object__delete__S)
                  00826c40    00000040     sysbios.lib : BIOS.obj (.text:ti_sysbios_xdcruntime_GateThreadSupport_enter__F)
                  00826c80    00000040                 : BIOS.obj (.text:ti_sysbios_xdcruntime_GateThreadSupport_leave__F)
                  00826cc0    00000040     ti.targets.rts6000.ae66 : Error.oe66 (.text:xdc_runtime_Error_check__F)
                  00826d00    00000040                             : Error.oe66 (.text:xdc_runtime_Error_init__F)
                  00826d40    00000040     core34567_pe66.oe66 (.text:xdc_runtime_Error_raiseX__E)
                  00826d80    00000040     core34567_pe66.oe66 (.text:xdc_runtime_GateNull_Handle__label__S)
                  00826dc0    00000040     core34567_pe66.oe66 (.text:xdc_runtime_GateNull_Object__delete__S)
                  00826e00    00000040     ti.targets.rts6000.ae66 : Gate.oe66 (.text:xdc_runtime_Gate_leaveSystem__F)
                  00826e40    00000040     core34567_pe66.oe66 (.text:xdc_runtime_IHeap_alloc)
                  00826e80    00000040     core34567_pe66.oe66 (.text:xdc_runtime_IHeap_free)
                  00826ec0    00000040     ti.targets.rts6000.ae66 : Memory.oe66 (.text:xdc_runtime_Memory_free__F)
                  00826f00    00000040     core34567_pe66.oe66 (.text:xdc_runtime_Memory_valloc__E)
                  00826f40    00000040     ti.targets.rts6000.ae66 : Registry.oe66 (.text:xdc_runtime_Registry_findById__F)
                  00826f80    00000040     core34567_pe66.oe66 (.text:xdc_runtime_Startup_exec__I)
                  00826fc0    00000040     ti.targets.rts6000.ae66 : System.oe66 (.text:xdc_runtime_System_abort__F)
                  00827000    00000040     core34567_pe66.oe66 (.text:xdc_runtime_System_aprintf__E)
                  00827040    00000040     core34567_pe66.oe66 (.text:xdc_runtime_System_printf__E)
                  00827080    00000040     ti.targets.rts6000.ae66 : Text.oe66 (.text:xdc_runtime_Text_ropeText__F)
                  008270c0    00000040     core34567_pe66.oe66 (.text:xdc_runtime_Text_visitRope__I)
                  00827100    00000040     core34567_pe66.oe66 (.text:xdc_runtime_knl_GateThread_Handle__label__S)
                  00827140    00000040     ti.targets.rts6000.ae66 : GateThread.oe66 (.text:xdc_runtime_knl_GateThread_Instance_finalize__F)
                  00827180    00000040                             : GateThread.oe66 (.text:xdc_runtime_knl_GateThread_Instance_init__F)
                  008271c0    00000040     core34567_pe66.oe66 (.text:xdc_runtime_knl_GateThread_Object__delete__S)
                  00827200    00000040     core34567_pe66.oe66 (.text:xdc_runtime_knl_GateThread_Proxy_Object__create__S)
                  00827240    00000020     rts6600_elf.lib : trunc.obj (.text:__c6xabi_trunc)
                  00827260    00000020                     : dtor_list.obj (.text:__cxa_atexit)
                  00827280    00000020                     : dtor_list.obj (.text:__cxa_ia64_exit)
                  008272a0    00000020     ti.targets.rts6000.ae66 : xdc_noinit.oe66 (.text:__xdc__init)
                  008272c0    00000020     rts6600_elf.lib : _lock.obj (.text:_nop)
                  008272e0    00000020                     : _lock.obj (.text:_register_lock)
                  00827300    00000020                     : _lock.obj (.text:_register_unlock)
                  00827320    00000020     sysbios.lib : c62_TaskSupport_asm.obj (.text:_ti_sysbios_family_c62_TaskSupport_glue)
                  00827340    00000020                 : c64p_Hwi_asm_switch.obj (.text:_ti_sysbios_family_xxx_Hwi_switchToTaskStack)
                  00827360    00000020     rts6600_elf.lib : exit.obj (.text:abort)
                  00827380    00000020                     : dtor_list.obj (.text:atexit)
                  008273a0    00000020                     : copy_decompress_none.obj (.text:decompress:none:__TI_decompress_none)
                  008273c0    00000020                     : copy_decompress_rle.obj (.text:decompress:rle24:__TI_decompress_rle24)
                  008273e0    00000020     sysbios.lib : BIOS.obj (.text:nullFunc$0)
                  00827400    00000020     rts6600_elf.lib : fputc.obj (.text:putc)
                  00827420    00000020                     : fputc.obj (.text:putchar)
                  00827440    00000020     core34567_pe66.oe66 (.text:ti_sdo_ipc_GateMP_RemoteCustom1Proxy_Object__delete__S)
                  00827460    00000020     core34567_pe66.oe66 (.text:ti_sdo_ipc_GateMP_RemoteCustom1Proxy_Params__init__S)
                  00827480    00000020     core34567_pe66.oe66 (.text:ti_sdo_ipc_GateMP_RemoteCustom1Proxy_Proxy__abstract__S)
                  008274a0    00000020     core34567_pe66.oe66 (.text:ti_sdo_ipc_GateMP_RemoteCustom1Proxy_Proxy__delegate__S)
                  008274c0    00000020     core34567_pe66.oe66 (.text:ti_sdo_ipc_GateMP_RemoteCustom1Proxy_getReservedMask__E)
                  008274e0    00000020     core34567_pe66.oe66 (.text:ti_sdo_ipc_GateMP_RemoteCustom1Proxy_sharedMemReq__E)
                  00827500    00000020     core34567_pe66.oe66 (.text:ti_sdo_ipc_GateMP_RemoteCustom2Proxy_Object__delete__S)
                  00827520    00000020     core34567_pe66.oe66 (.text:ti_sdo_ipc_GateMP_RemoteCustom2Proxy_Params__init__S)
                  00827540    00000020     core34567_pe66.oe66 (.text:ti_sdo_ipc_GateMP_RemoteCustom2Proxy_Proxy__abstract__S)
                  00827560    00000020     core34567_pe66.oe66 (.text:ti_sdo_ipc_GateMP_RemoteCustom2Proxy_Proxy__delegate__S)
                  00827580    00000020     core34567_pe66.oe66 (.text:ti_sdo_ipc_GateMP_RemoteCustom2Proxy_getReservedMask__E)
                  008275a0    00000020     core34567_pe66.oe66 (.text:ti_sdo_ipc_GateMP_RemoteCustom2Proxy_sharedMemReq__E)
                  008275c0    00000020     core34567_pe66.oe66 (.text:ti_sdo_ipc_GateMP_RemoteSystemProxy_Object__delete__S)
                  008275e0    00000020     core34567_pe66.oe66 (.text:ti_sdo_ipc_GateMP_RemoteSystemProxy_Params__init__S)
                  00827600    00000020     core34567_pe66.oe66 (.text:ti_sdo_ipc_GateMP_RemoteSystemProxy_Proxy__abstract__S)
                  00827620    00000020     core34567_pe66.oe66 (.text:ti_sdo_ipc_GateMP_RemoteSystemProxy_Proxy__delegate__S)
                  00827640    00000020     core34567_pe66.oe66 (.text:ti_sdo_ipc_GateMP_RemoteSystemProxy_getReservedMask__E)
                  00827660    00000020     core34567_pe66.oe66 (.text:ti_sdo_ipc_GateMP_RemoteSystemProxy_sharedMemReq__E)
                  00827680    00000020     core34567_pe66.oe66 (.text:ti_sdo_ipc_GateMP_attach__E)
                  008276a0    00000020     core34567_pe66.oe66 (.text:ti_sdo_ipc_GateMP_getRegion0ReservedSize__E)
                  008276c0    00000020     core34567_pe66.oe66 (.text:ti_sdo_ipc_GateMP_getSharedAddr__E)
                  008276e0    00000020     ipc.lib : Ipc.obj (.text:ti_sdo_ipc_GateMP_getSharedAddr__F)
                  00827700    00000020     core34567_pe66.oe66 (.text:ti_sdo_ipc_GateMP_start__E)
                  00827720    00000020     core34567_pe66.oe66 (.text:ti_sdo_ipc_MessageQ_Module_startup__E)
                  00827740    00000020     core34567_pe66.oe66 (.text:ti_sdo_ipc_MessageQ_SetupTransportProxy_attach__E)
                  00827760    00000020     core34567_pe66.oe66 (.text:ti_sdo_ipc_MessageQ_SetupTransportProxy_isRegistered__E)
                  00827780    00000020     core34567_pe66.oe66 (.text:ti_sdo_ipc_MessageQ_SetupTransportProxy_sharedMemReq__E)
                  008277a0    00000020     core34567_pe66.oe66 (.text:ti_sdo_ipc_MessageQ_unregisterTransport__E)
                  008277c0    00000020     core34567_pe66.oe66 (.text:ti_sdo_ipc_Notify_Module_GateProxy_enter__E)
                  008277e0    00000020     core34567_pe66.oe66 (.text:ti_sdo_ipc_Notify_Module_GateProxy_leave__E)
                  00827800    00000020     core34567_pe66.oe66 (.text:ti_sdo_ipc_Notify_Module_startup__E)
                  00827820    00000020     core34567_pe66.oe66 (.text:ti_sdo_ipc_Notify_SetupProxy_attach__E)
                  00827840    00000020     core34567_pe66.oe66 (.text:ti_sdo_ipc_Notify_SetupProxy_numIntLines__E)
                  00827860    00000020     core34567_pe66.oe66 (.text:ti_sdo_ipc_Notify_SetupProxy_sharedMemReq__E)
                  00827880    00000020     core34567_pe66.oe66 (.text:ti_sdo_ipc_Notify_exec__E)
                  008278a0    00000020     core34567_pe66.oe66 (.text:ti_sdo_ipc_SharedRegion_attach__E)
                  008278c0    00000020     core34567_pe66.oe66 (.text:ti_sdo_ipc_SharedRegion_clearReservedMemory__E)
                  008278e0    00000020     core34567_pe66.oe66 (.text:ti_sdo_ipc_SharedRegion_reserveMemory__E)
                  00827900    00000020     core34567_pe66.oe66 (.text:ti_sdo_ipc_SharedRegion_start__E)
                  00827920    00000020     core34567_pe66.oe66 (.text:ti_sdo_ipc_family_c647x_Interrupt_Module_startup__E)
                  00827940    00000020     ipc.lib : Ipc.obj (.text:ti_sdo_ipc_family_c647x_Interrupt_intDisable__E)
                  00827960    00000020             : Ipc.obj (.text:ti_sdo_ipc_family_c647x_Interrupt_intEnable__E)
                  00827980    00000020             : Ipc.obj (.text:ti_sdo_ipc_family_c647x_NotifySetup_numIntLines__E)
                  008279a0    00000020     core34567_pe66.oe66 (.text:ti_sdo_ipc_gates_GateHWSem_Module_startup__E)
                  008279c0    00000020     ipc.lib : Ipc.obj (.text:ti_sdo_ipc_gates_GateHWSem_getReservedMask__E)
                  008279e0    00000020     core34567_pe66.oe66 (.text:ti_sdo_ipc_gates_GateHWSem_query__E)
                  00827a00    00000020     ipc.lib : Ipc.obj (.text:ti_sdo_ipc_gates_GateHWSem_query__F)
                  00827a20    00000020             : Ipc.obj (.text:ti_sdo_ipc_gates_GateHWSem_sharedMemReq__E)
                  00827a40    00000020             : Ipc.obj (.text:ti_sdo_ipc_gates_GateMPSupportNull_Instance_init__F)
                  00827a60    00000020             : Ipc.obj (.text:ti_sdo_ipc_gates_GateMPSupportNull_getReservedMask__E)
                  00827a80    00000020     core34567_pe66.oe66 (.text:ti_sdo_ipc_gates_GateMPSupportNull_query__E)
                  00827aa0    00000020     ipc.lib : Ipc.obj (.text:ti_sdo_ipc_gates_GateMPSupportNull_query__F)
                  00827ac0    00000020             : Ipc.obj (.text:ti_sdo_ipc_gates_GateMPSupportNull_sharedMemReq__E)
                  00827ae0    00000020             : Ipc.obj (.text:ti_sdo_ipc_gates_GatePeterson_getReservedMask__E)
                  00827b00    00000020     core34567_pe66.oe66 (.text:ti_sdo_ipc_gates_GatePeterson_query__E)
                  00827b20    00000020     ipc.lib : Ipc.obj (.text:ti_sdo_ipc_gates_GatePeterson_query__F)
                  00827b40    00000020     core34567_pe66.oe66 (.text:ti_sdo_ipc_heaps_HeapBufMP_getStats__E)
                  00827b60    00000020     core34567_pe66.oe66 (.text:ti_sdo_ipc_heaps_HeapBufMP_isBlocking__E)
                  00827b80    00000020     ipc.lib : Ipc.obj (.text:ti_sdo_ipc_heaps_HeapBufMP_isBlocking__F)
                  00827ba0    00000020     core34567_pe66.oe66 (.text:ti_sdo_ipc_heaps_HeapMemMP_isBlocking__E)
                  00827bc0    00000020     ipc.lib : Ipc.obj (.text:ti_sdo_ipc_heaps_HeapMemMP_isBlocking__F)
                  00827be0    00000020     core34567_pe66.oe66 (.text:ti_sdo_ipc_notifyDrivers_NotifyDriverShm_InterruptProxy_intClear__E)
                  00827c00    00000020     core34567_pe66.oe66 (.text:ti_sdo_ipc_notifyDrivers_NotifyDriverShm_InterruptProxy_intDisable__E)
                  00827c20    00000020     core34567_pe66.oe66 (.text:ti_sdo_ipc_notifyDrivers_NotifyDriverShm_InterruptProxy_intEnable__E)
                  00827c40    00000020     core34567_pe66.oe66 (.text:ti_sdo_ipc_notifyDrivers_NotifyDriverShm_InterruptProxy_intSend__E)
                  00827c60    00000020     core34567_pe66.oe66 (.text:ti_sdo_ipc_notifyDrivers_NotifyDriverShm_InterruptProxy_intUnregister__E)
                  00827c80    00000020     core34567_pe66.oe66 (.text:ti_sdo_ipc_notifyDrivers_NotifyDriverShm_sharedMemReq__E)
                  00827ca0    00000020     ipc.lib : Ipc.obj (.text:ti_sdo_ipc_nsremote_NameServerRemoteNotify_cbFxn__I)
                  00827cc0    00000020             : Ipc.obj (.text:ti_sdo_ipc_transports_TransportShmSetup_isRegistered__E)
                  00827ce0    00000020             : Ipc.obj (.text:ti_sdo_ipc_transports_TransportShm_control__E)
                  00827d00    00000020             : Ipc.obj (.text:ti_sdo_ipc_transports_TransportShm_getStatus__E)
                  00827d20    00000020             : Ipc.obj (.text:ti_sdo_ipc_transports_TransportShm_notifyFxn__I)
                  00827d40    00000020     core34567_pe66.oe66 (.text:ti_sdo_ipc_transports_TransportShm_openByAddr__E)
                  00827d60    00000020     core34567_pe66.oe66 (.text:ti_sdo_ipc_transports_TransportShm_setErrFxn__E)
                  00827d80    00000020     ipc.lib : Ipc.obj (.text:ti_sdo_ipc_transports_TransportShm_setErrFxn__F)
                  00827da0    00000020     core34567_pe66.oe66 (.text:ti_sdo_ipc_transports_TransportShm_sharedMemReq__E)
                  00827dc0    00000020     ipc.lib : Ipc.obj (.text:ti_sdo_utils_List_Instance_init__F)
                  00827de0    00000020     core34567_pe66.oe66 (.text:ti_sdo_utils_MultiProc_getClusterId__E)
                  00827e00    00000020     ipc.lib : Ipc.obj (.text:ti_sdo_utils_MultiProc_getClusterId__F)
                  00827e20    00000020     core34567_pe66.oe66 (.text:ti_sdo_utils_NameServer_Module__startupDone__S)
                  00827e40    00000020     core34567_pe66.oe66 (.text:ti_sdo_utils_NameServer_Module_startup__E)
                  00827e60    00000020     core34567_pe66.oe66 (.text:ti_sdo_utils_NameServer_SetupProxy_attach__E)
                  00827e80    00000020     core34567_pe66.oe66 (.text:ti_sdo_utils_NameServer_SetupProxy_sharedMemReq__E)
                  00827ea0    00000020     core34567_pe66.oe66 (.text:ti_sysbios_BIOS_RtsGateProxy_enter__E)
                  00827ec0    00000020     core34567_pe66.oe66 (.text:ti_sysbios_BIOS_RtsGateProxy_leave__E)
                  00827ee0    00000020     sysbios.lib : BIOS.obj (.text:ti_sysbios_BIOS_getThreadType__E)
                  00827f00    00000020                 : BIOS.obj (.text:ti_sysbios_BIOS_setThreadType__E)
                  00827f20    00000020     core34567_pe66.oe66 (.text:ti_sysbios_family_c62_TaskSupport_Module__startupDone__S)
                  00827f40    00000020     sysbios.lib : BIOS.obj (.text:ti_sysbios_family_c62_TaskSupport_checkStack__E)
                  00827f60    00000020     core34567_pe66.oe66 (.text:ti_sysbios_family_c64p_Exception_Module_startup__E)
                  00827f80    00000020     core34567_pe66.oe66 (.text:ti_sysbios_family_c64p_Hwi_Module__startupDone__S)
                  00827fa0    00000020     core34567_pe66.oe66 (.text:ti_sysbios_family_c64p_Hwi_Module_startup__E)
                  00827fc0    00000020     sysbios.lib : BIOS.obj (.text:ti_sysbios_family_c64p_Hwi_clearInterrupt__E)
                  00827fe0    00000020                 : BIOS.obj (.text:ti_sysbios_family_c64p_Hwi_getHandle__E)
                  00828000    00000020                 : BIOS.obj (.text:ti_sysbios_family_c64p_Hwi_startup__E)
                  00828020    00000020                 : BIOS.obj (.text:ti_sysbios_family_c64p_Hwi_switchFromBootStack__E)
                  00828040    00000020                 : BIOS.obj (.text:ti_sysbios_family_c64p_Hwi_unPluggedInterrupt__I)
                  00828060    00000020                 : BIOS.obj (.text:ti_sysbios_family_c64p_tci6488_TimerSupport_enable__E)
                  00828080    00000020     core34567_pe66.oe66 (.text:ti_sysbios_family_c66_Cache_Module_startup__E)
                  008280a0    00000020     sysbios.lib : BIOS.obj (.text:ti_sysbios_family_c66_Cache_inv__E)
                  008280c0    00000020                 : BIOS.obj (.text:ti_sysbios_family_c66_Cache_wbInv__E)
                  008280e0    00000020                 : BIOS.obj (.text:ti_sysbios_gates_GateAll_Instance_init__F)
                  00828100    00000020     core34567_pe66.oe66 (.text:ti_sysbios_gates_GateAll_query__E)
                  00828120    00000020     sysbios.lib : BIOS.obj (.text:ti_sysbios_gates_GateAll_query__F)
                  00828140    00000020                 : BIOS.obj (.text:ti_sysbios_gates_GateHwi_Instance_init__F)
                  00828160    00000020                 : BIOS.obj (.text:ti_sysbios_gates_GateHwi_enter__E)
                  00828180    00000020                 : BIOS.obj (.text:ti_sysbios_gates_GateHwi_leave__E)
                  008281a0    00000020     core34567_pe66.oe66 (.text:ti_sysbios_gates_GateHwi_query__E)
                  008281c0    00000020     sysbios.lib : BIOS.obj (.text:ti_sysbios_gates_GateHwi_query__F)
                  008281e0    00000020     core34567_pe66.oe66 (.text:ti_sysbios_gates_GateMutexPri_query__E)
                  00828200    00000020     sysbios.lib : BIOS.obj (.text:ti_sysbios_gates_GateMutexPri_query__F)
                  00828220    00000020     core34567_pe66.oe66 (.text:ti_sysbios_gates_GateMutex_query__E)
                  00828240    00000020     sysbios.lib : BIOS.obj (.text:ti_sysbios_gates_GateMutex_query__F)
                  00828260    00000020                 : BIOS.obj (.text:ti_sysbios_gates_GateSwi_Instance_init__F)
                  00828280    00000020     core34567_pe66.oe66 (.text:ti_sysbios_gates_GateSwi_query__E)
                  008282a0    00000020     sysbios.lib : BIOS.obj (.text:ti_sysbios_gates_GateSwi_query__F)
                  008282c0    00000020     core34567_pe66.oe66 (.text:ti_sysbios_hal_Hwi_HwiProxy_Module__startupDone__S)
                  008282e0    00000020     core34567_pe66.oe66 (.text:ti_sysbios_hal_Hwi_HwiProxy_clearInterrupt__E)
                  00828300    00000020     core34567_pe66.oe66 (.text:ti_sysbios_hal_Hwi_HwiProxy_disableInterrupt__E)
                  00828320    00000020     core34567_pe66.oe66 (.text:ti_sysbios_hal_Hwi_HwiProxy_enableInterrupt__E)
                  00828340    00000020     core34567_pe66.oe66 (.text:ti_sysbios_hal_Hwi_HwiProxy_startup__E)
                  00828360    00000020     core34567_pe66.oe66 (.text:ti_sysbios_hal_Hwi_HwiProxy_switchFromBootStack__E)
                  00828380    00000020     core34567_pe66.oe66 (.text:ti_sysbios_hal_Hwi_Module_startup__E)
                  008283a0    00000020     sysbios.lib : BIOS.obj (.text:ti_sysbios_hal_Hwi_Module_startup__F)
                  008283c0    00000020     core34567_pe66.oe66 (.text:ti_sysbios_hal_Timer_Module__startupDone__S)
                  008283e0    00000020     core34567_pe66.oe66 (.text:ti_sysbios_hal_Timer_Module_startup__E)
                  00828400    00000020     sysbios.lib : BIOS.obj (.text:ti_sysbios_hal_Timer_Module_startup__F)
                  00828420    00000020     core34567_pe66.oe66 (.text:ti_sysbios_hal_Timer_TimerProxy_Module__startupDone__S)
                  00828440    00000020     core34567_pe66.oe66 (.text:ti_sysbios_hal_Timer_TimerProxy_getExpiredCounts__E)
                  00828460    00000020     core34567_pe66.oe66 (.text:ti_sysbios_hal_Timer_TimerProxy_getPeriod__E)
                  00828480    00000020     core34567_pe66.oe66 (.text:ti_sysbios_hal_Timer_TimerProxy_setNextTick__E)
                  008284a0    00000020     core34567_pe66.oe66 (.text:ti_sysbios_hal_Timer_TimerProxy_startup__E)
                  008284c0    00000020     core34567_pe66.oe66 (.text:ti_sysbios_heaps_HeapMem_Module_GateProxy_enter__E)
                  008284e0    00000020     core34567_pe66.oe66 (.text:ti_sysbios_heaps_HeapMem_Module_GateProxy_leave__E)
                  00828500    00000020     core34567_pe66.oe66 (.text:ti_sysbios_heaps_HeapMem_Module_GateProxy_query__E)
                  00828520    00000020     sysbios.lib : BIOS.obj (.text:ti_sysbios_heaps_HeapMem_isBlocking__E)
                  00828540    00000020     core34567_pe66.oe66 (.text:ti_sysbios_knl_Clock_Module_State_clockQ)
                  00828560    00000020     core34567_pe66.oe66 (.text:ti_sysbios_knl_Clock_Module_startup__E)
                  00828580    00000020     sysbios.lib : BIOS.obj (.text:ti_sysbios_knl_Queue_Instance_init__F)
                  008285a0    00000020                 : BIOS.obj (.text:ti_sysbios_knl_Queue_empty__E)
                  008285c0    00000020     core34567_pe66.oe66 (.text:ti_sysbios_knl_Swi_Module_startup__E)
                  008285e0    00000020     sysbios.lib : BIOS.obj (.text:ti_sysbios_knl_Swi_disable__E)
                  00828600    00000020     core34567_pe66.oe66 (.text:ti_sysbios_knl_Task_Module_startup__E)
                  00828620    00000020     core34567_pe66.oe66 (.text:ti_sysbios_knl_Task_SupportProxy_Module__startupDone__S)
                  00828640    00000020     core34567_pe66.oe66 (.text:ti_sysbios_knl_Task_SupportProxy_checkStack__E)
                  00828660    00000020     core34567_pe66.oe66 (.text:ti_sysbios_knl_Task_SupportProxy_start__E)
                  00828680    00000020     core34567_pe66.oe66 (.text:ti_sysbios_knl_Task_SupportProxy_swap__E)
                  008286a0    00000020     sysbios.lib : BIOS.obj (.text:ti_sysbios_knl_Task_disable__E)
                  008286c0    00000020                 : BIOS.obj (.text:ti_sysbios_knl_Task_getPri__E)
                  008286e0    00000020                 : BIOS.obj (.text:ti_sysbios_knl_Task_self__E)
                  00828700    00000020     core34567_pe66.oe66 (.text:ti_sysbios_syncs_SyncSem_query__E)
                  00828720    00000020     sysbios.lib : BIOS.obj (.text:ti_sysbios_syncs_SyncSem_query__F)
                  00828740    00000020     core34567_pe66.oe66 (.text:ti_sysbios_syncs_SyncSem_signal__E)
                  00828760    00000020     sysbios.lib : BIOS.obj (.text:ti_sysbios_syncs_SyncSem_signal__F)
                  00828780    00000020     core34567_pe66.oe66 (.text:ti_sysbios_syncs_SyncSem_wait__E)
                  008287a0    00000020     core34567_pe66.oe66 (.text:ti_sysbios_timers_timer64_Timer_Module__startupDone__S)
                  008287c0    00000020     core34567_pe66.oe66 (.text:ti_sysbios_timers_timer64_Timer_Module_startup__E)
                  008287e0    00000020     core34567_pe66.oe66 (.text:ti_sysbios_timers_timer64_Timer_TimerSupportProxy_enable__E)
                  00828800    00000020     sysbios.lib : BIOS.obj (.text:ti_sysbios_timers_timer64_Timer_setNextTick__E)
                  00828820    00000020     core34567_pe66.oe66 (.text:ti_sysbios_xdcruntime_GateThreadSupport_enter__E)
                  00828840    00000020     core34567_pe66.oe66 (.text:ti_sysbios_xdcruntime_GateThreadSupport_leave__E)
                  00828860    00000020     core34567_pe66.oe66 (.text:ti_sysbios_xdcruntime_GateThreadSupport_query__E)
                  00828880    00000020     core34567_pe66.oe66 (.text:xdc_iargToPtr)
                  008288a0    00000020     core34567_pe66.oe66 (.text:xdc_runtime_Error_check__E)
                  008288c0    00000020     core34567_pe66.oe66 (.text:xdc_runtime_Error_init__E)
                  008288e0    00000020     core34567_pe66.oe66 (.text:xdc_runtime_Error_print__E)
                  00828900    00000020     core34567_pe66.oe66 (.text:xdc_runtime_GateNull_enter__E)
                  00828920    00000020     ti.targets.rts6000.ae66 : GateNull.oe66 (.text:xdc_runtime_GateNull_enter__F)
                  00828940    00000020     core34567_pe66.oe66 (.text:xdc_runtime_GateNull_leave__E)
                  00828960    00000020     ti.targets.rts6000.ae66 : GateNull.oe66 (.text:xdc_runtime_GateNull_leave__F)
                  00828980    00000020     core34567_pe66.oe66 (.text:xdc_runtime_GateNull_query__E)
                  008289a0    00000020     ti.targets.rts6000.ae66 : GateNull.oe66 (.text:xdc_runtime_GateNull_query__F)
                  008289c0    00000020     core34567_pe66.oe66 (.text:xdc_runtime_Gate_enterSystem__E)
                  008289e0    00000020     ti.targets.rts6000.ae66 : Gate.oe66 (.text:xdc_runtime_Gate_enterSystem__F)
                  00828a00    00000020     core34567_pe66.oe66 (.text:xdc_runtime_Gate_leaveSystem__E)
                  00828a20    00000020     core34567_pe66.oe66 (.text:xdc_runtime_Memory_HeapProxy_alloc__E)
                  00828a40    00000020     core34567_pe66.oe66 (.text:xdc_runtime_Memory_HeapProxy_free__E)
                  00828a60    00000020     core34567_pe66.oe66 (.text:xdc_runtime_Memory_alloc__E)
                  00828a80    00000020     core34567_pe66.oe66 (.text:xdc_runtime_Memory_calloc__E)
                  00828aa0    00000020     core34567_pe66.oe66 (.text:xdc_runtime_Memory_free__E)
                  00828ac0    00000020     core34567_pe66.oe66 (.text:xdc_runtime_Memory_getMaxDefaultTypeAlign__E)
                  00828ae0    00000020     ti.targets.rts6000.ae66 : Memory.oe66 (.text:xdc_runtime_Memory_getMaxDefaultTypeAlign__F)
                  00828b00    00000020     core34567_pe66.oe66 (.text:xdc_runtime_Registry_findById__E)
                  00828b20    00000020     core34567_pe66.oe66 (.text:xdc_runtime_Startup_Module__startupDone__S)
                  00828b40    00000020     core34567_pe66.oe66 (.text:xdc_runtime_Startup_exec__E)
                  00828b60    00000020     core34567_pe66.oe66 (.text:xdc_runtime_Startup_reset__I)
                  00828b80    00000020     core34567_pe66.oe66 (.text:xdc_runtime_Startup_rtsDone__E)
                  00828ba0    00000020     ti.targets.rts6000.ae66 : Startup.oe66 (.text:xdc_runtime_Startup_rtsDone__F)
                  00828bc0    00000020     core34567_pe66.oe66 (.text:xdc_runtime_SysMin_Module_startup__E)
                  00828be0    00000020     core34567_pe66.oe66 (.text:xdc_runtime_SysStd_abort__E)
                  00828c00    00000020     core34567_pe66.oe66 (.text:xdc_runtime_SysStd_exit__E)
                  00828c20    00000020     ti.targets.rts6000.ae66 : SysStd.oe66 (.text:xdc_runtime_SysStd_exit__F)
                  00828c40    00000020     core34567_pe66.oe66 (.text:xdc_runtime_SysStd_putch__E)
                  00828c60    00000020     ti.targets.rts6000.ae66 : SysStd.oe66 (.text:xdc_runtime_SysStd_putch__F)
                  00828c80    00000020     core34567_pe66.oe66 (.text:xdc_runtime_SysStd_ready__E)
                  00828ca0    00000020     ti.targets.rts6000.ae66 : SysStd.oe66 (.text:xdc_runtime_SysStd_ready__F)
                  00828cc0    00000020     core34567_pe66.oe66 (.text:xdc_runtime_System_Module_GateProxy_enter__E)
                  00828ce0    00000020     core34567_pe66.oe66 (.text:xdc_runtime_System_Module_GateProxy_leave__E)
                  00828d00    00000020     core34567_pe66.oe66 (.text:xdc_runtime_System_Module_startup__E)
                  00828d20    00000020     ti.targets.rts6000.ae66 : System.oe66 (.text:xdc_runtime_System_Module_startup__F)
                  00828d40    00000020     core34567_pe66.oe66 (.text:xdc_runtime_System_SupportProxy_abort__E)
                  00828d60    00000020     core34567_pe66.oe66 (.text:xdc_runtime_System_SupportProxy_exit__E)
                  00828d80    00000020     core34567_pe66.oe66 (.text:xdc_runtime_System_SupportProxy_putch__E)
                  00828da0    00000020     core34567_pe66.oe66 (.text:xdc_runtime_System_SupportProxy_ready__E)
                  00828dc0    00000020     core34567_pe66.oe66 (.text:xdc_runtime_System_abort__E)
                  00828de0    00000020     core34567_pe66.oe66 (.text:xdc_runtime_System_atexit__E)
                  00828e00    00000020     core34567_pe66.oe66 (.text:xdc_runtime_System_exit__E)
                  00828e20    00000020     ti.targets.rts6000.ae66 : System.oe66 (.text:xdc_runtime_System_exit__F)
                  00828e40    00000020                             : System.oe66 (.text:xdc_runtime_System_lastFxn__I)
                  00828e60    00000020     core34567_pe66.oe66 (.text:xdc_runtime_System_vsnprintf__E)
                  00828e80    00000020     ti.targets.rts6000.ae66 : System.oe66 (.text:xdc_runtime_System_vsnprintf__F)
                  00828ea0    00000020     core34567_pe66.oe66 (.text:xdc_runtime_Text_cordText__E)
                  00828ec0    00000020     core34567_pe66.oe66 (.text:xdc_runtime_Text_putLab__E)
                  00828ee0    00000020     core34567_pe66.oe66 (.text:xdc_runtime_Text_putSite__E)
                  00828f00    00000020     core34567_pe66.oe66 (.text:xdc_runtime_Text_ropeText__E)
                  00828f20    00000020     core34567_pe66.oe66 (.text:xdc_runtime_knl_GateThread_Module__startupDone__S)
                  00828f40    00000020     core34567_pe66.oe66 (.text:xdc_runtime_knl_GateThread_Proxy_Object__delete__S)
                  00828f60    00000020     core34567_pe66.oe66 (.text:xdc_runtime_knl_GateThread_Proxy_enter__E)
                  00828f80    00000020     core34567_pe66.oe66 (.text:xdc_runtime_knl_GateThread_Proxy_leave__E)
                  00828fa0    00000020     core34567_pe66.oe66 (.text:xdc_runtime_knl_GateThread_Proxy_query__E)
                  00828fc0    00000020     core34567_pe66.oe66 (.text:xdc_runtime_knl_GateThread_enter__E)
                  00828fe0    00000020     ti.targets.rts6000.ae66 : GateThread.oe66 (.text:xdc_runtime_knl_GateThread_enter__F)
                  00829000    00000020     core34567_pe66.oe66 (.text:xdc_runtime_knl_GateThread_leave__E)
                  00829020    00000020     ti.targets.rts6000.ae66 : GateThread.oe66 (.text:xdc_runtime_knl_GateThread_leave__F)
                  00829040    00000020     core34567_pe66.oe66 (.text:xdc_runtime_knl_GateThread_query__E)

.const     0    00829060    0000480c     
                  00829060    000025a6     core34567_pe66.oe66 (.const:xdc_runtime_Text_charTab__A)
                  0082b606    00000002     core34567_pe66.oe66 (.const:ti_sdo_ipc_GateMP_Module__id__C)
                  0082b608    0000042c     sysbios.lib : BIOS.obj (.const:.string)
                  0082ba34    00000004     ti.targets.rts6000.ae66 : Assert.oe66 (.const:.string)
                  0082ba38    00000400     core34567_pe66.oe66 (.const:ti_sysbios_family_c66_Cache_marvalues__C)
                  0082be38    000003ac     main34567.obj (.const:.string)
                  0082c1e4    00000004     core34567_pe66.oe66 (.const:ti_sdo_ipc_GateMP_A_invalidClose__C)
                  0082c1e8    00000190     main34567.obj (.const:ArrayElementCoordinateX)
                  0082c378    00000190     main34567.obj (.const:ArrayElementCoordinateY)
                  0082c508    00000170     core34567_pe66.oe66 (.const:xdc_runtime_Text_nodeTab__A)
                  0082c678    000000e0     core34567_pe66.oe66 (.const:.string)
                  0082c758    00000058     ti.targets.rts6000.ae66 : Error.oe66 (.const:.string)
                  0082c7b0    00000040                             : Text.oe66 (.const:.string)
                  0082c7f0    00000040     core34567_pe66.oe66 (.const:xdc_runtime_Startup_sfxnTab__A)
                  0082c830    00000038     core34567_pe66.oe66 (.const:ti_sdo_ipc_heaps_HeapBufMP_Object__PARAMS__C)
                  0082c868    00000038     core34567_pe66.oe66 (.const:ti_sdo_ipc_notifyDrivers_NotifyDriverShm_Module__FXNS__C)
                  0082c8a0    00000034     core34567_pe66.oe66 (.const:ti_sdo_ipc_GateMP_Object__PARAMS__C)
                  0082c8d4    00000034     core34567_pe66.oe66 (.const:ti_sdo_ipc_notifyDrivers_NotifyDriverShm_Object__PARAMS__C)
                  0082c908    00000030     core34567_pe66.oe66 (.const:ti_sdo_ipc_heaps_HeapMemMP_Object__PARAMS__C)
                  0082c938    00000030     core34567_pe66.oe66 (.const:ti_sysbios_family_c64p_Hwi_Object__PARAMS__C)
                  0082c968    0000002c     ti.targets.rts6000.ae66 : Startup.oe66 (.const:.string)
                  0082c994    0000002c     core34567_pe66.oe66 (.const:ti_sdo_ipc_ListMP_Object__PARAMS__C)
                  0082c9c0    0000002c     core34567_pe66.oe66 (.const:ti_sdo_ipc_gates_GateHWSem_Module__FXNS__C)
[...]
0082d51c   ti_sdo_ipc_transports_TransportShm_Instance_State_swiObj__O
0082d520   ti_sdo_ipc_transports_TransportShm_Module__diagsEnabled__C
0082d524   ti_sdo_ipc_transports_TransportShm_Module__diagsIncluded__C
0082d528   ti_sdo_ipc_transports_TransportShm_Module__diagsMask__C
0082d52c   ti_sdo_utils_INameServerRemote_Interface__BASE__C
0082d530   ti_sdo_utils_List_Object__count__C
0082d534   ti_sdo_utils_List_Object__table__C
0082d538   ti_sdo_utils_MultiProc_A_invalidMultiProcId__C
0082d53c   ti_sdo_utils_MultiProc_Module__diagsEnabled__C
0082d540   ti_sdo_utils_MultiProc_Module__diagsIncluded__C
0082d544   ti_sdo_utils_MultiProc_Module__diagsMask__C
0082d548   ti_sdo_utils_MultiProc_procIdList__C
0082d54c   ti_sdo_utils_NameServer_A_invArgument__C
0082d550   ti_sdo_utils_NameServer_A_invalidLen__C
0082d554   ti_sdo_utils_NameServer_E_entryExists__C
0082d558   ti_sdo_utils_NameServer_E_maxReached__C
0082d55c   ti_sdo_utils_NameServer_Instance_State_freeList__O
0082d560   ti_sdo_utils_NameServer_Instance_State_nameList__O
0082d564   ti_sdo_utils_NameServer_Module__diagsEnabled__C
0082d568   ti_sdo_utils_NameServer_Module__diagsIncluded__C
0082d56c   ti_sdo_utils_NameServer_Module__diagsMask__C
0082d570   ti_sdo_utils_NameServer_Object__count__C
0082d574   ti_sdo_utils_NameServer_Object__table__C
0082d578   ti_sysbios_BIOS_Module__diagsEnabled__C
0082d57c   ti_sysbios_BIOS_Module__diagsIncluded__C
0082d580   ti_sysbios_BIOS_Module__diagsMask__C
0082d584   ti_sysbios_BIOS_installedErrorHook__C
0082d588   ti_sysbios_family_c64p_Exception_E_exceptionMin__C
0082d58c   ti_sysbios_family_c64p_Exception_exceptionHook__C
0082d590   ti_sysbios_family_c64p_Exception_externalHook__C
0082d594   ti_sysbios_family_c64p_Exception_internalHook__C
0082d598   ti_sysbios_family_c64p_Exception_nmiHook__C
0082d59c   ti_sysbios_family_c64p_Hwi_E_alreadyDefined__C
0082d5a0   ti_sysbios_family_c64p_Hwi_E_handleNotFound__C
0082d5a4   ti_sysbios_family_c64p_Hwi_LD_end__C
0082d5a8   ti_sysbios_family_c64p_Hwi_LM_begin__C
0082d5ac   ti_sysbios_family_c64p_Hwi_Module__diagsEnabled__C
0082d5b0   ti_sysbios_family_c64p_Hwi_Module__diagsIncluded__C
0082d5b4   ti_sysbios_family_c64p_Hwi_Module__diagsMask__C
0082d5b8   ti_sysbios_family_c64p_Hwi_Module__loggerFxn1__C
0082d5bc   ti_sysbios_family_c64p_Hwi_Module__loggerFxn8__C
0082d5c0   ti_sysbios_family_c64p_Hwi_Module__loggerObj__C
0082d5c4   ti_sysbios_family_c66_Cache_atomicBlockSize__C
0082d5c8   ti_sysbios_gates_GateMutexPri_A_badContext__C
0082d5cc   ti_sysbios_gates_GateMutexPri_Instance_State_pendQ__O
0082d5d0   ti_sysbios_gates_GateMutexPri_Module__diagsEnabled__C
0082d5d4   ti_sysbios_gates_GateMutexPri_Module__diagsIncluded__C
0082d5d8   ti_sysbios_gates_GateMutexPri_Module__diagsMask__C
0082d5dc   ti_sysbios_gates_GateMutex_A_badContext__C
0082d5e0   ti_sysbios_gates_GateMutex_Instance_State_sem__O
0082d5e4   ti_sysbios_gates_GateMutex_Module__diagsEnabled__C
0082d5e8   ti_sysbios_gates_GateMutex_Module__diagsIncluded__C
0082d5ec   ti_sysbios_gates_GateMutex_Module__diagsMask__C
0082d5f0   ti_sysbios_gates_GateSwi_A_badContext__C
0082d5f4   ti_sysbios_gates_GateSwi_Module__diagsEnabled__C
0082d5f8   ti_sysbios_gates_GateSwi_Module__diagsIncluded__C
0082d5fc   ti_sysbios_gates_GateSwi_Module__diagsMask__C
0082d600   ti_sysbios_hal_Hwi_E_stackOverflow__C
0082d604   ti_sysbios_heaps_HeapMem_A_align__C
0082d608   ti_sysbios_heaps_HeapMem_A_heapSize__C
0082d60c   ti_sysbios_heaps_HeapMem_A_invalidFree__C
0082d610   ti_sysbios_heaps_HeapMem_A_zeroBlock__C
0082d614   ti_sysbios_heaps_HeapMem_E_memory__C
0082d618   ti_sysbios_heaps_HeapMem_Module__diagsEnabled__C
0082d61c   ti_sysbios_heaps_HeapMem_Module__diagsIncluded__C
0082d620   ti_sysbios_heaps_HeapMem_Module__diagsMask__C
0082d624   ti_sysbios_heaps_HeapMem_Module__gateObj__C
0082d628   ti_sysbios_heaps_HeapMem_Object__count__C
0082d62c   ti_sysbios_heaps_HeapMem_Object__table__C
0082d630   ti_sysbios_heaps_HeapMem_reqAlignMask__C
0082d634   ti_sysbios_heaps_HeapMem_reqAlign__C
0082d638   ti_sysbios_knl_Clock_A_badThreadType__C
0082d63c   ti_sysbios_knl_Clock_LM_begin__C
0082d640   ti_sysbios_knl_Clock_LM_tick__C
0082d644   ti_sysbios_knl_Clock_LW_delayed__C
0082d648   ti_sysbios_knl_Clock_Module_State_clockQ__O
0082d64c   ti_sysbios_knl_Clock_Module__diagsEnabled__C
0082d650   ti_sysbios_knl_Clock_Module__diagsIncluded__C
0082d654   ti_sysbios_knl_Clock_Module__diagsMask__C
0082d658   ti_sysbios_knl_Clock_Module__loggerFxn1__C
0082d65c   ti_sysbios_knl_Clock_Module__loggerFxn2__C
0082d660   ti_sysbios_knl_Clock_Module__loggerObj__C
0082d664   ti_sysbios_knl_Clock_tickMode__C
0082d668   ti_sysbios_knl_Clock_tickPeriod__C
0082d66c   ti_sysbios_knl_Clock_tickSource__C
0082d670   ti_sysbios_knl_Idle_funcList__A
0082d674   ti_sysbios_knl_Queue_Object__count__C
0082d678   ti_sysbios_knl_Queue_Object__table__C
0082d67c   ti_sysbios_knl_Semaphore_A_badContext__C
0082d680   ti_sysbios_knl_Semaphore_A_noEvents__C
0082d684   ti_sysbios_knl_Semaphore_Instance_State_pendQ__O
0082d688   ti_sysbios_knl_Semaphore_LM_pend__C
0082d68c   ti_sysbios_knl_Semaphore_LM_post__C
0082d690   ti_sysbios_knl_Semaphore_Module__diagsEnabled__C
0082d694   ti_sysbios_knl_Semaphore_Module__diagsIncluded__C
0082d698   ti_sysbios_knl_Semaphore_Module__diagsMask__C
0082d69c   ti_sysbios_knl_Semaphore_Module__loggerFxn2__C
0082d6a0   ti_sysbios_knl_Semaphore_Module__loggerFxn4__C
0082d6a4   ti_sysbios_knl_Semaphore_Module__loggerObj__C
0082d6a8   ti_sysbios_knl_Swi_A_badPriority__C
0082d6ac   ti_sysbios_knl_Swi_LD_end__C
0082d6b0   ti_sysbios_knl_Swi_LM_begin__C
0082d6b4   ti_sysbios_knl_Swi_LM_post__C
0082d6b8   ti_sysbios_knl_Swi_Module__diagsEnabled__C
0082d6bc   ti_sysbios_knl_Swi_Module__diagsIncluded__C
0082d6c0   ti_sysbios_knl_Swi_Module__diagsMask__C
0082d6c4   ti_sysbios_knl_Swi_Module__loggerFxn1__C
0082d6c8   ti_sysbios_knl_Swi_Module__loggerFxn4__C
0082d6cc   ti_sysbios_knl_Swi_Module__loggerObj__C
0082d6d0   ti_sysbios_knl_Swi_Object__count__C
0082d6d4   ti_sysbios_knl_Swi_Object__table__C
0082d6d8   ti_sysbios_knl_Task_A_badPriority__C
0082d6dc   ti_sysbios_knl_Task_A_badTimeout__C
0082d6e0   ti_sysbios_knl_Task_E_spOutOfBounds__C
0082d6e4   ti_sysbios_knl_Task_E_stackOverflow__C
0082d6e8   ti_sysbios_knl_Task_LD_block__C
0082d6ec   ti_sysbios_knl_Task_LD_exit__C
0082d6f0   ti_sysbios_knl_Task_LD_ready__C
0082d6f4   ti_sysbios_knl_Task_LM_setPri__C
0082d6f8   ti_sysbios_knl_Task_LM_sleep__C
0082d6fc   ti_sysbios_knl_Task_LM_switch__C
0082d700   ti_sysbios_knl_Task_LM_yield__C
0082d704   ti_sysbios_knl_Task_Module_State_inactiveQ__O
0082d708   ti_sysbios_knl_Task_Module_State_terminatedQ__O
0082d70c   ti_sysbios_knl_Task_Module__diagsEnabled__C
0082d710   ti_sysbios_knl_Task_Module__diagsIncluded__C
0082d714   ti_sysbios_knl_Task_Module__diagsMask__C
0082d718   ti_sysbios_knl_Task_Module__loggerFxn2__C
0082d71c   ti_sysbios_knl_Task_Module__loggerFxn4__C
0082d720   ti_sysbios_knl_Task_Module__loggerObj__C
0082d724   ti_sysbios_knl_Task_Object__count__C
0082d728   ti_sysbios_knl_Task_Object__table__C
0082d72c   ti_sysbios_knl_Task_allBlockedFunc__C
0082d730   ti_sysbios_knl_Task_numConstructedTasks__C
0082d734   ti_sysbios_knl_Task_numPriorities__C
0082d738   ti_sysbios_syncs_SyncSem_Module__diagsEnabled__C
0082d73c   ti_sysbios_syncs_SyncSem_Module__diagsIncluded__C
0082d740   ti_sysbios_syncs_SyncSem_Module__diagsMask__C
0082d744   ti_sysbios_timers_timer64_Timer_A_notAvailable__C
0082d748   ti_sysbios_timers_timer64_Timer_E_cannotSupport__C
0082d74c   ti_sysbios_timers_timer64_Timer_Module__diagsEnabled__C
0082d750   ti_sysbios_timers_timer64_Timer_Module__diagsIncluded__C
0082d754   ti_sysbios_timers_timer64_Timer_Module__diagsMask__C
0082d758   ti_sysbios_timers_timer64_Timer_anyMask__C
0082d75c   ti_sysbios_timers_timer64_Timer_freqDivisor__C
0082d760   ti_sysbios_timers_timer64_Timer_numLocalTimers__C
0082d764   ti_sysbios_timers_timer64_Timer_numTimerDevices__C
0082d768   ti_sysbios_xdcruntime_GateThreadSupport_Instance_State_gate__O
0082d76c   xdc_runtime_Assert_E_assertFailed__C
0082d770   xdc_runtime_Core_A_initializedParams__C
0082d774   xdc_runtime_Core_Module__diagsEnabled__C
0082d778   xdc_runtime_Core_Module__diagsIncluded__C
0082d77c   xdc_runtime_Core_Module__diagsMask__C
0082d780   xdc_runtime_Error_E_memory__C
0082d784   xdc_runtime_Error_Module__diagsEnabled__C
0082d788   xdc_runtime_Error_Module__diagsIncluded__C
0082d78c   xdc_runtime_Error_Module__diagsMask__C
0082d790   xdc_runtime_Error_Module__loggerFxn8__C
0082d794   xdc_runtime_Error_Module__loggerObj__C
0082d798   xdc_runtime_Error_policy__C
0082d79c   xdc_runtime_Error_raiseHook__C
0082d7a0   xdc_runtime_IGateProvider_Interface__BASE__C
0082d7a4   xdc_runtime_IHeap_Interface__BASE__C
0082d7a8   xdc_runtime_IModule_Interface__BASE__C
0082d7ac   xdc_runtime_Log_L_error__C
0082d7b0   xdc_runtime_Memory_defaultHeapInstance__C
0082d7b4   xdc_runtime_Startup_execImpl__C
0082d7b8   xdc_runtime_Startup_lastFxns__A
0082d7bc   xdc_runtime_Startup_maxPasses__C
0082d7c0   xdc_runtime_Startup_sfxnRts__C
0082d7c4   xdc_runtime_Startup_sfxnTab__C
0082d7c8   xdc_runtime_Startup_startModsFxn__C
0082d7cc   xdc_runtime_SysMin_bufSize__C
0082d7d0   xdc_runtime_System_Module__gateObj__C
0082d7d4   xdc_runtime_System_extendFxn__C
0082d7d8   xdc_runtime_System_maxAtexitHandlers__C
0082d7dc   xdc_runtime_Text_charTab__C
0082d7e0   xdc_runtime_Text_nameEmpty__C
0082d7e4   xdc_runtime_Text_nameStatic__C
0082d7e8   xdc_runtime_Text_nameUnknown__C
0082d7ec   xdc_runtime_Text_nodeTab__C
0082d7f0   xdc_runtime_Text_visitRopeFxn__C
0082d7f4   xdc_runtime_knl_ISync_Interface__BASE__C
0082d7f8   ti_sdo_ipc_Ipc_Module__id__C
0082d7fa   ti_sdo_ipc_Ipc_generateSlaveDataForHost__C
0082d7fc   ti_sdo_ipc_ListMP_Module__id__C
0082d7fe   ti_sdo_ipc_MessageQ_Module__id__C
0082d800   ti_sdo_ipc_MessageQ_Module__loggerDefined__C
0082d802   ti_sdo_ipc_Notify_Module__id__C
0082d804   ti_sdo_ipc_Notify_numLines__C
0082d806   ti_sdo_ipc_Notify_reservedEvents__C
0082d808   ti_sdo_ipc_SharedRegion_Module__id__C
0082d80a   ti_sdo_ipc_SharedRegion_numEntries__C
0082d80c   ti_sdo_ipc_SharedRegion_translate__C
0082d80e   ti_sdo_ipc_family_c647x_Interrupt_enableKick__C
0082d810   ti_sdo_ipc_family_c647x_MultiProcSetup_Module__id__C
0082d812   ti_sdo_ipc_gates_GateHWSem_Module__id__C
0082d814   ti_sdo_ipc_gates_GateMPSupportNull_Module__id__C
0082d816   ti_sdo_ipc_gates_GatePeterson_Module__id__C
0082d818   ti_sdo_ipc_heaps_HeapBufMP_Module__id__C
0082d81a   ti_sdo_ipc_heaps_HeapBufMP_trackAllocs__C
0082d81c   ti_sdo_ipc_heaps_HeapMemMP_Module__id__C
0082d81e   ti_sdo_ipc_notifyDrivers_NotifyDriverShm_Module__id__C
0082d820   ti_sdo_ipc_nsremote_NameServerRemoteNotify_Module__id__C
0082d822   ti_sdo_ipc_transports_TransportShm_Module__id__C
0082d824   ti_sdo_ipc_transports_TransportShm_notifyEventId__C
0082d826   ti_sdo_utils_MultiProc_Module__id__C
0082d828   ti_sdo_utils_MultiProc_numProcessors__C
0082d82a   ti_sdo_utils_MultiProc_numProcsInCluster__C
0082d82c   ti_sdo_utils_NameServer_Module__id__C
0082d82e   ti_sdo_utils_NameServer_singleProcessor__C
0082d830   ti_sysbios_BIOS_Module__id__C
0082d832   ti_sysbios_family_c64p_Exception_Module__id__C
0082d834   ti_sysbios_family_c64p_Hwi_Module__id__C
0082d836   ti_sysbios_family_c64p_Hwi_Module__loggerDefined__C
0082d838   ti_sysbios_gates_GateMutexPri_Module__id__C
0082d83a   ti_sysbios_gates_GateMutex_Module__id__C
0082d83c   ti_sysbios_gates_GateSwi_Module__id__C
0082d83e   ti_sysbios_hal_Hwi_Module__id__C
0082d840   ti_sysbios_heaps_HeapMem_Module__id__C
0082d842   ti_sysbios_knl_Clock_Module__id__C
0082d844   ti_sysbios_knl_Clock_Module__loggerDefined__C
0082d846   ti_sysbios_knl_Semaphore_Module__id__C
0082d848   ti_sysbios_knl_Semaphore_Module__loggerDefined__C
0082d84a   ti_sysbios_knl_Swi_Module__id__C
0082d84c   ti_sysbios_knl_Swi_Module__loggerDefined__C
0082d84e   ti_sysbios_knl_Task_Module__id__C
0082d850   ti_sysbios_knl_Task_Module__loggerDefined__C
0082d852   ti_sysbios_knl_Task_deleteTerminatedTasks__C
0082d854   ti_sysbios_knl_Task_initStackFlag__C
0082d856   ti_sysbios_syncs_SyncSem_Module__id__C
0082d858   ti_sysbios_timers_timer64_Timer_Module__id__C
0082d85a   ti_sysbios_timers_timer64_Timer_startupNeeded__C
0082d85c   xdc_runtime_Core_Module__id__C
0082d85e   xdc_runtime_Error_Module__loggerDefined__C
0082d860   xdc_runtime_Error_maxDepth__C
0082d862   xdc_runtime_Memory_Module__id__C
0082d864   xdc_runtime_Text_charCnt__C
0082d866   xdc_runtime_Text_isLoaded__C
0082d868   xdc_runtime_Text_registryModsLastId__C
0082d86a   xdc_runtime_Text_unnamedModsLastId__C
0082d870   ti_sdo_utils_NameServer_Module_State_0_nsRemoteHandle__A
0082d890   ti_sysbios_heaps_HeapMem_Instance_State_0_buf__A
0082e890   ti_sysbios_knl_Task_Instance_State_0_hookEnv__A
0082e898   ti_sysbios_knl_Task_Instance_State_1_hookEnv__A
0082e8a0   xdc_runtime_SysMin_Module_State_0_outbuf__A
0082eca0   ti_sysbios_knl_Task_Instance_State_0_stack__A
0082f4a0   ti_sysbios_knl_Task_Instance_State_1_stack__A
0082fca0   _tmpnams
0082fde8   ti_sdo_ipc_GateMP_Module_State_0_remoteCustom1Gates__A
008305e8   ti_sdo_ipc_GateMP_Module__root__V
008305f0   ti_sdo_ipc_GateMP_Module__state__V
00830638   ti_sdo_ipc_Ipc_Module__state__V
00830644   ti_sdo_ipc_ListMP_Module__root__V
0083064c   ti_sdo_ipc_ListMP_Module__state__V
00830650   ti_sdo_ipc_MessageQ_Module__root__V
00830658   ti_sdo_ipc_MessageQ_Module__state__V
00830674   ti_sdo_ipc_Notify_Module__root__V
0083067c   ti_sdo_ipc_Notify_Module__state__V
00830684   ti_sdo_ipc_SharedRegion_Module__state__V
00830688   ti_sdo_ipc_family_c647x_Interrupt_Module__state__V
00830690   ti_sdo_ipc_gates_GateHWSem_Module__root__V
00830698   ti_sdo_ipc_gates_GateMPSupportNull_Module__root__V
008306a0   ti_sdo_ipc_gates_GatePeterson_Module__root__V
008306a8   ti_sdo_ipc_heaps_HeapBufMP_Module__root__V
008306b0   ti_sdo_ipc_heaps_HeapBufMP_Module__state__V
008306b4   ti_sdo_ipc_heaps_HeapMemMP_Module__root__V
008306bc   ti_sdo_ipc_heaps_HeapMemMP_Module__state__V
008306c0   ti_sdo_ipc_notifyDrivers_NotifyDriverShm_Module__root__V
008306c8   ti_sdo_ipc_nsremote_NameServerRemoteNotify_Module__root__V
008306d0   ti_sdo_ipc_transports_TransportShm_Module__root__V
008306d8   ti_sdo_ipc_transports_TransportShmSetup_Module__state__V
008306dc   ti_sdo_utils_List_Module__root__V
008306e4   ti_sdo_utils_MultiProc_Module__state__V
008306e8   ti_sdo_utils_NameServer_Module__root__V
008306f0   ti_sdo_utils_NameServer_Module__state__V
008306f8   ti_sdo_utils_NameServerRemoteNull_Module__root__V
00830700   ti_sysbios_BIOS_Module__state__V
0083071c   ti_sysbios_family_c64p_Exception_Module__state__V
00830748   ti_sysbios_family_c64p_Hwi_Module__root__V
00830750   ti_sysbios_family_c64p_Hwi_Module__state__V
008307b8   ti_sysbios_gates_GateAll_Module__root__V
008307c0   ti_sysbios_gates_GateHwi_Module__root__V
008307c8   ti_sysbios_gates_GateMutex_Module__root__V
008307d0   ti_sysbios_gates_GateMutexPri_Module__root__V
008307d8   ti_sysbios_gates_GateSwi_Module__root__V
008307e0   ti_sysbios_hal_Hwi_Module__root__V
008307e8   ti_sysbios_hal_Timer_Module__root__V
008307f0   ti_sysbios_heaps_HeapMem_Module__root__V
008307f8   ti_sysbios_knl_Clock_Module__root__V
00830800   ti_sysbios_knl_Clock_Module__state__V
0083082c   ti_sysbios_knl_Queue_Module__root__V
00830834   ti_sysbios_knl_Semaphore_Module__root__V
0083083c   ti_sysbios_knl_Swi_Module__root__V
00830844   ti_sysbios_knl_Swi_Module__state__V
00830860   ti_sysbios_knl_Task_Module__root__V
00830868   ti_sysbios_knl_Task_Module__state__V
0083089c   ti_sysbios_syncs_SyncSem_Module__root__V
008308a4   ti_sysbios_timers_timer64_Timer_Module__root__V
008308ac   ti_sysbios_timers_timer64_Timer_Module__state__V
008308c0   ti_sysbios_xdcruntime_GateThreadSupport_Module__root__V
008308c8   xdc_runtime_Error_Module__state__V
008308cc   xdc_runtime_GateNull_Module__root__V
008308d4   xdc_runtime_Memory_Module__state__V
008308d8   xdc_runtime_Registry_Module__state__V
008308e0   xdc_runtime_Startup_Module__state__V
008308e8   xdc_runtime_SysMin_Module__state__V
008308f4   xdc_runtime_System_Module__state__V
00830900   xdc_runtime_Text_Module__state__V
00830908   xdc_runtime_knl_GateThread_Module__root__V
00830910   __xdc__init__addr
00830914   _ft_end
00830918   _ftable
00830af8   ti_sysbios_timers_timer64_Timer_Module_State_0_device__A
00830c78   ti_sdo_utils_NameServer_Object__table__V
00830e30   ti_sdo_ipc_Ipc_Module_State_0_procEntry__A
00830ed0   ti_sdo_ipc_SharedRegion_Module_State_0_regions__A
00830f60   ti_sysbios_knl_Task_Object__table__V
00830fa4   TSK_idle
00830fe8   ti_sdo_ipc_GateMP_Module_State_0_remoteSystemGates__A
00831068   ti_sysbios_knl_Swi_Module_State_0_readyQ__A
008310e8   ti_sysbios_knl_Task_Module_State_0_readyQ__A
00831168   ti_sysbios_timers_timer64_Timer_Module_State_0_gctrl__A
008311e8   ti_sysbios_timers_timer64_Timer_Module_State_0_handles__A
00831268   ti_sysbios_timers_timer64_Timer_Module_State_0_intFreqs__A
00831360   ti_sysbios_timers_timer64_Timer_Object__table__V
00831430   ti_sdo_ipc_MessageQ_Module_State_0_transports__A
00831470   ti_sdo_ipc_family_c647x_Interrupt_Module_State_0_fxnTable__A
008314b0   ti_sysbios_gates_GateMutex_Object__table__V
008314f0   ti_sysbios_knl_Swi_Object__table__V
00831520   ti_sdo_ipc_MessageQ_Module_State_0_heaps__A
00831540   ti_sdo_ipc_Notify_Module_State_0_notifyHandles__A
00831560   ti_sdo_ipc_transports_TransportShmSetup_Module_State_0_handles__A
00831580   xdc_runtime_System_Module_State_0_atexitHandlers__A
008315a0   ti_sysbios_family_c64p_Hwi_Object__table__V
008315b8   ti_sysbios_gates_GateMutexPri_Object__table__V
008315d0   ti_sysbios_heaps_HeapMem_Object__table__V
008315e8   ti_sysbios_gates_GateAll_Object__table__V
008315f8   _cleanup_ptr
008315fc   _dtors_ptr
00831600   __TI_enable_exit_profile_output
00831608   ti_sysbios_gates_GateSwi_Object__table__V
00831614   _lock
00831618   _unlock
00831620   ti_sysbios_hal_Hwi_Object__table__V
00831628   ti_sysbios_hal_Timer_Object__table__V
00831630   ti_sdo_ipc_GateMP_Module_State_0_remoteCustom2Gates__A
00831638   ti_sdo_ipc_Notify_Module_State_0_notifyHandles_0__A
00831640   ti_sdo_ipc_Notify_Module_State_0_notifyHandles_1__A
00831648   ti_sdo_ipc_Notify_Module_State_0_notifyHandles_2__A
00831650   ti_sdo_ipc_Notify_Module_State_0_notifyHandles_3__A
00831658   ti_sdo_ipc_Notify_Module_State_0_notifyHandles_4__A
00831660   ti_sdo_ipc_Notify_Module_State_0_notifyHandles_5__A
00831668   ti_sdo_ipc_Notify_Module_State_0_notifyHandles_6__A
00831670   ti_sdo_ipc_Notify_Module_State_0_notifyHandles_7__A
00831678   ti_sysbios_gates_GateHwi_Object__table__V
00831680   xdc_runtime_GateNull_Object__table__V
00831688   _stack
00832688   __CIOBUF_
00832688   __TI_STACK_END
008327a8   QueueIdCore34567ToCore1
008327a8   __TI_STATIC_BASE
008327ac   MessageQCore2ToCore34567
008327b0   Msg34567To1Ptr
008327b4   Msg2To34567Ptr
008327b8   Ipc_sr0MemorySetup
00832800   ti_sysbios_family_c64p_Hwi0
00832820   ti_sysbios_family_c64p_Hwi1
00832840   ti_sysbios_family_c64p_Hwi2
00832860   ti_sysbios_family_c64p_Hwi3
00832880   ti_sysbios_family_c64p_Hwi4
008328a0   ti_sysbios_family_c64p_Hwi5
008328c0   ti_sysbios_family_c64p_Hwi6
008328e0   ti_sysbios_family_c64p_Hwi7
00832900   ti_sysbios_family_c64p_Hwi8
00832920   ti_sysbios_family_c64p_Hwi9
00832940   ti_sysbios_family_c64p_Hwi10
00832960   ti_sysbios_family_c64p_Hwi11
00832980   ti_sysbios_family_c64p_Hwi12
008329a0   ti_sysbios_family_c64p_Hwi13
008329c0   ti_sysbios_family_c64p_Hwi14
008329e0   ti_sysbios_family_c64p_Hwi15
008332e0   __TI_Handler_Table_Base
008332ec   __TI_Handler_Table_Limit
008332fc   __TI_CINIT_Base
00833314   __TI_CINIT_Limit
ffffffff   __TI_pprof_out_hndl
ffffffff   __TI_prof_data_size
ffffffff   __TI_prof_data_start
ffffffff   __binit__
ffffffff   __c_args__
ffffffff   binit
UNDEFED    __TI_INITARRAY_Base
UNDEFED    __TI_INITARRAY_Limit

[1330 symbols]
